[0mdirenv: loading ~/gh/cb/pr7925-01-stored-rows/.envrc
Preset Mode: debug_gcc
Install Dir: /home/vimkim/.cub/install/pr7925-01-stored-rows/debug_gcc
DB Dir: /home/vimkim/gh/cb/pr7925-01-stored-rows/.cub-workenv/databases
Build Dir: /home/vimkim/gh/cb/pr7925-01-stored-rows/build_preset_debug_gcc
[0mdirenv: loading ~/gh/cb/pr7925-01-stored-rows/.envrc
Preset Mode: debug_gcc
Install Dir: /home/vimkim/.cub/install/pr7925-01-stored-rows/debug_gcc
DB Dir: /home/vimkim/gh/cb/pr7925-01-stored-rows/.cub-workenv/databases
Build Dir: /home/vimkim/gh/cb/pr7925-01-stored-rows/build_preset_debug_gcc
[0mdirenv: loading ~/gh/cb/pr7925-01-stored-rows/.envrc
Preset Mode: debug_gcc
Install Dir: /home/vimkim/.cub/install/pr7925-01-stored-rows/debug_gcc
DB Dir: /home/vimkim/gh/cb/pr7925-01-stored-rows/.cub-workenv/databases
Build Dir: /home/vimkim/gh/cb/pr7925-01-stored-rows/build_preset_debug_gcc
Using JAVA_HOME JDK: /home/vimkim/.local/share/mise/installs/java/temurin-8.0.462+8
[0mdirenv: loading ~/gh/cb/pr7925-01-stored-rows/.envrc
Preset Mode: debug_gcc
Install Dir: /home/vimkim/.cub/install/pr7925-01-stored-rows/debug_gcc
DB Dir: /home/vimkim/gh/cb/pr7925-01-stored-rows/.cub-workenv/databases
Build Dir: /home/vimkim/gh/cb/pr7925-01-stored-rows/build_preset_debug_gcc
Logging build output to: /home/vimkim/gh/cb/pr7925-01-stored-rows/build_preset_debug_gcc/build.log
[0mdirenv: loading ~/gh/cb/pr7925-01-stored-rows/.envrc
Preset Mode: debug_gcc
Install Dir: /home/vimkim/.cub/install/pr7925-01-stored-rows/debug_gcc
DB Dir: /home/vimkim/gh/cb/pr7925-01-stored-rows/.cub-workenv/databases
Build Dir: /home/vimkim/gh/cb/pr7925-01-stored-rows/build_preset_debug_gcc
[0/2] Re-checking globbed directories...
[1/11] Running utility command for pl_install_jdk
[INFO] Install JDK 8
[2/11] Performing update step for 'catch2'
[3/11] No patch step for 'catch2'
[4/11] Performing configure step for 'catch2'
loading initial cache file /home/vimkim/gh/cb/pr7925-01-stored-rows/build_preset_debug_gcc/unit_tests/catch2-prefix/tmp/catch2-cache-Debug.cmake
-- Configuring done (0.0s)
-- Generating done (0.0s)
-- Build files have been written to: /home/vimkim/gh/cb/pr7925-01-stored-rows/build_preset_debug_gcc/unit_tests/catch2-prefix/src/catch2-build
[5/11] Performing build step for 'catch2'
ninja: no work to do.
[6/11] No install step for 'catch2'
[7/11] Completed 'catch2'
[8/11] Linking CXX executable bin/cub_cas_cgw
[9/11] Running utility command for pl_build
> Task :pl_server:generateGrammarSource UP-TO-DATE
> Task :pl_server:compileJava UP-TO-DATE
> Task :pl_server:processResources UP-TO-DATE
> Task :pl_server:classes UP-TO-DATE
> Task :pl_server:jar UP-TO-DATE
> Task :pl_server:startScripts UP-TO-DATE
> Task :pl_server:distTar UP-TO-DATE
> Task :pl_server:distZip UP-TO-DATE
> Task :pl_server:assemble UP-TO-DATE
> Task :pl_server:check
> Task :pl_server:build

BUILD SUCCESSFUL in 583ms
7 actionable tasks: 7 up-to-date
[10/11] Building CXX object unit_tests/oos/sql/CMakeFiles/test_oos_sql_workspace_bytes.dir/test_oos_sql_workspace_bytes.cpp.o
FAILED: unit_tests/oos/sql/CMakeFiles/test_oos_sql_workspace_bytes.dir/test_oos_sql_workspace_bytes.cpp.o 
ccache /usr/lib64/ccache/g++ -DCUBRID_UNIT_TEST_ENABLED -DGCC -DI386 -DLINUX -DMAXPATHLEN=1024 -DSA_MODE -DSYSV -DX86 -D_FILE_OFFSET_BITS=64 -D_GNU_SOURCE -D_LARGEFILE64_SOURCE -D_REENTRANT -I/home/vimkim/gh/cb/pr7925-01-stored-rows/build_preset_debug_gcc -I/home/vimkim/gh/cb/pr7925-01-stored-rows/include -I/home/vimkim/gh/cb/pr7925-01-stored-rows/src/api -I/home/vimkim/gh/cb/pr7925-01-stored-rows/src/base -I/home/vimkim/gh/cb/pr7925-01-stored-rows/src/broker -I/home/vimkim/gh/cb/pr7925-01-stored-rows/src/communication -I/home/vimkim/gh/cb/pr7925-01-stored-rows/src/compat -I/home/vimkim/gh/cb/pr7925-01-stored-rows/src/connection -I/home/vimkim/gh/cb/pr7925-01-stored-rows/src/debugging -I/home/vimkim/gh/cb/pr7925-01-stored-rows/src/executables -I/home/vimkim/gh/cb/pr7925-01-stored-rows/src/heaplayers -I/home/vimkim/gh/cb/pr7925-01-stored-rows/src/sp -I/home/vimkim/gh/cb/pr7925-01-stored-rows/src/loaddb -I/home/vimkim/gh/cb/pr7925-01-stored-rows/src/method -I/home/vimkim/gh/cb/pr7925-01-stored-rows/src/monitor -I/home/vimkim/gh/cb/pr7925-01-stored-rows/src/object -I/home/vimkim/gh/cb/pr7925-01-stored-rows/src/optimizer -I/home/vimkim/gh/cb/pr7925-01-stored-rows/src/optimizer/histogram -I/home/vimkim/gh/cb/pr7925-01-stored-rows/src/parser -I/home/vimkim/gh/cb/pr7925-01-stored-rows/src/replication -I/home/vimkim/gh/cb/pr7925-01-stored-rows/src/query -I/home/vimkim/gh/cb/pr7925-01-stored-rows/src/session -I/home/vimkim/gh/cb/pr7925-01-stored-rows/src/storage -I/home/vimkim/gh/cb/pr7925-01-stored-rows/src/thread -I/home/vimkim/gh/cb/pr7925-01-stored-rows/src/transaction -I/home/vimkim/gh/cb/pr7925-01-stored-rows/src/xasl -I/home/vimkim/gh/cb/pr7925-01-stored-rows/src/query/parallel/px_hash_join -I/home/vimkim/gh/cb/pr7925-01-stored-rows/src/query/parallel/px_scan -I/home/vimkim/gh/cb/pr7925-01-stored-rows/src/query/parallel/px_scan/index -I/home/vimkim/gh/cb/pr7925-01-stored-rows/src/query/parallel -I/home/vimkim/gh/cb/pr7925-01-stored-rows/src/query/parallel/px_query_execute -I/home/vimkim/gh/cb/pr7925-01-stored-rows/cubrid-cci/src/cci -I/home/vimkim/gh/cb/pr7925-01-stored-rows/cubrid-cci/src/tools -I/home/vimkim/gh/cb/pr7925-01-stored-rows/build_preset_debug_gcc/unit_tests/catch2-prefix/src/catch2/single_include -I/home/vimkim/gh/cb/pr7925-01-stored-rows/build_preset_debug_gcc/3rdparty/include/expat -I/home/vimkim/gh/cb/pr7925-01-stored-rows/build_preset_debug_gcc/3rdparty/include -I/home/vimkim/gh/cb/pr7925-01-stored-rows/build_preset_debug_gcc/3rdparty/Source/lz4/lib -I/home/vimkim/gh/cb/pr7925-01-stored-rows/build_preset_debug_gcc/3rdparty/Source/rapidjson/include -I/home/vimkim/gh/cb/pr7925-01-stored-rows/build_preset_debug_gcc/3rdparty/Source/re2 -I/home/vimkim/gh/cb/pr7925-01-stored-rows/unit_tests/common -I/home/vimkim/gh/cb/pr7925-01-stored-rows/unit_tests/oos/sql -I/home/vimkim/gh/cb/pr7925-01-stored-rows/unit_tests/oos -I/home/vimkim/gh/cb/pr7925-01-stored-rows/build_preset_debug_gcc/3rdparty/Source/libtbb/include/tbb -I/home/vimkim/gh/cb/pr7925-01-stored-rows/build_preset_debug_gcc/3rdparty/Source/libtbb/include/oneapi -I/home/vimkim/gh/cb/pr7925-01-stored-rows/build_preset_debug_gcc/3rdparty/Source/libtbb/include/oneapi/tbb -I/home/vimkim/gh/cb/pr7925-01-stored-rows/build_preset_debug_gcc/3rdparty/Source/libtbb/include/oneapi/tbb/detail -isystem /home/vimkim/gh/cb/pr7925-01-stored-rows/build_preset_debug_gcc/_deps/googletest-src/googletest/include -isystem /home/vimkim/gh/cb/pr7925-01-stored-rows/build_preset_debug_gcc/_deps/googletest-src/googletest -fdiagnostics-color=always -Wno-template-body -isystem /home/vimkim/gh/cb/pr7925-01-stored-rows/.just/include -Wall -Wformat -Wformat-security -Werror=format-security -Wwrite-strings -Wno-cast-qual -Wredundant-decls -Wclobbered -Wextra -Wno-unused -Wno-unused-result -Wno-unused-parameter -pthread -O0 -ggdb3 -fno-omit-frame-pointer -Wno-error=format -Wno-error -Wno-error=maybe-uninitialized -Wno-error=parentheses -ggdb3 -Wall -fno-inline -ggdb -fno-omit-frame-pointer -fPIE -std=c++17 -std=gnu++17 -fdiagnostics-color=always -MD -MT unit_tests/oos/sql/CMakeFiles/test_oos_sql_workspace_bytes.dir/test_oos_sql_workspace_bytes.cpp.o -MF unit_tests/oos/sql/CMakeFiles/test_oos_sql_workspace_bytes.dir/test_oos_sql_workspace_bytes.cpp.o.d -o unit_tests/oos/sql/CMakeFiles/test_oos_sql_workspace_bytes.dir/test_oos_sql_workspace_bytes.cpp.o -c /home/vimkim/gh/cb/pr7925-01-stored-rows/unit_tests/oos/sql/test_oos_sql_workspace_bytes.cpp
/home/vimkim/gh/cb/pr7925-01-stored-rows/unit_tests/oos/sql/test_oos_sql_workspace_bytes.cpp: In member function ‘void OosWorkspaceBytes::capture(const OID&, const OID&, const HFID&, std::vector<char>&, RECDES&)’:
/home/vimkim/gh/cb/pr7925-01-stored-rows/unit_tests/oos/sql/test_oos_sql_workspace_bytes.cpp:53:70: error: invalid conversion from ‘const OID*’ {aka ‘const db_identifier*’} to ‘OID*’ {aka ‘db_identifier*’} [-fpermissive]
   53 |       const SCAN_CODE scan = heap_get_visible_version (thread, &oid, &class_oid, &record,
      |                                                                      ^~~~~~~~~~
      |                                                                      |
      |                                                                      const OID* {aka const db_identifier*}
In file included from /home/vimkim/gh/cb/pr7925-01-stored-rows/unit_tests/oos/sql/test_oos_sql_common.hpp:41,
                 from /home/vimkim/gh/cb/pr7925-01-stored-rows/unit_tests/oos/sql/test_oos_sql_workspace_bytes.cpp:19:
/home/vimkim/gh/cb/pr7925-01-stored-rows/src/storage/heap_file.h:716:92: note:   initializing argument 3 of ‘SCAN_CODE heap_get_visible_version(THREAD_ENTRY*, const OID*, OID*, RECDES*, HEAP_SCANCACHE*, int, int, HEAP_RECDES_CONSUMPTION_POLICY)’
  716 | extern SCAN_CODE heap_get_visible_version (THREAD_ENTRY * thread_p, const OID * oid, OID * class_oid, RECDES * recdes,
      |                                                                                      ~~~~~~^~~~~~~~~
At global scope:
cc1plus: note: unrecognized command-line option ‘-Wno-template-body’ may have been intended to silence earlier diagnostics
ninja: build stopped: subcommand failed.
error: recipe `build` failed with exit code 1
