
Time: 10/07/26 17:40:31.977 - DEBUG *** file /home/vimkim/gh/cb/pr7925-01-stored-rows/src/transaction/boot_cl.c, line 1219
boot_restart_client: register client { type 22 db unittestdb user PUBLIC password **** program unit_test login vimkim host dev2 pid 469011 }

Time: 10/07/26 17:40:32.009 - DEBUG *** file /home/vimkim/gh/cb/pr7925-01-stored-rows/src/storage/file_io.c, line 2208
Created volume /home/vimkim/gh/cb/pr7925-01-stored-rows/.cub-workenv/databases/unittestdb/unittestdb_dwb

Time: 10/07/26 17:40:32.012 - DEBUG *** file /home/vimkim/gh/cb/pr7925-01-stored-rows/src/transaction/log_manager.c, line 1066
LOG INITIALIZE
	db_fullname = /home/vimkim/gh/cb/pr7925-01-stored-rows/.cub-workenv/databases/unittestdb/unittestdb 
	logpath = /home/vimkim/gh/cb/pr7925-01-stored-rows/.cub-workenv/databases/unittestdb 
	prefix_logname = unittestdb 
	ismedia_crash = 0 

Time: 10/07/26 17:40:32.024 - DEBUG *** file /home/vimkim/gh/cb/pr7925-01-stored-rows/src/storage/file_io.c, line 2768
Destroyed volume /home/vimkim/gh/cb/pr7925-01-stored-rows/.cub-workenv/databases/unittestdb/unittestdb_lgar_t

Time: 10/07/26 17:40:32.024 - DEBUG *** file /home/vimkim/gh/cb/pr7925-01-stored-rows/src/storage/file_io.c, line 2208
Created volume /home/vimkim/gh/cb/pr7925-01-stored-rows/.cub-workenv/databases/unittestdb/unittestdb_lgar_t

Time: 10/07/26 17:40:32.028 - DEBUG *** file /home/vimkim/gh/cb/pr7925-01-stored-rows/src/transaction/log_manager.c, line 1547
log_initialize_internal: end of log initializaton, append_lsa = (175|11416) 

Time: 10/07/26 17:40:32.051 - NOTIFICATION *** file /home/vimkim/gh/cb/pr7925-01-stored-rows/src/query/vacuum.c, line 1008  CODE = -1190 Tran = -1, EID = 1
Stand-alone vacuum execution is started.

Time: 10/07/26 17:40:32.051 - DEBUG *** file /home/vimkim/gh/cb/pr7925-01-stored-rows/src/query/vacuum.c, line 1009
Stand-alone vacuum start.

Time: 10/07/26 17:40:32.052 - NOTIFICATION *** file /home/vimkim/gh/cb/pr7925-01-stored-rows/src/query/vacuum.c, line 1101  CODE = -1191 Tran = -1, EID = 2
Stand-alone vacuum execution is ended.

Time: 10/07/26 17:40:32.052 - DEBUG *** file /home/vimkim/gh/cb/pr7925-01-stored-rows/src/query/vacuum.c, line 1102
Stand-alone vacuum end.

Time: 10/07/26 17:40:32.052 - DEBUG *** file /home/vimkim/gh/cb/pr7925-01-stored-rows/src/query/partition.c, line 725
creating partition cache

Time: 10/07/26 17:40:32.052 - NOTIFICATION *** file /home/vimkim/gh/cb/pr7925-01-stored-rows/src/transaction/boot_sr.c, line 238  CODE = -973 Tran = -1, EID = 3
Server status is UP.

Time: 10/07/26 17:40:32.076 - DEBUG *** file /home/vimkim/gh/cb/pr7925-01-stored-rows/src/storage/file_io.c, line 2208
Created volume /home/vimkim/gh/cb/pr7925-01-stored-rows/.cub-workenv/databases/unittestdb/unittestdb_t32766

Time: 10/07/26 17:40:33.410 - DEBUG *** file /home/vimkim/gh/cb/pr7925-01-stored-rows/src/sp/pl_session.cpp, line 90
pl_session (delete): 1

Time: 10/07/26 17:40:33.414 - DEBUG *** file /home/vimkim/gh/cb/pr7925-01-stored-rows/src/storage/file_io.c, line 2768
Destroyed volume /home/vimkim/gh/cb/pr7925-01-stored-rows/.cub-workenv/databases/unittestdb/unittestdb_t32766

Time: 10/07/26 17:40:33.429 - DEBUG *** file /home/vimkim/gh/cb/pr7925-01-stored-rows/src/storage/file_io.c, line 2768
Destroyed volume /home/vimkim/gh/cb/pr7925-01-stored-rows/.cub-workenv/databases/unittestdb/unittestdb_dwb

Time: 10/07/26 17:40:33.435 - NOTIFICATION *** file /home/vimkim/gh/cb/pr7925-01-stored-rows/src/transaction/boot_sr.c, line 238  CODE = -973 Tran = 1, EID = 5
Server status is DOWN.

Time: 10/07/26 17:40:33.435 - DEBUG *** file /home/vimkim/gh/cb/pr7925-01-stored-rows/src/query/partition.c, line 760
deleting partition cache

Time: 10/07/26 17:40:33.435 - DEBUG *** file /home/vimkim/gh/cb/pr7925-01-stored-rows/src/session/session.c, line 364
[unexpected] session 1's pl_session_p is NULL in session_state_uninit()

Time: 10/07/26 17:43:43.548 - DEBUG *** file /home/vimkim/gh/cb/pr7925-01-stored-rows/src/transaction/boot_cl.c, line 1219
boot_restart_client: register client { type 22 db unittestdb user PUBLIC password **** program unit_test login vimkim host dev2 pid 514254 }

Time: 10/07/26 17:43:43.581 - DEBUG *** file /home/vimkim/gh/cb/pr7925-01-stored-rows/src/storage/file_io.c, line 2208
Created volume /home/vimkim/gh/cb/pr7925-01-stored-rows/.cub-workenv/databases/unittestdb/unittestdb_dwb

Time: 10/07/26 17:43:43.583 - DEBUG *** file /home/vimkim/gh/cb/pr7925-01-stored-rows/src/transaction/log_manager.c, line 1066
LOG INITIALIZE
	db_fullname = /home/vimkim/gh/cb/pr7925-01-stored-rows/.cub-workenv/databases/unittestdb/unittestdb 
	logpath = /home/vimkim/gh/cb/pr7925-01-stored-rows/.cub-workenv/databases/unittestdb 
	prefix_logname = unittestdb 
	ismedia_crash = 0 

Time: 10/07/26 17:43:43.594 - DEBUG *** file /home/vimkim/gh/cb/pr7925-01-stored-rows/src/storage/file_io.c, line 2768
Destroyed volume /home/vimkim/gh/cb/pr7925-01-stored-rows/.cub-workenv/databases/unittestdb/unittestdb_lgar_t

Time: 10/07/26 17:43:43.594 - DEBUG *** file /home/vimkim/gh/cb/pr7925-01-stored-rows/src/storage/file_io.c, line 2208
Created volume /home/vimkim/gh/cb/pr7925-01-stored-rows/.cub-workenv/databases/unittestdb/unittestdb_lgar_t

Time: 10/07/26 17:43:43.598 - DEBUG *** file /home/vimkim/gh/cb/pr7925-01-stored-rows/src/transaction/log_manager.c, line 1547
log_initialize_internal: end of log initializaton, append_lsa = (175|11448) 

Time: 10/07/26 17:43:43.619 - NOTIFICATION *** file /home/vimkim/gh/cb/pr7925-01-stored-rows/src/query/vacuum.c, line 1008  CODE = -1190 Tran = -1, EID = 1
Stand-alone vacuum execution is started.

Time: 10/07/26 17:43:43.619 - DEBUG *** file /home/vimkim/gh/cb/pr7925-01-stored-rows/src/query/vacuum.c, line 1009
Stand-alone vacuum start.

Time: 10/07/26 17:43:43.620 - NOTIFICATION *** file /home/vimkim/gh/cb/pr7925-01-stored-rows/src/query/vacuum.c, line 1101  CODE = -1191 Tran = -1, EID = 2
Stand-alone vacuum execution is ended.

Time: 10/07/26 17:43:43.620 - DEBUG *** file /home/vimkim/gh/cb/pr7925-01-stored-rows/src/query/vacuum.c, line 1102
Stand-alone vacuum end.

Time: 10/07/26 17:43:43.620 - DEBUG *** file /home/vimkim/gh/cb/pr7925-01-stored-rows/src/query/partition.c, line 725
creating partition cache

Time: 10/07/26 17:43:43.620 - NOTIFICATION *** file /home/vimkim/gh/cb/pr7925-01-stored-rows/src/transaction/boot_sr.c, line 238  CODE = -973 Tran = -1, EID = 3
Server status is UP.

Time: 10/07/26 17:43:43.640 - DEBUG *** file /home/vimkim/gh/cb/pr7925-01-stored-rows/src/storage/file_io.c, line 2208
Created volume /home/vimkim/gh/cb/pr7925-01-stored-rows/.cub-workenv/databases/unittestdb/unittestdb_t32766

Time: 10/07/26 17:43:43.649 - SYNTAX ERROR *** file /home/vimkim/gh/cb/pr7925-01-stored-rows/src/parser/query_result.c, line 376 ERROR CODE = -494 Tran = 1, EID = 5
Semantic: before '  AND b=REPEAT(X'BB', 3000) AND c=REPEAT(X'CC', 600)'
'=' operator is not defined on types bit varying and varchar. select count(*) from [public.ws_bytes] [public.ws_bytes] whe...

Time: 10/07/26 17:43:43.649 - SYNTAX ERROR *** file /home/vimkim/gh/cb/pr7925-01-stored-rows/src/compat/db_vdb.c, line 1341 ERROR CODE = -492 Tran = 1, EID = 6
before '  AND b=REPEAT(X'BB', 3000) AND c=REPEAT(X'CC', 600)'
'=' operator is not defined on types bit varying and varchar.

Time: 10/07/26 17:43:43.659 - SYNTAX ERROR *** file /home/vimkim/gh/cb/pr7925-01-stored-rows/src/parser/query_result.c, line 376 ERROR CODE = -494 Tran = 1, EID = 7
Semantic: before '  AND b=REPEAT(X'BB', 2200)'
'=' operator is not defined on types bit varying and varchar. select count(*) from [public.ws_bytes] [public.ws_bytes] whe...

Time: 10/07/26 17:43:43.659 - SYNTAX ERROR *** file /home/vimkim/gh/cb/pr7925-01-stored-rows/src/compat/db_vdb.c, line 1341 ERROR CODE = -492 Tran = 1, EID = 8
before '  AND b=REPEAT(X'BB', 2200)'
'=' operator is not defined on types bit varying and varchar.

Time: 10/07/26 17:43:43.670 - SYNTAX ERROR *** file /home/vimkim/gh/cb/pr7925-01-stored-rows/src/parser/query_result.c, line 376 ERROR CODE = -494 Tran = 1, EID = 9
Semantic: before '  AND b=X'BB''
'=' operator is not defined on types bit varying and varchar. select count(*) from [public.ws_bytes] [public.ws_bytes] whe...

Time: 10/07/26 17:43:43.670 - SYNTAX ERROR *** file /home/vimkim/gh/cb/pr7925-01-stored-rows/src/compat/db_vdb.c, line 1341 ERROR CODE = -492 Tran = 1, EID = 10
before '  AND b=X'BB''
'=' operator is not defined on types bit varying and varchar.

Time: 10/07/26 17:43:43.680 - SYNTAX ERROR *** file /home/vimkim/gh/cb/pr7925-01-stored-rows/src/parser/query_result.c, line 376 ERROR CODE = -494 Tran = 1, EID = 11
Semantic: '=' operator is not defined on types bit varying and varchar. select count(*) from [public.ws_bytes] [public.ws_bytes] whe...

Time: 10/07/26 17:43:43.680 - SYNTAX ERROR *** file /home/vimkim/gh/cb/pr7925-01-stored-rows/src/compat/db_vdb.c, line 1341 ERROR CODE = -492 Tran = 1, EID = 12
'=' operator is not defined on types bit varying and varchar.

Time: 10/07/26 17:43:43.690 - SYNTAX ERROR *** file /home/vimkim/gh/cb/pr7925-01-stored-rows/src/parser/query_result.c, line 376 ERROR CODE = -494 Tran = 1, EID = 13
Semantic: '=' operator is not defined on types bit varying and varchar. select count(*) from [public.ws_bytes] [public.ws_bytes] whe...

Time: 10/07/26 17:43:43.690 - SYNTAX ERROR *** file /home/vimkim/gh/cb/pr7925-01-stored-rows/src/compat/db_vdb.c, line 1341 ERROR CODE = -492 Tran = 1, EID = 14
'=' operator is not defined on types bit varying and varchar.

Time: 10/07/26 17:43:43.737 - SYNTAX ERROR *** file /home/vimkim/gh/cb/pr7925-01-stored-rows/src/parser/query_result.c, line 376 ERROR CODE = -494 Tran = 1, EID = 15
Semantic: before '  AND v0 IS NULL AND v1=X'BB' AND v2 IS NULL AND v3=X'BB' AND ...'
'=' operator is not defined on types bit varying and varchar. select count(*) from [public.ws_bytes] [public.ws_bytes] whe...

Time: 10/07/26 17:43:43.737 - SYNTAX ERROR *** file /home/vimkim/gh/cb/pr7925-01-stored-rows/src/compat/db_vdb.c, line 1341 ERROR CODE = -492 Tran = 1, EID = 16
before '  AND v0 IS NULL AND v1=X'BB' AND v2 IS NULL AND v3=X'BB' AND ...'
'=' operator is not defined on types bit varying and varchar.

Time: 10/07/26 17:43:43.767 - SYNTAX ERROR *** file /home/vimkim/gh/cb/pr7925-01-stored-rows/src/parser/query_result.c, line 376 ERROR CODE = -494 Tran = 1, EID = 17
Semantic: before '  AND LENGTH(a)=40000 AND b='new attribute''
'=' operator is not defined on types bit varying and varchar. select count(*) from [public.ws_bytes] [public.ws_bytes] whe...

Time: 10/07/26 17:43:43.767 - SYNTAX ERROR *** file /home/vimkim/gh/cb/pr7925-01-stored-rows/src/compat/db_vdb.c, line 1341 ERROR CODE = -492 Tran = 1, EID = 18
before '  AND LENGTH(a)=40000 AND b='new attribute''
'=' operator is not defined on types bit varying and varchar.

Time: 10/07/26 17:43:43.776 - SYNTAX ERROR *** file /home/vimkim/gh/cb/pr7925-01-stored-rows/src/parser/query_result.c, line 376 ERROR CODE = -494 Tran = 1, EID = 19
Semantic: before '  AND b=REPEAT(X'BB', 200) AND c=REPEAT('C', 255)'
'=' operator is not defined on types bit varying and varchar. select count(*) from [public.ws_bytes] [public.ws_bytes] whe...

Time: 10/07/26 17:43:43.777 - SYNTAX ERROR *** file /home/vimkim/gh/cb/pr7925-01-stored-rows/src/compat/db_vdb.c, line 1341 ERROR CODE = -492 Tran = 1, EID = 20
before '  AND b=REPEAT(X'BB', 200) AND c=REPEAT('C', 255)'
'=' operator is not defined on types bit varying and varchar.

Time: 10/07/26 17:43:43.787 - SYNTAX ERROR *** file /home/vimkim/gh/cb/pr7925-01-stored-rows/src/parser/query_result.c, line 376 ERROR CODE = -494 Tran = 1, EID = 21
Semantic: before '  AND b=REPEAT(X'BB', 200) AND c=REPEAT('C', 255)'
'=' operator is not defined on types bit varying and varchar. select count(*) from [public.ws_bytes] [public.ws_bytes] whe...

Time: 10/07/26 17:43:43.787 - SYNTAX ERROR *** file /home/vimkim/gh/cb/pr7925-01-stored-rows/src/compat/db_vdb.c, line 1341 ERROR CODE = -492 Tran = 1, EID = 22
before '  AND b=REPEAT(X'BB', 200) AND c=REPEAT('C', 255)'
'=' operator is not defined on types bit varying and varchar.

Time: 10/07/26 17:43:43.798 - SYNTAX ERROR *** file /home/vimkim/gh/cb/pr7925-01-stored-rows/src/parser/query_result.c, line 376 ERROR CODE = -494 Tran = 1, EID = 23
Semantic: before '  AND b=REPEAT(X'BB', 200) AND c=REPEAT('C', 255)'
'=' operator is not defined on types bit varying and varchar. select count(*) from [public.ws_bytes] [public.ws_bytes] whe...

Time: 10/07/26 17:43:43.798 - SYNTAX ERROR *** file /home/vimkim/gh/cb/pr7925-01-stored-rows/src/compat/db_vdb.c, line 1341 ERROR CODE = -492 Tran = 1, EID = 24
before '  AND b=REPEAT(X'BB', 200) AND c=REPEAT('C', 255)'
'=' operator is not defined on types bit varying and varchar.

Time: 10/07/26 17:43:43.808 - SYNTAX ERROR *** file /home/vimkim/gh/cb/pr7925-01-stored-rows/src/parser/query_result.c, line 376 ERROR CODE = -494 Tran = 1, EID = 25
Semantic: before '  AND b=REPEAT(X'BB', 200) AND c=REPEAT('C', 255)'
'=' operator is not defined on types bit varying and varchar. select count(*) from [public.ws_bytes] [public.ws_bytes] whe...

Time: 10/07/26 17:43:43.808 - SYNTAX ERROR *** file /home/vimkim/gh/cb/pr7925-01-stored-rows/src/compat/db_vdb.c, line 1341 ERROR CODE = -492 Tran = 1, EID = 26
before '  AND b=REPEAT(X'BB', 200) AND c=REPEAT('C', 255)'
'=' operator is not defined on types bit varying and varchar.

Time: 10/07/26 17:43:43.819 - SYNTAX ERROR *** file /home/vimkim/gh/cb/pr7925-01-stored-rows/src/parser/query_result.c, line 376 ERROR CODE = -494 Tran = 1, EID = 27
Semantic: before '  AND b=REPEAT(X'BB', 200) AND c=REPEAT('C', 255)'
'=' operator is not defined on types bit varying and varchar. select count(*) from [public.ws_bytes] [public.ws_bytes] whe...

Time: 10/07/26 17:43:43.819 - SYNTAX ERROR *** file /home/vimkim/gh/cb/pr7925-01-stored-rows/src/compat/db_vdb.c, line 1341 ERROR CODE = -492 Tran = 1, EID = 28
before '  AND b=REPEAT(X'BB', 200) AND c=REPEAT('C', 255)'
'=' operator is not defined on types bit varying and varchar.

Time: 10/07/26 17:43:43.829 - SYNTAX ERROR *** file /home/vimkim/gh/cb/pr7925-01-stored-rows/src/parser/query_result.c, line 376 ERROR CODE = -494 Tran = 1, EID = 29
Semantic: before '  AND b=REPEAT(X'BB', 200) AND c=REPEAT('C', 255)'
'=' operator is not defined on types bit varying and varchar. select count(*) from [public.ws_bytes] [public.ws_bytes] whe...

Time: 10/07/26 17:43:43.829 - SYNTAX ERROR *** file /home/vimkim/gh/cb/pr7925-01-stored-rows/src/compat/db_vdb.c, line 1341 ERROR CODE = -492 Tran = 1, EID = 30
before '  AND b=REPEAT(X'BB', 200) AND c=REPEAT('C', 255)'
'=' operator is not defined on types bit varying and varchar.

Time: 10/07/26 17:43:43.849 - SYNTAX ERROR *** file /home/vimkim/gh/cb/pr7925-01-stored-rows/src/parser/query_result.c, line 376 ERROR CODE = -494 Tran = 1, EID = 31
Semantic: before '  AND b=REPEAT(X'BB', 200) AND c=REPEAT('C', 255)'
'=' operator is not defined on types bit varying and varchar. select count(*) from [public.ws_bytes] [public.ws_bytes] whe...

Time: 10/07/26 17:43:43.849 - SYNTAX ERROR *** file /home/vimkim/gh/cb/pr7925-01-stored-rows/src/compat/db_vdb.c, line 1341 ERROR CODE = -492 Tran = 1, EID = 32
before '  AND b=REPEAT(X'BB', 200) AND c=REPEAT('C', 255)'
'=' operator is not defined on types bit varying and varchar.

Time: 10/07/26 17:43:43.859 - SYNTAX ERROR *** file /home/vimkim/gh/cb/pr7925-01-stored-rows/src/parser/query_result.c, line 376 ERROR CODE = -494 Tran = 1, EID = 33
Semantic: before '  AND b=REPEAT(X'BB', 200) AND c=REPEAT('C', 255)'
'=' operator is not defined on types bit varying and varchar. select count(*) from [public.ws_bytes] [public.ws_bytes] whe...

Time: 10/07/26 17:43:43.859 - SYNTAX ERROR *** file /home/vimkim/gh/cb/pr7925-01-stored-rows/src/compat/db_vdb.c, line 1341 ERROR CODE = -492 Tran = 1, EID = 34
before '  AND b=REPEAT(X'BB', 200) AND c=REPEAT('C', 255)'
'=' operator is not defined on types bit varying and varchar.

Time: 10/07/26 17:43:43.870 - SYNTAX ERROR *** file /home/vimkim/gh/cb/pr7925-01-stored-rows/src/parser/query_result.c, line 376 ERROR CODE = -494 Tran = 1, EID = 35
Semantic: before '  AND b=REPEAT(X'BB', 200) AND c=REPEAT('C', 255)'
'=' operator is not defined on types bit varying and varchar. select count(*) from [public.ws_bytes] [public.ws_bytes] whe...

Time: 10/07/26 17:43:43.870 - SYNTAX ERROR *** file /home/vimkim/gh/cb/pr7925-01-stored-rows/src/compat/db_vdb.c, line 1341 ERROR CODE = -492 Tran = 1, EID = 36
before '  AND b=REPEAT(X'BB', 200) AND c=REPEAT('C', 255)'
'=' operator is not defined on types bit varying and varchar.

Time: 10/07/26 17:43:43.880 - SYNTAX ERROR *** file /home/vimkim/gh/cb/pr7925-01-stored-rows/src/parser/query_result.c, line 376 ERROR CODE = -494 Tran = 1, EID = 37
Semantic: before '  AND b=REPEAT(X'BB', 200) AND c=REPEAT('C', 255)'
'=' operator is not defined on types bit varying and varchar. select count(*) from [public.ws_bytes] [public.ws_bytes] whe...

Time: 10/07/26 17:43:43.880 - SYNTAX ERROR *** file /home/vimkim/gh/cb/pr7925-01-stored-rows/src/compat/db_vdb.c, line 1341 ERROR CODE = -492 Tran = 1, EID = 38
before '  AND b=REPEAT(X'BB', 200) AND c=REPEAT('C', 255)'
'=' operator is not defined on types bit varying and varchar.

Time: 10/07/26 17:43:43.891 - SYNTAX ERROR *** file /home/vimkim/gh/cb/pr7925-01-stored-rows/src/parser/query_result.c, line 376 ERROR CODE = -494 Tran = 1, EID = 39
Semantic: before '  AND b=REPEAT(X'BB', 200) AND c=REPEAT('C', 255)'
'=' operator is not defined on types bit varying and varchar. select count(*) from [public.ws_bytes] [public.ws_bytes] whe...

Time: 10/07/26 17:43:43.891 - SYNTAX ERROR *** file /home/vimkim/gh/cb/pr7925-01-stored-rows/src/compat/db_vdb.c, line 1341 ERROR CODE = -492 Tran = 1, EID = 40
before '  AND b=REPEAT(X'BB', 200) AND c=REPEAT('C', 255)'
'=' operator is not defined on types bit varying and varchar.

Time: 10/07/26 17:43:43.902 - SYNTAX ERROR *** file /home/vimkim/gh/cb/pr7925-01-stored-rows/src/parser/query_result.c, line 376 ERROR CODE = -494 Tran = 1, EID = 41
Semantic: before '  AND b=REPEAT(X'BB', 200) AND c=REPEAT('C', 255)'
'=' operator is not defined on types bit varying and varchar. select count(*) from [public.ws_bytes] [public.ws_bytes] whe...

Time: 10/07/26 17:43:43.902 - SYNTAX ERROR *** file /home/vimkim/gh/cb/pr7925-01-stored-rows/src/compat/db_vdb.c, line 1341 ERROR CODE = -492 Tran = 1, EID = 42
before '  AND b=REPEAT(X'BB', 200) AND c=REPEAT('C', 255)'
'=' operator is not defined on types bit varying and varchar.

Time: 10/07/26 17:43:43.913 - SYNTAX ERROR *** file /home/vimkim/gh/cb/pr7925-01-stored-rows/src/parser/query_result.c, line 376 ERROR CODE = -494 Tran = 1, EID = 43
Semantic: before '  AND b=REPEAT(X'BB', 200) AND c=REPEAT('C', 255)'
'=' operator is not defined on types bit varying and varchar. select count(*) from [public.ws_bytes] [public.ws_bytes] whe...

Time: 10/07/26 17:43:43.913 - SYNTAX ERROR *** file /home/vimkim/gh/cb/pr7925-01-stored-rows/src/compat/db_vdb.c, line 1341 ERROR CODE = -492 Tran = 1, EID = 44
before '  AND b=REPEAT(X'BB', 200) AND c=REPEAT('C', 255)'
'=' operator is not defined on types bit varying and varchar.

Time: 10/07/26 17:43:43.918 - DEBUG *** file /home/vimkim/gh/cb/pr7925-01-stored-rows/src/sp/pl_session.cpp, line 90
pl_session (delete): 1

Time: 10/07/26 17:43:43.918 - DEBUG *** file /home/vimkim/gh/cb/pr7925-01-stored-rows/src/storage/file_io.c, line 2768
Destroyed volume /home/vimkim/gh/cb/pr7925-01-stored-rows/.cub-workenv/databases/unittestdb/unittestdb_t32766

Time: 10/07/26 17:43:43.929 - DEBUG *** file /home/vimkim/gh/cb/pr7925-01-stored-rows/src/storage/file_io.c, line 2768
Destroyed volume /home/vimkim/gh/cb/pr7925-01-stored-rows/.cub-workenv/databases/unittestdb/unittestdb_dwb

Time: 10/07/26 17:43:43.933 - NOTIFICATION *** file /home/vimkim/gh/cb/pr7925-01-stored-rows/src/transaction/boot_sr.c, line 238  CODE = -973 Tran = 1, EID = 45
Server status is DOWN.

Time: 10/07/26 17:43:43.933 - DEBUG *** file /home/vimkim/gh/cb/pr7925-01-stored-rows/src/query/partition.c, line 760
deleting partition cache

Time: 10/07/26 17:43:43.933 - DEBUG *** file /home/vimkim/gh/cb/pr7925-01-stored-rows/src/session/session.c, line 364
[unexpected] session 1's pl_session_p is NULL in session_state_uninit()
