##### 2026-09-14T23:07:57+09:00 a1 fault
23:07:57.244 === site=a1 mode=fault db=t16_a1_f install=/home/vimkim/.cub/install/oos-instr-f4299ac0c/debug_gcc_nounit
CUBRID 11.5.0 (11.5.0.2648-f4299ac) (64bit debug build for Linux) (Sep 14 2026 22:56:52)
2b109c9d1f14cd36e917a749d7c98f1e86f587752314511fbe137217f13c1c5d  /home/vimkim/.cub/install/oos-instr-f4299ac0c/debug_gcc_nounit/lib/libcubrid.so
23:08:00.442 createdb t16_a1_f rc=0 (2.9 s)
23:08:03.591 server start (1) rc=0 server_pid=3035422 master_pid=3035402 (3.1 s)
23:08:03.809 csql w rc=0 (0.21 s)
23:08:05.887 server stop (1) rc=0; still listed: 0
23:08:05.897 acks: 1
  Time: 09/14/26 23:08:03.736 - NOTIFICATION *** file /home/vimkim/gh/cb/oos-instr-f4299ac0c/src/storage/oos_file.cpp, line 2088  CODE = -588, Tran = 1, CLIENT = dev2:csql(3035843), EID = 3
  INTERNAL ERROR: Assertion 'FAULT INJECTION ACK site=oos_publish_oos_oid code=700000 target_operation="OOS OID publication during insert (value construction)" requested_action="throw std::bad_alloc" reach=1 fired=1 fire_at=0' failed.
23:08:05.907 === done site=a1 mode=fault code=700000 fire_at=0 wall=8.7 s
##### rc=0
##### 2026-09-14T23:08:05+09:00 a1 control
23:08:05.918 === site=a1 mode=control db=t16_a1_c install=/home/vimkim/.cub/install/oos-instr-f4299ac0c/debug_gcc_nounit
CUBRID 11.5.0 (11.5.0.2648-f4299ac) (64bit debug build for Linux) (Sep 14 2026 22:56:52)
2b109c9d1f14cd36e917a749d7c98f1e86f587752314511fbe137217f13c1c5d  /home/vimkim/.cub/install/oos-instr-f4299ac0c/debug_gcc_nounit/lib/libcubrid.so
23:08:06.266 port 26671 already held by cub_master pid pid=3035402 (campaign master, reused)
23:08:08.820 createdb t16_a1_c rc=0 (2.5 s)
23:08:10.966 server start (1) rc=0 server_pid=3036565 master_pid=3035402 (2.1 s)
23:08:11.024 csql w rc=0 (0.05 s)
23:08:13.099 server stop (1) rc=0; still listed: 0
23:08:13.109 acks: 0
23:08:13.118 === done site=a1 mode=control code=700000 fire_at=0 wall=7.2 s
##### rc=0
##### 2026-09-14T23:08:13+09:00 b1 fault
23:08:13.130 === site=b1 mode=fault db=t16_b1_f install=/home/vimkim/.cub/install/oos-instr-f4299ac0c/debug_gcc_nounit
CUBRID 11.5.0 (11.5.0.2648-f4299ac) (64bit debug build for Linux) (Sep 14 2026 22:56:52)
2b109c9d1f14cd36e917a749d7c98f1e86f587752314511fbe137217f13c1c5d  /home/vimkim/.cub/install/oos-instr-f4299ac0c/debug_gcc_nounit/lib/libcubrid.so
23:08:13.485 port 26671 already held by cub_master pid pid=3035402 (campaign master, reused)
23:08:16.441 createdb t16_b1_f rc=0 (2.9 s)
23:08:18.578 server start (1) rc=0 server_pid=3037167 master_pid=3035402 (2.1 s)
23:08:18.637 csql w rc=0 (0.05 s)
23:08:20.715 server stop (1) rc=0; still listed: 0
23:08:20.724 acks: 1
  Time: 09/14/26 23:08:18.628 - NOTIFICATION *** file /home/vimkim/gh/cb/oos-instr-f4299ac0c/src/storage/heap_oos.cpp, line 545  CODE = -588, Tran = 1, CLIENT = dev2:csql(3037568), EID = 3
  INTERNAL ERROR: Assertion 'FAULT INJECTION ACK site=heap_oos_read_grouped_payloads code=700001 target_operation="grouped Resolve prefetch buffers of an OOS-bearing record (read/expansion)" requested_action="throw std::bad_alloc" reach=1 fired=1 fire_at=0' failed.
23:08:20.733 === done site=b1 mode=fault code=700001 fire_at=0 wall=7.6 s
##### rc=0
##### 2026-09-14T23:08:20+09:00 b1 control
23:08:20.744 === site=b1 mode=control db=t16_b1_c install=/home/vimkim/.cub/install/oos-instr-f4299ac0c/debug_gcc_nounit
CUBRID 11.5.0 (11.5.0.2648-f4299ac) (64bit debug build for Linux) (Sep 14 2026 22:56:52)
2b109c9d1f14cd36e917a749d7c98f1e86f587752314511fbe137217f13c1c5d  /home/vimkim/.cub/install/oos-instr-f4299ac0c/debug_gcc_nounit/lib/libcubrid.so
23:08:21.112 port 26671 already held by cub_master pid pid=3035402 (campaign master, reused)
23:08:23.586 createdb t16_b1_c rc=0 (2.4 s)
23:08:25.731 server start (1) rc=0 server_pid=3037791 master_pid=3035402 (2.1 s)
23:08:25.785 csql w rc=0 (0.05 s)
23:08:27.861 server stop (1) rc=0; still listed: 0
23:08:27.871 acks: 0
23:08:27.880 === done site=b1 mode=control code=700001 fire_at=0 wall=7.1 s
##### rc=0
##### 2026-09-14T23:08:27+09:00 c1 fault
23:08:27.892 === site=c1 mode=fault db=t16_c1_f install=/home/vimkim/.cub/install/oos-instr-f4299ac0c/debug_gcc_nounit
CUBRID 11.5.0 (11.5.0.2648-f4299ac) (64bit debug build for Linux) (Sep 14 2026 22:56:52)
2b109c9d1f14cd36e917a749d7c98f1e86f587752314511fbe137217f13c1c5d  /home/vimkim/.cub/install/oos-instr-f4299ac0c/debug_gcc_nounit/lib/libcubrid.so
23:08:28.248 port 26671 already held by cub_master pid pid=3035402 (campaign master, reused)
23:08:31.495 createdb t16_c1_f rc=0 (3.2 s)
23:08:33.634 server start (1) rc=0 server_pid=3038458 master_pid=3035402 (2.1 s)
23:08:33.824 csql w1 rc=0 (0.18 s)
23:08:33.859 ack seen while polling (recs=8) after 0 s
23:08:36.891 final SHOW HEAP OOS:  Oos_num_user_pages : 9; Oos_num_recs : 8;
23:08:38.967 server stop (1) rc=0; still listed: 0
23:08:38.978 acks: 1
  Time: 09/14/26 23:08:33.745 - NOTIFICATION *** file /home/vimkim/gh/cb/oos-instr-f4299ac0c/src/storage/oos_file.cpp, line 3178  CODE = -588, Tran = 0, CLIENT = :(0), EID = 3
  INTERNAL ERROR: Assertion 'FAULT INJECTION ACK site=oos_delete_chain code=700002 target_operation="reclaim hint list growth while deleting an OOS value chain (cleanup)" requested_action="throw std::bad_alloc" reach=1 fired=1 fire_at=1' failed.
23:08:38.987 === done site=c1 mode=fault code=700002 fire_at=1 wall=11.1 s
##### rc=0
##### 2026-09-14T23:08:38+09:00 c1 control
23:08:38.998 === site=c1 mode=control db=t16_c1_c install=/home/vimkim/.cub/install/oos-instr-f4299ac0c/debug_gcc_nounit
CUBRID 11.5.0 (11.5.0.2648-f4299ac) (64bit debug build for Linux) (Sep 14 2026 22:56:52)
2b109c9d1f14cd36e917a749d7c98f1e86f587752314511fbe137217f13c1c5d  /home/vimkim/.cub/install/oos-instr-f4299ac0c/debug_gcc_nounit/lib/libcubrid.so
23:08:39.368 port 26671 already held by cub_master pid pid=3035402 (campaign master, reused)
23:08:42.096 createdb t16_c1_c rc=0 (2.7 s)
23:08:44.232 server start (1) rc=0 server_pid=3039411 master_pid=3035402 (2.1 s)
23:08:44.395 csql w1 rc=0 (0.16 s)
23:08:44.425 vacuum reclaimed the old chains: Oos_num_recs=8 after 0 s
23:08:44.452 final SHOW HEAP OOS:  Oos_num_user_pages : 9; Oos_num_recs : 8;
23:08:46.531 server stop (1) rc=0; still listed: 0
23:08:46.541 acks: 0
23:08:46.549 === done site=c1 mode=control code=700002 fire_at=1 wall=7.5 s
##### rc=0
##### 2026-09-14T23:08:46+09:00 d1 fault
23:08:46.560 === site=d1 mode=fault db=t16_d1_f install=/home/vimkim/.cub/install/oos-instr-f4299ac0c/debug_gcc_nounit
CUBRID 11.5.0 (11.5.0.2648-f4299ac) (64bit debug build for Linux) (Sep 14 2026 22:56:52)
2b109c9d1f14cd36e917a749d7c98f1e86f587752314511fbe137217f13c1c5d  /home/vimkim/.cub/install/oos-instr-f4299ac0c/debug_gcc_nounit/lib/libcubrid.so
23:08:46.919 port 26671 already held by cub_master pid pid=3035402 (campaign master, reused)
23:08:48.969 createdb t16_d1_f rc=0 (2.0 s)
23:08:51.104 server start (1) rc=0 server_pid=3040317 master_pid=3035402 (2.1 s)
23:09:12.002 csql w rc=0 (20.89 s)
23:09:12.008 ack observed after 0 s
23:09:14.081 server stop (1) rc=0; still listed: 0
23:09:15.199 checkdb -S rc=0
23:09:17.339 server start (2) rc=0 server_pid=3042602 master_pid=3035402 (2.1 s)
23:09:17.454 csql v rc=0 (0.11 s)
23:09:19.529 server stop (2) rc=0; still listed: 0
23:09:19.544 acks: 1
  Time: 09/14/26 23:08:51.346 - NOTIFICATION *** file /home/vimkim/gh/cb/oos-instr-f4299ac0c/src/storage/page_buffer.c, line 10778  CODE = -588, Tran = 0, CLIENT = :(0), EID = 174
  INTERNAL ERROR: Assertion 'FAULT INJECTION ACK site=pgbuf_bcb_flush_with_wal code=700003 target_operation="disk write of a dirty PAGE_OOS page (data I/O)" requested_action="fail the write with ER_IO_WRITE" reach=1 fired=1 fire_at=1' failed.
23:09:19.552 === done site=d1 mode=fault code=700003 fire_at=1 wall=33.0 s
##### rc=0
##### 2026-09-14T23:09:19+09:00 d1 control
23:09:19.565 === site=d1 mode=control db=t16_d1_c install=/home/vimkim/.cub/install/oos-instr-f4299ac0c/debug_gcc_nounit
CUBRID 11.5.0 (11.5.0.2648-f4299ac) (64bit debug build for Linux) (Sep 14 2026 22:56:52)
2b109c9d1f14cd36e917a749d7c98f1e86f587752314511fbe137217f13c1c5d  /home/vimkim/.cub/install/oos-instr-f4299ac0c/debug_gcc_nounit/lib/libcubrid.so
23:09:19.908 port 26671 already held by cub_master pid pid=3035402 (campaign master, reused)
23:09:21.905 createdb t16_d1_c rc=0 (2.0 s)
23:09:24.062 server start (1) rc=0 server_pid=3043167 master_pid=3035402 (2.2 s)
23:09:24.705 csql w rc=0 (0.63 s)
23:09:29.735 no ack after 5 s (count=0)
23:09:31.811 server stop (1) rc=0; still listed: 0
23:09:32.895 checkdb -S rc=0
23:09:35.031 server start (2) rc=0 server_pid=3044503 master_pid=3035402 (2.1 s)
23:09:35.149 csql v rc=0 (0.11 s)
23:09:37.227 server stop (2) rc=0; still listed: 0
23:09:37.252 acks: 0
23:09:37.261 === done site=d1 mode=control code=700003 fire_at=1 wall=17.7 s
##### rc=0
##### 2026-09-14T23:09:37+09:00 e1 fault
23:09:37.274 === site=e1 mode=fault db=t16_e1_f install=/home/vimkim/.cub/install/oos-instr-f4299ac0c/debug_gcc_nounit
CUBRID 11.5.0 (11.5.0.2648-f4299ac) (64bit debug build for Linux) (Sep 14 2026 22:56:52)
2b109c9d1f14cd36e917a749d7c98f1e86f587752314511fbe137217f13c1c5d  /home/vimkim/.cub/install/oos-instr-f4299ac0c/debug_gcc_nounit/lib/libcubrid.so
23:09:37.660 port 26671 already held by cub_master pid pid=3035402 (campaign master, reused)
23:09:47.287 createdb t16_e1_f rc=0 (9.6 s)
23:09:49.432 server start (1) rc=0 server_pid=3048720 master_pid=3035402 (2.1 s)
23:10:23.919 csql w rc=1 (34.48 s)
23:10:23.922 server pid 3048720 gone after 0 s
23:10:26.080 server start (2) rc=1 server_pid=none master_pid=3035402 (2.1 s)
23:10:26.102 csql v rc=1 (0.02 s)
23:10:27.174 server stop (2) rc=1; still listed: 0
23:10:27.183 acks: 1
  Time: 09/14/26 23:09:49.538 - NOTIFICATION *** file /home/vimkim/gh/cb/oos-instr-f4299ac0c/src/transaction/log_page_buffer.c, line 2332  CODE = -588, Tran = 0, CLIENT = :(0), EID = 3
  INTERNAL ERROR: Assertion 'FAULT INJECTION ACK site=logpb_write_page_to_disk code=700004 target_operation="disk write of an active log page (log I/O)" requested_action="fail the write with ER_IO_WRITE (fatal for the server)" reach=1 fired=1 fire_at=1' failed.
23:10:27.192 === done site=e1 mode=fault code=700004 fire_at=1 wall=49.9 s
##### rc=0
##### 2026-09-14T23:10:27+09:00 e1 control
23:10:27.204 === site=e1 mode=control db=t16_e1_c install=/home/vimkim/.cub/install/oos-instr-f4299ac0c/debug_gcc_nounit
CUBRID 11.5.0 (11.5.0.2648-f4299ac) (64bit debug build for Linux) (Sep 14 2026 22:56:52)
2b109c9d1f14cd36e917a749d7c98f1e86f587752314511fbe137217f13c1c5d  /home/vimkim/.cub/install/oos-instr-f4299ac0c/debug_gcc_nounit/lib/libcubrid.so
23:10:27.563 port 26671 already held by cub_master pid pid=3035402 (campaign master, reused)
23:10:30.349 createdb t16_e1_c rc=0 (2.8 s)
23:10:32.494 server start (1) rc=0 server_pid=3054995 master_pid=3035402 (2.1 s)
23:10:32.549 csql w rc=0 (0.05 s)
23:10:32.553 control: server alive=yes
23:10:34.666 server stop (1) rc=0; still listed: 0
23:10:36.809 server start (2) rc=0 server_pid=3058638 master_pid=3035402 (2.1 s)
23:10:36.851 csql v rc=0 (0.04 s)
23:10:38.932 server stop (2) rc=0; still listed: 0
23:10:38.942 acks: 0
23:10:38.952 === done site=e1 mode=control code=700004 fire_at=1 wall=11.7 s
##### rc=0
##### 2026-09-14T23:10:38+09:00 f1 fault
23:10:38.964 === site=f1 mode=fault db=t16_f1_f install=/home/vimkim/.cub/install/oos-instr-f4299ac0c/debug_gcc_nounit
CUBRID 11.5.0 (11.5.0.2648-f4299ac) (64bit debug build for Linux) (Sep 14 2026 22:56:52)
2b109c9d1f14cd36e917a749d7c98f1e86f587752314511fbe137217f13c1c5d  /home/vimkim/.cub/install/oos-instr-f4299ac0c/debug_gcc_nounit/lib/libcubrid.so
23:10:39.318 port 26671 already held by cub_master pid pid=3035402 (campaign master, reused)
23:10:46.098 createdb t16_f1_f rc=0 (6.8 s)
23:10:48.256 server start (1) rc=0 server_pid=3060151 master_pid=3035402 (2.2 s)
23:11:12.777 csql w rc=0 (24.51 s)
23:11:14.854 server stop (1) rc=0; still listed: 0
23:11:14.863 acks: 1
  Time: 09/14/26 23:10:48.307 - NOTIFICATION *** file /home/vimkim/gh/cb/oos-instr-f4299ac0c/src/storage/oos_file.cpp, line 2274  CODE = -588, Tran = 1, CLIENT = dev2:csql(3061121), EID = 3
  INTERNAL ERROR: Assertion 'FAULT INJECTION ACK site=oos_insert_many code=700005 target_operation="next chunk insert of oos_insert_many, after the preceding publications" requested_action="fail with ER_GENERIC_ERROR" reach=2 fired=1 fire_at=2' failed.
23:11:14.874 === done site=f1 mode=fault code=700005 fire_at=2 wall=35.9 s
##### rc=0
##### 2026-09-14T23:11:14+09:00 f1 control
23:11:14.886 === site=f1 mode=control db=t16_f1_c install=/home/vimkim/.cub/install/oos-instr-f4299ac0c/debug_gcc_nounit
CUBRID 11.5.0 (11.5.0.2648-f4299ac) (64bit debug build for Linux) (Sep 14 2026 22:56:52)
2b109c9d1f14cd36e917a749d7c98f1e86f587752314511fbe137217f13c1c5d  /home/vimkim/.cub/install/oos-instr-f4299ac0c/debug_gcc_nounit/lib/libcubrid.so
23:11:15.267 port 26671 already held by cub_master pid pid=3035402 (campaign master, reused)
23:11:17.595 createdb t16_f1_c rc=0 (2.3 s)
23:11:19.742 server start (1) rc=0 server_pid=3065848 master_pid=3035402 (2.1 s)
23:11:19.813 csql w rc=0 (0.06 s)
23:11:21.891 server stop (1) rc=0; still listed: 0
23:11:21.900 acks: 0
23:11:21.909 === done site=f1 mode=control code=700005 fire_at=2 wall=7.0 s
##### rc=0
##### 2026-09-14T23:11:21+09:00 g1 fault
23:11:21.921 === site=g1 mode=fault db=t16_g1_f install=/home/vimkim/.cub/install/oos-instr-f4299ac0c/debug_gcc_nounit
CUBRID 11.5.0 (11.5.0.2648-f4299ac) (64bit debug build for Linux) (Sep 14 2026 22:56:52)
2b109c9d1f14cd36e917a749d7c98f1e86f587752314511fbe137217f13c1c5d  /home/vimkim/.cub/install/oos-instr-f4299ac0c/debug_gcc_nounit/lib/libcubrid.so
23:11:22.308 port 26671 already held by cub_master pid pid=3035402 (campaign master, reused)
23:11:25.776 createdb t16_g1_f rc=0 (3.4 s)
23:11:27.943 server start (1) rc=0 server_pid=3067827 master_pid=3035402 (2.2 s)
23:11:28.020 csql w rc=1 (0.07 s)
23:11:28.023 server pid 3067827 gone after 0 s
23:11:30.186 server start (2) rc=1 server_pid=3068530 master_pid=3035402 (2.1 s)
23:11:30.226 csql v rc=0 (0.03 s)
23:11:32.302 server stop (2) rc=0; still listed: 0
23:11:32.312 acks: 1
  Time: 09/14/26 23:11:27.989 - NOTIFICATION *** file /home/vimkim/gh/cb/oos-instr-f4299ac0c/src/storage/oos_file.cpp, line 2440  CODE = -588, Tran = 1, CLIENT = dev2:csql(3068528), EID = 3
  INTERNAL ERROR: Assertion 'FAULT INJECTION ACK site=oos_insert_across_pages code=700006 target_operation="between two chunk inserts of one multi-chunk OOS value chain" requested_action="crash (_exit or abort)" reach=1 fired=1 fire_at=1' failed.
23:11:32.321 === done site=g1 mode=fault code=700006 fire_at=1 wall=10.4 s
##### rc=0
##### 2026-09-14T23:11:32+09:00 g1 control
23:11:32.332 === site=g1 mode=control db=t16_g1_c install=/home/vimkim/.cub/install/oos-instr-f4299ac0c/debug_gcc_nounit
CUBRID 11.5.0 (11.5.0.2648-f4299ac) (64bit debug build for Linux) (Sep 14 2026 22:56:52)
2b109c9d1f14cd36e917a749d7c98f1e86f587752314511fbe137217f13c1c5d  /home/vimkim/.cub/install/oos-instr-f4299ac0c/debug_gcc_nounit/lib/libcubrid.so
23:11:32.723 port 26671 already held by cub_master pid pid=3035402 (campaign master, reused)
23:11:35.287 createdb t16_g1_c rc=0 (2.5 s)
23:11:37.434 server start (1) rc=0 server_pid=3070015 master_pid=3035402 (2.1 s)
23:11:37.487 csql w rc=0 (0.05 s)
23:11:37.490 control: server alive=yes
23:11:39.597 server stop (1) rc=0; still listed: 0
23:11:41.740 server start (2) rc=0 server_pid=3072088 master_pid=3035402 (2.1 s)
23:11:41.787 csql v rc=0 (0.04 s)
23:11:43.864 server stop (2) rc=0; still listed: 0
23:11:43.875 acks: 0
23:11:43.884 === done site=g1 mode=control code=700006 fire_at=1 wall=11.5 s
##### rc=0
##### 2026-09-14T23:11:43+09:00 h1 fault
23:11:43.895 === site=h1 mode=fault db=t16_h1_f install=/home/vimkim/.cub/install/oos-instr-f4299ac0c/debug_gcc_nounit
CUBRID 11.5.0 (11.5.0.2648-f4299ac) (64bit debug build for Linux) (Sep 14 2026 22:56:52)
2b109c9d1f14cd36e917a749d7c98f1e86f587752314511fbe137217f13c1c5d  /home/vimkim/.cub/install/oos-instr-f4299ac0c/debug_gcc_nounit/lib/libcubrid.so
23:11:44.283 port 26671 already held by cub_master pid pid=3035402 (campaign master, reused)
23:11:46.879 createdb t16_h1_f rc=0 (2.6 s)
23:11:49.030 server start (1) rc=0 server_pid=3074263 master_pid=3035402 (2.1 s)
23:11:49.117 csql w rc=1 (0.08 s)
23:11:49.120 server pid 3074263 gone after 0 s
23:11:51.281 server start (2) rc=1 server_pid=3074857 master_pid=3035402 (2.1 s)
23:11:51.323 csql v rc=0 (0.04 s)
23:11:53.397 server stop (2) rc=0; still listed: 0
23:11:53.408 acks: 1
  Time: 09/14/26 23:11:49.075 - NOTIFICATION *** file /home/vimkim/gh/cb/oos-instr-f4299ac0c/src/storage/heap_file.c, line 12742  CODE = -588, Tran = 1, CLIENT = dev2:csql(3074849), EID = 3
  INTERNAL ERROR: Assertion 'FAULT INJECTION ACK site=heap_attrinfo_insert_to_oos code=700007 target_operation="after all OOS chunks of a record are inserted and published, before the heap insert" requested_action="crash (_exit or abort)" reach=1 fired=1 fire_at=1' failed.
23:11:53.418 === done site=h1 mode=fault code=700007 fire_at=1 wall=9.5 s
##### rc=0
##### 2026-09-14T23:11:53+09:00 h1 control
23:11:53.429 === site=h1 mode=control db=t16_h1_c install=/home/vimkim/.cub/install/oos-instr-f4299ac0c/debug_gcc_nounit
CUBRID 11.5.0 (11.5.0.2648-f4299ac) (64bit debug build for Linux) (Sep 14 2026 22:56:52)
2b109c9d1f14cd36e917a749d7c98f1e86f587752314511fbe137217f13c1c5d  /home/vimkim/.cub/install/oos-instr-f4299ac0c/debug_gcc_nounit/lib/libcubrid.so
23:11:53.790 port 26671 already held by cub_master pid pid=3035402 (campaign master, reused)
23:11:56.434 createdb t16_h1_c rc=0 (2.6 s)
23:11:58.580 server start (1) rc=0 server_pid=3076637 master_pid=3035402 (2.1 s)
23:11:58.637 csql w rc=0 (0.05 s)
23:11:58.639 control: server alive=yes
23:12:00.749 server stop (1) rc=0; still listed: 0
23:12:02.892 server start (2) rc=0 server_pid=3078307 master_pid=3035402 (2.1 s)
23:12:02.933 csql v rc=0 (0.04 s)
23:12:05.006 server stop (2) rc=0; still listed: 0
23:12:05.018 acks: 0
23:12:05.027 === done site=h1 mode=control code=700007 fire_at=1 wall=11.6 s
##### rc=0
##### 2026-09-14T23:12:05+09:00 i1 fault
23:12:05.038 === site=i1 mode=fault db=t16_i1_f install=/home/vimkim/.cub/install/oos-instr-f4299ac0c/debug_gcc_nounit
CUBRID 11.5.0 (11.5.0.2648-f4299ac) (64bit debug build for Linux) (Sep 14 2026 22:56:52)
2b109c9d1f14cd36e917a749d7c98f1e86f587752314511fbe137217f13c1c5d  /home/vimkim/.cub/install/oos-instr-f4299ac0c/debug_gcc_nounit/lib/libcubrid.so
23:12:05.393 port 26671 already held by cub_master pid pid=3035402 (campaign master, reused)
23:12:08.802 createdb t16_i1_f rc=0 (3.4 s)
23:12:10.945 server start (1) rc=0 server_pid=3079834 master_pid=3035402 (2.1 s)
23:13:06.397 csql w rc=1 (55.44 s)
23:13:06.400 server pid 3079834 gone after 0 s
23:13:08.604 server start (2) rc=1 server_pid=3087682 master_pid=3035402 (2.1 s)
23:13:08.643 csql v rc=0 (0.03 s)
23:13:10.718 server stop (2) rc=0; still listed: 0
23:13:10.728 acks: 1
  Time: 09/14/26 23:12:10.983 - NOTIFICATION *** file /home/vimkim/gh/cb/oos-instr-f4299ac0c/src/storage/oos_file.cpp, line 3350  CODE = -588, Tran = 1, CLIENT = dev2:csql(3080290), EID = 3
  INTERNAL ERROR: Assertion 'FAULT INJECTION ACK site=oos_rv_redo_delete code=700008 target_operation="undo of RVOOS_INSERT during a transaction rollback" requested_action="fail with ER_GENERIC_ERROR" reach=1 fired=1 fire_at=1' failed.
23:13:10.736 === done site=i1 mode=fault code=700008 fire_at=1 wall=65.7 s
##### rc=0
##### 2026-09-14T23:13:10+09:00 i1 control
23:13:10.747 === site=i1 mode=control db=t16_i1_c install=/home/vimkim/.cub/install/oos-instr-f4299ac0c/debug_gcc_nounit
CUBRID 11.5.0 (11.5.0.2648-f4299ac) (64bit debug build for Linux) (Sep 14 2026 22:56:52)
2b109c9d1f14cd36e917a749d7c98f1e86f587752314511fbe137217f13c1c5d  /home/vimkim/.cub/install/oos-instr-f4299ac0c/debug_gcc_nounit/lib/libcubrid.so
23:13:11.163 port 26671 already held by cub_master pid pid=3035402 (campaign master, reused)
23:13:15.644 createdb t16_i1_c rc=0 (4.5 s)
23:13:17.799 server start (1) rc=0 server_pid=3091094 master_pid=3035402 (2.2 s)
23:13:17.922 csql w rc=0 (0.12 s)
23:13:17.926 control: server alive=yes
23:13:20.034 server stop (1) rc=0; still listed: 0
23:13:22.188 server start (2) rc=0 server_pid=3092703 master_pid=3035402 (2.1 s)
23:13:22.230 csql v rc=0 (0.04 s)
23:13:24.316 server stop (2) rc=0; still listed: 0
23:13:24.328 acks: 0
23:13:24.338 === done site=i1 mode=control code=700008 fire_at=1 wall=13.6 s
##### rc=0
##### 2026-09-14T23:13:24+09:00 j1 fault
23:13:24.351 === site=j1 mode=fault db=t16_j1_f install=/home/vimkim/.cub/install/oos-instr-f4299ac0c/debug_gcc_nounit
CUBRID 11.5.0 (11.5.0.2648-f4299ac) (64bit debug build for Linux) (Sep 14 2026 22:56:52)
2b109c9d1f14cd36e917a749d7c98f1e86f587752314511fbe137217f13c1c5d  /home/vimkim/.cub/install/oos-instr-f4299ac0c/debug_gcc_nounit/lib/libcubrid.so
23:13:24.776 port 26671 already held by cub_master pid pid=3035402 (campaign master, reused)
23:13:29.973 createdb t16_j1_f rc=0 (5.2 s)
23:13:32.310 server start (1) rc=0 server_pid=3099983 master_pid=3035402 (2.3 s)
23:13:48.315 csql w1 rc=0 (15.97 s)
23:13:48.361 ack seen while polling (recs=9) after 0 s
23:13:51.399 final SHOW HEAP OOS:  Oos_num_user_pages : 9; Oos_num_recs : 9;
23:13:53.476 server stop (1) rc=0; still listed: 0
23:13:53.491 acks: 1
  Time: 09/14/26 23:13:32.623 - NOTIFICATION *** file /home/vimkim/gh/cb/oos-instr-f4299ac0c/src/query/vacuum_oos.cpp, line 197  CODE = -588, Tran = 0, CLIENT = :(0), EID = 3
  INTERNAL ERROR: Assertion 'FAULT INJECTION ACK site=vacuum_forward_walk_oos_delete_atomic code=700009 target_operation="vacuum forward-walk delete of an old row version's OOS value chain" requested_action="fail with ER_GENERIC_ERROR (the forward-walk sysop is aborted)" reach=1 fired=1 fire_at=1' failed.
23:13:53.501 === done site=j1 mode=fault code=700009 fire_at=1 wall=29.1 s
##### rc=0
##### 2026-09-14T23:13:53+09:00 j1 control
23:13:53.513 === site=j1 mode=control db=t16_j1_c install=/home/vimkim/.cub/install/oos-instr-f4299ac0c/debug_gcc_nounit
CUBRID 11.5.0 (11.5.0.2648-f4299ac) (64bit debug build for Linux) (Sep 14 2026 22:56:52)
2b109c9d1f14cd36e917a749d7c98f1e86f587752314511fbe137217f13c1c5d  /home/vimkim/.cub/install/oos-instr-f4299ac0c/debug_gcc_nounit/lib/libcubrid.so
23:13:53.882 port 26671 already held by cub_master pid pid=3035402 (campaign master, reused)
23:14:00.678 createdb t16_j1_c rc=0 (6.8 s)
23:14:04.252 server start (1) rc=0 server_pid=3138138 master_pid=3035402 (3.5 s)
23:14:05.717 csql w1 rc=0 (1.40 s)
23:14:05.829 vacuum reclaimed the old chains: Oos_num_recs=8 after 0 s
23:14:05.968 final SHOW HEAP OOS:  Oos_num_user_pages : 9; Oos_num_recs : 8;
23:14:08.239 server stop (1) rc=0; still listed: 0
23:14:08.342 acks: 0
23:14:08.458 === done site=j1 mode=control code=700009 fire_at=1 wall=14.9 s
##### rc=0
##### 2026-09-14T23:14:08+09:00 k1 fault
23:14:08.541 === site=k1 mode=fault db=t16_k1_f install=/home/vimkim/.cub/install/oos-instr-f4299ac0c/debug_gcc_nounit
CUBRID 11.5.0 (11.5.0.2648-f4299ac) (64bit debug build for Linux) (Sep 14 2026 22:56:52)
2b109c9d1f14cd36e917a749d7c98f1e86f587752314511fbe137217f13c1c5d  /home/vimkim/.cub/install/oos-instr-f4299ac0c/debug_gcc_nounit/lib/libcubrid.so
23:14:09.458 port 26671 already held by cub_master pid pid=3035402 (campaign master, reused)
23:14:16.034 createdb t16_k1_f rc=0 (6.4 s)
23:14:19.987 server start (1) rc=0 server_pid=3143832 master_pid=3035402 (3.9 s)
23:14:21.613 csql w1 rc=0 (1.48 s)
23:14:21.800 vacuum reclaimed the old chains: Oos_num_recs=8 after 0 s
23:14:21.970 final SHOW HEAP OOS:  Oos_num_user_pages : 9; Oos_num_recs : 8;
23:14:24.272 server stop (1) rc=0; still listed: 0
23:14:28.202 server start (2) rc=0 server_pid=3146346 master_pid=3035402 (3.9 s)
23:14:28.616 csql w2 rc=0 (0.28 s)
23:14:31.789 no ack after 3 s (count=0)
23:14:34.064 server stop (2) rc=0; still listed: 0
23:14:34.161 acks: 0
23:14:34.243 === done site=k1 mode=fault code=700010 fire_at=0 wall=25.7 s
##### rc=0
##### 2026-09-14T23:14:34+09:00 k1 control
23:14:34.391 === site=k1 mode=control db=t16_k1_c install=/home/vimkim/.cub/install/oos-instr-f4299ac0c/debug_gcc_nounit
CUBRID 11.5.0 (11.5.0.2648-f4299ac) (64bit debug build for Linux) (Sep 14 2026 22:56:52)
2b109c9d1f14cd36e917a749d7c98f1e86f587752314511fbe137217f13c1c5d  /home/vimkim/.cub/install/oos-instr-f4299ac0c/debug_gcc_nounit/lib/libcubrid.so
23:14:35.273 port 26671 already held by cub_master pid pid=3035402 (campaign master, reused)
23:14:44.615 createdb t16_k1_c rc=0 (9.3 s)
23:14:48.114 server start (1) rc=0 server_pid=3150020 master_pid=3035402 (3.5 s)
23:14:48.680 csql w1 rc=0 (0.47 s)
23:14:48.867 vacuum reclaimed the old chains: Oos_num_recs=8 after 0 s
23:14:49.021 final SHOW HEAP OOS:  Oos_num_user_pages : 9; Oos_num_recs : 8;
23:14:51.426 server stop (1) rc=0; still listed: 0
23:14:55.010 server start (2) rc=0 server_pid=3152385 master_pid=3035402 (3.6 s)
23:14:55.365 csql w2 rc=0 (0.32 s)
23:14:58.415 no ack after 3 s (count=0)
23:15:01.532 server stop (2) rc=0; still listed: 0
23:15:01.547 acks: 0
23:15:01.557 === done site=k1 mode=control code=700010 fire_at=0 wall=27.2 s
##### rc=0
##### 2026-09-14T23:15:01+09:00 l1 fault
23:15:01.569 === site=l1 mode=fault db=t16_l1_f install=/home/vimkim/.cub/install/oos-instr-f4299ac0c/debug_gcc_nounit
CUBRID 11.5.0 (11.5.0.2648-f4299ac) (64bit debug build for Linux) (Sep 14 2026 22:56:52)
2b109c9d1f14cd36e917a749d7c98f1e86f587752314511fbe137217f13c1c5d  /home/vimkim/.cub/install/oos-instr-f4299ac0c/debug_gcc_nounit/lib/libcubrid.so
23:15:01.941 port 26671 already held by cub_master pid pid=3035402 (campaign master, reused)
23:15:04.020 createdb t16_l1_f rc=0 (2.1 s)
23:15:06.168 server start (1) rc=0 server_pid=3157158 master_pid=3035402 (2.1 s)
23:15:06.719 csql w rc=0 (0.54 s)
23:15:06.721 kill -9 own cub_server pid 3157158 (dirty OOS pages not flushed; redo needed at restart)
23:15:07.726 server pid 3157158 gone after 1 s
23:15:09.873 server start (2) rc=1 server_pid=3157844 master_pid=3035402 (2.1 s)
23:15:11.905 server survived the armed restart
23:15:13.979 server stop (2) rc=0; still listed: 0
23:15:16.130 server start (3) rc=0 server_pid=3159256 master_pid=3035402 (2.1 s)
23:15:16.179 csql v rc=0 (0.04 s)
23:15:18.258 server stop (3) rc=0; still listed: 0
23:15:18.270 acks: 0
23:15:18.279 === done site=l1 mode=fault code=700011 fire_at=1 wall=16.7 s
##### rc=0
##### 2026-09-14T23:15:18+09:00 l1 control
23:15:18.290 === site=l1 mode=control db=t16_l1_c install=/home/vimkim/.cub/install/oos-instr-f4299ac0c/debug_gcc_nounit
CUBRID 11.5.0 (11.5.0.2648-f4299ac) (64bit debug build for Linux) (Sep 14 2026 22:56:52)
2b109c9d1f14cd36e917a749d7c98f1e86f587752314511fbe137217f13c1c5d  /home/vimkim/.cub/install/oos-instr-f4299ac0c/debug_gcc_nounit/lib/libcubrid.so
23:15:18.673 port 26671 already held by cub_master pid pid=3035402 (campaign master, reused)
23:15:20.662 createdb t16_l1_c rc=0 (2.0 s)
23:15:22.803 server start (1) rc=0 server_pid=3160002 master_pid=3035402 (2.1 s)
23:15:22.911 csql w rc=0 (0.10 s)
23:15:22.914 kill -9 own cub_server pid 3160002 (dirty OOS pages not flushed; redo needed at restart)
23:15:23.919 server pid 3160002 gone after 1 s
23:15:26.053 server start (2) rc=1 server_pid=3160333 master_pid=3035402 (2.1 s)
23:15:28.086 server survived the armed restart
23:15:30.167 server stop (2) rc=0; still listed: 0
23:15:32.316 server start (3) rc=0 server_pid=3161017 master_pid=3035402 (2.1 s)
23:15:32.361 csql v rc=0 (0.04 s)
23:15:34.439 server stop (3) rc=0; still listed: 0
23:15:34.449 acks: 0
23:15:34.459 === done site=l1 mode=control code=700011 fire_at=1 wall=16.2 s
##### rc=0
master pid 3035402 (port 26671) stopped
##### ALL DONE 2026-09-14T23:15:34+09:00
