[0mdirenv: loading ~/gh/cb/CBRD-27089-oos-deferred-write/.envrc
Preset Mode: debug_gcc
Install Dir: /home/vimkim/.cub/install/CBRD-27089-oos-deferred-write/debug_gcc
DB Dir: /home/vimkim/gh/cb/CBRD-27089-oos-deferred-write/.cub-workenv/databases
Build Dir: /home/vimkim/gh/cb/CBRD-27089-oos-deferred-write/build_preset_debug_gcc
[0mdirenv: loading ~/gh/cb/CBRD-27089-oos-deferred-write/.envrc
Preset Mode: debug_gcc
Install Dir: /home/vimkim/.cub/install/CBRD-27089-oos-deferred-write/debug_gcc
DB Dir: /home/vimkim/gh/cb/CBRD-27089-oos-deferred-write/.cub-workenv/databases
Build Dir: /home/vimkim/gh/cb/CBRD-27089-oos-deferred-write/build_preset_debug_gcc
[0mdirenv: loading ~/gh/cb/CBRD-27089-oos-deferred-write/.envrc
Preset Mode: debug_gcc
Install Dir: /home/vimkim/.cub/install/CBRD-27089-oos-deferred-write/debug_gcc
DB Dir: /home/vimkim/gh/cb/CBRD-27089-oos-deferred-write/.cub-workenv/databases
Build Dir: /home/vimkim/gh/cb/CBRD-27089-oos-deferred-write/build_preset_debug_gcc
Using JAVA_HOME JDK: /home/vimkim/.local/share/mise/installs/java/temurin-8.0.462+8
[0mdirenv: loading ~/gh/cb/CBRD-27089-oos-deferred-write/.envrc
Preset Mode: debug_gcc
Install Dir: /home/vimkim/.cub/install/CBRD-27089-oos-deferred-write/debug_gcc
DB Dir: /home/vimkim/gh/cb/CBRD-27089-oos-deferred-write/.cub-workenv/databases
Build Dir: /home/vimkim/gh/cb/CBRD-27089-oos-deferred-write/build_preset_debug_gcc
Logging build output to: /home/vimkim/gh/cb/CBRD-27089-oos-deferred-write/build_preset_debug_gcc/build.log
[0mdirenv: loading ~/gh/cb/CBRD-27089-oos-deferred-write/.envrc
Preset Mode: debug_gcc
Install Dir: /home/vimkim/.cub/install/CBRD-27089-oos-deferred-write/debug_gcc
DB Dir: /home/vimkim/gh/cb/CBRD-27089-oos-deferred-write/.cub-workenv/databases
Build Dir: /home/vimkim/gh/cb/CBRD-27089-oos-deferred-write/build_preset_debug_gcc
[0/2] Re-checking globbed directories...
[1/66] Running utility command for pl_install_jdk
[INFO] Install JDK 8
[2/66] Performing update step for 'catch2'
[3/66] No patch step for 'catch2'
[4/66] Performing configure step for 'catch2'
loading initial cache file /home/vimkim/gh/cb/CBRD-27089-oos-deferred-write/build_preset_debug_gcc/unit_tests/catch2-prefix/tmp/catch2-cache-Debug.cmake
-- Configuring done (0.0s)
-- Generating done (0.0s)
-- Build files have been written to: /home/vimkim/gh/cb/CBRD-27089-oos-deferred-write/build_preset_debug_gcc/unit_tests/catch2-prefix/src/catch2-build
[5/66] Performing build step for 'catch2'
ninja: no work to do.
[6/66] No install step for 'catch2'
[7/66] Completed 'catch2'
[8/66] Building CXX object sa/CMakeFiles/cubridsa.dir/__/src/storage/heap_oos.cpp.o
[9/66] Building CXX object cubrid/CMakeFiles/cubrid.dir/__/src/storage/heap_oos.cpp.o
[10/66] Building CXX object sa/CMakeFiles/cubridsa.dir/__/src/transaction/locator_sr.c.o
[11/66] Running utility command for jdbc_build
-- Found Git: /usr/bin/git (found version "2.47.3") 
[INFO] JDBC VERSION = 11.4.0.0077
Buildfile: /home/vimkim/gh/cb/CBRD-27089-oos-deferred-write/cubrid-jdbc/build.xml

clean:

src-jar-cubrid:
    [mkdir] Created dir: /home/vimkim/gh/cb/CBRD-27089-oos-deferred-write/cubrid-jdbc/output/bin-cubrid
    [mkdir] Created dir: /home/vimkim/gh/cb/CBRD-27089-oos-deferred-write/cubrid-jdbc/output/src-cubrid
     [copy] Copying 1 file to /home/vimkim/gh/cb/CBRD-27089-oos-deferred-write/cubrid-jdbc/output/src-cubrid
     [copy] Copying 97 files to /home/vimkim/gh/cb/CBRD-27089-oos-deferred-write/cubrid-jdbc/output/src-cubrid
      [jar] Building jar: /home/vimkim/gh/cb/CBRD-27089-oos-deferred-write/cubrid-jdbc/cubrid-jdbc-11.4.0.0077-sources.jar

compile-cubrid:
    [javac] Compiling 97 source files to /home/vimkim/gh/cb/CBRD-27089-oos-deferred-write/cubrid-jdbc/output/bin-cubrid

doc-jar-cubrid:
  [javadoc] Generating Javadoc
  [javadoc] Javadoc execution
  [javadoc] Loading source files for package cubrid.jdbc.driver...
  [javadoc] Loading source files for package cubrid.jdbc.jci...
  [javadoc] Loading source files for package cubrid.jdbc.net...
  [javadoc] Loading source files for package cubrid.jdbc.util...
  [javadoc] Loading source files for package cubrid.sql...
  [javadoc] Constructing Javadoc information...
  [javadoc] Standard Doclet version 1.8.0_462
  [javadoc] Building tree for all the packages and classes...
  [javadoc] Building index for all the packages and classes...
  [javadoc] Building index for all classes...
      [jar] Building jar: /home/vimkim/gh/cb/CBRD-27089-oos-deferred-write/cubrid-jdbc/cubrid-jdbc-11.4.0.0077-javadoc.jar

dist-cubrid:
      [jar] Building jar: /home/vimkim/gh/cb/CBRD-27089-oos-deferred-write/cubrid-jdbc/cubrid-jdbc-11.4.0.0077.jar

BUILD SUCCESSFUL
Total time: 4 seconds
[INFO] Generating cubrid_jdbc.jar finished
[12/66] Building CXX object unit_tests/oos/CMakeFiles/test_oos_eager_diagnostics.dir/test_oos_eager_diagnostics.cpp.o
[13/66] Building CXX object cubrid/CMakeFiles/cubrid.dir/__/src/loaddb/load_server_loader.cpp.o
[14/66] Building CXX object cubrid/CMakeFiles/cubrid.dir/__/src/transaction/locator_sr.c.o
[15/66] Running utility command for pl_build
[INFO] JDBC Driver built at cubrid-jdbc submodule
> Task :pl_server:generateGrammarSource UP-TO-DATE
> Task :pl_server:compileJava UP-TO-DATE
> Task :pl_server:processResources UP-TO-DATE
> Task :pl_server:classes UP-TO-DATE
> Task :pl_server:jar UP-TO-DATE
> Task :pl_server:startScripts UP-TO-DATE
> Task :pl_server:distTar UP-TO-DATE
> Task :pl_server:distZip UP-TO-DATE
> Task :pl_server:assemble UP-TO-DATE
> Task :pl_server:check
> Task :pl_server:build

BUILD SUCCESSFUL in 673ms
7 actionable tasks: 7 up-to-date
[16/66] Building CXX object unit_tests/oos/CMakeFiles/test_oos_vacuum_server.dir/test_oos_vacuum_server.cpp.o
[17/66] Building CXX object unit_tests/oos/CMakeFiles/test_oos_identity_stamp.dir/test_oos_identity_stamp.cpp.o
[18/66] Building CXX object unit_tests/oos/sql/CMakeFiles/test_oos_sql_show.dir/test_oos_sql_show.cpp.o
[19/66] Building CXX object sa/CMakeFiles/cubridsa.dir/__/src/storage/heap_file.c.o
[20/66] Building CXX object unit_tests/oos/CMakeFiles/test_oos_server.dir/test_oos_server.cpp.o
[21/66] Building CXX object cubrid/CMakeFiles/cubrid.dir/__/src/storage/heap_file.c.o
[22/66] Linking CXX shared library sa/libcubridsa.so.11.5
[23/66] Creating library symlink sa/libcubridsa.so
[24/66] Linking CXX executable bin/cubrid_rel
[25/66] Linking CXX executable bin/gen_timezone
[26/66] Linking CXX executable bin/cub_jobsa
[27/66] Linking CXX executable bin/cubrid
[28/66] Linking CXX executable bin/cub_sainfo
[29/66] Linking CXX executable bin/loadjava
[30/66] Linking CXX executable bin/cub_pl
[31/66] Linking CXX executable bin/test_oos_delete
[32/66] Linking CXX executable bin/test_oos_sql_update_delete
[33/66] Linking CXX executable bin/test_oos_tde_gate
[34/66] Linking CXX executable bin/test_oos_sql_boundary
[35/66] Linking CXX executable bin/test_oos_sql_bigone
[36/66] Linking CXX executable bin/test_oos_sql_storage
[37/66] Linking CXX executable bin/test_oos_sql_visible_version
[38/66] Linking CXX executable bin/test_oos_record_flags
[39/66] Linking CXX executable bin/test_byte_span_writer
[40/66] Linking CXX executable bin/test_oos_sql_ddl
[41/66] Linking CXX executable bin/test_oos_sql_crud
[42/66] Linking CXX executable bin/test_oos_sql_eager_cleanup
[43/66] Linking CXX executable bin/test_oos_sql_delete
[44/66] Linking CXX executable bin/test_oos
[45/66] Linking CXX executable bin/test_oos_sql_crash_recovery
[46/66] Linking CXX executable bin/test_oos_sql_txn
[47/66] Linking CXX executable bin/test_oos_eager_diagnostics
[48/66] Linking CXX executable bin/test_oos_no_logging
[49/66] Linking CXX executable bin/test_oos_identity_stamp
[50/66] Linking CXX executable bin/test_oos_bestspace
[51/66] Linking CXX executable bin/test_oos_growth_sweep
[52/66] Linking CXX executable bin/test_oos_sql_show
[53/66] Linking CXX executable bin/test_oos_remove_file
[54/66] Linking CXX shared library cubrid/libcubrid.so.11.5
[55/66] Creating library symlink cubrid/libcubrid.so
[56/66] Linking CXX executable bin/cub_server
[57/66] Linking CXX executable bin/unittests_lf
[58/66] Linking CXX executable bin/unittests_bit
[59/66] Linking CXX executable bin/unittests_area
[60/66] Linking CXX executable bin/unittests_snapshot
[61/66] Linking CXX executable bin/test_oos_remove_file_server
[62/66] Linking CXX executable bin/test_oos_vacuum_server
[63/66] Linking CXX executable bin/test_oos_delete_server
[64/66] Linking CXX executable bin/test_oos_mock_vacuum_server
[65/66] Linking CXX executable bin/test_oos_real_vacuum_server
[66/66] Linking CXX executable bin/test_oos_server
-- Install configuration: "Debug"
-- Up-to-date: /home/vimkim/.cub/install/CBRD-27089-oos-deferred-write/debug_gcc/jdbc
-- Installing: /home/vimkim/.cub/install/CBRD-27089-oos-deferred-write/debug_gcc/jdbc/cubrid-jdbc-11.4.0.0077-sources.jar
-- Installing: /home/vimkim/.cub/install/CBRD-27089-oos-deferred-write/debug_gcc/jdbc/cubrid-jdbc-11.4.0.0077-javadoc.jar
-- Installing: /home/vimkim/.cub/install/CBRD-27089-oos-deferred-write/debug_gcc/jdbc/cubrid-jdbc-11.4.0.0077.jar
-- Up-to-date: /home/vimkim/.cub/install/CBRD-27089-oos-deferred-write/debug_gcc/jdbc/cubrid_jdbc.jar
-- Up-to-date: /home/vimkim/.cub/install/CBRD-27089-oos-deferred-write/debug_gcc/vm/pl_server.jar
-- Up-to-date: /home/vimkim/.cub/install/CBRD-27089-oos-deferred-write/debug_gcc/vm/logging.properties
-- Installing: /home/vimkim/.cub/install/CBRD-27089-oos-deferred-write/debug_gcc/lib/libcubridsa.so.11.5
-- Set runtime path of "/home/vimkim/.cub/install/CBRD-27089-oos-deferred-write/debug_gcc/lib/libcubridsa.so.11.5" to "/home/vimkim/.cub/install/CBRD-27089-oos-deferred-write/debug_gcc/lib"
-- Up-to-date: /home/vimkim/.cub/install/CBRD-27089-oos-deferred-write/debug_gcc/lib/libcubridsa.so
-- Up-to-date: /home/vimkim/.cub/install/CBRD-27089-oos-deferred-write/debug_gcc/lib/libcubridcs.so.11.5
-- Up-to-date: /home/vimkim/.cub/install/CBRD-27089-oos-deferred-write/debug_gcc/lib/libcubridcs.so
-- Installing: /home/vimkim/.cub/install/CBRD-27089-oos-deferred-write/debug_gcc/lib/libcubrid.so.11.5
-- Set runtime path of "/home/vimkim/.cub/install/CBRD-27089-oos-deferred-write/debug_gcc/lib/libcubrid.so.11.5" to "/home/vimkim/.cub/install/CBRD-27089-oos-deferred-write/debug_gcc/lib"
-- Up-to-date: /home/vimkim/.cub/install/CBRD-27089-oos-deferred-write/debug_gcc/lib/libcubrid.so
-- Up-to-date: /home/vimkim/.cub/install/CBRD-27089-oos-deferred-write/debug_gcc/include/dbi.h
-- Up-to-date: /home/vimkim/.cub/install/CBRD-27089-oos-deferred-write/debug_gcc/include/dbtran_def.h
-- Up-to-date: /home/vimkim/.cub/install/CBRD-27089-oos-deferred-write/debug_gcc/include/dbtype_def.h
-- Up-to-date: /home/vimkim/.cub/install/CBRD-27089-oos-deferred-write/debug_gcc/include/db_set_function.h
-- Up-to-date: /home/vimkim/.cub/install/CBRD-27089-oos-deferred-write/debug_gcc/include/dbtype_function.h
-- Up-to-date: /home/vimkim/.cub/install/CBRD-27089-oos-deferred-write/debug_gcc/include/db_date.h
-- Up-to-date: /home/vimkim/.cub/install/CBRD-27089-oos-deferred-write/debug_gcc/include/db_elo.h
-- Up-to-date: /home/vimkim/.cub/install/CBRD-27089-oos-deferred-write/debug_gcc/include/cache_time.h
-- Up-to-date: /home/vimkim/.cub/install/CBRD-27089-oos-deferred-write/debug_gcc/include/error_code.h
-- Up-to-date: /home/vimkim/.cub/install/CBRD-27089-oos-deferred-write/debug_gcc/include/cubrid_log.h
-- Up-to-date: /home/vimkim/.cub/install/CBRD-27089-oos-deferred-write/debug_gcc/include/cm_stat.h
-- Up-to-date: /home/vimkim/.cub/install/CBRD-27089-oos-deferred-write/debug_gcc/bin/csql
-- Up-to-date: /home/vimkim/.cub/install/CBRD-27089-oos-deferred-write/debug_gcc/bin/cub_master
-- Installing: /home/vimkim/.cub/install/CBRD-27089-oos-deferred-write/debug_gcc/bin/cub_server
-- Set runtime path of "/home/vimkim/.cub/install/CBRD-27089-oos-deferred-write/debug_gcc/bin/cub_server" to "/home/vimkim/.cub/install/CBRD-27089-oos-deferred-write/debug_gcc/lib"
-- Installing: /home/vimkim/.cub/install/CBRD-27089-oos-deferred-write/debug_gcc/bin/cubrid
-- Set runtime path of "/home/vimkim/.cub/install/CBRD-27089-oos-deferred-write/debug_gcc/bin/cubrid" to "/home/vimkim/.cub/install/CBRD-27089-oos-deferred-write/debug_gcc/lib"
-- Up-to-date: /home/vimkim/.cub/install/CBRD-27089-oos-deferred-write/debug_gcc/bin/cub_commdb
-- Installing: /home/vimkim/.cub/install/CBRD-27089-oos-deferred-write/debug_gcc/bin/cubrid_rel
-- Set runtime path of "/home/vimkim/.cub/install/CBRD-27089-oos-deferred-write/debug_gcc/bin/cubrid_rel" to "/home/vimkim/.cub/install/CBRD-27089-oos-deferred-write/debug_gcc/lib"
-- Installing: /home/vimkim/.cub/install/CBRD-27089-oos-deferred-write/debug_gcc/bin/loadjava
-- Set runtime path of "/home/vimkim/.cub/install/CBRD-27089-oos-deferred-write/debug_gcc/bin/loadjava" to "/home/vimkim/.cub/install/CBRD-27089-oos-deferred-write/debug_gcc/lib"
-- Installing: /home/vimkim/.cub/install/CBRD-27089-oos-deferred-write/debug_gcc/bin/cub_pl
-- Set runtime path of "/home/vimkim/.cub/install/CBRD-27089-oos-deferred-write/debug_gcc/bin/cub_pl" to "/home/vimkim/.cub/install/CBRD-27089-oos-deferred-write/debug_gcc/lib"
-- Up-to-date: /home/vimkim/.cub/install/CBRD-27089-oos-deferred-write/debug_gcc/bin/cub_admin
-- Up-to-date: /home/vimkim/.cub/install/CBRD-27089-oos-deferred-write/debug_gcc/cci/lib/libcascci.so.11.3
-- Up-to-date: /home/vimkim/.cub/install/CBRD-27089-oos-deferred-write/debug_gcc/cci/lib/libcascci.so
-- Up-to-date: /home/vimkim/.cub/install/CBRD-27089-oos-deferred-write/debug_gcc/cci/include/cas_cci.h
-- Up-to-date: /home/vimkim/.cub/install/CBRD-27089-oos-deferred-write/debug_gcc/cci/include/compat_dbtran_def.h
-- Up-to-date: /home/vimkim/.cub/install/CBRD-27089-oos-deferred-write/debug_gcc/cci/include/broker_cas_error.h
-- Up-to-date: /home/vimkim/.cub/install/CBRD-27089-oos-deferred-write/debug_gcc/include/cas_cci.h
-- Up-to-date: /home/vimkim/.cub/install/CBRD-27089-oos-deferred-write/debug_gcc/include/broker_cas_error.h
-- Up-to-date: /home/vimkim/.cub/install/CBRD-27089-oos-deferred-write/debug_gcc/include/compat_dbtran_def.h
-- Up-to-date: /home/vimkim/.cub/install/CBRD-27089-oos-deferred-write/debug_gcc/lib/libcascci.so
-- Up-to-date: /home/vimkim/.cub/install/CBRD-27089-oos-deferred-write/debug_gcc/lib/libcascci.so.11.3
-- Up-to-date: /home/vimkim/.cub/install/CBRD-27089-oos-deferred-write/debug_gcc/bin/cci_applier
-- Up-to-date: /home/vimkim/.cub/install/CBRD-27089-oos-deferred-write/debug_gcc/bin/broker_log_converter
-- Up-to-date: /home/vimkim/.cub/install/CBRD-27089-oos-deferred-write/debug_gcc/bin/broker_log_runner
-- Up-to-date: /home/vimkim/.cub/install/CBRD-27089-oos-deferred-write/debug_gcc/bin/broker_tester
-- Up-to-date: /home/vimkim/.cub/install/CBRD-27089-oos-deferred-write/debug_gcc/bin/cubrid_replay
-- Up-to-date: /home/vimkim/.cub/install/CBRD-27089-oos-deferred-write/debug_gcc/bin/cub_broker
-- Up-to-date: /home/vimkim/.cub/install/CBRD-27089-oos-deferred-write/debug_gcc/bin/cub_gateway
-- Up-to-date: /home/vimkim/.cub/install/CBRD-27089-oos-deferred-write/debug_gcc/bin/broker_monitor
-- Up-to-date: /home/vimkim/.cub/install/CBRD-27089-oos-deferred-write/debug_gcc/bin/gateway_monitor
-- Up-to-date: /home/vimkim/.cub/install/CBRD-27089-oos-deferred-write/debug_gcc/bin/broker_changer
-- Up-to-date: /home/vimkim/.cub/install/CBRD-27089-oos-deferred-write/debug_gcc/bin/cubrid_broker
-- Up-to-date: /home/vimkim/.cub/install/CBRD-27089-oos-deferred-write/debug_gcc/bin/cubrid_gateway
-- Up-to-date: /home/vimkim/.cub/install/CBRD-27089-oos-deferred-write/debug_gcc/bin/cub_cas
-- Up-to-date: /home/vimkim/.cub/install/CBRD-27089-oos-deferred-write/debug_gcc/bin/cub_cas_cgw
-- Up-to-date: /home/vimkim/.cub/install/CBRD-27089-oos-deferred-write/debug_gcc/bin/cub_proxy
-- Up-to-date: /home/vimkim/.cub/install/CBRD-27089-oos-deferred-write/debug_gcc/include/shard_key.h
-- Up-to-date: /home/vimkim/.cub/install/CBRD-27089-oos-deferred-write/debug_gcc/bin/broker_log_top
-- Up-to-date: /home/vimkim/.cub/install/CBRD-27089-oos-deferred-write/debug_gcc/lib/libbrokeradmin.so.11.5
-- Up-to-date: /home/vimkim/.cub/install/CBRD-27089-oos-deferred-write/debug_gcc/lib/libbrokeradmin.so
-- Up-to-date: /home/vimkim/.cub/install/CBRD-27089-oos-deferred-write/debug_gcc/lib/libcmstat.so.11.5
-- Up-to-date: /home/vimkim/.cub/install/CBRD-27089-oos-deferred-write/debug_gcc/lib/libcmstat.so
-- Up-to-date: /home/vimkim/.cub/install/CBRD-27089-oos-deferred-write/debug_gcc/lib/libcmdep.so.11.5
-- Up-to-date: /home/vimkim/.cub/install/CBRD-27089-oos-deferred-write/debug_gcc/lib/libcmdep.so
-- Installing: /home/vimkim/.cub/install/CBRD-27089-oos-deferred-write/debug_gcc/bin/cub_jobsa
-- Set runtime path of "/home/vimkim/.cub/install/CBRD-27089-oos-deferred-write/debug_gcc/bin/cub_jobsa" to "/home/vimkim/.cub/install/CBRD-27089-oos-deferred-write/debug_gcc/lib"
-- Installing: /home/vimkim/.cub/install/CBRD-27089-oos-deferred-write/debug_gcc/bin/cub_sainfo
-- Set runtime path of "/home/vimkim/.cub/install/CBRD-27089-oos-deferred-write/debug_gcc/bin/cub_sainfo" to "/home/vimkim/.cub/install/CBRD-27089-oos-deferred-write/debug_gcc/lib"
-- Up-to-date: /home/vimkim/.cub/install/CBRD-27089-oos-deferred-write/debug_gcc/conf/cubrid.conf
-- Up-to-date: /home/vimkim/.cub/install/CBRD-27089-oos-deferred-write/debug_gcc/conf/cubrid.conf.large
-- Up-to-date: /home/vimkim/.cub/install/CBRD-27089-oos-deferred-write/debug_gcc/conf/cubrid.conf.small
-- Up-to-date: /home/vimkim/.cub/install/CBRD-27089-oos-deferred-write/debug_gcc/conf/cubrid_broker.conf
-- Up-to-date: /home/vimkim/.cub/install/CBRD-27089-oos-deferred-write/debug_gcc/conf/cubrid_broker.conf.shard
-- Up-to-date: /home/vimkim/.cub/install/CBRD-27089-oos-deferred-write/debug_gcc/conf/cubrid_gateway.conf
-- Up-to-date: /home/vimkim/.cub/install/CBRD-27089-oos-deferred-write/debug_gcc/conf/cubrid_ha.conf
-- Up-to-date: /home/vimkim/.cub/install/CBRD-27089-oos-deferred-write/debug_gcc/conf/cubrid_hosts.conf
-- Up-to-date: /home/vimkim/.cub/install/CBRD-27089-oos-deferred-write/debug_gcc/conf/shard_connection.txt
-- Up-to-date: /home/vimkim/.cub/install/CBRD-27089-oos-deferred-write/debug_gcc/conf/shard_key.txt
-- Up-to-date: /home/vimkim/.cub/install/CBRD-27089-oos-deferred-write/debug_gcc/conf/cubrid_locales.all.txt
-- Up-to-date: /home/vimkim/.cub/install/CBRD-27089-oos-deferred-write/debug_gcc/conf/cubrid_locales.txt
-- Up-to-date: /home/vimkim/.cub/install/CBRD-27089-oos-deferred-write/debug_gcc/conf/cas_ssl_cert.crt
-- Up-to-date: /home/vimkim/.cub/install/CBRD-27089-oos-deferred-write/debug_gcc/conf/cas_ssl_cert.key
-- Up-to-date: /home/vimkim/.cub/install/CBRD-27089-oos-deferred-write/debug_gcc/msg/en_US.utf8
-- Up-to-date: /home/vimkim/.cub/install/CBRD-27089-oos-deferred-write/debug_gcc/msg/en_US.utf8/csql.msg
-- Up-to-date: /home/vimkim/.cub/install/CBRD-27089-oos-deferred-write/debug_gcc/msg/en_US.utf8/cubrid.msg
-- Up-to-date: /home/vimkim/.cub/install/CBRD-27089-oos-deferred-write/debug_gcc/msg/en_US.utf8/utils.msg
-- Up-to-date: /home/vimkim/.cub/install/CBRD-27089-oos-deferred-write/debug_gcc/msg/en_US.utf8
-- Up-to-date: /home/vimkim/.cub/install/CBRD-27089-oos-deferred-write/debug_gcc/msg/en_US.utf8/csql.cat
-- Up-to-date: /home/vimkim/.cub/install/CBRD-27089-oos-deferred-write/debug_gcc/msg/en_US.utf8/utils.cat
-- Up-to-date: /home/vimkim/.cub/install/CBRD-27089-oos-deferred-write/debug_gcc/msg/en_US.utf8/cubrid.cat
-- Up-to-date: /home/vimkim/.cub/install/CBRD-27089-oos-deferred-write/debug_gcc/msg/en_US
-- Up-to-date: /home/vimkim/.cub/install/CBRD-27089-oos-deferred-write/debug_gcc/msg/en_US/cubrid.msg
-- Up-to-date: /home/vimkim/.cub/install/CBRD-27089-oos-deferred-write/debug_gcc/msg/en_US/utils.msg
-- Up-to-date: /home/vimkim/.cub/install/CBRD-27089-oos-deferred-write/debug_gcc/msg/en_US/csql.msg
-- Up-to-date: /home/vimkim/.cub/install/CBRD-27089-oos-deferred-write/debug_gcc/msg/en_US
-- Up-to-date: /home/vimkim/.cub/install/CBRD-27089-oos-deferred-write/debug_gcc/msg/en_US/csql.cat
-- Up-to-date: /home/vimkim/.cub/install/CBRD-27089-oos-deferred-write/debug_gcc/msg/en_US/cubrid.cat
-- Up-to-date: /home/vimkim/.cub/install/CBRD-27089-oos-deferred-write/debug_gcc/msg/en_US/utils.cat
-- Up-to-date: /home/vimkim/.cub/install/CBRD-27089-oos-deferred-write/debug_gcc/msg/ko_KR.utf8
-- Up-to-date: /home/vimkim/.cub/install/CBRD-27089-oos-deferred-write/debug_gcc/msg/ko_KR.utf8/csql.msg
-- Up-to-date: /home/vimkim/.cub/install/CBRD-27089-oos-deferred-write/debug_gcc/msg/ko_KR.utf8/cubrid.msg
-- Up-to-date: /home/vimkim/.cub/install/CBRD-27089-oos-deferred-write/debug_gcc/msg/ko_KR.utf8/utils.msg
-- Up-to-date: /home/vimkim/.cub/install/CBRD-27089-oos-deferred-write/debug_gcc/msg/ko_KR.utf8
-- Up-to-date: /home/vimkim/.cub/install/CBRD-27089-oos-deferred-write/debug_gcc/msg/ko_KR.utf8/csql.cat
-- Up-to-date: /home/vimkim/.cub/install/CBRD-27089-oos-deferred-write/debug_gcc/msg/ko_KR.utf8/cubrid.cat
-- Up-to-date: /home/vimkim/.cub/install/CBRD-27089-oos-deferred-write/debug_gcc/msg/ko_KR.utf8/utils.cat
-- Up-to-date: /home/vimkim/.cub/install/CBRD-27089-oos-deferred-write/debug_gcc/msg/ko_KR.euckr
-- Up-to-date: /home/vimkim/.cub/install/CBRD-27089-oos-deferred-write/debug_gcc/msg/ko_KR.euckr/cubrid.msg
-- Up-to-date: /home/vimkim/.cub/install/CBRD-27089-oos-deferred-write/debug_gcc/msg/ko_KR.euckr/csql.msg
-- Up-to-date: /home/vimkim/.cub/install/CBRD-27089-oos-deferred-write/debug_gcc/msg/ko_KR.euckr/utils.msg
-- Up-to-date: /home/vimkim/.cub/install/CBRD-27089-oos-deferred-write/debug_gcc/msg/ko_KR.euckr
-- Up-to-date: /home/vimkim/.cub/install/CBRD-27089-oos-deferred-write/debug_gcc/msg/ko_KR.euckr/csql.cat
-- Up-to-date: /home/vimkim/.cub/install/CBRD-27089-oos-deferred-write/debug_gcc/msg/ko_KR.euckr/utils.cat
-- Up-to-date: /home/vimkim/.cub/install/CBRD-27089-oos-deferred-write/debug_gcc/msg/ko_KR.euckr/cubrid.cat
-- Up-to-date: /home/vimkim/.cub/install/CBRD-27089-oos-deferred-write/debug_gcc/demo/demodb_objects
-- Up-to-date: /home/vimkim/.cub/install/CBRD-27089-oos-deferred-write/debug_gcc/demo/demodb_schema
-- Up-to-date: /home/vimkim/.cub/install/CBRD-27089-oos-deferred-write/debug_gcc/demo/make_cubrid_demo.sh
-- Up-to-date: /home/vimkim/.cub/install/CBRD-27089-oos-deferred-write/debug_gcc/share/init.d/cubrid-ha
-- Up-to-date: /home/vimkim/.cub/install/CBRD-27089-oos-deferred-write/debug_gcc/share/init.d/cubrid
-- Up-to-date: /home/vimkim/.cub/install/CBRD-27089-oos-deferred-write/debug_gcc/share/scripts/check_reserved.sql
-- Up-to-date: /home/vimkim/.cub/install/CBRD-27089-oos-deferred-write/debug_gcc/share/scripts/broker_log_top.py
-- Up-to-date: /home/vimkim/.cub/install/CBRD-27089-oos-deferred-write/debug_gcc/share/scripts/brokerstatus_to_csv.py
-- Up-to-date: /home/vimkim/.cub/install/CBRD-27089-oos-deferred-write/debug_gcc/share/scripts/statdump_to_csv.py
-- Up-to-date: /home/vimkim/.cub/install/CBRD-27089-oos-deferred-write/debug_gcc/share/scripts/ha/ha_make_slavedb.sh
-- Up-to-date: /home/vimkim/.cub/install/CBRD-27089-oos-deferred-write/debug_gcc/share/scripts/ha/VERSION
-- Up-to-date: /home/vimkim/.cub/install/CBRD-27089-oos-deferred-write/debug_gcc/share/scripts/ha/README
-- Up-to-date: /home/vimkim/.cub/install/CBRD-27089-oos-deferred-write/debug_gcc/share/scripts/ha/functions/ha_check_environment.sh
-- Up-to-date: /home/vimkim/.cub/install/CBRD-27089-oos-deferred-write/debug_gcc/share/scripts/ha/functions/ha_check_script.sh
-- Up-to-date: /home/vimkim/.cub/install/CBRD-27089-oos-deferred-write/debug_gcc/share/scripts/ha/expect/scp_from.exp
-- Up-to-date: /home/vimkim/.cub/install/CBRD-27089-oos-deferred-write/debug_gcc/share/scripts/ha/expect/scp_to.exp
-- Up-to-date: /home/vimkim/.cub/install/CBRD-27089-oos-deferred-write/debug_gcc/share/scripts/ha/expect/ssh.exp
-- Up-to-date: /home/vimkim/.cub/install/CBRD-27089-oos-deferred-write/debug_gcc/share/scripts/ha/common/common.sh
-- Up-to-date: /home/vimkim/.cub/install/CBRD-27089-oos-deferred-write/debug_gcc/share/systemtap/tapset/cubrid_func.stp
-- Up-to-date: /home/vimkim/.cub/install/CBRD-27089-oos-deferred-write/debug_gcc/share/systemtap/tapset/scripts/buffer_access.stp
-- Up-to-date: /home/vimkim/.cub/install/CBRD-27089-oos-deferred-write/debug_gcc/share/systemtap/tapset/scripts/global_time.stp
-- Up-to-date: /home/vimkim/.cub/install/CBRD-27089-oos-deferred-write/debug_gcc/share/systemtap/tapset/scripts/io_stat.stp
-- Up-to-date: /home/vimkim/.cub/install/CBRD-27089-oos-deferred-write/debug_gcc/share/systemtap/tapset/scripts/lock_time.stp
-- Up-to-date: /home/vimkim/.cub/install/CBRD-27089-oos-deferred-write/debug_gcc/share/systemtap/tapset/scripts/obj_access.stp
-- Up-to-date: /home/vimkim/.cub/install/CBRD-27089-oos-deferred-write/debug_gcc/share/systemtap/tapset/scripts/query_time.stp
-- Up-to-date: /home/vimkim/.cub/install/CBRD-27089-oos-deferred-write/debug_gcc/share/systemtap/tapset/scripts/transaction.stp
-- Up-to-date: /home/vimkim/.cub/install/CBRD-27089-oos-deferred-write/debug_gcc/share/systemtap/tapset/scripts/topcallstack_helper.stp
-- Up-to-date: /home/vimkim/.cub/install/CBRD-27089-oos-deferred-write/debug_gcc/share/systemtap/tapset/scripts/get_file_line.sh
-- Up-to-date: /home/vimkim/.cub/install/CBRD-27089-oos-deferred-write/debug_gcc/share/systemtap/tapset/scripts/topcallstack
-- Up-to-date: /home/vimkim/.cub/install/CBRD-27089-oos-deferred-write/debug_gcc/share/scripts/setup.sh
-- Up-to-date: /home/vimkim/.cub/install/CBRD-27089-oos-deferred-write/debug_gcc/share/scripts/cubrid.sh
-- Up-to-date: /home/vimkim/.cub/install/CBRD-27089-oos-deferred-write/debug_gcc/share/scripts/cubrid.csh
-- Up-to-date: /home/vimkim/.cub/install/CBRD-27089-oos-deferred-write/debug_gcc/share/scripts/unloaddb.sh
-- Up-to-date: /home/vimkim/.cub/install/CBRD-27089-oos-deferred-write/debug_gcc/share/scripts/restore_to_newdb.sh
-- Up-to-date: /home/vimkim/.cub/install/CBRD-27089-oos-deferred-write/debug_gcc/share/scripts/check_index_ovfps.sh
-- Up-to-date: /home/vimkim/.cub/install/CBRD-27089-oos-deferred-write/debug_gcc/bin/make_locale.sh
-- Up-to-date: /home/vimkim/.cub/install/CBRD-27089-oos-deferred-write/debug_gcc/locales/loclib/build_locale.sh
-- Up-to-date: /home/vimkim/.cub/install/CBRD-27089-oos-deferred-write/debug_gcc/locales/data
-- Up-to-date: /home/vimkim/.cub/install/CBRD-27089-oos-deferred-write/debug_gcc/locales/data/codepages
-- Up-to-date: /home/vimkim/.cub/install/CBRD-27089-oos-deferred-write/debug_gcc/locales/data/codepages/8859-1.TXT
-- Up-to-date: /home/vimkim/.cub/install/CBRD-27089-oos-deferred-write/debug_gcc/locales/data/codepages/8859-15.TXT
-- Up-to-date: /home/vimkim/.cub/install/CBRD-27089-oos-deferred-write/debug_gcc/locales/data/codepages/8859-9.TXT
-- Up-to-date: /home/vimkim/.cub/install/CBRD-27089-oos-deferred-write/debug_gcc/locales/data/codepages/CP1250.TXT
-- Up-to-date: /home/vimkim/.cub/install/CBRD-27089-oos-deferred-write/debug_gcc/locales/data/codepages/CP1258.TXT
-- Up-to-date: /home/vimkim/.cub/install/CBRD-27089-oos-deferred-write/debug_gcc/locales/data/codepages/CP932.TXT
-- Up-to-date: /home/vimkim/.cub/install/CBRD-27089-oos-deferred-write/debug_gcc/locales/data/codepages/CP936.TXT
-- Up-to-date: /home/vimkim/.cub/install/CBRD-27089-oos-deferred-write/debug_gcc/locales/data/codepages/CP949.TXT
-- Up-to-date: /home/vimkim/.cub/install/CBRD-27089-oos-deferred-write/debug_gcc/locales/data/ducet.txt
-- Up-to-date: /home/vimkim/.cub/install/CBRD-27089-oos-deferred-write/debug_gcc/locales/data/ldml
-- Up-to-date: /home/vimkim/.cub/install/CBRD-27089-oos-deferred-write/debug_gcc/locales/data/ldml/common_collations.xml
-- Up-to-date: /home/vimkim/.cub/install/CBRD-27089-oos-deferred-write/debug_gcc/locales/data/ldml/cubrid_de_DE.xml
-- Up-to-date: /home/vimkim/.cub/install/CBRD-27089-oos-deferred-write/debug_gcc/locales/data/ldml/cubrid_es_ES.xml
-- Up-to-date: /home/vimkim/.cub/install/CBRD-27089-oos-deferred-write/debug_gcc/locales/data/ldml/cubrid_fr_FR.xml
-- Up-to-date: /home/vimkim/.cub/install/CBRD-27089-oos-deferred-write/debug_gcc/locales/data/ldml/cubrid_it_IT.xml
-- Up-to-date: /home/vimkim/.cub/install/CBRD-27089-oos-deferred-write/debug_gcc/locales/data/ldml/cubrid_ja_JP.xml
-- Up-to-date: /home/vimkim/.cub/install/CBRD-27089-oos-deferred-write/debug_gcc/locales/data/ldml/cubrid_km_KH.xml
-- Up-to-date: /home/vimkim/.cub/install/CBRD-27089-oos-deferred-write/debug_gcc/locales/data/ldml/cubrid_ko_KR.xml
-- Up-to-date: /home/vimkim/.cub/install/CBRD-27089-oos-deferred-write/debug_gcc/locales/data/ldml/cubrid_ro_RO.xml
-- Up-to-date: /home/vimkim/.cub/install/CBRD-27089-oos-deferred-write/debug_gcc/locales/data/ldml/cubrid_tr_TR.xml
-- Up-to-date: /home/vimkim/.cub/install/CBRD-27089-oos-deferred-write/debug_gcc/locales/data/ldml/cubrid_vi_VN.xml
-- Up-to-date: /home/vimkim/.cub/install/CBRD-27089-oos-deferred-write/debug_gcc/locales/data/ldml/cubrid_zh_CN.xml
-- Up-to-date: /home/vimkim/.cub/install/CBRD-27089-oos-deferred-write/debug_gcc/locales/data/unicodedata.txt
-- Up-to-date: /home/vimkim/.cub/install/CBRD-27089-oos-deferred-write/debug_gcc/locales/loclib/locale_lib_common.h
-- Up-to-date: /home/vimkim/.cub/install/CBRD-27089-oos-deferred-write/debug_gcc/lib/libcubrid_timezones.so.11.5
-- Up-to-date: /home/vimkim/.cub/install/CBRD-27089-oos-deferred-write/debug_gcc/lib/libcubrid_timezones.so
-- Up-to-date: /home/vimkim/.cub/install/CBRD-27089-oos-deferred-write/debug_gcc/bin/make_tz.sh
-- Up-to-date: /home/vimkim/.cub/install/CBRD-27089-oos-deferred-write/debug_gcc/timezones/tzlib/build_tz.sh
-- Up-to-date: /home/vimkim/.cub/install/CBRD-27089-oos-deferred-write/debug_gcc/timezones/tzdata
-- Up-to-date: /home/vimkim/.cub/install/CBRD-27089-oos-deferred-write/debug_gcc/timezones/tzdata/africa
-- Up-to-date: /home/vimkim/.cub/install/CBRD-27089-oos-deferred-write/debug_gcc/timezones/tzdata/antarctica
-- Up-to-date: /home/vimkim/.cub/install/CBRD-27089-oos-deferred-write/debug_gcc/timezones/tzdata/asia
-- Up-to-date: /home/vimkim/.cub/install/CBRD-27089-oos-deferred-write/debug_gcc/timezones/tzdata/australasia
-- Up-to-date: /home/vimkim/.cub/install/CBRD-27089-oos-deferred-write/debug_gcc/timezones/tzdata/backward
-- Up-to-date: /home/vimkim/.cub/install/CBRD-27089-oos-deferred-write/debug_gcc/timezones/tzdata/etcetera
-- Up-to-date: /home/vimkim/.cub/install/CBRD-27089-oos-deferred-write/debug_gcc/timezones/tzdata/europe
-- Up-to-date: /home/vimkim/.cub/install/CBRD-27089-oos-deferred-write/debug_gcc/timezones/tzdata/iso3166.tab
-- Up-to-date: /home/vimkim/.cub/install/CBRD-27089-oos-deferred-write/debug_gcc/timezones/tzdata/leapseconds
-- Up-to-date: /home/vimkim/.cub/install/CBRD-27089-oos-deferred-write/debug_gcc/timezones/tzdata/northamerica
-- Up-to-date: /home/vimkim/.cub/install/CBRD-27089-oos-deferred-write/debug_gcc/timezones/tzdata/pacificnew
-- Up-to-date: /home/vimkim/.cub/install/CBRD-27089-oos-deferred-write/debug_gcc/timezones/tzdata/southamerica
-- Up-to-date: /home/vimkim/.cub/install/CBRD-27089-oos-deferred-write/debug_gcc/timezones/tzdata/windowsZones.xml
-- Up-to-date: /home/vimkim/.cub/install/CBRD-27089-oos-deferred-write/debug_gcc/timezones/tzdata/zone.tab
-- Up-to-date: /home/vimkim/.cub/install/CBRD-27089-oos-deferred-write/debug_gcc/timezones/tzlib/timezone_lib_common.h
-- Up-to-date: /home/vimkim/.cub/install/CBRD-27089-oos-deferred-write/debug_gcc/include
-- Up-to-date: /home/vimkim/.cub/install/CBRD-27089-oos-deferred-write/debug_gcc/include/gmock
-- Up-to-date: /home/vimkim/.cub/install/CBRD-27089-oos-deferred-write/debug_gcc/include/gmock/gmock-actions.h
-- Up-to-date: /home/vimkim/.cub/install/CBRD-27089-oos-deferred-write/debug_gcc/include/gmock/gmock-cardinalities.h
-- Up-to-date: /home/vimkim/.cub/install/CBRD-27089-oos-deferred-write/debug_gcc/include/gmock/gmock-function-mocker.h
-- Up-to-date: /home/vimkim/.cub/install/CBRD-27089-oos-deferred-write/debug_gcc/include/gmock/gmock-matchers.h
-- Up-to-date: /home/vimkim/.cub/install/CBRD-27089-oos-deferred-write/debug_gcc/include/gmock/gmock-more-actions.h
-- Up-to-date: /home/vimkim/.cub/install/CBRD-27089-oos-deferred-write/debug_gcc/include/gmock/gmock-more-matchers.h
-- Up-to-date: /home/vimkim/.cub/install/CBRD-27089-oos-deferred-write/debug_gcc/include/gmock/gmock-nice-strict.h
-- Up-to-date: /home/vimkim/.cub/install/CBRD-27089-oos-deferred-write/debug_gcc/include/gmock/gmock-spec-builders.h
-- Up-to-date: /home/vimkim/.cub/install/CBRD-27089-oos-deferred-write/debug_gcc/include/gmock/gmock.h
-- Up-to-date: /home/vimkim/.cub/install/CBRD-27089-oos-deferred-write/debug_gcc/include/gmock/internal
-- Up-to-date: /home/vimkim/.cub/install/CBRD-27089-oos-deferred-write/debug_gcc/include/gmock/internal/custom
-- Up-to-date: /home/vimkim/.cub/install/CBRD-27089-oos-deferred-write/debug_gcc/include/gmock/internal/custom/README.md
-- Up-to-date: /home/vimkim/.cub/install/CBRD-27089-oos-deferred-write/debug_gcc/include/gmock/internal/custom/gmock-generated-actions.h
-- Up-to-date: /home/vimkim/.cub/install/CBRD-27089-oos-deferred-write/debug_gcc/include/gmock/internal/custom/gmock-matchers.h
-- Up-to-date: /home/vimkim/.cub/install/CBRD-27089-oos-deferred-write/debug_gcc/include/gmock/internal/custom/gmock-port.h
-- Up-to-date: /home/vimkim/.cub/install/CBRD-27089-oos-deferred-write/debug_gcc/include/gmock/internal/gmock-internal-utils.h
-- Up-to-date: /home/vimkim/.cub/install/CBRD-27089-oos-deferred-write/debug_gcc/include/gmock/internal/gmock-port.h
-- Up-to-date: /home/vimkim/.cub/install/CBRD-27089-oos-deferred-write/debug_gcc/include/gmock/internal/gmock-pp.h
-- Up-to-date: /home/vimkim/.cub/install/CBRD-27089-oos-deferred-write/debug_gcc/lib64/libgmock.a
-- Up-to-date: /home/vimkim/.cub/install/CBRD-27089-oos-deferred-write/debug_gcc/lib64/libgmock_main.a
-- Up-to-date: /home/vimkim/.cub/install/CBRD-27089-oos-deferred-write/debug_gcc/lib64/pkgconfig/gmock.pc
-- Up-to-date: /home/vimkim/.cub/install/CBRD-27089-oos-deferred-write/debug_gcc/lib64/pkgconfig/gmock_main.pc
-- Up-to-date: /home/vimkim/.cub/install/CBRD-27089-oos-deferred-write/debug_gcc/lib64/cmake/GTest/GTestTargets.cmake
-- Up-to-date: /home/vimkim/.cub/install/CBRD-27089-oos-deferred-write/debug_gcc/lib64/cmake/GTest/GTestTargets-debug.cmake
-- Up-to-date: /home/vimkim/.cub/install/CBRD-27089-oos-deferred-write/debug_gcc/lib64/cmake/GTest/GTestConfigVersion.cmake
-- Up-to-date: /home/vimkim/.cub/install/CBRD-27089-oos-deferred-write/debug_gcc/lib64/cmake/GTest/GTestConfig.cmake
-- Up-to-date: /home/vimkim/.cub/install/CBRD-27089-oos-deferred-write/debug_gcc/include
-- Up-to-date: /home/vimkim/.cub/install/CBRD-27089-oos-deferred-write/debug_gcc/include/gtest
-- Up-to-date: /home/vimkim/.cub/install/CBRD-27089-oos-deferred-write/debug_gcc/include/gtest/gtest-assertion-result.h
-- Up-to-date: /home/vimkim/.cub/install/CBRD-27089-oos-deferred-write/debug_gcc/include/gtest/gtest-death-test.h
-- Up-to-date: /home/vimkim/.cub/install/CBRD-27089-oos-deferred-write/debug_gcc/include/gtest/gtest-matchers.h
-- Up-to-date: /home/vimkim/.cub/install/CBRD-27089-oos-deferred-write/debug_gcc/include/gtest/gtest-message.h
-- Up-to-date: /home/vimkim/.cub/install/CBRD-27089-oos-deferred-write/debug_gcc/include/gtest/gtest-param-test.h
-- Up-to-date: /home/vimkim/.cub/install/CBRD-27089-oos-deferred-write/debug_gcc/include/gtest/gtest-printers.h
-- Up-to-date: /home/vimkim/.cub/install/CBRD-27089-oos-deferred-write/debug_gcc/include/gtest/gtest-spi.h
-- Up-to-date: /home/vimkim/.cub/install/CBRD-27089-oos-deferred-write/debug_gcc/include/gtest/gtest-test-part.h
-- Up-to-date: /home/vimkim/.cub/install/CBRD-27089-oos-deferred-write/debug_gcc/include/gtest/gtest-typed-test.h
-- Up-to-date: /home/vimkim/.cub/install/CBRD-27089-oos-deferred-write/debug_gcc/include/gtest/gtest.h
-- Up-to-date: /home/vimkim/.cub/install/CBRD-27089-oos-deferred-write/debug_gcc/include/gtest/gtest_pred_impl.h
-- Up-to-date: /home/vimkim/.cub/install/CBRD-27089-oos-deferred-write/debug_gcc/include/gtest/gtest_prod.h
-- Up-to-date: /home/vimkim/.cub/install/CBRD-27089-oos-deferred-write/debug_gcc/include/gtest/internal
-- Up-to-date: /home/vimkim/.cub/install/CBRD-27089-oos-deferred-write/debug_gcc/include/gtest/internal/custom
-- Up-to-date: /home/vimkim/.cub/install/CBRD-27089-oos-deferred-write/debug_gcc/include/gtest/internal/custom/README.md
-- Up-to-date: /home/vimkim/.cub/install/CBRD-27089-oos-deferred-write/debug_gcc/include/gtest/internal/custom/gtest-port.h
-- Up-to-date: /home/vimkim/.cub/install/CBRD-27089-oos-deferred-write/debug_gcc/include/gtest/internal/custom/gtest-printers.h
-- Up-to-date: /home/vimkim/.cub/install/CBRD-27089-oos-deferred-write/debug_gcc/include/gtest/internal/custom/gtest.h
-- Up-to-date: /home/vimkim/.cub/install/CBRD-27089-oos-deferred-write/debug_gcc/include/gtest/internal/gtest-death-test-internal.h
-- Up-to-date: /home/vimkim/.cub/install/CBRD-27089-oos-deferred-write/debug_gcc/include/gtest/internal/gtest-filepath.h
-- Up-to-date: /home/vimkim/.cub/install/CBRD-27089-oos-deferred-write/debug_gcc/include/gtest/internal/gtest-internal.h
-- Up-to-date: /home/vimkim/.cub/install/CBRD-27089-oos-deferred-write/debug_gcc/include/gtest/internal/gtest-param-util.h
-- Up-to-date: /home/vimkim/.cub/install/CBRD-27089-oos-deferred-write/debug_gcc/include/gtest/internal/gtest-port-arch.h
-- Up-to-date: /home/vimkim/.cub/install/CBRD-27089-oos-deferred-write/debug_gcc/include/gtest/internal/gtest-port.h
-- Up-to-date: /home/vimkim/.cub/install/CBRD-27089-oos-deferred-write/debug_gcc/include/gtest/internal/gtest-string.h
-- Up-to-date: /home/vimkim/.cub/install/CBRD-27089-oos-deferred-write/debug_gcc/include/gtest/internal/gtest-type-util.h
-- Up-to-date: /home/vimkim/.cub/install/CBRD-27089-oos-deferred-write/debug_gcc/lib64/libgtest.a
-- Up-to-date: /home/vimkim/.cub/install/CBRD-27089-oos-deferred-write/debug_gcc/lib64/libgtest_main.a
-- Up-to-date: /home/vimkim/.cub/install/CBRD-27089-oos-deferred-write/debug_gcc/lib64/pkgconfig/gtest.pc
-- Up-to-date: /home/vimkim/.cub/install/CBRD-27089-oos-deferred-write/debug_gcc/lib64/pkgconfig/gtest_main.pc
-- Up-to-date: /home/vimkim/.cub/install/CBRD-27089-oos-deferred-write/debug_gcc/log
-- Up-to-date: /home/vimkim/.cub/install/CBRD-27089-oos-deferred-write/debug_gcc/var
-- Up-to-date: /home/vimkim/.cub/install/CBRD-27089-oos-deferred-write/debug_gcc/tmp
-- Up-to-date: /home/vimkim/.cub/install/CBRD-27089-oos-deferred-write/debug_gcc/databases
-- Up-to-date: /home/vimkim/.cub/install/CBRD-27089-oos-deferred-write/debug_gcc/var/CUBRID_SOCK
-- Up-to-date: /home/vimkim/.cub/install/CBRD-27089-oos-deferred-write/debug_gcc/3rdparty
-- Up-to-date: /home/vimkim/.cub/install/CBRD-27089-oos-deferred-write/debug_gcc/3rdparty/adoptium.temurin_license.txt
-- Up-to-date: /home/vimkim/.cub/install/CBRD-27089-oos-deferred-write/debug_gcc/3rdparty/adoptium.temurin_license_assembly_exception.txt
-- Up-to-date: /home/vimkim/.cub/install/CBRD-27089-oos-deferred-write/debug_gcc/3rdparty/libedit_license.txt
-- Up-to-date: /home/vimkim/.cub/install/CBRD-27089-oos-deferred-write/debug_gcc/3rdparty/libodbc_license.txt
-- Up-to-date: /home/vimkim/.cub/install/CBRD-27089-oos-deferred-write/debug_gcc/3rdparty/libtbb_license.txt
-- Up-to-date: /home/vimkim/.cub/install/CBRD-27089-oos-deferred-write/debug_gcc/3rdparty/rapidjson_license.txt
-- Up-to-date: /home/vimkim/.cub/install/CBRD-27089-oos-deferred-write/debug_gcc/3rdparty/re2_license.txt
-- Up-to-date: /home/vimkim/.cub/install/CBRD-27089-oos-deferred-write/debug_gcc/3rdparty/libexpat_license.txt
-- Up-to-date: /home/vimkim/.cub/install/CBRD-27089-oos-deferred-write/debug_gcc/3rdparty/libopenssl_license.txt
-- Up-to-date: /home/vimkim/.cub/install/CBRD-27089-oos-deferred-write/debug_gcc/3rdparty/lz4_license.txt
-- Up-to-date: /home/vimkim/.cub/install/CBRD-27089-oos-deferred-write/debug_gcc/./COPYING
-- Up-to-date: /home/vimkim/.cub/install/CBRD-27089-oos-deferred-write/debug_gcc/./CREDITS
-- Up-to-date: /home/vimkim/.cub/install/CBRD-27089-oos-deferred-write/debug_gcc/./README.md
-- Up-to-date: /home/vimkim/.cub/install/CBRD-27089-oos-deferred-write/debug_gcc/./README_TAR_INSTALL
-- Up-to-date: /home/vimkim/.cub/install/CBRD-27089-oos-deferred-write/debug_gcc/databases/databases.txt.sample
-- Up-to-date: /home/vimkim/.cub/install/CBRD-27089-oos-deferred-write/debug_gcc/var/CUBRID_SOCK/README.txt
-- Up-to-date: /home/vimkim/.cub/install/CBRD-27089-oos-deferred-write/debug_gcc/tmp/README.txt
Build and install completed successfully!
Build-only installation is ready. Initialize explicitly when needed:
  cub-workenv init --worktree /home/vimkim/gh/cb/CBRD-27089-oos-deferred-write --install /home/vimkim/.cub/install/CBRD-27089-oos-deferred-write/debug_gcc --preset debug_gcc
Existing work environments are preserved; use cub-workenv doctor after rebuilding.
