[cubrid-bootstrap] Shared worktree files are missing; running just prepare
stow --dir="$MY_CUBRID/stow" --target=. cubrid
WARNING! stowing cubrid would cause conflicts:
  * cannot stow ../cubrid/.clangd over existing target .clangd since neither a link nor a directory and --adopt not specified
  * cannot stow ../cubrid/.envrc over existing target .envrc since neither a link nor a directory and --adopt not specified
  * cannot stow ../cubrid/.just/README.md over existing target .just/README.md since neither a link nor a directory and --adopt not specified
  * cannot stow ../cubrid/.just/compat.just over existing target .just/compat.just since neither a link nor a directory and --adopt not specified
  * cannot stow ../cubrid/.just/core.just over existing target .just/core.just since neither a link nor a directory and --adopt not specified
  * cannot stow ../cubrid/.just/ctp.just over existing target .just/ctp.just since neither a link nor a directory and --adopt not specified
  * cannot stow ../cubrid/.just/db.just over existing target .just/db.just since neither a link nor a directory and --adopt not specified
  * cannot stow ../cubrid/.just/debug.just over existing target .just/debug.just since neither a link nor a directory and --adopt not specified
  * cannot stow ../cubrid/.just/github.just over existing target .just/github.just since neither a link nor a directory and --adopt not specified
  * cannot stow ../cubrid/.just/include/termio.h over existing target .just/include/termio.h since neither a link nor a directory and --adopt not specified
  * cannot stow ../cubrid/.just/maint.just over existing target .just/maint.just since neither a link nor a directory and --adopt not specified
  * cannot stow ../cubrid/.just/oos.just over existing target .just/oos.just since neither a link nor a directory and --adopt not specified
  * cannot stow ../cubrid/.just/profile.just over existing target .just/profile.just since neither a link nor a directory and --adopt not specified
  * cannot stow ../cubrid/.nvim.lua over existing target .nvim.lua since neither a link nor a directory and --adopt not specified
  * cannot stow ../cubrid/.vscode/launch.json over existing target .vscode/launch.json since neither a link nor a directory and --adopt not specified
  * cannot stow ../cubrid/CMakeUserPresets.json over existing target CMakeUserPresets.json since neither a link nor a directory and --adopt not specified
  * cannot stow ../cubrid/cub_server.gdb over existing target cub_server.gdb since neither a link nor a directory and --adopt not specified
  * cannot stow ../cubrid/justfile over existing target justfile since neither a link nor a directory and --adopt not specified
  * cannot stow ../cubrid/lefthook.yml over existing target lefthook.yml since neither a link nor a directory and --adopt not specified
All operations aborted.
error: recipe `stow-shared` failed on line 226 with exit code 1
