ns uid=0 visible-cub=0
0 CUBRID=/mnt
CUBRID 11.5.0 (11.5.0.2634-2940b1c) (64bit debug build for Linux) (Sep  4 2026 15:20:35)
=================== file_enc_03  (16:45:14) ===================
  [TESTCASE] gh/tc/cubrid-testcases-private-ex-tc-pr-6864/shell/_36_damson/cbrd_23608_tde/file_enc_03/cases/file_enc_03.sh EnvId=local [NOK], TRY->1
  Total Case:1
  Total Execution Case:1
  Total Success Case:0
  Total Fail Case:1
  ctp rc=0  host-port-1523 check: 0
=================== file_enc_05  (16:45:36) ===================
  [TESTCASE] gh/tc/cubrid-testcases-private-ex-tc-pr-6864/shell/_36_damson/cbrd_23608_tde/file_enc_05/cases/file_enc_05.sh EnvId=local [NOK], TRY->1
  Total Case:1
  Total Execution Case:1
  Total Success Case:0
  Total Fail Case:1
  ctp rc=0  host-port-1523 check: 0
=================== bug_bts_14120  (16:45:59) ===================
  [TESTCASE] gh/tc/cubrid-testcases-private-ex-tc-pr-6864/shell/_06_issues/_14_2h/bug_bts_14120/cases/bug_bts_14120.sh EnvId=local [NOK], TRY->1
  Total Case:1
  Total Execution Case:1
  Total Success Case:0
  Total Fail Case:1
  ctp rc=0  host-port-1523 check: 0
=================== bug_bts_9836  (16:46:21) ===================
  [TESTCASE] gh/tc/cubrid-testcases-private-ex-tc-pr-6864/shell/_06_issues/_12_2h/bug_bts_9836/cases/bug_bts_9836.sh EnvId=local [NOK], TRY->1
  Total Case:1
  Total Execution Case:1
  Total Success Case:0
  Total Fail Case:1
  ctp rc=0  host-port-1523 check: 0
=================== bigPageSize  (16:48:02) ===================
