[0mdirenv: loading ~/gh/cb/CBRD-27089-oos-deferred-write/.envrc
Preset Mode: debug_gcc
Install Dir: <candidate-install>
DB Dir: <home>/.cub/db/CBRD-27089-oos-deferred-write/commondb
Build Dir: <source-worktree>/build_preset_debug_gcc
fixture: <fixtures>/oos-loader17-__h6spzd
PASS server MVCC before/after writer commit, movement, DELETE and new snapshot
Traceback (most recent call last):
  File "<source-worktree>/unit_tests/oos/scripts/test_oos_transactions.py", line 221, in <module>
    fixture.test()
    ~~~~~~~~~~~~^^
  File "<source-worktree>/unit_tests/oos/scripts/test_oos_transactions.py", line 195, in test
    self.crash()
    ~~~~~~~~~~^^
  File "<source-worktree>/unit_tests/oos/scripts/test_oos_transactions.py", line 139, in crash
    self.run("restart", ["cubrid", "server", "start", "t17"])
    ~~~~~~~~^^^^^^^^^^^^^^^^^^^^^^^^^^^^^^^^^^^^^^^^^^^^^^^^^
  File "<source-worktree>/unit_tests/oos/scripts/test_oos_loader.py", line 66, in run
    assert result.returncode == 0, (label, result.returncode, output)
           ^^^^^^^^^^^^^^^^^^^^^^
AssertionError: ('restart', 1, "@ cubrid server start: t17\n++ cubrid server 't17' is running.\n")
