==3520669== Memcheck, a memory error detector
==3520669== Copyright (C) 2002-2024, and GNU GPL'd, by Julian Seward et al.
==3520669== Using Valgrind-3.24.0 and LibVEX; rerun with -h for copyright info
==3520669== Command: <source-worktree>/build_preset_debug_gcc/bin/test_oos_sql_show --gtest_filter=OosSqlShow.PreparationMemoryAndMoveAssignmentPreserveValues:OosSqlShow.LoaderQueueRetainsClearedInputsAndRollsBackBulkFailure:OosSqlShow.AllocationAndStorageFailureLeaveNextInsertUsable
==3520669== Parent PID: 3520454
==3520669== 
==3520669== 
==3520669== HEAP SUMMARY:
==3520669==     in use at exit: 183,860 bytes in 229 blocks
==3520669==   total heap usage: 46,793 allocs, 46,564 frees, 248,630,934 bytes allocated
==3520669== 
==3520669== LEAK SUMMARY:
==3520669==    definitely lost: 0 bytes in 0 blocks
==3520669==    indirectly lost: 0 bytes in 0 blocks
==3520669==      possibly lost: 0 bytes in 0 blocks
==3520669==    still reachable: 183,860 bytes in 229 blocks
==3520669==         suppressed: 0 bytes in 0 blocks
==3520669== Reachable blocks (those to which a pointer was found) are not shown.
==3520669== To see them, rerun with: --leak-check=full --show-leak-kinds=all
==3520669== 
==3520669== For lists of detected and suppressed errors, rerun with: -s
==3520669== ERROR SUMMARY: 0 errors from 0 contexts (suppressed: 0 from 0)
