System parameters to be used by the client program.
#
# cubrid.conf
#

# system parameters were loaded from the files ([@section])
# /home/vimkim/.cub/install/oos-baseline-f4299ac0c/release_gcc/conf/cubrid.conf [@t26659dur01]

# system parameters
[C ] error_log_level="notification" ("notification")
[C ] error_log_warning=n (n)
[C ] error_log_size=536870912 (536870912)
[C*] error_log="server/t26659dur01_20260911_1432.err" ("cub_server.err")
[C ] index_scan_in_oid_order=n (n)
[C ] lock_timeout_in_secs=-1 (-1)
[C ] lock_timeout=-1 (-1)
[C ] isolation_level="tran_rep_class_commit_instance" ("tran_rep_class_commit_instance")
[C ] commit_on_shutdown=n (n)
[C ] csql_auto_commit=y (y)
[C ] garbage_collection=n (n)
[C*] cubrid_port_id=26659 (1523)
[C ] connection_timeout=5 (5)
[C ] optimization_level=1 (1)
[C ] db_hosts="" ("")
[C ] communication_histogram=n (n)
[C ] ansi_quotes=y (y)
[C ] default_week_format=0 (0)
[C ] only_full_group_by=n (n)
[C ] pipes_as_concat=y (y)
[C ] mysql_trigger_correlation_names=n (n)
[C ] require_like_escape_character=n (n)
[C ] no_backslash_escapes=y (y)
[C ] string_max_size_bytes=1.0M (1.0M)
[C ] add_column_update_hard_default=n (n)
[C ] return_null_on_function_errors=n (n)
[C ] alter_table_change_type_strict=y (y)
[C ] plus_as_concat=y (y)
[C ] oracle_style_empty_string=n (n)
[C ] call_stack_dump_on_error=n (n)
[C*] call_stack_dump_activation_list=-2,-7,-13,-14,-17,-19,-21,-22,-45,-46,-48,-50,-1381,-1383,-1384,-51,-52,-76,-78,-79,-81,-90,-96,-97,-313,-314,-407,-415,-416,-417,-583,-603,-836,-859,-890,-891,-976,-1040,-1075,-1131,-1084 ()
[C ] call_stack_dump_deactivation_list= ()
[C*] auto_restart_server=n (y)
[C ] max_plan_cache_entries=1000 (1000)
[C ] max_filter_pred_cache_entries=1000 (1000)
[C ] ha_mode="off" ("off")
[C*] ha_node_list="dev2@dev2" ("")
[C ] ha_replica_list="" ("")
[C ] ha_db_list="" ("")
[C ] ha_copy_log_base="" ("")
[C ] ha_copy_sync_mode="" ("")
[C ] ha_apply_max_mem_size=500 (500)
[C ] ha_port_id=59901 (59901)
[C ] ha_unacceptable_proc_restart_timediff=120.000 sec (120.000 sec)
[C ] ha_ping_hosts="" ("")
[C ] ha_applylogdb_retry_error_list= ()
[C ] ha_applylogdb_ignore_error_list= ()
[C ] ha_enable_sql_logging=n (n)
[C ] ha_sql_log_max_size_in_mbytes=50 (50)
[C ] ha_copy_log_max_archives=1 (1)
[C ] ha_replica_delay=0 msec (0 msec)
[C ] ha_replica_time_bound="" ("")
[C ] ha_applylogdb_max_commit_interval_in_msecs=500 (500)
[C ] ha_applylogdb_max_commit_interval=500 msec (500 msec)
[C ] ha_check_disk_failure_interval=15.000 sec (15.000 sec)
[C ] compat_primary_key=n (n)
[C ] intl_mbs_support=n (n)
[C ] block_nowhere_statement=n (n)
[C ] block_ddl_statement=n (n)
[C ] csql_history_num=50 (50)
[C ] error_log_production_mode=y (y)
[C ] tcp_keepalive=y (y)
[C ] csql_single_line_mode=n (n)
[C ] event_handler="" ("")
[C ] event_activation_list= ()
[C ] multi_range_optimization_limit=100 (100)
[C*] intl_number_lang="en_US" ("")
[C*] intl_date_lang="en_US" ("")
[C ] compat_mode="cubrid" ("cubrid")
[C ] db_volume_size=512.0M (512.0M)
[C ] log_volume_size=512.0M (512.0M)
[C ] unicode_input_normalization=n (n)
[C ] unicode_output_normalization=n (n)
[C ] intl_check_input_string=n (n)
[C ] check_peer_alive="both" ("both")
[C*] intl_collation="iso88591_bin" ("")
[C ] sort_limit_max_count=1000 (1000)
[C ] query_trace=n (n)
[C ] query_trace_format="text" ("text")
[C ] update_use_attribute_references=n (n)
[C ] max_hash_list_scan_size=8.0M (8.0M)
[C*] timezone="Asia/Seoul" ("")
[C*] server_timezone="Asia/Seoul" ("")
[C ] tz_leap_second_support=n (n)
[C ] ha_repl_filter_type="none" ("none")
[C ] ha_repl_filter_file="" ("")
[C ] extended_statistics_activation=15 (15)
[C ] enable_string_compression=y (y)
[C ] xasl_cache_time_threshold_in_minutes=360 (360)
[C ] cte_max_recursions=2000 (2000)
[C ] tde_keys_file_path="" ("")
[C ] tde_default_algorithm="aes" ("aes")
[C ] allow_truncated_string=n (n)
[C ] create_table_reuseoid=y (y)
[C ] ddl_audit_log=n (n)
[C ] ddl_audit_log_size=10.0M (10.0M)
[C ] supplemental_log=0 (0)
[C ] flashback_timeout=300 (300)
[C ] use_user_hosts=n (n)
[C ] regexp_engine="re2" ("re2")
[C ] oracle_compat_number_behavior=n (n)
[C ] ha_tcp_ping_hosts="" ("")
[C ] pl_transaction_control=n (n)
[C ] ha_sql_log_path="" ("")
[C ] deduplicate_key_level=-1 (-1)
[C ] print_index_detail=n (n)
[C ] ha_sql_log_max_count=2 (2)
[C ] enable_memory_monitoring=n (n)
[C ] stored_procedure_dump_icode=n (n)
[C ] dblink_auto_commit=y (y)
[C ] parallelism=4 (4)
[C ] memoize_memory_limit=2.0M (2.0M)
[C ] default_histogram_bucket_count=300 (300)
[C ] update_statistics_update_histogram=y (y)
[C ] auto_increment_cache_size=20 (20)
[C ] plan_cache_bind_sensitivity=n (n)

System parameters loaded by the server 't26659dur01'
#
# cubrid.conf
#

# system parameters were loaded from the files ([@section])
# /home/vimkim/.cub/install/oos-baseline-f4299ac0c/release_gcc/conf/cubrid.conf [@t26659dur01]

# system parameters
[S ] error_log_level="notification" ("notification")
[S ] error_log_warning=n (n)
[S ] error_log_size=536870912 (536870912)
[S*] error_log="server/t26659dur01_20260911_1432.err" ("cub_server.err")
[S ] access_ip_control=n (n)
[S ] access_ip_control_file="" ("")
[S ] sort_buffer_pages=128 (128)
[S ] sort_buffer_size=2.0M (2.0M)
[S ] data_buffer_pages=32768 (32768)
[S ] data_buffer_size=512.0M (512.0M)
[S ] unfill_factor=0.100000 (0.100000)
[S ] index_unfill_factor=0.050000 (0.050000)
[S ] index_scan_oid_buffer_pages=4.000000 (4.000000)
[S ] index_scan_oid_buffer_size=64.0K (64.0K)
[S ] temp_file_max_size_in_pages=-1 (-1)
[S ] lock_escalation=100000 (100000)
[S ] rollback_on_lock_escalation=n (n)
[S ] deadlock_detection_interval_in_secs=1.000000 (1.000000)
[S ] log_buffer_pages=16384 (16384)
[S ] log_buffer_size=256.0M (256.0M)
[S ] checkpoint_every_npages=100000 (100000)
[S ] checkpoint_every_size=1.5G (1.5G)
[S ] checkpoint_interval_in_mins=6 (6)
[S ] checkpoint_interval=360.000 sec (360.000 sec)
[S ] background_archiving=y (y)
[S*] cubrid_port_id=26659 (1523)
[S ] max_clients=100 (100)
[S ] thread_stacksize=1.0M (1.0M)
[S ] backup_volume_max_size_bytes=0.0B (0.0B)
[S ] pthread_scope_process=y (y)
[S ] temp_file_memory_size_in_pages=4 (4)
[S ] index_scan_key_buffer_pages=20 (20)
[S ] index_scan_key_buffer_size=320.0K (320.0K)
[S ] dont_reuse_heap_file=n (n)
[S ] page_flush_interval_in_msecs=1000 (1000)
[S ] page_flush_interval=1.000 sec (1.000 sec)
[S ] adaptive_flush_control=y (y)
[S ] max_flush_pages_per_second=10000 (10000)
[S ] max_flush_size_per_second=156.2M (156.2M)
[S ] sync_on_nflush=200 (200)
[S ] sync_on_flush_size=3.1M (3.1M)
[S ] default_week_format=0 (0)
[S ] no_backslash_escapes=y (y)
[S ] group_concat_max_len=1.0K (1.0K)
[S ] string_max_size_bytes=1.0M (1.0M)
[S ] add_column_update_hard_default=n (n)
[S ] return_null_on_function_errors=n (n)
[S ] alter_table_change_type_strict=y (y)
[S ] compactdb_page_reclaim_only=0 (0)
[S ] plus_as_concat=y (y)
[S ] oracle_style_empty_string=n (n)
[S ] call_stack_dump_on_error=n (n)
[S*] call_stack_dump_activation_list=-2,-7,-13,-14,-17,-19,-21,-22,-45,-46,-48,-50,-1381,-1383,-1384,-51,-52,-76,-78,-79,-81,-90,-96,-97,-313,-314,-407,-415,-416,-417,-583,-603,-836,-859,-890,-891,-976,-1040,-1075,-1131,-1084 ()
[S ] call_stack_dump_deactivation_list= ()
[S ] max_plan_cache_entries=1000 (1000)
[S ] max_plan_cache_clones=1000 (1000)
[S ] plan_cache_timeout=-1 (-1)
[S ] plan_cache_logging=n (n)
[S ] max_filter_pred_cache_entries=1000 (1000)
[S ] max_query_cache_entries=0 (0)
[S ] query_cache_size_in_pages=0 (0)
[S ] use_orderby_sort_limit=y (y)
[S ] ha_mode="off" ("off")
[S*] ha_node_list="dev2@dev2" ("")
[S ] ha_copy_log_timeout=5 (5)
[S ] ha_delay_limit=0 msec (0 msec)
[S ] ha_delay_limit_delta=0 msec (0 msec)
[S ] async_commit=n (n)
[S ] group_commit_interval_in_msecs=0 (0)
[S ] log_compress=y (y)
[S ] error_log_production_mode=y (y)
[S ] tcp_keepalive=y (y)
[S*] log_max_archives=0 (2147483647)
[S ] force_remove_log_archives=y (y)
[S ] temp_volume_path="" ("")
[S ] volume_extension_path="" ("")
[S ] event_handler="" ("")
[S ] event_activation_list= ()
[S ] monitor_waiting_thread=0 (0)
[S*] service::service="server,broker,manager" ("")
[S ] service::server="" ("")
[S ] session_state_timeout=21600 (21600)
[S ] compat_mode="cubrid" ("cubrid")
[S ] db_volume_size=512.0M (512.0M)
[S ] log_volume_size=512.0M (512.0M)
[S ] intl_check_input_string=n (n)
[S ] check_peer_alive="both" ("both")
[S ] sql_trace_slow_msecs=-1 (-1)
[S ] sql_trace_slow=-1 (-1)
[S ] sql_trace_execution_plan=0 (0)
[S ] log_trace_flush_time=0 msec (0 msec)
[S ] sql_trace_ioread_pages=0 (0)
[S ] data_aout_ratio=0.000000 (0.000000)
[S ] max_agg_hash_size=2.0M (2.0M)
[S ] agg_hash_respect_order=y (y)
[S ] max_hash_list_scan_size=8.0M (8.0M)
[S ] lru_hot_ratio=0.400000 (0.400000)
[S ] lru_buffer_ratio=0.050000 (0.050000)
[S ] vacuum_master_interval_in_msecs=10 (10)
[S ] vacuum_log_block_pages=31 (31)
[S ] vacuum_worker_count=10 (10)
[S*] timezone="Asia/Seoul" ("")
[S*] server_timezone="Asia/Seoul" ("")
[S ] tz_leap_second_support=n (n)
[S ] data_buffer_neighbor_flush_nondirty=n (n)
[S ] data_buffer_neighbor_flush_pages=8 (8)
[S ] extended_statistics_activation=15 (15)
[S ] enable_string_compression=y (y)
[S ] xasl_cache_time_threshold_in_minutes=360 (360)
[S ] num_private_chains=-1 (-1)
[S ] cte_max_recursions=2000 (2000)
[S ] json_max_array_idx=65536 (65536)
[S ] thread_connection_pooling=y (y)
[S ] thread_connection_timeout_seconds=300 (300)
[S ] thread_worker_pooling=y (y)
[S ] thread_worker_timeout_seconds=300 (300)
[S ] double_write_buffer_size=2097152 (2097152)
[S ] data_file_os_advise=0 (0)
[S ] loaddb_worker_count=8 (8)
[S ] tde_keys_file_path="" ("")
[S ] tde_default_algorithm="aes" ("aes")
[S ] allow_truncated_string=n (n)
[S ] use_stat_estimation=n (n)
[S ] supplemental_log=0 (0)
[S ] recovery_progress_logging_interval=0 (0)
[S ] thread_core_count=1 (1)
[S ] use_user_hosts=n (n)
[S ] max_query_per_tran=100 (100)
[S ] regexp_engine="re2" ("re2")
[S ] oracle_compat_number_behavior=n (n)
[S ] pl_transaction_control=n (n)
[S ] vacuum_ovfp_check_duration=45000 (45000)
[S ] vacuum_ovfp_check_threshold=1000 (1000)
[S ] deduplicate_key_level=-1 (-1)
[S ] print_index_detail=n (n)
[S ] enable_memory_monitoring=n (n)
[S ] max_subquery_cache_size=2.0M (2.0M)
[S ] stored_procedure=y (y)
[S ] stored_procedure_port=0 (0)
[S ] stored_procedure_vm_options="" ("")
[S ] stored_procedure_uds=y (y)
[S ] stored_procedure_dump_icode=n (n)
[S ] dblink_auto_commit=y (y)
[S ] parallelism=4 (4)
[S ] max_parallel_workers=100 (100)
[S ] tcp_keepalive_idle=300 (300)
[S ] tcp_keepalive_interval=300 (300)
[S ] tcp_keepalive_count=3 (3)
[S ] max_request_worker=1 (1)
[S ] max_request_concurrency=1 (1)
[S ] max_connection_worker=2 (2)
[S ] min_connection_worker=2 (2)
[S ] auto_scaling_window_size=4 (4)
[S ] recv_budget_per_connection=16384 (16384)
[S ] send_budget_per_connection=32768 (32768)
[S ] memoize_memory_limit=2.0M (2.0M)
[S ] update_statistics_update_histogram=y (y)
[S ] hardware_affinity=n (n)
[S ] bestspace_shard_count=8 (8)
[S ] auto_increment_cache_size=20 (20)
[S ] statistics_sampling_threshold_pages=0 (0)
[S ] statistics_sample_pages=10000 (10000)
