[Task Id] is 0
[TASK START] Current Time is Sat Oct 03 03:45:39 KST 2026, start MSG Id is null
Test Category:shell
The Number of Test Cases: 4 (macro skipped: 0, bug skipped: 0)
[OK]:  /home/vimkim/gh/cubrid-testcases-private-ex/CBRD-27443-fd-clean/shell/_01_utility/cbrd_27443/broker/cases/broker.sh 140450 EnvId=local[slot0]
broker-1 : OK
broker-2 : OK
broker-3 : OK
broker-4 : OK
03:48:00----/home/vimkim/gh/cubrid-testcases-private-ex/CBRD-27443-fd-clean/shell/_01_utility/cbrd_27443/broker/cases--- time=140

[OK]:  /home/vimkim/gh/cubrid-testcases-private-ex/CBRD-27443-fd-clean/shell/_01_utility/cbrd_27443/cases/cbrd_27443.sh 389748 EnvId=local[slot0]
cbrd_27443-1 : OK
cbrd_27443-2 : OK
cbrd_27443-3 : OK
cbrd_27443-4 : OK
cbrd_27443-5 : OK
03:54:30----/home/vimkim/gh/cubrid-testcases-private-ex/CBRD-27443-fd-clean/shell/_01_utility/cbrd_27443/cases--- time=389

[OK]:  /home/vimkim/gh/cubrid-testcases-private-ex/CBRD-27443-fd-clean/shell/_01_utility/cbrd_27443/ha/cases/ha.sh 569315 EnvId=local[slot0]
ha-1 : OK
ha-2 : OK
04:03:59----/home/vimkim/gh/cubrid-testcases-private-ex/CBRD-27443-fd-clean/shell/_01_utility/cbrd_27443/ha/cases--- time=569

[OK]:  /home/vimkim/gh/cubrid-testcases-private-ex/CBRD-27443-fd-clean/shell/_01_utility/cbrd_27443/logging/cases/logging.sh 88381 EnvId=local[slot0]
logging-1 : OK
logging-2 : OK
04:05:28----/home/vimkim/gh/cubrid-testcases-private-ex/CBRD-27443-fd-clean/shell/_01_utility/cbrd_27443/logging/cases--- time=88

============= PRINT SUMMARY ==================
Test Category:shell
Total Case:4
Total Execution Case:4
Total Success Case:4
Total Fail Case:0
Total Skip Case:0
[TEST STOP] Current Time is Sat Oct 03 04:05:28 KST 2026
Elapse Time:1188966
