# OF SELECTED = 4, from 4 patterns
****************************************
Test Category:shell
The Number of Test Cases: 4 (macro skipped: 0, bug skipped: 0)
The Number of Test Case : 4
============= DEPLOY ==================
DONE
============= TEST ==================
[INFO] admission: the plan's order alone
STARTED
[ENV START] local
[TESTCASE] /home/vimkim/gh/cubrid-testcases-private-ex/CBRD-27443-fd-clean/shell/_01_utility/cbrd_27443/broker/cases/broker.sh EnvId=local [OK]
[TESTCASE] /home/vimkim/gh/cubrid-testcases-private-ex/CBRD-27443-fd-clean/shell/_01_utility/cbrd_27443/cases/cbrd_27443.sh EnvId=local [OK]
[TESTCASE] /home/vimkim/gh/cubrid-testcases-private-ex/CBRD-27443-fd-clean/shell/_01_utility/cbrd_27443/ha/cases/ha.sh EnvId=local [OK]
[TESTCASE] /home/vimkim/gh/cubrid-testcases-private-ex/CBRD-27443-fd-clean/shell/_01_utility/cbrd_27443/logging/cases/logging.sh EnvId=local [OK]
[ENV STOP] local
[INFO] sizing recorded at /home/vimkim/.cache/cbrd27443-08.QVVajj/home/.local/state/testkit/sizing/shell.json: 1 slots, 2341 MB at the peak (0 of it the run's writes), 1187 s of cases, the longest first attempt 570 s
============= PRINT SUMMARY ==================
Test Category:shell
Total Case:4
Total Execution Case:4
Total Success Case:4
Total Fail Case:0
Total Skip Case:0

TEST COMPLETE
[SHELL] TEST END (Sat Oct 03 04:05:28 KST 2026)
[SHELL] ELAPSE TIME: 1189 seconds
