Execute OK. (0.013000 sec) Committed. (0.001000 sec) 
Execute OK. (0.000000 sec) Committed. (0.000000 sec) 
1 row affected. (0.005000 sec) Committed. (0.000000 sec) 
Execute OK. (0.000000 sec) Committed. (0.001000 sec) 

=== <Result of SELECT Command in Line 5> ===

              count(*)
======================
                     1

1 row selected. (0.002000 sec) Committed. (0.000000 sec) 

=== <Result of SELECT Command in Line 6> ===

  Table_name            Class_oid             Heap_volume_id  Heap_file_id  Heap_header_page_id  Has_oos_file  Oos_volume_id  Oos_file_id  Oos_num_user_pages  Oos_page_size  Oos_num_recs       Oos_recs_sumlen    Oos_physical_bytes      Oos_unused_bytes
============================================================================================================================================================================================================================================================
  'dba.t'               '(0|209|2)'                        1           576                  577             1              1          640                   6          16344             5                 60096                 98064                 37968

1 row selected. (0.001000 sec) Committed. (0.000000 sec) 
1 row affected. (0.003000 sec) Committed. (0.000000 sec) 

=== <Result of SELECT Command in Line 8> ===

           id          eq1          eq2
=======================================
            1            1            1
            2            1            1

2 rows selected. (0.004000 sec) Committed. (0.000000 sec) 

=== <Result of SELECT Command in Line 9> ===

  Table_name            Class_oid             Heap_volume_id  Heap_file_id  Heap_header_page_id  Has_oos_file  Oos_volume_id  Oos_file_id  Oos_num_user_pages  Oos_page_size  Oos_num_recs       Oos_recs_sumlen    Oos_physical_bytes      Oos_unused_bytes
============================================================================================================================================================================================================================================================
  'dba.t'               '(0|209|2)'                        1           576                  577             1              1          640                  11          16344            10                120192                179784                 59592

1 row selected. (0.001000 sec) Committed. (0.000000 sec) 
