Creating database with 64.0M size using locale en_US.utf8. The total amount of disk space needed is 104.0M.

CUBRID 11.5.0


Note: Google Test filter = Pr7600Measure.Matrix
[==========] Running 1 test from 1 test suite.
[----------] Global test environment set-up.
##### Starting Server For OOS SQL Testing #####
will be written at ./test_oos_sql_log
[----------] 1 test from Pr7600Measure
[ RUN      ] Pr7600Measure.Matrix
PR7600_SAMPLE {"workload":"nonpartition_small","rep":-2,"rows":256,"cpu_seconds":0.009515611,"elapsed_seconds":0.009564287}
PR7600_SAMPLE {"workload":"nonpartition_small","rep":-1,"rows":256,"cpu_seconds":0.009004171,"elapsed_seconds":0.009037111}
PR7600_SAMPLE {"workload":"nonpartition_small","rep":0,"rows":256,"cpu_seconds":0.008895409,"elapsed_seconds":0.008928106}
PR7600_SAMPLE {"workload":"nonpartition_small","rep":1,"rows":256,"cpu_seconds":0.009106142,"elapsed_seconds":0.009144932}
PR7600_SAMPLE {"workload":"nonpartition_small","rep":2,"rows":256,"cpu_seconds":0.009132357,"elapsed_seconds":0.009163007}
PR7600_SAMPLE {"workload":"nonpartition_small","rep":3,"rows":256,"cpu_seconds":0.008956324,"elapsed_seconds":0.008986773}
PR7600_SAMPLE {"workload":"nonpartition_small","rep":4,"rows":256,"cpu_seconds":0.009021242,"elapsed_seconds":0.009059153}
PR7600_SAMPLE {"workload":"nonpartition_small","rep":5,"rows":256,"cpu_seconds":0.009165551,"elapsed_seconds":0.009202375}
PR7600_SAMPLE {"workload":"nonpartition_small","rep":6,"rows":256,"cpu_seconds":0.008839830,"elapsed_seconds":0.008871358}
PR7600_SAMPLE {"workload":"nonpartition_small","rep":7,"rows":256,"cpu_seconds":0.009296469,"elapsed_seconds":0.009331193}
PR7600_SAMPLE {"workload":"nonpartition_small","rep":8,"rows":256,"cpu_seconds":0.009014527,"elapsed_seconds":0.009046754}
PR7600_SAMPLE {"workload":"nonpartition_small","rep":9,"rows":256,"cpu_seconds":0.008821481,"elapsed_seconds":0.008858295}
PR7600_SAMPLE {"workload":"nonpartition_small","rep":10,"rows":256,"cpu_seconds":0.008775062,"elapsed_seconds":0.008803216}
PR7600_SAMPLE {"workload":"nonpartition_small","rep":11,"rows":256,"cpu_seconds":0.008925104,"elapsed_seconds":0.008961231}
PR7600_SAMPLE {"workload":"nonpartition_small","rep":12,"rows":256,"cpu_seconds":0.009157562,"elapsed_seconds":0.009195113}
PR7600_SAMPLE {"workload":"nonpartition_small","rep":13,"rows":256,"cpu_seconds":0.008878835,"elapsed_seconds":0.008913619}
PR7600_SAMPLE {"workload":"nonpartition_small","rep":14,"rows":256,"cpu_seconds":0.009130073,"elapsed_seconds":0.009165861}
PR7600_SAMPLE {"workload":"nonpartition_small","rep":15,"rows":256,"cpu_seconds":0.008750691,"elapsed_seconds":0.008780463}
PR7600_SAMPLE {"workload":"nonpartition_small","rep":16,"rows":256,"cpu_seconds":0.008906729,"elapsed_seconds":0.008940291}
PR7600_SAMPLE {"workload":"nonpartition_small","rep":17,"rows":256,"cpu_seconds":0.009194940,"elapsed_seconds":0.009235122}
PR7600_SAMPLE {"workload":"nonpartition_small","rep":18,"rows":256,"cpu_seconds":0.009567825,"elapsed_seconds":0.009609508}
PR7600_SAMPLE {"workload":"nonpartition_small","rep":19,"rows":256,"cpu_seconds":0.009283413,"elapsed_seconds":0.009329863}
PR7600_SAMPLE {"workload":"nonpartition_small","rep":20,"rows":256,"cpu_seconds":0.009335373,"elapsed_seconds":0.009408063}
PR7600_SAMPLE {"workload":"nonpartition_small","rep":21,"rows":256,"cpu_seconds":0.009242948,"elapsed_seconds":0.009278005}
PR7600_SAMPLE {"workload":"nonpartition_small","rep":22,"rows":256,"cpu_seconds":0.009071085,"elapsed_seconds":0.009107871}
PR7600_SAMPLE {"workload":"nonpartition_small","rep":23,"rows":256,"cpu_seconds":0.009049596,"elapsed_seconds":0.009095007}
PR7600_SAMPLE {"workload":"nonpartition_small","rep":24,"rows":256,"cpu_seconds":0.009708241,"elapsed_seconds":0.009752221}
PR7600_SAMPLE {"workload":"nonpartition_small","rep":25,"rows":256,"cpu_seconds":0.009542630,"elapsed_seconds":0.009582136}
PR7600_SAMPLE {"workload":"nonpartition_small","rep":26,"rows":256,"cpu_seconds":0.009463245,"elapsed_seconds":0.009504289}
PR7600_SAMPLE {"workload":"nonpartition_small","rep":27,"rows":256,"cpu_seconds":0.009379277,"elapsed_seconds":0.009419749}
PR7600_SAMPLE {"workload":"nonpartition_small","rep":28,"rows":256,"cpu_seconds":0.009268705,"elapsed_seconds":0.009304524}
PR7600_SAMPLE {"workload":"nonpartition_small","rep":29,"rows":256,"cpu_seconds":0.009637544,"elapsed_seconds":0.009685974}
PR7600_SAMPLE {"workload":"nonpartition_small","rep":30,"rows":256,"cpu_seconds":0.009530481,"elapsed_seconds":0.009576075}
PR7600_SAMPLE {"workload":"nonpartition_small","rep":31,"rows":256,"cpu_seconds":0.009476491,"elapsed_seconds":0.009517560}
PR7600_SAMPLE {"workload":"nonpartition_small","rep":32,"rows":256,"cpu_seconds":0.009467667,"elapsed_seconds":0.009504659}
PR7600_SAMPLE {"workload":"nonpartition_small","rep":33,"rows":256,"cpu_seconds":0.009232097,"elapsed_seconds":0.009272343}
PR7600_SAMPLE {"workload":"nonpartition_small","rep":34,"rows":256,"cpu_seconds":0.009359162,"elapsed_seconds":0.009392537}
PR7600_SAMPLE {"workload":"nonpartition_small","rep":35,"rows":256,"cpu_seconds":0.009350033,"elapsed_seconds":0.009386658}
PR7600_SAMPLE {"workload":"nonpartition_small","rep":36,"rows":256,"cpu_seconds":0.009276946,"elapsed_seconds":0.009323310}
PR7600_SAMPLE {"workload":"nonpartition_small","rep":37,"rows":256,"cpu_seconds":0.009162222,"elapsed_seconds":0.009204903}
PR7600_SAMPLE {"workload":"nonpartition_small","rep":38,"rows":256,"cpu_seconds":0.009388792,"elapsed_seconds":0.009435977}
PR7600_SAMPLE {"workload":"nonpartition_small","rep":39,"rows":256,"cpu_seconds":0.009315317,"elapsed_seconds":0.009355749}
PR7600_SAMPLE {"workload":"nonpartition_small","rep":40,"rows":256,"cpu_seconds":0.009353721,"elapsed_seconds":0.009398042}
PR7600_SAMPLE {"workload":"nonpartition_small","rep":41,"rows":256,"cpu_seconds":0.009244859,"elapsed_seconds":0.009287589}
PR7600_SAMPLE {"workload":"nonpartition_small","rep":42,"rows":256,"cpu_seconds":0.009262401,"elapsed_seconds":0.009302636}
PR7600_SAMPLE {"workload":"nonpartition_small","rep":43,"rows":256,"cpu_seconds":0.009206119,"elapsed_seconds":0.009246199}
PR7600_SAMPLE {"workload":"nonpartition_small","rep":44,"rows":256,"cpu_seconds":0.009415217,"elapsed_seconds":0.009454674}
PR7600_SAMPLE {"workload":"nonpartition_small","rep":45,"rows":256,"cpu_seconds":0.009037404,"elapsed_seconds":0.009078554}
PR7600_SAMPLE {"workload":"nonpartition_small","rep":46,"rows":256,"cpu_seconds":0.009164039,"elapsed_seconds":0.009203318}
PR7600_SAMPLE {"workload":"nonpartition_small","rep":47,"rows":256,"cpu_seconds":0.009135346,"elapsed_seconds":0.009172642}
PR7600_SAMPLE {"workload":"nonpartition_small","rep":48,"rows":256,"cpu_seconds":0.009791154,"elapsed_seconds":0.009832697}
PR7600_SAMPLE {"workload":"nonpartition_small","rep":49,"rows":256,"cpu_seconds":0.009398443,"elapsed_seconds":0.009443508}
PR7600_SAMPLE {"workload":"nonpartition_small","rep":50,"rows":256,"cpu_seconds":0.010003544,"elapsed_seconds":0.010048481}
PR7600_SAMPLE {"workload":"nonpartition_small","rep":51,"rows":256,"cpu_seconds":0.009263835,"elapsed_seconds":0.009312547}
PR7600_SAMPLE {"workload":"nonpartition_small","rep":52,"rows":256,"cpu_seconds":0.009104655,"elapsed_seconds":0.009183076}
PR7600_SAMPLE {"workload":"nonpartition_small","rep":53,"rows":256,"cpu_seconds":0.009205804,"elapsed_seconds":0.009242428}
PR7600_SAMPLE {"workload":"nonpartition_small","rep":54,"rows":256,"cpu_seconds":0.009429561,"elapsed_seconds":0.009479918}
PR7600_SAMPLE {"workload":"nonpartition_small","rep":55,"rows":256,"cpu_seconds":0.009825282,"elapsed_seconds":0.009879025}
PR7600_SAMPLE {"workload":"nonpartition_small","rep":56,"rows":256,"cpu_seconds":0.011126067,"elapsed_seconds":0.011187754}
PR7600_SAMPLE {"workload":"nonpartition_small","rep":57,"rows":256,"cpu_seconds":0.011858125,"elapsed_seconds":0.011914570}
PR7600_SAMPLE {"workload":"nonpartition_small","rep":58,"rows":256,"cpu_seconds":0.011785635,"elapsed_seconds":0.011853052}
PR7600_SAMPLE {"workload":"nonpartition_small","rep":59,"rows":256,"cpu_seconds":0.010067181,"elapsed_seconds":0.010109966}
PR7600_SAMPLE {"workload":"nonpartition_small","rep":60,"rows":256,"cpu_seconds":0.010087785,"elapsed_seconds":0.010132618}
PR7600_SAMPLE {"workload":"nonpartition_small","rep":61,"rows":256,"cpu_seconds":0.009826353,"elapsed_seconds":0.009876316}
PR7600_SAMPLE {"workload":"nonpartition_small","rep":62,"rows":256,"cpu_seconds":0.009501416,"elapsed_seconds":0.009546525}
PR7600_SAMPLE {"workload":"nonpartition_small","rep":63,"rows":256,"cpu_seconds":0.009551218,"elapsed_seconds":0.009591200}
PR7600_SAMPLE {"workload":"nonpartition_small","rep":64,"rows":256,"cpu_seconds":0.009593909,"elapsed_seconds":0.009631249}
PR7600_SAMPLE {"workload":"nonpartition_small","rep":65,"rows":256,"cpu_seconds":0.010552675,"elapsed_seconds":0.010607087}
PR7600_SAMPLE {"workload":"nonpartition_small","rep":66,"rows":256,"cpu_seconds":0.009829625,"elapsed_seconds":0.009881964}
PR7600_SAMPLE {"workload":"nonpartition_small","rep":67,"rows":256,"cpu_seconds":0.010149031,"elapsed_seconds":0.010208383}
PR7600_SAMPLE {"workload":"nonpartition_small","rep":68,"rows":256,"cpu_seconds":0.009915716,"elapsed_seconds":0.009960824}
PR7600_SAMPLE {"workload":"nonpartition_small","rep":69,"rows":256,"cpu_seconds":0.009650677,"elapsed_seconds":0.009692934}
PR7600_SAMPLE {"workload":"nonpartition_small","rep":70,"rows":256,"cpu_seconds":0.009620225,"elapsed_seconds":0.009663663}
PR7600_SAMPLE {"workload":"nonpartition_small","rep":71,"rows":256,"cpu_seconds":0.009389797,"elapsed_seconds":0.009424743}
PR7600_SAMPLE {"workload":"nonpartition_small","rep":72,"rows":256,"cpu_seconds":0.009473118,"elapsed_seconds":0.009508784}
PR7600_SAMPLE {"workload":"nonpartition_small","rep":73,"rows":256,"cpu_seconds":0.009696391,"elapsed_seconds":0.009731294}
PR7600_SAMPLE {"workload":"nonpartition_small","rep":74,"rows":256,"cpu_seconds":0.009807203,"elapsed_seconds":0.009847906}
PR7600_SAMPLE {"workload":"nonpartition_small","rep":75,"rows":256,"cpu_seconds":0.010340864,"elapsed_seconds":0.010375599}
PR7600_SAMPLE {"workload":"nonpartition_small","rep":76,"rows":256,"cpu_seconds":0.011181791,"elapsed_seconds":0.011222093}
PR7600_SAMPLE {"workload":"nonpartition_small","rep":77,"rows":256,"cpu_seconds":0.010379224,"elapsed_seconds":0.010428270}
PR7600_SAMPLE {"workload":"nonpartition_small","rep":78,"rows":256,"cpu_seconds":0.009559573,"elapsed_seconds":0.009596234}
PR7600_SAMPLE {"workload":"nonpartition_small","rep":79,"rows":256,"cpu_seconds":0.010192409,"elapsed_seconds":0.010243993}
PR7600_SAMPLE {"workload":"nonpartition_small","rep":80,"rows":256,"cpu_seconds":0.009593279,"elapsed_seconds":0.009625089}
PR7600_SAMPLE {"workload":"nonpartition_small","rep":81,"rows":256,"cpu_seconds":0.009467351,"elapsed_seconds":0.009496016}
PR7600_SAMPLE {"workload":"nonpartition_small","rep":82,"rows":256,"cpu_seconds":0.009776792,"elapsed_seconds":0.009814440}
PR7600_SAMPLE {"workload":"nonpartition_small","rep":83,"rows":256,"cpu_seconds":0.009986907,"elapsed_seconds":0.010022252}
PR7600_SAMPLE {"workload":"nonpartition_small","rep":84,"rows":256,"cpu_seconds":0.009363996,"elapsed_seconds":0.009398114}
PR7600_SAMPLE {"workload":"nonpartition_small","rep":85,"rows":256,"cpu_seconds":0.009570998,"elapsed_seconds":0.009610440}
PR7600_SAMPLE {"workload":"nonpartition_small","rep":86,"rows":256,"cpu_seconds":0.009666961,"elapsed_seconds":0.009713359}
PR7600_SAMPLE {"workload":"nonpartition_small","rep":87,"rows":256,"cpu_seconds":0.009659401,"elapsed_seconds":0.009692301}
PR7600_SAMPLE {"workload":"nonpartition_small","rep":88,"rows":256,"cpu_seconds":0.009977240,"elapsed_seconds":0.010013153}
PR7600_SAMPLE {"workload":"nonpartition_small","rep":89,"rows":256,"cpu_seconds":0.009912333,"elapsed_seconds":0.009946086}
PR7600_SAMPLE {"workload":"nonpartition_small","rep":90,"rows":256,"cpu_seconds":0.010711694,"elapsed_seconds":0.010759454}
PR7600_SAMPLE {"workload":"nonpartition_small","rep":91,"rows":256,"cpu_seconds":0.011835840,"elapsed_seconds":0.011885470}
PR7600_SAMPLE {"workload":"nonpartition_small","rep":92,"rows":256,"cpu_seconds":0.010566651,"elapsed_seconds":0.010613511}
PR7600_SAMPLE {"workload":"nonpartition_small","rep":93,"rows":256,"cpu_seconds":0.010243509,"elapsed_seconds":0.010279746}
PR7600_SAMPLE {"workload":"nonpartition_small","rep":94,"rows":256,"cpu_seconds":0.009633170,"elapsed_seconds":0.009670654}
PR7600_SAMPLE {"workload":"nonpartition_small","rep":95,"rows":256,"cpu_seconds":0.009801370,"elapsed_seconds":0.009835937}
PR7600_SAMPLE {"workload":"nonpartition_small","rep":96,"rows":256,"cpu_seconds":0.009308837,"elapsed_seconds":0.009347936}
PR7600_SAMPLE {"workload":"nonpartition_small","rep":97,"rows":256,"cpu_seconds":0.009280160,"elapsed_seconds":0.009313846}
PR7600_SAMPLE {"workload":"nonpartition_small","rep":98,"rows":256,"cpu_seconds":0.009575947,"elapsed_seconds":0.009621386}
PR7600_SAMPLE {"workload":"nonpartition_small","rep":99,"rows":256,"cpu_seconds":0.009479427,"elapsed_seconds":0.009512287}
PR7600_SAMPLE {"workload":"nonpartition_small","rep":100,"rows":256,"cpu_seconds":0.009368719,"elapsed_seconds":0.009403919}
PR7600_SAMPLE {"workload":"nonpartition_small","rep":101,"rows":256,"cpu_seconds":0.009313227,"elapsed_seconds":0.009347514}
PR7600_SAMPLE {"workload":"nonpartition_small","rep":102,"rows":256,"cpu_seconds":0.009334890,"elapsed_seconds":0.009373607}
PR7600_SAMPLE {"workload":"nonpartition_small","rep":103,"rows":256,"cpu_seconds":0.009265207,"elapsed_seconds":0.009294580}
PR7600_SAMPLE {"workload":"nonpartition_small","rep":104,"rows":256,"cpu_seconds":0.009328725,"elapsed_seconds":0.009361555}
PR7600_SAMPLE {"workload":"nonpartition_small","rep":105,"rows":256,"cpu_seconds":0.009525472,"elapsed_seconds":0.009557281}
PR7600_SAMPLE {"workload":"nonpartition_small","rep":106,"rows":256,"cpu_seconds":0.009310723,"elapsed_seconds":0.009349032}
PR7600_SAMPLE {"workload":"nonpartition_small","rep":107,"rows":256,"cpu_seconds":0.009316656,"elapsed_seconds":0.009347186}
PR7600_SAMPLE {"workload":"nonpartition_small","rep":108,"rows":256,"cpu_seconds":0.009362611,"elapsed_seconds":0.009392078}
PR7600_SAMPLE {"workload":"nonpartition_small","rep":109,"rows":256,"cpu_seconds":0.009229457,"elapsed_seconds":0.009262328}
PR7600_SAMPLE {"workload":"nonpartition_small","rep":110,"rows":256,"cpu_seconds":0.009277102,"elapsed_seconds":0.009322411}
PR7600_SAMPLE {"workload":"nonpartition_small","rep":111,"rows":256,"cpu_seconds":0.009285601,"elapsed_seconds":0.009318346}
PR7600_SAMPLE {"workload":"nonpartition_small","rep":112,"rows":256,"cpu_seconds":0.009243626,"elapsed_seconds":0.009275785}
PR7600_SAMPLE {"workload":"nonpartition_small","rep":113,"rows":256,"cpu_seconds":0.009248190,"elapsed_seconds":0.009278149}
PR7600_SAMPLE {"workload":"nonpartition_small","rep":114,"rows":256,"cpu_seconds":0.009339514,"elapsed_seconds":0.009375862}
PR7600_SAMPLE {"workload":"nonpartition_small","rep":115,"rows":256,"cpu_seconds":0.009550177,"elapsed_seconds":0.009585211}
PR7600_SAMPLE {"workload":"nonpartition_small","rep":116,"rows":256,"cpu_seconds":0.009410671,"elapsed_seconds":0.009440998}
PR7600_SAMPLE {"workload":"nonpartition_small","rep":117,"rows":256,"cpu_seconds":0.008860692,"elapsed_seconds":0.008886347}
PR7600_SAMPLE {"workload":"nonpartition_small","rep":118,"rows":256,"cpu_seconds":0.009349655,"elapsed_seconds":0.009381479}
PR7600_SAMPLE {"workload":"nonpartition_small","rep":119,"rows":256,"cpu_seconds":0.009268829,"elapsed_seconds":0.009298004}
PR7600_SAMPLE {"workload":"nonpartition_small","rep":120,"rows":256,"cpu_seconds":0.009261998,"elapsed_seconds":0.009302213}
PR7600_SAMPLE {"workload":"nonpartition_small","rep":121,"rows":256,"cpu_seconds":0.009265010,"elapsed_seconds":0.009295709}
PR7600_SAMPLE {"workload":"nonpartition_small","rep":122,"rows":256,"cpu_seconds":0.009286987,"elapsed_seconds":0.009325528}
PR7600_SAMPLE {"workload":"nonpartition_small","rep":123,"rows":256,"cpu_seconds":0.009249750,"elapsed_seconds":0.009292592}
PR7600_SAMPLE {"workload":"nonpartition_small","rep":124,"rows":256,"cpu_seconds":0.009224929,"elapsed_seconds":0.009265951}
PR7600_SAMPLE {"workload":"nonpartition_small","rep":125,"rows":256,"cpu_seconds":0.009243217,"elapsed_seconds":0.009277377}
PR7600_SAMPLE {"workload":"nonpartition_small","rep":126,"rows":256,"cpu_seconds":0.008993666,"elapsed_seconds":0.009022694}
PR7600_SAMPLE {"workload":"nonpartition_small","rep":127,"rows":256,"cpu_seconds":0.009216953,"elapsed_seconds":0.009248019}
PR7600_SAMPLE {"workload":"nonpartition_small","rep":128,"rows":256,"cpu_seconds":0.009381624,"elapsed_seconds":0.009420292}
PR7600_SAMPLE {"workload":"nonpartition_small","rep":129,"rows":256,"cpu_seconds":0.009230094,"elapsed_seconds":0.009272205}
PR7600_SAMPLE {"workload":"nonpartition_small","rep":130,"rows":256,"cpu_seconds":0.009351277,"elapsed_seconds":0.009387951}
PR7600_SAMPLE {"workload":"nonpartition_small","rep":131,"rows":256,"cpu_seconds":0.009367980,"elapsed_seconds":0.009400134}
PR7600_SAMPLE {"workload":"nonpartition_small","rep":132,"rows":256,"cpu_seconds":0.009413609,"elapsed_seconds":0.009454008}
PR7600_SAMPLE {"workload":"nonpartition_small","rep":133,"rows":256,"cpu_seconds":0.009401898,"elapsed_seconds":0.009444668}
PR7600_SAMPLE {"workload":"nonpartition_small","rep":134,"rows":256,"cpu_seconds":0.009343982,"elapsed_seconds":0.009382035}
PR7600_SAMPLE {"workload":"nonpartition_small","rep":135,"rows":256,"cpu_seconds":0.009536763,"elapsed_seconds":0.009572665}
PR7600_SAMPLE {"workload":"nonpartition_small","rep":136,"rows":256,"cpu_seconds":0.009401847,"elapsed_seconds":0.009446503}
PR7600_SAMPLE {"workload":"nonpartition_small","rep":137,"rows":256,"cpu_seconds":0.009183633,"elapsed_seconds":0.009217219}
PR7600_SAMPLE {"workload":"nonpartition_small","rep":138,"rows":256,"cpu_seconds":0.009238462,"elapsed_seconds":0.009275636}
PR7600_SAMPLE {"workload":"nonpartition_small","rep":139,"rows":256,"cpu_seconds":0.009119618,"elapsed_seconds":0.009149769}
PR7600_SAMPLE {"workload":"nonpartition_small","rep":140,"rows":256,"cpu_seconds":0.009456617,"elapsed_seconds":0.009486981}
PR7600_SAMPLE {"workload":"nonpartition_small","rep":141,"rows":256,"cpu_seconds":0.009519058,"elapsed_seconds":0.009558767}
PR7600_SAMPLE {"workload":"nonpartition_small","rep":142,"rows":256,"cpu_seconds":0.009386073,"elapsed_seconds":0.009417395}
PR7600_SAMPLE {"workload":"nonpartition_small","rep":143,"rows":256,"cpu_seconds":0.009199266,"elapsed_seconds":0.009228977}
PR7600_SAMPLE {"workload":"nonpartition_small","rep":144,"rows":256,"cpu_seconds":0.009049979,"elapsed_seconds":0.009080401}
PR7600_SAMPLE {"workload":"nonpartition_small","rep":145,"rows":256,"cpu_seconds":0.009329297,"elapsed_seconds":0.009363076}
PR7600_SAMPLE {"workload":"nonpartition_small","rep":146,"rows":256,"cpu_seconds":0.009340334,"elapsed_seconds":0.009381656}
PR7600_SAMPLE {"workload":"nonpartition_small","rep":147,"rows":256,"cpu_seconds":0.009564267,"elapsed_seconds":0.009608934}
PR7600_SAMPLE {"workload":"nonpartition_small","rep":148,"rows":256,"cpu_seconds":0.009574006,"elapsed_seconds":0.009604103}
PR7600_SAMPLE {"workload":"nonpartition_small","rep":149,"rows":256,"cpu_seconds":0.009177215,"elapsed_seconds":0.009208578}
PR7600_SAMPLE {"workload":"nonpartition_small","rep":150,"rows":256,"cpu_seconds":0.009277216,"elapsed_seconds":0.009315742}
PR7600_SAMPLE {"workload":"nonpartition_small","rep":151,"rows":256,"cpu_seconds":0.009325283,"elapsed_seconds":0.009361460}
PR7600_SAMPLE {"workload":"nonpartition_small","rep":152,"rows":256,"cpu_seconds":0.009330380,"elapsed_seconds":0.009374329}
PR7600_SAMPLE {"workload":"nonpartition_small","rep":153,"rows":256,"cpu_seconds":0.009270392,"elapsed_seconds":0.009309060}
PR7600_SAMPLE {"workload":"nonpartition_small","rep":154,"rows":256,"cpu_seconds":0.009068643,"elapsed_seconds":0.009096730}
PR7600_SAMPLE {"workload":"nonpartition_small","rep":155,"rows":256,"cpu_seconds":0.009184169,"elapsed_seconds":0.009215654}
PR7600_SAMPLE {"workload":"nonpartition_small","rep":156,"rows":256,"cpu_seconds":0.009373465,"elapsed_seconds":0.009404516}
PR7600_SAMPLE {"workload":"nonpartition_small","rep":157,"rows":256,"cpu_seconds":0.009336935,"elapsed_seconds":0.009367753}
PR7600_SAMPLE {"workload":"nonpartition_small","rep":158,"rows":256,"cpu_seconds":0.009439060,"elapsed_seconds":0.009479342}
PR7600_SAMPLE {"workload":"nonpartition_small","rep":159,"rows":256,"cpu_seconds":0.009123040,"elapsed_seconds":0.009151630}
PR7600_SAMPLE {"workload":"nonpartition_small","rep":160,"rows":256,"cpu_seconds":0.009278831,"elapsed_seconds":0.009320239}
PR7600_SAMPLE {"workload":"nonpartition_small","rep":161,"rows":256,"cpu_seconds":0.009333668,"elapsed_seconds":0.009366704}
PR7600_SAMPLE {"workload":"nonpartition_small","rep":162,"rows":256,"cpu_seconds":0.009292387,"elapsed_seconds":0.009327139}
PR7600_SAMPLE {"workload":"nonpartition_small","rep":163,"rows":256,"cpu_seconds":0.009376561,"elapsed_seconds":0.009416080}
PR7600_SAMPLE {"workload":"nonpartition_small","rep":164,"rows":256,"cpu_seconds":0.009375340,"elapsed_seconds":0.009415890}
PR7600_SAMPLE {"workload":"nonpartition_small","rep":165,"rows":256,"cpu_seconds":0.009517939,"elapsed_seconds":0.009557102}
PR7600_SAMPLE {"workload":"nonpartition_small","rep":166,"rows":256,"cpu_seconds":0.009501237,"elapsed_seconds":0.009538997}
PR7600_SAMPLE {"workload":"nonpartition_small","rep":167,"rows":256,"cpu_seconds":0.009286126,"elapsed_seconds":0.009321015}
PR7600_SAMPLE {"workload":"nonpartition_small","rep":168,"rows":256,"cpu_seconds":0.009291572,"elapsed_seconds":0.009332392}
PR7600_SAMPLE {"workload":"nonpartition_small","rep":169,"rows":256,"cpu_seconds":0.009256793,"elapsed_seconds":0.009291786}
PR7600_SAMPLE {"workload":"nonpartition_small","rep":170,"rows":256,"cpu_seconds":0.009274467,"elapsed_seconds":0.009309817}
PR7600_SAMPLE {"workload":"nonpartition_small","rep":171,"rows":256,"cpu_seconds":0.009277258,"elapsed_seconds":0.009311304}
PR7600_SAMPLE {"workload":"nonpartition_small","rep":172,"rows":256,"cpu_seconds":0.009284666,"elapsed_seconds":0.009320006}
PR7600_SAMPLE {"workload":"nonpartition_small","rep":173,"rows":256,"cpu_seconds":0.009224396,"elapsed_seconds":0.009257221}
PR7600_SAMPLE {"workload":"nonpartition_small","rep":174,"rows":256,"cpu_seconds":0.009280197,"elapsed_seconds":0.009309601}
PR7600_SAMPLE {"workload":"nonpartition_small","rep":175,"rows":256,"cpu_seconds":0.009329345,"elapsed_seconds":0.009356975}
PR7600_SAMPLE {"workload":"nonpartition_small","rep":176,"rows":256,"cpu_seconds":0.009415046,"elapsed_seconds":0.009444458}
PR7600_SAMPLE {"workload":"nonpartition_small","rep":177,"rows":256,"cpu_seconds":0.013595667,"elapsed_seconds":0.013711605}
PR7600_SAMPLE {"workload":"nonpartition_small","rep":178,"rows":256,"cpu_seconds":0.009382743,"elapsed_seconds":0.009417353}
PR7600_SAMPLE {"workload":"nonpartition_small","rep":179,"rows":256,"cpu_seconds":0.009475259,"elapsed_seconds":0.009512170}
PR7600_SAMPLE {"workload":"nonpartition_small","rep":180,"rows":256,"cpu_seconds":0.009469711,"elapsed_seconds":0.009500591}
PR7600_SAMPLE {"workload":"nonpartition_small","rep":181,"rows":256,"cpu_seconds":0.009442825,"elapsed_seconds":0.009486257}
PR7600_SAMPLE {"workload":"nonpartition_small","rep":182,"rows":256,"cpu_seconds":0.009249668,"elapsed_seconds":0.009280854}
PR7600_SAMPLE {"workload":"nonpartition_small","rep":183,"rows":256,"cpu_seconds":0.009288837,"elapsed_seconds":0.009331970}
PR7600_SAMPLE {"workload":"nonpartition_small","rep":184,"rows":256,"cpu_seconds":0.009354228,"elapsed_seconds":0.009386736}
PR7600_SAMPLE {"workload":"nonpartition_small","rep":185,"rows":256,"cpu_seconds":0.009192892,"elapsed_seconds":0.009222865}
PR7600_SAMPLE {"workload":"nonpartition_small","rep":186,"rows":256,"cpu_seconds":0.009223498,"elapsed_seconds":0.009252745}
PR7600_SAMPLE {"workload":"nonpartition_small","rep":187,"rows":256,"cpu_seconds":0.009247280,"elapsed_seconds":0.009282184}
PR7600_SAMPLE {"workload":"nonpartition_small","rep":188,"rows":256,"cpu_seconds":0.009361762,"elapsed_seconds":0.009404062}
PR7600_SAMPLE {"workload":"nonpartition_small","rep":189,"rows":256,"cpu_seconds":0.009220970,"elapsed_seconds":0.009255556}
PR7600_SAMPLE {"workload":"nonpartition_small","rep":190,"rows":256,"cpu_seconds":0.009409237,"elapsed_seconds":0.009443141}
PR7600_SAMPLE {"workload":"nonpartition_small","rep":191,"rows":256,"cpu_seconds":0.009439375,"elapsed_seconds":0.009476881}
PR7600_SAMPLE {"workload":"nonpartition_small","rep":192,"rows":256,"cpu_seconds":0.009420107,"elapsed_seconds":0.009455067}
PR7600_SAMPLE {"workload":"nonpartition_small","rep":193,"rows":256,"cpu_seconds":0.009263097,"elapsed_seconds":0.009300660}
PR7600_SAMPLE {"workload":"nonpartition_small","rep":194,"rows":256,"cpu_seconds":0.009223280,"elapsed_seconds":0.009255129}
PR7600_SAMPLE {"workload":"nonpartition_small","rep":195,"rows":256,"cpu_seconds":0.009296713,"elapsed_seconds":0.009326628}
[       OK ] Pr7600Measure.Matrix (2075 ms)
[----------] 1 test from Pr7600Measure (2075 ms total)

[----------] Global test environment tear-down
##### Stopping Server For OOS SQL Testing #####
[==========] 1 test from 1 test suite ran. (2301 ms total)
[  PASSED  ] 1 test.
9598213582;;instructions:u;2236617308;100.00;1.28;insn per cycle
7526916284;;cycles:u;2236617308;100.00;;

Evidence: /home/vimkim/gh/my-cubrid-docs/cbrd-27089/design/ticket06-evidence/diagnosis-20260910/counters/nonpartition-small-3-base.json
