Creating database with 64.0M size using locale en_US.utf8. The total amount of disk space needed is 104.0M.

CUBRID 11.5.0


Note: Google Test filter = Pr7600Measure.Matrix
[==========] Running 1 test from 1 test suite.
[----------] Global test environment set-up.
##### Starting Server For OOS SQL Testing #####
will be written at ./test_oos_sql_log
[----------] 1 test from Pr7600Measure
[ RUN      ] Pr7600Measure.Matrix
PR7600_SAMPLE {"workload":"nonpartition_small","rep":-2,"rows":256,"cpu_seconds":0.009599711,"elapsed_seconds":0.009653243}
PR7600_SAMPLE {"workload":"nonpartition_small","rep":-1,"rows":256,"cpu_seconds":0.009099937,"elapsed_seconds":0.009135224}
PR7600_SAMPLE {"workload":"nonpartition_small","rep":0,"rows":256,"cpu_seconds":0.009613799,"elapsed_seconds":0.009663506}
PR7600_SAMPLE {"workload":"nonpartition_small","rep":1,"rows":256,"cpu_seconds":0.009306175,"elapsed_seconds":0.009340348}
PR7600_SAMPLE {"workload":"nonpartition_small","rep":2,"rows":256,"cpu_seconds":0.009166285,"elapsed_seconds":0.009205813}
PR7600_SAMPLE {"workload":"nonpartition_small","rep":3,"rows":256,"cpu_seconds":0.009092079,"elapsed_seconds":0.009124772}
PR7600_SAMPLE {"workload":"nonpartition_small","rep":4,"rows":256,"cpu_seconds":0.009070821,"elapsed_seconds":0.009109440}
PR7600_SAMPLE {"workload":"nonpartition_small","rep":5,"rows":256,"cpu_seconds":0.009184700,"elapsed_seconds":0.009215757}
PR7600_SAMPLE {"workload":"nonpartition_small","rep":6,"rows":256,"cpu_seconds":0.008821780,"elapsed_seconds":0.008853265}
PR7600_SAMPLE {"workload":"nonpartition_small","rep":7,"rows":256,"cpu_seconds":0.008984330,"elapsed_seconds":0.009024761}
PR7600_SAMPLE {"workload":"nonpartition_small","rep":8,"rows":256,"cpu_seconds":0.008940713,"elapsed_seconds":0.008970923}
PR7600_SAMPLE {"workload":"nonpartition_small","rep":9,"rows":256,"cpu_seconds":0.008932217,"elapsed_seconds":0.008972880}
PR7600_SAMPLE {"workload":"nonpartition_small","rep":10,"rows":256,"cpu_seconds":0.009051543,"elapsed_seconds":0.009087128}
PR7600_SAMPLE {"workload":"nonpartition_small","rep":11,"rows":256,"cpu_seconds":0.009256590,"elapsed_seconds":0.009291941}
PR7600_SAMPLE {"workload":"nonpartition_small","rep":12,"rows":256,"cpu_seconds":0.009381533,"elapsed_seconds":0.009413743}
PR7600_SAMPLE {"workload":"nonpartition_small","rep":13,"rows":256,"cpu_seconds":0.009214025,"elapsed_seconds":0.009246317}
PR7600_SAMPLE {"workload":"nonpartition_small","rep":14,"rows":256,"cpu_seconds":0.009356042,"elapsed_seconds":0.009388672}
PR7600_SAMPLE {"workload":"nonpartition_small","rep":15,"rows":256,"cpu_seconds":0.009270378,"elapsed_seconds":0.009307778}
PR7600_SAMPLE {"workload":"nonpartition_small","rep":16,"rows":256,"cpu_seconds":0.009160259,"elapsed_seconds":0.009199129}
PR7600_SAMPLE {"workload":"nonpartition_small","rep":17,"rows":256,"cpu_seconds":0.009178224,"elapsed_seconds":0.009211879}
PR7600_SAMPLE {"workload":"nonpartition_small","rep":18,"rows":256,"cpu_seconds":0.008958839,"elapsed_seconds":0.008990105}
PR7600_SAMPLE {"workload":"nonpartition_small","rep":19,"rows":256,"cpu_seconds":0.009068654,"elapsed_seconds":0.009108010}
PR7600_SAMPLE {"workload":"nonpartition_small","rep":20,"rows":256,"cpu_seconds":0.009150631,"elapsed_seconds":0.009180008}
PR7600_SAMPLE {"workload":"nonpartition_small","rep":21,"rows":256,"cpu_seconds":0.008818587,"elapsed_seconds":0.008846909}
PR7600_SAMPLE {"workload":"nonpartition_small","rep":22,"rows":256,"cpu_seconds":0.009008899,"elapsed_seconds":0.009047612}
PR7600_SAMPLE {"workload":"nonpartition_small","rep":23,"rows":256,"cpu_seconds":0.009381899,"elapsed_seconds":0.009414049}
PR7600_SAMPLE {"workload":"nonpartition_small","rep":24,"rows":256,"cpu_seconds":0.009275612,"elapsed_seconds":0.009307069}
PR7600_SAMPLE {"workload":"nonpartition_small","rep":25,"rows":256,"cpu_seconds":0.009106262,"elapsed_seconds":0.009139969}
PR7600_SAMPLE {"workload":"nonpartition_small","rep":26,"rows":256,"cpu_seconds":0.009204678,"elapsed_seconds":0.009236964}
PR7600_SAMPLE {"workload":"nonpartition_small","rep":27,"rows":256,"cpu_seconds":0.009198073,"elapsed_seconds":0.009231812}
PR7600_SAMPLE {"workload":"nonpartition_small","rep":28,"rows":256,"cpu_seconds":0.009018788,"elapsed_seconds":0.009048295}
PR7600_SAMPLE {"workload":"nonpartition_small","rep":29,"rows":256,"cpu_seconds":0.009108619,"elapsed_seconds":0.009148457}
PR7600_SAMPLE {"workload":"nonpartition_small","rep":30,"rows":256,"cpu_seconds":0.009257975,"elapsed_seconds":0.009289239}
PR7600_SAMPLE {"workload":"nonpartition_small","rep":31,"rows":256,"cpu_seconds":0.008949819,"elapsed_seconds":0.008978985}
PR7600_SAMPLE {"workload":"nonpartition_small","rep":32,"rows":256,"cpu_seconds":0.009124069,"elapsed_seconds":0.009154368}
PR7600_SAMPLE {"workload":"nonpartition_small","rep":33,"rows":256,"cpu_seconds":0.009132567,"elapsed_seconds":0.009161653}
PR7600_SAMPLE {"workload":"nonpartition_small","rep":34,"rows":256,"cpu_seconds":0.008872465,"elapsed_seconds":0.008903514}
PR7600_SAMPLE {"workload":"nonpartition_small","rep":35,"rows":256,"cpu_seconds":0.009028127,"elapsed_seconds":0.009058989}
PR7600_SAMPLE {"workload":"nonpartition_small","rep":36,"rows":256,"cpu_seconds":0.008948749,"elapsed_seconds":0.008980178}
PR7600_SAMPLE {"workload":"nonpartition_small","rep":37,"rows":256,"cpu_seconds":0.008912075,"elapsed_seconds":0.008946255}
PR7600_SAMPLE {"workload":"nonpartition_small","rep":38,"rows":256,"cpu_seconds":0.008867967,"elapsed_seconds":0.008898490}
PR7600_SAMPLE {"workload":"nonpartition_small","rep":39,"rows":256,"cpu_seconds":0.009214194,"elapsed_seconds":0.009247089}
PR7600_SAMPLE {"workload":"nonpartition_small","rep":40,"rows":256,"cpu_seconds":0.009394152,"elapsed_seconds":0.009423430}
PR7600_SAMPLE {"workload":"nonpartition_small","rep":41,"rows":256,"cpu_seconds":0.009102237,"elapsed_seconds":0.009135910}
PR7600_SAMPLE {"workload":"nonpartition_small","rep":42,"rows":256,"cpu_seconds":0.009319394,"elapsed_seconds":0.009354751}
PR7600_SAMPLE {"workload":"nonpartition_small","rep":43,"rows":256,"cpu_seconds":0.009189320,"elapsed_seconds":0.009224223}
PR7600_SAMPLE {"workload":"nonpartition_small","rep":44,"rows":256,"cpu_seconds":0.008821505,"elapsed_seconds":0.008857619}
PR7600_SAMPLE {"workload":"nonpartition_small","rep":45,"rows":256,"cpu_seconds":0.009213134,"elapsed_seconds":0.009248186}
PR7600_SAMPLE {"workload":"nonpartition_small","rep":46,"rows":256,"cpu_seconds":0.009092840,"elapsed_seconds":0.009130122}
PR7600_SAMPLE {"workload":"nonpartition_small","rep":47,"rows":256,"cpu_seconds":0.009077204,"elapsed_seconds":0.009124847}
PR7600_SAMPLE {"workload":"nonpartition_small","rep":48,"rows":256,"cpu_seconds":0.009284218,"elapsed_seconds":0.009319834}
PR7600_SAMPLE {"workload":"nonpartition_small","rep":49,"rows":256,"cpu_seconds":0.009181184,"elapsed_seconds":0.009212691}
PR7600_SAMPLE {"workload":"nonpartition_small","rep":50,"rows":256,"cpu_seconds":0.009088812,"elapsed_seconds":0.009126945}
PR7600_SAMPLE {"workload":"nonpartition_small","rep":51,"rows":256,"cpu_seconds":0.009029874,"elapsed_seconds":0.009069746}
PR7600_SAMPLE {"workload":"nonpartition_small","rep":52,"rows":256,"cpu_seconds":0.009116611,"elapsed_seconds":0.009151274}
PR7600_SAMPLE {"workload":"nonpartition_small","rep":53,"rows":256,"cpu_seconds":0.009167485,"elapsed_seconds":0.009198243}
PR7600_SAMPLE {"workload":"nonpartition_small","rep":54,"rows":256,"cpu_seconds":0.009188768,"elapsed_seconds":0.009221133}
PR7600_SAMPLE {"workload":"nonpartition_small","rep":55,"rows":256,"cpu_seconds":0.009281360,"elapsed_seconds":0.009323350}
PR7600_SAMPLE {"workload":"nonpartition_small","rep":56,"rows":256,"cpu_seconds":0.008903248,"elapsed_seconds":0.008936094}
PR7600_SAMPLE {"workload":"nonpartition_small","rep":57,"rows":256,"cpu_seconds":0.009028448,"elapsed_seconds":0.009065186}
PR7600_SAMPLE {"workload":"nonpartition_small","rep":58,"rows":256,"cpu_seconds":0.009034305,"elapsed_seconds":0.009082697}
PR7600_SAMPLE {"workload":"nonpartition_small","rep":59,"rows":256,"cpu_seconds":0.009222326,"elapsed_seconds":0.009254313}
PR7600_SAMPLE {"workload":"nonpartition_small","rep":60,"rows":256,"cpu_seconds":0.009300519,"elapsed_seconds":0.009340338}
PR7600_SAMPLE {"workload":"nonpartition_small","rep":61,"rows":256,"cpu_seconds":0.009324993,"elapsed_seconds":0.009357875}
PR7600_SAMPLE {"workload":"nonpartition_small","rep":62,"rows":256,"cpu_seconds":0.009226281,"elapsed_seconds":0.009266137}
PR7600_SAMPLE {"workload":"nonpartition_small","rep":63,"rows":256,"cpu_seconds":0.009260998,"elapsed_seconds":0.009292090}
PR7600_SAMPLE {"workload":"nonpartition_small","rep":64,"rows":256,"cpu_seconds":0.009396315,"elapsed_seconds":0.009425793}
PR7600_SAMPLE {"workload":"nonpartition_small","rep":65,"rows":256,"cpu_seconds":0.009130646,"elapsed_seconds":0.009171111}
PR7600_SAMPLE {"workload":"nonpartition_small","rep":66,"rows":256,"cpu_seconds":0.008966603,"elapsed_seconds":0.008998403}
PR7600_SAMPLE {"workload":"nonpartition_small","rep":67,"rows":256,"cpu_seconds":0.009015231,"elapsed_seconds":0.009056464}
PR7600_SAMPLE {"workload":"nonpartition_small","rep":68,"rows":256,"cpu_seconds":0.008983438,"elapsed_seconds":0.009017484}
PR7600_SAMPLE {"workload":"nonpartition_small","rep":69,"rows":256,"cpu_seconds":0.008853122,"elapsed_seconds":0.008866189}
PR7600_SAMPLE {"workload":"nonpartition_small","rep":70,"rows":256,"cpu_seconds":0.009006683,"elapsed_seconds":0.009037056}
PR7600_SAMPLE {"workload":"nonpartition_small","rep":71,"rows":256,"cpu_seconds":0.009616153,"elapsed_seconds":0.009650888}
PR7600_SAMPLE {"workload":"nonpartition_small","rep":72,"rows":256,"cpu_seconds":0.010032793,"elapsed_seconds":0.010089164}
PR7600_SAMPLE {"workload":"nonpartition_small","rep":73,"rows":256,"cpu_seconds":0.009985090,"elapsed_seconds":0.010023935}
PR7600_SAMPLE {"workload":"nonpartition_small","rep":74,"rows":256,"cpu_seconds":0.009741708,"elapsed_seconds":0.009779455}
PR7600_SAMPLE {"workload":"nonpartition_small","rep":75,"rows":256,"cpu_seconds":0.009441960,"elapsed_seconds":0.009485393}
PR7600_SAMPLE {"workload":"nonpartition_small","rep":76,"rows":256,"cpu_seconds":0.009358149,"elapsed_seconds":0.009403962}
PR7600_SAMPLE {"workload":"nonpartition_small","rep":77,"rows":256,"cpu_seconds":0.008903507,"elapsed_seconds":0.008934430}
PR7600_SAMPLE {"workload":"nonpartition_small","rep":78,"rows":256,"cpu_seconds":0.009064350,"elapsed_seconds":0.009096393}
PR7600_SAMPLE {"workload":"nonpartition_small","rep":79,"rows":256,"cpu_seconds":0.009106275,"elapsed_seconds":0.009138998}
PR7600_SAMPLE {"workload":"nonpartition_small","rep":80,"rows":256,"cpu_seconds":0.009016295,"elapsed_seconds":0.009060677}
PR7600_SAMPLE {"workload":"nonpartition_small","rep":81,"rows":256,"cpu_seconds":0.009036798,"elapsed_seconds":0.009067850}
PR7600_SAMPLE {"workload":"nonpartition_small","rep":82,"rows":256,"cpu_seconds":0.009499796,"elapsed_seconds":0.009536194}
PR7600_SAMPLE {"workload":"nonpartition_small","rep":83,"rows":256,"cpu_seconds":0.009294562,"elapsed_seconds":0.009327457}
PR7600_SAMPLE {"workload":"nonpartition_small","rep":84,"rows":256,"cpu_seconds":0.009239174,"elapsed_seconds":0.009279004}
PR7600_SAMPLE {"workload":"nonpartition_small","rep":85,"rows":256,"cpu_seconds":0.009239934,"elapsed_seconds":0.009274300}
PR7600_SAMPLE {"workload":"nonpartition_small","rep":86,"rows":256,"cpu_seconds":0.009173538,"elapsed_seconds":0.009209091}
PR7600_SAMPLE {"workload":"nonpartition_small","rep":87,"rows":256,"cpu_seconds":0.009139764,"elapsed_seconds":0.009174109}
PR7600_SAMPLE {"workload":"nonpartition_small","rep":88,"rows":256,"cpu_seconds":0.008947320,"elapsed_seconds":0.008979396}
PR7600_SAMPLE {"workload":"nonpartition_small","rep":89,"rows":256,"cpu_seconds":0.009107351,"elapsed_seconds":0.009138647}
PR7600_SAMPLE {"workload":"nonpartition_small","rep":90,"rows":256,"cpu_seconds":0.009113786,"elapsed_seconds":0.009151641}
PR7600_SAMPLE {"workload":"nonpartition_small","rep":91,"rows":256,"cpu_seconds":0.009415942,"elapsed_seconds":0.009448206}
PR7600_SAMPLE {"workload":"nonpartition_small","rep":92,"rows":256,"cpu_seconds":0.009303835,"elapsed_seconds":0.009335719}
PR7600_SAMPLE {"workload":"nonpartition_small","rep":93,"rows":256,"cpu_seconds":0.009167578,"elapsed_seconds":0.009216046}
PR7600_SAMPLE {"workload":"nonpartition_small","rep":94,"rows":256,"cpu_seconds":0.009261781,"elapsed_seconds":0.009301729}
PR7600_SAMPLE {"workload":"nonpartition_small","rep":95,"rows":256,"cpu_seconds":0.009249039,"elapsed_seconds":0.009279791}
PR7600_SAMPLE {"workload":"nonpartition_small","rep":96,"rows":256,"cpu_seconds":0.008881355,"elapsed_seconds":0.008911992}
PR7600_SAMPLE {"workload":"nonpartition_small","rep":97,"rows":256,"cpu_seconds":0.010102667,"elapsed_seconds":0.010143619}
PR7600_SAMPLE {"workload":"nonpartition_small","rep":98,"rows":256,"cpu_seconds":0.009414891,"elapsed_seconds":0.009460072}
PR7600_SAMPLE {"workload":"nonpartition_small","rep":99,"rows":256,"cpu_seconds":0.009203610,"elapsed_seconds":0.009244404}
PR7600_SAMPLE {"workload":"nonpartition_small","rep":100,"rows":256,"cpu_seconds":0.009125690,"elapsed_seconds":0.009165634}
PR7600_SAMPLE {"workload":"nonpartition_small","rep":101,"rows":256,"cpu_seconds":0.008971962,"elapsed_seconds":0.009003513}
PR7600_SAMPLE {"workload":"nonpartition_small","rep":102,"rows":256,"cpu_seconds":0.008944285,"elapsed_seconds":0.008974781}
PR7600_SAMPLE {"workload":"nonpartition_small","rep":103,"rows":256,"cpu_seconds":0.008967352,"elapsed_seconds":0.008996104}
PR7600_SAMPLE {"workload":"nonpartition_small","rep":104,"rows":256,"cpu_seconds":0.008930931,"elapsed_seconds":0.008960703}
PR7600_SAMPLE {"workload":"nonpartition_small","rep":105,"rows":256,"cpu_seconds":0.009186201,"elapsed_seconds":0.009216809}
PR7600_SAMPLE {"workload":"nonpartition_small","rep":106,"rows":256,"cpu_seconds":0.009125042,"elapsed_seconds":0.009157957}
PR7600_SAMPLE {"workload":"nonpartition_small","rep":107,"rows":256,"cpu_seconds":0.009337544,"elapsed_seconds":0.009376118}
PR7600_SAMPLE {"workload":"nonpartition_small","rep":108,"rows":256,"cpu_seconds":0.008951695,"elapsed_seconds":0.008992491}
PR7600_SAMPLE {"workload":"nonpartition_small","rep":109,"rows":256,"cpu_seconds":0.008910235,"elapsed_seconds":0.008940169}
PR7600_SAMPLE {"workload":"nonpartition_small","rep":110,"rows":256,"cpu_seconds":0.009069607,"elapsed_seconds":0.009101356}
PR7600_SAMPLE {"workload":"nonpartition_small","rep":111,"rows":256,"cpu_seconds":0.009290031,"elapsed_seconds":0.009332941}
PR7600_SAMPLE {"workload":"nonpartition_small","rep":112,"rows":256,"cpu_seconds":0.009059521,"elapsed_seconds":0.009089617}
PR7600_SAMPLE {"workload":"nonpartition_small","rep":113,"rows":256,"cpu_seconds":0.009096817,"elapsed_seconds":0.009130687}
PR7600_SAMPLE {"workload":"nonpartition_small","rep":114,"rows":256,"cpu_seconds":0.009412805,"elapsed_seconds":0.009444558}
PR7600_SAMPLE {"workload":"nonpartition_small","rep":115,"rows":256,"cpu_seconds":0.009147829,"elapsed_seconds":0.009197794}
PR7600_SAMPLE {"workload":"nonpartition_small","rep":116,"rows":256,"cpu_seconds":0.009223482,"elapsed_seconds":0.009261746}
PR7600_SAMPLE {"workload":"nonpartition_small","rep":117,"rows":256,"cpu_seconds":0.009107370,"elapsed_seconds":0.009147444}
PR7600_SAMPLE {"workload":"nonpartition_small","rep":118,"rows":256,"cpu_seconds":0.009176494,"elapsed_seconds":0.009206984}
PR7600_SAMPLE {"workload":"nonpartition_small","rep":119,"rows":256,"cpu_seconds":0.009127717,"elapsed_seconds":0.009158538}
PR7600_SAMPLE {"workload":"nonpartition_small","rep":120,"rows":256,"cpu_seconds":0.008975984,"elapsed_seconds":0.009012612}
PR7600_SAMPLE {"workload":"nonpartition_small","rep":121,"rows":256,"cpu_seconds":0.009131047,"elapsed_seconds":0.009164404}
PR7600_SAMPLE {"workload":"nonpartition_small","rep":122,"rows":256,"cpu_seconds":0.009103203,"elapsed_seconds":0.009134100}
PR7600_SAMPLE {"workload":"nonpartition_small","rep":123,"rows":256,"cpu_seconds":0.008867044,"elapsed_seconds":0.008898902}
PR7600_SAMPLE {"workload":"nonpartition_small","rep":124,"rows":256,"cpu_seconds":0.009063067,"elapsed_seconds":0.009094107}
PR7600_SAMPLE {"workload":"nonpartition_small","rep":125,"rows":256,"cpu_seconds":0.009151467,"elapsed_seconds":0.009180869}
PR7600_SAMPLE {"workload":"nonpartition_small","rep":126,"rows":256,"cpu_seconds":0.008980741,"elapsed_seconds":0.009014276}
PR7600_SAMPLE {"workload":"nonpartition_small","rep":127,"rows":256,"cpu_seconds":0.008932315,"elapsed_seconds":0.008961061}
PR7600_SAMPLE {"workload":"nonpartition_small","rep":128,"rows":256,"cpu_seconds":0.009190573,"elapsed_seconds":0.009235262}
PR7600_SAMPLE {"workload":"nonpartition_small","rep":129,"rows":256,"cpu_seconds":0.008958644,"elapsed_seconds":0.008993366}
PR7600_SAMPLE {"workload":"nonpartition_small","rep":130,"rows":256,"cpu_seconds":0.009067508,"elapsed_seconds":0.009100146}
PR7600_SAMPLE {"workload":"nonpartition_small","rep":131,"rows":256,"cpu_seconds":0.008925120,"elapsed_seconds":0.008953118}
PR7600_SAMPLE {"workload":"nonpartition_small","rep":132,"rows":256,"cpu_seconds":0.009329980,"elapsed_seconds":0.009363833}
PR7600_SAMPLE {"workload":"nonpartition_small","rep":133,"rows":256,"cpu_seconds":0.009153399,"elapsed_seconds":0.009236968}
PR7600_SAMPLE {"workload":"nonpartition_small","rep":134,"rows":256,"cpu_seconds":0.008910403,"elapsed_seconds":0.008944484}
PR7600_SAMPLE {"workload":"nonpartition_small","rep":135,"rows":256,"cpu_seconds":0.009090264,"elapsed_seconds":0.009123365}
PR7600_SAMPLE {"workload":"nonpartition_small","rep":136,"rows":256,"cpu_seconds":0.009016799,"elapsed_seconds":0.009049146}
PR7600_SAMPLE {"workload":"nonpartition_small","rep":137,"rows":256,"cpu_seconds":0.008908267,"elapsed_seconds":0.008936951}
PR7600_SAMPLE {"workload":"nonpartition_small","rep":138,"rows":256,"cpu_seconds":0.009186307,"elapsed_seconds":0.009215736}
PR7600_SAMPLE {"workload":"nonpartition_small","rep":139,"rows":256,"cpu_seconds":0.009096978,"elapsed_seconds":0.009131797}
PR7600_SAMPLE {"workload":"nonpartition_small","rep":140,"rows":256,"cpu_seconds":0.008875411,"elapsed_seconds":0.008902455}
PR7600_SAMPLE {"workload":"nonpartition_small","rep":141,"rows":256,"cpu_seconds":0.009056716,"elapsed_seconds":0.009096093}
PR7600_SAMPLE {"workload":"nonpartition_small","rep":142,"rows":256,"cpu_seconds":0.009194319,"elapsed_seconds":0.009226183}
PR7600_SAMPLE {"workload":"nonpartition_small","rep":143,"rows":256,"cpu_seconds":0.009103065,"elapsed_seconds":0.009134629}
PR7600_SAMPLE {"workload":"nonpartition_small","rep":144,"rows":256,"cpu_seconds":0.008887143,"elapsed_seconds":0.008917796}
PR7600_SAMPLE {"workload":"nonpartition_small","rep":145,"rows":256,"cpu_seconds":0.009217233,"elapsed_seconds":0.009258024}
PR7600_SAMPLE {"workload":"nonpartition_small","rep":146,"rows":256,"cpu_seconds":0.009304541,"elapsed_seconds":0.009335158}
PR7600_SAMPLE {"workload":"nonpartition_small","rep":147,"rows":256,"cpu_seconds":0.009082543,"elapsed_seconds":0.009119622}
PR7600_SAMPLE {"workload":"nonpartition_small","rep":148,"rows":256,"cpu_seconds":0.009157476,"elapsed_seconds":0.009189325}
PR7600_SAMPLE {"workload":"nonpartition_small","rep":149,"rows":256,"cpu_seconds":0.009574019,"elapsed_seconds":0.009606822}
PR7600_SAMPLE {"workload":"nonpartition_small","rep":150,"rows":256,"cpu_seconds":0.009399537,"elapsed_seconds":0.009438272}
PR7600_SAMPLE {"workload":"nonpartition_small","rep":151,"rows":256,"cpu_seconds":0.008965008,"elapsed_seconds":0.008994833}
PR7600_SAMPLE {"workload":"nonpartition_small","rep":152,"rows":256,"cpu_seconds":0.009314119,"elapsed_seconds":0.009349518}
PR7600_SAMPLE {"workload":"nonpartition_small","rep":153,"rows":256,"cpu_seconds":0.009071079,"elapsed_seconds":0.009108061}
PR7600_SAMPLE {"workload":"nonpartition_small","rep":154,"rows":256,"cpu_seconds":0.008944984,"elapsed_seconds":0.008977291}
PR7600_SAMPLE {"workload":"nonpartition_small","rep":155,"rows":256,"cpu_seconds":0.009392759,"elapsed_seconds":0.009427171}
PR7600_SAMPLE {"workload":"nonpartition_small","rep":156,"rows":256,"cpu_seconds":0.009408379,"elapsed_seconds":0.009451809}
PR7600_SAMPLE {"workload":"nonpartition_small","rep":157,"rows":256,"cpu_seconds":0.009347210,"elapsed_seconds":0.009379241}
PR7600_SAMPLE {"workload":"nonpartition_small","rep":158,"rows":256,"cpu_seconds":0.009272791,"elapsed_seconds":0.009305782}
PR7600_SAMPLE {"workload":"nonpartition_small","rep":159,"rows":256,"cpu_seconds":0.009048549,"elapsed_seconds":0.009080319}
PR7600_SAMPLE {"workload":"nonpartition_small","rep":160,"rows":256,"cpu_seconds":0.009006714,"elapsed_seconds":0.009035497}
PR7600_SAMPLE {"workload":"nonpartition_small","rep":161,"rows":256,"cpu_seconds":0.009067214,"elapsed_seconds":0.009093593}
PR7600_SAMPLE {"workload":"nonpartition_small","rep":162,"rows":256,"cpu_seconds":0.009162535,"elapsed_seconds":0.009192813}
PR7600_SAMPLE {"workload":"nonpartition_small","rep":163,"rows":256,"cpu_seconds":0.008990372,"elapsed_seconds":0.009019223}
PR7600_SAMPLE {"workload":"nonpartition_small","rep":164,"rows":256,"cpu_seconds":0.009008932,"elapsed_seconds":0.009063373}
PR7600_SAMPLE {"workload":"nonpartition_small","rep":165,"rows":256,"cpu_seconds":0.008918071,"elapsed_seconds":0.008950627}
PR7600_SAMPLE {"workload":"nonpartition_small","rep":166,"rows":256,"cpu_seconds":0.009179554,"elapsed_seconds":0.009219266}
PR7600_SAMPLE {"workload":"nonpartition_small","rep":167,"rows":256,"cpu_seconds":0.009407845,"elapsed_seconds":0.009447813}
PR7600_SAMPLE {"workload":"nonpartition_small","rep":168,"rows":256,"cpu_seconds":0.008948311,"elapsed_seconds":0.008978931}
PR7600_SAMPLE {"workload":"nonpartition_small","rep":169,"rows":256,"cpu_seconds":0.009081574,"elapsed_seconds":0.009121029}
PR7600_SAMPLE {"workload":"nonpartition_small","rep":170,"rows":256,"cpu_seconds":0.009089235,"elapsed_seconds":0.009120254}
PR7600_SAMPLE {"workload":"nonpartition_small","rep":171,"rows":256,"cpu_seconds":0.009432585,"elapsed_seconds":0.009471274}
PR7600_SAMPLE {"workload":"nonpartition_small","rep":172,"rows":256,"cpu_seconds":0.009382995,"elapsed_seconds":0.009413343}
PR7600_SAMPLE {"workload":"nonpartition_small","rep":173,"rows":256,"cpu_seconds":0.009063188,"elapsed_seconds":0.009091895}
PR7600_SAMPLE {"workload":"nonpartition_small","rep":174,"rows":256,"cpu_seconds":0.008969712,"elapsed_seconds":0.008998336}
PR7600_SAMPLE {"workload":"nonpartition_small","rep":175,"rows":256,"cpu_seconds":0.009036763,"elapsed_seconds":0.009083558}
PR7600_SAMPLE {"workload":"nonpartition_small","rep":176,"rows":256,"cpu_seconds":0.009314013,"elapsed_seconds":0.009346526}
PR7600_SAMPLE {"workload":"nonpartition_small","rep":177,"rows":256,"cpu_seconds":0.009243895,"elapsed_seconds":0.009279270}
PR7600_SAMPLE {"workload":"nonpartition_small","rep":178,"rows":256,"cpu_seconds":0.009120229,"elapsed_seconds":0.009159571}
PR7600_SAMPLE {"workload":"nonpartition_small","rep":179,"rows":256,"cpu_seconds":0.009025954,"elapsed_seconds":0.009063098}
PR7600_SAMPLE {"workload":"nonpartition_small","rep":180,"rows":256,"cpu_seconds":0.009115083,"elapsed_seconds":0.009146546}
PR7600_SAMPLE {"workload":"nonpartition_small","rep":181,"rows":256,"cpu_seconds":0.009006608,"elapsed_seconds":0.009039753}
PR7600_SAMPLE {"workload":"nonpartition_small","rep":182,"rows":256,"cpu_seconds":0.009114111,"elapsed_seconds":0.009148031}
PR7600_SAMPLE {"workload":"nonpartition_small","rep":183,"rows":256,"cpu_seconds":0.013392488,"elapsed_seconds":0.013447635}
PR7600_SAMPLE {"workload":"nonpartition_small","rep":184,"rows":256,"cpu_seconds":0.009287843,"elapsed_seconds":0.009319980}
PR7600_SAMPLE {"workload":"nonpartition_small","rep":185,"rows":256,"cpu_seconds":0.009336670,"elapsed_seconds":0.009366290}
PR7600_SAMPLE {"workload":"nonpartition_small","rep":186,"rows":256,"cpu_seconds":0.009160830,"elapsed_seconds":0.009191816}
PR7600_SAMPLE {"workload":"nonpartition_small","rep":187,"rows":256,"cpu_seconds":0.009181925,"elapsed_seconds":0.009215989}
PR7600_SAMPLE {"workload":"nonpartition_small","rep":188,"rows":256,"cpu_seconds":0.009128949,"elapsed_seconds":0.009157314}
PR7600_SAMPLE {"workload":"nonpartition_small","rep":189,"rows":256,"cpu_seconds":0.009214636,"elapsed_seconds":0.009249668}
PR7600_SAMPLE {"workload":"nonpartition_small","rep":190,"rows":256,"cpu_seconds":0.009087745,"elapsed_seconds":0.009121530}
PR7600_SAMPLE {"workload":"nonpartition_small","rep":191,"rows":256,"cpu_seconds":0.008900356,"elapsed_seconds":0.008930898}
PR7600_SAMPLE {"workload":"nonpartition_small","rep":192,"rows":256,"cpu_seconds":0.009146316,"elapsed_seconds":0.009177657}
PR7600_SAMPLE {"workload":"nonpartition_small","rep":193,"rows":256,"cpu_seconds":0.009359666,"elapsed_seconds":0.009395131}
PR7600_SAMPLE {"workload":"nonpartition_small","rep":194,"rows":256,"cpu_seconds":0.009081323,"elapsed_seconds":0.009112074}
PR7600_SAMPLE {"workload":"nonpartition_small","rep":195,"rows":256,"cpu_seconds":0.008895487,"elapsed_seconds":0.008934374}
[       OK ] Pr7600Measure.Matrix (2015 ms)
[----------] 1 test from Pr7600Measure (2015 ms total)

[----------] Global test environment tear-down
##### Stopping Server For OOS SQL Testing #####
[==========] 1 test from 1 test suite ran. (2241 ms total)
[  PASSED  ] 1 test.
9600571347;;instructions:u;2175164704;100.00;1.27;insn per cycle
7583154427;;cycles:u;2175164704;100.00;;

Evidence: /home/vimkim/gh/my-cubrid-docs/cbrd-27089/design/ticket06-evidence/diagnosis-20260910/counters/nonpartition-small-2-head.json
