Creating database with 64.0M size using locale en_US.utf8. The total amount of disk space needed is 104.0M.

CUBRID 11.5.0


Note: Google Test filter = Pr7600Measure.Matrix
[==========] Running 1 test from 1 test suite.
[----------] Global test environment set-up.
##### Starting Server For OOS SQL Testing #####
will be written at ./test_oos_sql_log
[----------] 1 test from Pr7600Measure
[ RUN      ] Pr7600Measure.Matrix
PR7600_SAMPLE {"workload":"nonpartition_small","rep":-2,"rows":256,"cpu_seconds":0.010008191,"elapsed_seconds":0.010054608}
PR7600_SAMPLE {"workload":"nonpartition_small","rep":-1,"rows":256,"cpu_seconds":0.009479331,"elapsed_seconds":0.009508095}
PR7600_SAMPLE {"workload":"nonpartition_small","rep":0,"rows":256,"cpu_seconds":0.010350789,"elapsed_seconds":0.010389458}
PR7600_SAMPLE {"workload":"nonpartition_small","rep":1,"rows":256,"cpu_seconds":0.010783083,"elapsed_seconds":0.010818407}
PR7600_SAMPLE {"workload":"nonpartition_small","rep":2,"rows":256,"cpu_seconds":0.012056618,"elapsed_seconds":0.012109676}
PR7600_SAMPLE {"workload":"nonpartition_small","rep":3,"rows":256,"cpu_seconds":0.010663994,"elapsed_seconds":0.010700488}
PR7600_SAMPLE {"workload":"nonpartition_small","rep":4,"rows":256,"cpu_seconds":0.009586650,"elapsed_seconds":0.009614204}
PR7600_SAMPLE {"workload":"nonpartition_small","rep":5,"rows":256,"cpu_seconds":0.009473663,"elapsed_seconds":0.009501318}
PR7600_SAMPLE {"workload":"nonpartition_small","rep":6,"rows":256,"cpu_seconds":0.009221083,"elapsed_seconds":0.009254662}
PR7600_SAMPLE {"workload":"nonpartition_small","rep":7,"rows":256,"cpu_seconds":0.008887902,"elapsed_seconds":0.008922199}
PR7600_SAMPLE {"workload":"nonpartition_small","rep":8,"rows":256,"cpu_seconds":0.009278586,"elapsed_seconds":0.009312146}
PR7600_SAMPLE {"workload":"nonpartition_small","rep":9,"rows":256,"cpu_seconds":0.009080835,"elapsed_seconds":0.009111407}
PR7600_SAMPLE {"workload":"nonpartition_small","rep":10,"rows":256,"cpu_seconds":0.009187346,"elapsed_seconds":0.009224137}
PR7600_SAMPLE {"workload":"nonpartition_small","rep":11,"rows":256,"cpu_seconds":0.009563354,"elapsed_seconds":0.009600237}
PR7600_SAMPLE {"workload":"nonpartition_small","rep":12,"rows":256,"cpu_seconds":0.009150435,"elapsed_seconds":0.009183085}
PR7600_SAMPLE {"workload":"nonpartition_small","rep":13,"rows":256,"cpu_seconds":0.009312593,"elapsed_seconds":0.009345824}
PR7600_SAMPLE {"workload":"nonpartition_small","rep":14,"rows":256,"cpu_seconds":0.009481185,"elapsed_seconds":0.009516586}
PR7600_SAMPLE {"workload":"nonpartition_small","rep":15,"rows":256,"cpu_seconds":0.009211340,"elapsed_seconds":0.009245133}
PR7600_SAMPLE {"workload":"nonpartition_small","rep":16,"rows":256,"cpu_seconds":0.009089742,"elapsed_seconds":0.009122223}
PR7600_SAMPLE {"workload":"nonpartition_small","rep":17,"rows":256,"cpu_seconds":0.008974531,"elapsed_seconds":0.009004498}
PR7600_SAMPLE {"workload":"nonpartition_small","rep":18,"rows":256,"cpu_seconds":0.009163332,"elapsed_seconds":0.009200967}
PR7600_SAMPLE {"workload":"nonpartition_small","rep":19,"rows":256,"cpu_seconds":0.008891066,"elapsed_seconds":0.008919235}
PR7600_SAMPLE {"workload":"nonpartition_small","rep":20,"rows":256,"cpu_seconds":0.009298503,"elapsed_seconds":0.009341502}
PR7600_SAMPLE {"workload":"nonpartition_small","rep":21,"rows":256,"cpu_seconds":0.009279778,"elapsed_seconds":0.009316598}
PR7600_SAMPLE {"workload":"nonpartition_small","rep":22,"rows":256,"cpu_seconds":0.009214204,"elapsed_seconds":0.009248930}
PR7600_SAMPLE {"workload":"nonpartition_small","rep":23,"rows":256,"cpu_seconds":0.009067861,"elapsed_seconds":0.009097459}
PR7600_SAMPLE {"workload":"nonpartition_small","rep":24,"rows":256,"cpu_seconds":0.009166007,"elapsed_seconds":0.009196502}
PR7600_SAMPLE {"workload":"nonpartition_small","rep":25,"rows":256,"cpu_seconds":0.009032249,"elapsed_seconds":0.009061542}
PR7600_SAMPLE {"workload":"nonpartition_small","rep":26,"rows":256,"cpu_seconds":0.008744455,"elapsed_seconds":0.008776909}
PR7600_SAMPLE {"workload":"nonpartition_small","rep":27,"rows":256,"cpu_seconds":0.009631193,"elapsed_seconds":0.009667405}
PR7600_SAMPLE {"workload":"nonpartition_small","rep":28,"rows":256,"cpu_seconds":0.009635656,"elapsed_seconds":0.009674833}
PR7600_SAMPLE {"workload":"nonpartition_small","rep":29,"rows":256,"cpu_seconds":0.009224671,"elapsed_seconds":0.009264683}
PR7600_SAMPLE {"workload":"nonpartition_small","rep":30,"rows":256,"cpu_seconds":0.009014292,"elapsed_seconds":0.009048478}
PR7600_SAMPLE {"workload":"nonpartition_small","rep":31,"rows":256,"cpu_seconds":0.009021418,"elapsed_seconds":0.009054484}
PR7600_SAMPLE {"workload":"nonpartition_small","rep":32,"rows":256,"cpu_seconds":0.009049940,"elapsed_seconds":0.009082397}
PR7600_SAMPLE {"workload":"nonpartition_small","rep":33,"rows":256,"cpu_seconds":0.008952063,"elapsed_seconds":0.008983195}
PR7600_SAMPLE {"workload":"nonpartition_small","rep":34,"rows":256,"cpu_seconds":0.009231046,"elapsed_seconds":0.009269019}
PR7600_SAMPLE {"workload":"nonpartition_small","rep":35,"rows":256,"cpu_seconds":0.009336181,"elapsed_seconds":0.009391820}
PR7600_SAMPLE {"workload":"nonpartition_small","rep":36,"rows":256,"cpu_seconds":0.008877594,"elapsed_seconds":0.008910969}
PR7600_SAMPLE {"workload":"nonpartition_small","rep":37,"rows":256,"cpu_seconds":0.008815880,"elapsed_seconds":0.008844102}
PR7600_SAMPLE {"workload":"nonpartition_small","rep":38,"rows":256,"cpu_seconds":0.009000826,"elapsed_seconds":0.009042389}
PR7600_SAMPLE {"workload":"nonpartition_small","rep":39,"rows":256,"cpu_seconds":0.009053978,"elapsed_seconds":0.009102438}
PR7600_SAMPLE {"workload":"nonpartition_small","rep":40,"rows":256,"cpu_seconds":0.009080726,"elapsed_seconds":0.009112866}
PR7600_SAMPLE {"workload":"nonpartition_small","rep":41,"rows":256,"cpu_seconds":0.008856493,"elapsed_seconds":0.008889374}
PR7600_SAMPLE {"workload":"nonpartition_small","rep":42,"rows":256,"cpu_seconds":0.009354011,"elapsed_seconds":0.009392214}
PR7600_SAMPLE {"workload":"nonpartition_small","rep":43,"rows":256,"cpu_seconds":0.009318399,"elapsed_seconds":0.009355040}
PR7600_SAMPLE {"workload":"nonpartition_small","rep":44,"rows":256,"cpu_seconds":0.009436330,"elapsed_seconds":0.009473424}
PR7600_SAMPLE {"workload":"nonpartition_small","rep":45,"rows":256,"cpu_seconds":0.009236766,"elapsed_seconds":0.009283852}
PR7600_SAMPLE {"workload":"nonpartition_small","rep":46,"rows":256,"cpu_seconds":0.009251619,"elapsed_seconds":0.009289219}
PR7600_SAMPLE {"workload":"nonpartition_small","rep":47,"rows":256,"cpu_seconds":0.009175225,"elapsed_seconds":0.009212471}
PR7600_SAMPLE {"workload":"nonpartition_small","rep":48,"rows":256,"cpu_seconds":0.009108844,"elapsed_seconds":0.009138980}
PR7600_SAMPLE {"workload":"nonpartition_small","rep":49,"rows":256,"cpu_seconds":0.009277981,"elapsed_seconds":0.009312325}
PR7600_SAMPLE {"workload":"nonpartition_small","rep":50,"rows":256,"cpu_seconds":0.009014906,"elapsed_seconds":0.009046784}
PR7600_SAMPLE {"workload":"nonpartition_small","rep":51,"rows":256,"cpu_seconds":0.008839464,"elapsed_seconds":0.008871640}
PR7600_SAMPLE {"workload":"nonpartition_small","rep":52,"rows":256,"cpu_seconds":0.009140766,"elapsed_seconds":0.009174643}
PR7600_SAMPLE {"workload":"nonpartition_small","rep":53,"rows":256,"cpu_seconds":0.009022015,"elapsed_seconds":0.009056062}
PR7600_SAMPLE {"workload":"nonpartition_small","rep":54,"rows":256,"cpu_seconds":0.008953378,"elapsed_seconds":0.008985224}
PR7600_SAMPLE {"workload":"nonpartition_small","rep":55,"rows":256,"cpu_seconds":0.009506210,"elapsed_seconds":0.009538114}
PR7600_SAMPLE {"workload":"nonpartition_small","rep":56,"rows":256,"cpu_seconds":0.009390253,"elapsed_seconds":0.009430849}
PR7600_SAMPLE {"workload":"nonpartition_small","rep":57,"rows":256,"cpu_seconds":0.009281244,"elapsed_seconds":0.009312947}
PR7600_SAMPLE {"workload":"nonpartition_small","rep":58,"rows":256,"cpu_seconds":0.009003705,"elapsed_seconds":0.009034712}
PR7600_SAMPLE {"workload":"nonpartition_small","rep":59,"rows":256,"cpu_seconds":0.009101456,"elapsed_seconds":0.009132519}
PR7600_SAMPLE {"workload":"nonpartition_small","rep":60,"rows":256,"cpu_seconds":0.009281186,"elapsed_seconds":0.009324800}
PR7600_SAMPLE {"workload":"nonpartition_small","rep":61,"rows":256,"cpu_seconds":0.009505208,"elapsed_seconds":0.009581721}
PR7600_SAMPLE {"workload":"nonpartition_small","rep":62,"rows":256,"cpu_seconds":0.009493089,"elapsed_seconds":0.009528521}
PR7600_SAMPLE {"workload":"nonpartition_small","rep":63,"rows":256,"cpu_seconds":0.009394762,"elapsed_seconds":0.009431420}
PR7600_SAMPLE {"workload":"nonpartition_small","rep":64,"rows":256,"cpu_seconds":0.009265796,"elapsed_seconds":0.009306884}
PR7600_SAMPLE {"workload":"nonpartition_small","rep":65,"rows":256,"cpu_seconds":0.009421183,"elapsed_seconds":0.009453608}
PR7600_SAMPLE {"workload":"nonpartition_small","rep":66,"rows":256,"cpu_seconds":0.009180319,"elapsed_seconds":0.009215565}
PR7600_SAMPLE {"workload":"nonpartition_small","rep":67,"rows":256,"cpu_seconds":0.009003845,"elapsed_seconds":0.009036366}
PR7600_SAMPLE {"workload":"nonpartition_small","rep":68,"rows":256,"cpu_seconds":0.009094184,"elapsed_seconds":0.009127029}
PR7600_SAMPLE {"workload":"nonpartition_small","rep":69,"rows":256,"cpu_seconds":0.009292738,"elapsed_seconds":0.009324742}
PR7600_SAMPLE {"workload":"nonpartition_small","rep":70,"rows":256,"cpu_seconds":0.009625517,"elapsed_seconds":0.009663010}
PR7600_SAMPLE {"workload":"nonpartition_small","rep":71,"rows":256,"cpu_seconds":0.009569763,"elapsed_seconds":0.009605734}
PR7600_SAMPLE {"workload":"nonpartition_small","rep":72,"rows":256,"cpu_seconds":0.009574424,"elapsed_seconds":0.009621955}
PR7600_SAMPLE {"workload":"nonpartition_small","rep":73,"rows":256,"cpu_seconds":0.009354308,"elapsed_seconds":0.009395469}
PR7600_SAMPLE {"workload":"nonpartition_small","rep":74,"rows":256,"cpu_seconds":0.008892614,"elapsed_seconds":0.008924970}
PR7600_SAMPLE {"workload":"nonpartition_small","rep":75,"rows":256,"cpu_seconds":0.009392506,"elapsed_seconds":0.009431962}
PR7600_SAMPLE {"workload":"nonpartition_small","rep":76,"rows":256,"cpu_seconds":0.009142688,"elapsed_seconds":0.009177865}
PR7600_SAMPLE {"workload":"nonpartition_small","rep":77,"rows":256,"cpu_seconds":0.008816864,"elapsed_seconds":0.008850757}
PR7600_SAMPLE {"workload":"nonpartition_small","rep":78,"rows":256,"cpu_seconds":0.009079520,"elapsed_seconds":0.009114265}
PR7600_SAMPLE {"workload":"nonpartition_small","rep":79,"rows":256,"cpu_seconds":0.009200853,"elapsed_seconds":0.009239363}
PR7600_SAMPLE {"workload":"nonpartition_small","rep":80,"rows":256,"cpu_seconds":0.008921526,"elapsed_seconds":0.008954801}
PR7600_SAMPLE {"workload":"nonpartition_small","rep":81,"rows":256,"cpu_seconds":0.009143479,"elapsed_seconds":0.009204366}
PR7600_SAMPLE {"workload":"nonpartition_small","rep":82,"rows":256,"cpu_seconds":0.009065288,"elapsed_seconds":0.009100092}
PR7600_SAMPLE {"workload":"nonpartition_small","rep":83,"rows":256,"cpu_seconds":0.009158453,"elapsed_seconds":0.009190210}
PR7600_SAMPLE {"workload":"nonpartition_small","rep":84,"rows":256,"cpu_seconds":0.008848725,"elapsed_seconds":0.008895557}
PR7600_SAMPLE {"workload":"nonpartition_small","rep":85,"rows":256,"cpu_seconds":0.008987847,"elapsed_seconds":0.009018416}
PR7600_SAMPLE {"workload":"nonpartition_small","rep":86,"rows":256,"cpu_seconds":0.009294531,"elapsed_seconds":0.009326812}
PR7600_SAMPLE {"workload":"nonpartition_small","rep":87,"rows":256,"cpu_seconds":0.009002715,"elapsed_seconds":0.009034627}
PR7600_SAMPLE {"workload":"nonpartition_small","rep":88,"rows":256,"cpu_seconds":0.008982804,"elapsed_seconds":0.009012834}
PR7600_SAMPLE {"workload":"nonpartition_small","rep":89,"rows":256,"cpu_seconds":0.009131635,"elapsed_seconds":0.009164190}
PR7600_SAMPLE {"workload":"nonpartition_small","rep":90,"rows":256,"cpu_seconds":0.009107020,"elapsed_seconds":0.009141860}
PR7600_SAMPLE {"workload":"nonpartition_small","rep":91,"rows":256,"cpu_seconds":0.009117635,"elapsed_seconds":0.009149777}
PR7600_SAMPLE {"workload":"nonpartition_small","rep":92,"rows":256,"cpu_seconds":0.008919951,"elapsed_seconds":0.008960879}
PR7600_SAMPLE {"workload":"nonpartition_small","rep":93,"rows":256,"cpu_seconds":0.009166487,"elapsed_seconds":0.009203213}
PR7600_SAMPLE {"workload":"nonpartition_small","rep":94,"rows":256,"cpu_seconds":0.009038655,"elapsed_seconds":0.009069806}
PR7600_SAMPLE {"workload":"nonpartition_small","rep":95,"rows":256,"cpu_seconds":0.009204507,"elapsed_seconds":0.009246161}
PR7600_SAMPLE {"workload":"nonpartition_small","rep":96,"rows":256,"cpu_seconds":0.009335007,"elapsed_seconds":0.009367840}
PR7600_SAMPLE {"workload":"nonpartition_small","rep":97,"rows":256,"cpu_seconds":0.009379115,"elapsed_seconds":0.009411644}
PR7600_SAMPLE {"workload":"nonpartition_small","rep":98,"rows":256,"cpu_seconds":0.009240081,"elapsed_seconds":0.009275832}
PR7600_SAMPLE {"workload":"nonpartition_small","rep":99,"rows":256,"cpu_seconds":0.009313068,"elapsed_seconds":0.009350573}
PR7600_SAMPLE {"workload":"nonpartition_small","rep":100,"rows":256,"cpu_seconds":0.009438751,"elapsed_seconds":0.009478059}
PR7600_SAMPLE {"workload":"nonpartition_small","rep":101,"rows":256,"cpu_seconds":0.009309837,"elapsed_seconds":0.009349233}
PR7600_SAMPLE {"workload":"nonpartition_small","rep":102,"rows":256,"cpu_seconds":0.009318815,"elapsed_seconds":0.009359446}
PR7600_SAMPLE {"workload":"nonpartition_small","rep":103,"rows":256,"cpu_seconds":0.009622811,"elapsed_seconds":0.009663630}
PR7600_SAMPLE {"workload":"nonpartition_small","rep":104,"rows":256,"cpu_seconds":0.009492691,"elapsed_seconds":0.009528708}
PR7600_SAMPLE {"workload":"nonpartition_small","rep":105,"rows":256,"cpu_seconds":0.009521973,"elapsed_seconds":0.009563278}
PR7600_SAMPLE {"workload":"nonpartition_small","rep":106,"rows":256,"cpu_seconds":0.009567950,"elapsed_seconds":0.009606331}
PR7600_SAMPLE {"workload":"nonpartition_small","rep":107,"rows":256,"cpu_seconds":0.009793528,"elapsed_seconds":0.009833147}
PR7600_SAMPLE {"workload":"nonpartition_small","rep":108,"rows":256,"cpu_seconds":0.010112741,"elapsed_seconds":0.010153116}
PR7600_SAMPLE {"workload":"nonpartition_small","rep":109,"rows":256,"cpu_seconds":0.009568254,"elapsed_seconds":0.009605419}
PR7600_SAMPLE {"workload":"nonpartition_small","rep":110,"rows":256,"cpu_seconds":0.009508938,"elapsed_seconds":0.009551370}
PR7600_SAMPLE {"workload":"nonpartition_small","rep":111,"rows":256,"cpu_seconds":0.009436647,"elapsed_seconds":0.009469908}
PR7600_SAMPLE {"workload":"nonpartition_small","rep":112,"rows":256,"cpu_seconds":0.009392193,"elapsed_seconds":0.009426935}
PR7600_SAMPLE {"workload":"nonpartition_small","rep":113,"rows":256,"cpu_seconds":0.009469853,"elapsed_seconds":0.009501809}
PR7600_SAMPLE {"workload":"nonpartition_small","rep":114,"rows":256,"cpu_seconds":0.009339428,"elapsed_seconds":0.009370158}
PR7600_SAMPLE {"workload":"nonpartition_small","rep":115,"rows":256,"cpu_seconds":0.009354486,"elapsed_seconds":0.009385635}
PR7600_SAMPLE {"workload":"nonpartition_small","rep":116,"rows":256,"cpu_seconds":0.008979990,"elapsed_seconds":0.009012490}
PR7600_SAMPLE {"workload":"nonpartition_small","rep":117,"rows":256,"cpu_seconds":0.009037692,"elapsed_seconds":0.009069435}
PR7600_SAMPLE {"workload":"nonpartition_small","rep":118,"rows":256,"cpu_seconds":0.009108764,"elapsed_seconds":0.009142708}
PR7600_SAMPLE {"workload":"nonpartition_small","rep":119,"rows":256,"cpu_seconds":0.009113729,"elapsed_seconds":0.009147203}
PR7600_SAMPLE {"workload":"nonpartition_small","rep":120,"rows":256,"cpu_seconds":0.009155813,"elapsed_seconds":0.009193442}
PR7600_SAMPLE {"workload":"nonpartition_small","rep":121,"rows":256,"cpu_seconds":0.009358421,"elapsed_seconds":0.009391162}
PR7600_SAMPLE {"workload":"nonpartition_small","rep":122,"rows":256,"cpu_seconds":0.009207384,"elapsed_seconds":0.009240823}
PR7600_SAMPLE {"workload":"nonpartition_small","rep":123,"rows":256,"cpu_seconds":0.009011938,"elapsed_seconds":0.009043665}
PR7600_SAMPLE {"workload":"nonpartition_small","rep":124,"rows":256,"cpu_seconds":0.009364570,"elapsed_seconds":0.009402468}
PR7600_SAMPLE {"workload":"nonpartition_small","rep":125,"rows":256,"cpu_seconds":0.009265294,"elapsed_seconds":0.009301268}
PR7600_SAMPLE {"workload":"nonpartition_small","rep":126,"rows":256,"cpu_seconds":0.009424567,"elapsed_seconds":0.009560692}
PR7600_SAMPLE {"workload":"nonpartition_small","rep":127,"rows":256,"cpu_seconds":0.008995958,"elapsed_seconds":0.009028533}
PR7600_SAMPLE {"workload":"nonpartition_small","rep":128,"rows":256,"cpu_seconds":0.009034820,"elapsed_seconds":0.009068607}
PR7600_SAMPLE {"workload":"nonpartition_small","rep":129,"rows":256,"cpu_seconds":0.010018752,"elapsed_seconds":0.010059034}
PR7600_SAMPLE {"workload":"nonpartition_small","rep":130,"rows":256,"cpu_seconds":0.008952464,"elapsed_seconds":0.008987582}
PR7600_SAMPLE {"workload":"nonpartition_small","rep":131,"rows":256,"cpu_seconds":0.008889741,"elapsed_seconds":0.008926276}
PR7600_SAMPLE {"workload":"nonpartition_small","rep":132,"rows":256,"cpu_seconds":0.008931897,"elapsed_seconds":0.008963704}
PR7600_SAMPLE {"workload":"nonpartition_small","rep":133,"rows":256,"cpu_seconds":0.009165236,"elapsed_seconds":0.009199389}
PR7600_SAMPLE {"workload":"nonpartition_small","rep":134,"rows":256,"cpu_seconds":0.009156252,"elapsed_seconds":0.009188953}
PR7600_SAMPLE {"workload":"nonpartition_small","rep":135,"rows":256,"cpu_seconds":0.009153663,"elapsed_seconds":0.009191552}
PR7600_SAMPLE {"workload":"nonpartition_small","rep":136,"rows":256,"cpu_seconds":0.009421914,"elapsed_seconds":0.009467169}
PR7600_SAMPLE {"workload":"nonpartition_small","rep":137,"rows":256,"cpu_seconds":0.008901612,"elapsed_seconds":0.008937146}
PR7600_SAMPLE {"workload":"nonpartition_small","rep":138,"rows":256,"cpu_seconds":0.008905927,"elapsed_seconds":0.008937828}
PR7600_SAMPLE {"workload":"nonpartition_small","rep":139,"rows":256,"cpu_seconds":0.009451821,"elapsed_seconds":0.009502948}
PR7600_SAMPLE {"workload":"nonpartition_small","rep":140,"rows":256,"cpu_seconds":0.009002317,"elapsed_seconds":0.009033810}
PR7600_SAMPLE {"workload":"nonpartition_small","rep":141,"rows":256,"cpu_seconds":0.009167681,"elapsed_seconds":0.009199560}
PR7600_SAMPLE {"workload":"nonpartition_small","rep":142,"rows":256,"cpu_seconds":0.009276051,"elapsed_seconds":0.009308959}
PR7600_SAMPLE {"workload":"nonpartition_small","rep":143,"rows":256,"cpu_seconds":0.009166695,"elapsed_seconds":0.009202471}
PR7600_SAMPLE {"workload":"nonpartition_small","rep":144,"rows":256,"cpu_seconds":0.008937614,"elapsed_seconds":0.008969387}
PR7600_SAMPLE {"workload":"nonpartition_small","rep":145,"rows":256,"cpu_seconds":0.009416100,"elapsed_seconds":0.009448562}
PR7600_SAMPLE {"workload":"nonpartition_small","rep":146,"rows":256,"cpu_seconds":0.009423678,"elapsed_seconds":0.009456634}
PR7600_SAMPLE {"workload":"nonpartition_small","rep":147,"rows":256,"cpu_seconds":0.009230717,"elapsed_seconds":0.009262737}
PR7600_SAMPLE {"workload":"nonpartition_small","rep":148,"rows":256,"cpu_seconds":0.009270379,"elapsed_seconds":0.009303456}
PR7600_SAMPLE {"workload":"nonpartition_small","rep":149,"rows":256,"cpu_seconds":0.008970984,"elapsed_seconds":0.009003191}
PR7600_SAMPLE {"workload":"nonpartition_small","rep":150,"rows":256,"cpu_seconds":0.008988517,"elapsed_seconds":0.009020314}
PR7600_SAMPLE {"workload":"nonpartition_small","rep":151,"rows":256,"cpu_seconds":0.009070105,"elapsed_seconds":0.009101203}
PR7600_SAMPLE {"workload":"nonpartition_small","rep":152,"rows":256,"cpu_seconds":0.009039341,"elapsed_seconds":0.009070022}
PR7600_SAMPLE {"workload":"nonpartition_small","rep":153,"rows":256,"cpu_seconds":0.009018429,"elapsed_seconds":0.009051341}
PR7600_SAMPLE {"workload":"nonpartition_small","rep":154,"rows":256,"cpu_seconds":0.008861898,"elapsed_seconds":0.008893928}
PR7600_SAMPLE {"workload":"nonpartition_small","rep":155,"rows":256,"cpu_seconds":0.009240654,"elapsed_seconds":0.009277338}
PR7600_SAMPLE {"workload":"nonpartition_small","rep":156,"rows":256,"cpu_seconds":0.009377578,"elapsed_seconds":0.009416036}
PR7600_SAMPLE {"workload":"nonpartition_small","rep":157,"rows":256,"cpu_seconds":0.009458592,"elapsed_seconds":0.009496380}
PR7600_SAMPLE {"workload":"nonpartition_small","rep":158,"rows":256,"cpu_seconds":0.009433207,"elapsed_seconds":0.009471303}
PR7600_SAMPLE {"workload":"nonpartition_small","rep":159,"rows":256,"cpu_seconds":0.009175825,"elapsed_seconds":0.009219108}
PR7600_SAMPLE {"workload":"nonpartition_small","rep":160,"rows":256,"cpu_seconds":0.009090727,"elapsed_seconds":0.009124745}
PR7600_SAMPLE {"workload":"nonpartition_small","rep":161,"rows":256,"cpu_seconds":0.008968070,"elapsed_seconds":0.009004812}
PR7600_SAMPLE {"workload":"nonpartition_small","rep":162,"rows":256,"cpu_seconds":0.008863927,"elapsed_seconds":0.008894466}
PR7600_SAMPLE {"workload":"nonpartition_small","rep":163,"rows":256,"cpu_seconds":0.009185790,"elapsed_seconds":0.009216511}
PR7600_SAMPLE {"workload":"nonpartition_small","rep":164,"rows":256,"cpu_seconds":0.009057719,"elapsed_seconds":0.009089631}
PR7600_SAMPLE {"workload":"nonpartition_small","rep":165,"rows":256,"cpu_seconds":0.009078898,"elapsed_seconds":0.009119400}
PR7600_SAMPLE {"workload":"nonpartition_small","rep":166,"rows":256,"cpu_seconds":0.009187092,"elapsed_seconds":0.009218374}
PR7600_SAMPLE {"workload":"nonpartition_small","rep":167,"rows":256,"cpu_seconds":0.009330253,"elapsed_seconds":0.009370655}
PR7600_SAMPLE {"workload":"nonpartition_small","rep":168,"rows":256,"cpu_seconds":0.008887521,"elapsed_seconds":0.008917347}
PR7600_SAMPLE {"workload":"nonpartition_small","rep":169,"rows":256,"cpu_seconds":0.008880435,"elapsed_seconds":0.008914716}
PR7600_SAMPLE {"workload":"nonpartition_small","rep":170,"rows":256,"cpu_seconds":0.009073215,"elapsed_seconds":0.009106605}
PR7600_SAMPLE {"workload":"nonpartition_small","rep":171,"rows":256,"cpu_seconds":0.008945709,"elapsed_seconds":0.008977257}
PR7600_SAMPLE {"workload":"nonpartition_small","rep":172,"rows":256,"cpu_seconds":0.008909274,"elapsed_seconds":0.008942239}
PR7600_SAMPLE {"workload":"nonpartition_small","rep":173,"rows":256,"cpu_seconds":0.009366205,"elapsed_seconds":0.009421449}
PR7600_SAMPLE {"workload":"nonpartition_small","rep":174,"rows":256,"cpu_seconds":0.009378515,"elapsed_seconds":0.009417233}
PR7600_SAMPLE {"workload":"nonpartition_small","rep":175,"rows":256,"cpu_seconds":0.009152334,"elapsed_seconds":0.009195767}
PR7600_SAMPLE {"workload":"nonpartition_small","rep":176,"rows":256,"cpu_seconds":0.008832795,"elapsed_seconds":0.008864909}
PR7600_SAMPLE {"workload":"nonpartition_small","rep":177,"rows":256,"cpu_seconds":0.009287036,"elapsed_seconds":0.009319781}
PR7600_SAMPLE {"workload":"nonpartition_small","rep":178,"rows":256,"cpu_seconds":0.009173576,"elapsed_seconds":0.009219252}
PR7600_SAMPLE {"workload":"nonpartition_small","rep":179,"rows":256,"cpu_seconds":0.009409696,"elapsed_seconds":0.009445831}
PR7600_SAMPLE {"workload":"nonpartition_small","rep":180,"rows":256,"cpu_seconds":0.009261807,"elapsed_seconds":0.009297827}
PR7600_SAMPLE {"workload":"nonpartition_small","rep":181,"rows":256,"cpu_seconds":0.013739165,"elapsed_seconds":0.013797343}
PR7600_SAMPLE {"workload":"nonpartition_small","rep":182,"rows":256,"cpu_seconds":0.009083734,"elapsed_seconds":0.009114659}
PR7600_SAMPLE {"workload":"nonpartition_small","rep":183,"rows":256,"cpu_seconds":0.008924909,"elapsed_seconds":0.008957471}
PR7600_SAMPLE {"workload":"nonpartition_small","rep":184,"rows":256,"cpu_seconds":0.008975965,"elapsed_seconds":0.009008832}
PR7600_SAMPLE {"workload":"nonpartition_small","rep":185,"rows":256,"cpu_seconds":0.009306009,"elapsed_seconds":0.009341903}
PR7600_SAMPLE {"workload":"nonpartition_small","rep":186,"rows":256,"cpu_seconds":0.009291928,"elapsed_seconds":0.009327702}
PR7600_SAMPLE {"workload":"nonpartition_small","rep":187,"rows":256,"cpu_seconds":0.009167994,"elapsed_seconds":0.009210193}
PR7600_SAMPLE {"workload":"nonpartition_small","rep":188,"rows":256,"cpu_seconds":0.009181760,"elapsed_seconds":0.009216370}
PR7600_SAMPLE {"workload":"nonpartition_small","rep":189,"rows":256,"cpu_seconds":0.008887573,"elapsed_seconds":0.008918383}
PR7600_SAMPLE {"workload":"nonpartition_small","rep":190,"rows":256,"cpu_seconds":0.008946628,"elapsed_seconds":0.008976068}
PR7600_SAMPLE {"workload":"nonpartition_small","rep":191,"rows":256,"cpu_seconds":0.009083970,"elapsed_seconds":0.009116486}
PR7600_SAMPLE {"workload":"nonpartition_small","rep":192,"rows":256,"cpu_seconds":0.009373943,"elapsed_seconds":0.009410601}
PR7600_SAMPLE {"workload":"nonpartition_small","rep":193,"rows":256,"cpu_seconds":0.009358190,"elapsed_seconds":0.009391585}
PR7600_SAMPLE {"workload":"nonpartition_small","rep":194,"rows":256,"cpu_seconds":0.009378054,"elapsed_seconds":0.009419019}
PR7600_SAMPLE {"workload":"nonpartition_small","rep":195,"rows":256,"cpu_seconds":0.009196231,"elapsed_seconds":0.009233027}
[       OK ] Pr7600Measure.Matrix (2040 ms)
[----------] 1 test from Pr7600Measure (2040 ms total)

[----------] Global test environment tear-down
##### Stopping Server For OOS SQL Testing #####
[==========] 1 test from 1 test suite ran. (2272 ms total)
[  PASSED  ] 1 test.
9598822757;;instructions:u;2198322276;100.00;1.27;insn per cycle
7570172568;;cycles:u;2198322276;100.00;;

Evidence: /home/vimkim/gh/my-cubrid-docs/cbrd-27089/design/ticket06-evidence/diagnosis-20260910/counters/nonpartition-small-1-head.json
