Creating database with 64.0M size using locale en_US.utf8. The total amount of disk space needed is 104.0M.

CUBRID 11.5.0


Note: Google Test filter = Pr7600Measure.Matrix
[==========] Running 1 test from 1 test suite.
[----------] Global test environment set-up.
##### Starting Server For OOS SQL Testing #####
will be written at ./test_oos_sql_log
[----------] 1 test from Pr7600Measure
[ RUN      ] Pr7600Measure.Matrix
PR7600_SAMPLE {"workload":"nonpartition_small","rep":-2,"rows":256,"cpu_seconds":0.010161252,"elapsed_seconds":0.010219638}
PR7600_SAMPLE {"workload":"nonpartition_small","rep":-1,"rows":256,"cpu_seconds":0.009339648,"elapsed_seconds":0.009368956}
PR7600_SAMPLE {"workload":"nonpartition_small","rep":0,"rows":256,"cpu_seconds":0.009470694,"elapsed_seconds":0.009501247}
PR7600_SAMPLE {"workload":"nonpartition_small","rep":1,"rows":256,"cpu_seconds":0.009689867,"elapsed_seconds":0.009724783}
PR7600_SAMPLE {"workload":"nonpartition_small","rep":2,"rows":256,"cpu_seconds":0.009546256,"elapsed_seconds":0.009582867}
PR7600_SAMPLE {"workload":"nonpartition_small","rep":3,"rows":256,"cpu_seconds":0.009389618,"elapsed_seconds":0.009431358}
PR7600_SAMPLE {"workload":"nonpartition_small","rep":4,"rows":256,"cpu_seconds":0.009497334,"elapsed_seconds":0.009530728}
PR7600_SAMPLE {"workload":"nonpartition_small","rep":5,"rows":256,"cpu_seconds":0.009503667,"elapsed_seconds":0.009537946}
PR7600_SAMPLE {"workload":"nonpartition_small","rep":6,"rows":256,"cpu_seconds":0.009409989,"elapsed_seconds":0.009450497}
PR7600_SAMPLE {"workload":"nonpartition_small","rep":7,"rows":256,"cpu_seconds":0.009437992,"elapsed_seconds":0.009474864}
PR7600_SAMPLE {"workload":"nonpartition_small","rep":8,"rows":256,"cpu_seconds":0.009624834,"elapsed_seconds":0.009664381}
PR7600_SAMPLE {"workload":"nonpartition_small","rep":9,"rows":256,"cpu_seconds":0.009480105,"elapsed_seconds":0.009513927}
PR7600_SAMPLE {"workload":"nonpartition_small","rep":10,"rows":256,"cpu_seconds":0.009297037,"elapsed_seconds":0.009329699}
PR7600_SAMPLE {"workload":"nonpartition_small","rep":11,"rows":256,"cpu_seconds":0.009314667,"elapsed_seconds":0.009346512}
PR7600_SAMPLE {"workload":"nonpartition_small","rep":12,"rows":256,"cpu_seconds":0.009452972,"elapsed_seconds":0.009483572}
PR7600_SAMPLE {"workload":"nonpartition_small","rep":13,"rows":256,"cpu_seconds":0.009089121,"elapsed_seconds":0.009122161}
PR7600_SAMPLE {"workload":"nonpartition_small","rep":14,"rows":256,"cpu_seconds":0.009386626,"elapsed_seconds":0.009416547}
PR7600_SAMPLE {"workload":"nonpartition_small","rep":15,"rows":256,"cpu_seconds":0.009340131,"elapsed_seconds":0.009370312}
PR7600_SAMPLE {"workload":"nonpartition_small","rep":16,"rows":256,"cpu_seconds":0.009146942,"elapsed_seconds":0.009180917}
PR7600_SAMPLE {"workload":"nonpartition_small","rep":17,"rows":256,"cpu_seconds":0.009241483,"elapsed_seconds":0.009277243}
PR7600_SAMPLE {"workload":"nonpartition_small","rep":18,"rows":256,"cpu_seconds":0.009252158,"elapsed_seconds":0.009283098}
PR7600_SAMPLE {"workload":"nonpartition_small","rep":19,"rows":256,"cpu_seconds":0.009480826,"elapsed_seconds":0.009517675}
PR7600_SAMPLE {"workload":"nonpartition_small","rep":20,"rows":256,"cpu_seconds":0.009329462,"elapsed_seconds":0.009363174}
PR7600_SAMPLE {"workload":"nonpartition_small","rep":21,"rows":256,"cpu_seconds":0.009516812,"elapsed_seconds":0.009556039}
PR7600_SAMPLE {"workload":"nonpartition_small","rep":22,"rows":256,"cpu_seconds":0.009425656,"elapsed_seconds":0.009471232}
PR7600_SAMPLE {"workload":"nonpartition_small","rep":23,"rows":256,"cpu_seconds":0.009287635,"elapsed_seconds":0.009323959}
PR7600_SAMPLE {"workload":"nonpartition_small","rep":24,"rows":256,"cpu_seconds":0.009460929,"elapsed_seconds":0.009497450}
PR7600_SAMPLE {"workload":"nonpartition_small","rep":25,"rows":256,"cpu_seconds":0.009488306,"elapsed_seconds":0.009524605}
PR7600_SAMPLE {"workload":"nonpartition_small","rep":26,"rows":256,"cpu_seconds":0.009412509,"elapsed_seconds":0.009446235}
PR7600_SAMPLE {"workload":"nonpartition_small","rep":27,"rows":256,"cpu_seconds":0.009423333,"elapsed_seconds":0.009470568}
PR7600_SAMPLE {"workload":"nonpartition_small","rep":28,"rows":256,"cpu_seconds":0.009400336,"elapsed_seconds":0.009439450}
PR7600_SAMPLE {"workload":"nonpartition_small","rep":29,"rows":256,"cpu_seconds":0.009565733,"elapsed_seconds":0.009598703}
PR7600_SAMPLE {"workload":"nonpartition_small","rep":30,"rows":256,"cpu_seconds":0.009541204,"elapsed_seconds":0.009572409}
PR7600_SAMPLE {"workload":"nonpartition_small","rep":31,"rows":256,"cpu_seconds":0.009456073,"elapsed_seconds":0.009486880}
PR7600_SAMPLE {"workload":"nonpartition_small","rep":32,"rows":256,"cpu_seconds":0.009281961,"elapsed_seconds":0.009313747}
PR7600_SAMPLE {"workload":"nonpartition_small","rep":33,"rows":256,"cpu_seconds":0.009314451,"elapsed_seconds":0.009347441}
PR7600_SAMPLE {"workload":"nonpartition_small","rep":34,"rows":256,"cpu_seconds":0.009663726,"elapsed_seconds":0.009694970}
PR7600_SAMPLE {"workload":"nonpartition_small","rep":35,"rows":256,"cpu_seconds":0.009424123,"elapsed_seconds":0.009458396}
PR7600_SAMPLE {"workload":"nonpartition_small","rep":36,"rows":256,"cpu_seconds":0.009409932,"elapsed_seconds":0.009440478}
PR7600_SAMPLE {"workload":"nonpartition_small","rep":37,"rows":256,"cpu_seconds":0.009581751,"elapsed_seconds":0.009619016}
PR7600_SAMPLE {"workload":"nonpartition_small","rep":38,"rows":256,"cpu_seconds":0.009375160,"elapsed_seconds":0.009416674}
PR7600_SAMPLE {"workload":"nonpartition_small","rep":39,"rows":256,"cpu_seconds":0.009303805,"elapsed_seconds":0.009350301}
PR7600_SAMPLE {"workload":"nonpartition_small","rep":40,"rows":256,"cpu_seconds":0.009199523,"elapsed_seconds":0.009234101}
PR7600_SAMPLE {"workload":"nonpartition_small","rep":41,"rows":256,"cpu_seconds":0.009381295,"elapsed_seconds":0.009416540}
PR7600_SAMPLE {"workload":"nonpartition_small","rep":42,"rows":256,"cpu_seconds":0.009519173,"elapsed_seconds":0.009555357}
PR7600_SAMPLE {"workload":"nonpartition_small","rep":43,"rows":256,"cpu_seconds":0.009350460,"elapsed_seconds":0.009381146}
PR7600_SAMPLE {"workload":"nonpartition_small","rep":44,"rows":256,"cpu_seconds":0.009283013,"elapsed_seconds":0.009312552}
PR7600_SAMPLE {"workload":"nonpartition_small","rep":45,"rows":256,"cpu_seconds":0.009158536,"elapsed_seconds":0.009188059}
PR7600_SAMPLE {"workload":"nonpartition_small","rep":46,"rows":256,"cpu_seconds":0.009559231,"elapsed_seconds":0.009591176}
PR7600_SAMPLE {"workload":"nonpartition_small","rep":47,"rows":256,"cpu_seconds":0.009262767,"elapsed_seconds":0.009298904}
PR7600_SAMPLE {"workload":"nonpartition_small","rep":48,"rows":256,"cpu_seconds":0.009361464,"elapsed_seconds":0.009394089}
PR7600_SAMPLE {"workload":"nonpartition_small","rep":49,"rows":256,"cpu_seconds":0.009360253,"elapsed_seconds":0.009380699}
PR7600_SAMPLE {"workload":"nonpartition_small","rep":50,"rows":256,"cpu_seconds":0.009373040,"elapsed_seconds":0.009405587}
PR7600_SAMPLE {"workload":"nonpartition_small","rep":51,"rows":256,"cpu_seconds":0.009421501,"elapsed_seconds":0.009454363}
PR7600_SAMPLE {"workload":"nonpartition_small","rep":52,"rows":256,"cpu_seconds":0.009240791,"elapsed_seconds":0.009272543}
PR7600_SAMPLE {"workload":"nonpartition_small","rep":53,"rows":256,"cpu_seconds":0.009145550,"elapsed_seconds":0.009177137}
PR7600_SAMPLE {"workload":"nonpartition_small","rep":54,"rows":256,"cpu_seconds":0.009311676,"elapsed_seconds":0.009353215}
PR7600_SAMPLE {"workload":"nonpartition_small","rep":55,"rows":256,"cpu_seconds":0.009407948,"elapsed_seconds":0.009444308}
PR7600_SAMPLE {"workload":"nonpartition_small","rep":56,"rows":256,"cpu_seconds":0.009460566,"elapsed_seconds":0.009496668}
PR7600_SAMPLE {"workload":"nonpartition_small","rep":57,"rows":256,"cpu_seconds":0.009344486,"elapsed_seconds":0.009377906}
PR7600_SAMPLE {"workload":"nonpartition_small","rep":58,"rows":256,"cpu_seconds":0.009343649,"elapsed_seconds":0.009380650}
PR7600_SAMPLE {"workload":"nonpartition_small","rep":59,"rows":256,"cpu_seconds":0.009456063,"elapsed_seconds":0.009515807}
PR7600_SAMPLE {"workload":"nonpartition_small","rep":60,"rows":256,"cpu_seconds":0.009361314,"elapsed_seconds":0.009395900}
PR7600_SAMPLE {"workload":"nonpartition_small","rep":61,"rows":256,"cpu_seconds":0.009737980,"elapsed_seconds":0.009778377}
PR7600_SAMPLE {"workload":"nonpartition_small","rep":62,"rows":256,"cpu_seconds":0.009551783,"elapsed_seconds":0.009585777}
PR7600_SAMPLE {"workload":"nonpartition_small","rep":63,"rows":256,"cpu_seconds":0.009549811,"elapsed_seconds":0.009590742}
PR7600_SAMPLE {"workload":"nonpartition_small","rep":64,"rows":256,"cpu_seconds":0.009853299,"elapsed_seconds":0.009890260}
PR7600_SAMPLE {"workload":"nonpartition_small","rep":65,"rows":256,"cpu_seconds":0.009397472,"elapsed_seconds":0.009429670}
PR7600_SAMPLE {"workload":"nonpartition_small","rep":66,"rows":256,"cpu_seconds":0.009018966,"elapsed_seconds":0.009051092}
PR7600_SAMPLE {"workload":"nonpartition_small","rep":67,"rows":256,"cpu_seconds":0.009246217,"elapsed_seconds":0.009280331}
PR7600_SAMPLE {"workload":"nonpartition_small","rep":68,"rows":256,"cpu_seconds":0.009456478,"elapsed_seconds":0.009494175}
PR7600_SAMPLE {"workload":"nonpartition_small","rep":69,"rows":256,"cpu_seconds":0.009568267,"elapsed_seconds":0.009607467}
PR7600_SAMPLE {"workload":"nonpartition_small","rep":70,"rows":256,"cpu_seconds":0.009309246,"elapsed_seconds":0.009347790}
PR7600_SAMPLE {"workload":"nonpartition_small","rep":71,"rows":256,"cpu_seconds":0.009336105,"elapsed_seconds":0.009373155}
PR7600_SAMPLE {"workload":"nonpartition_small","rep":72,"rows":256,"cpu_seconds":0.009360930,"elapsed_seconds":0.009396873}
PR7600_SAMPLE {"workload":"nonpartition_small","rep":73,"rows":256,"cpu_seconds":0.009316384,"elapsed_seconds":0.009351374}
PR7600_SAMPLE {"workload":"nonpartition_small","rep":74,"rows":256,"cpu_seconds":0.009446351,"elapsed_seconds":0.009485394}
PR7600_SAMPLE {"workload":"nonpartition_small","rep":75,"rows":256,"cpu_seconds":0.009538079,"elapsed_seconds":0.009573930}
PR7600_SAMPLE {"workload":"nonpartition_small","rep":76,"rows":256,"cpu_seconds":0.009385018,"elapsed_seconds":0.009417281}
PR7600_SAMPLE {"workload":"nonpartition_small","rep":77,"rows":256,"cpu_seconds":0.009005430,"elapsed_seconds":0.009035476}
PR7600_SAMPLE {"workload":"nonpartition_small","rep":78,"rows":256,"cpu_seconds":0.009244731,"elapsed_seconds":0.009275282}
PR7600_SAMPLE {"workload":"nonpartition_small","rep":79,"rows":256,"cpu_seconds":0.009287949,"elapsed_seconds":0.009317325}
PR7600_SAMPLE {"workload":"nonpartition_small","rep":80,"rows":256,"cpu_seconds":0.008852236,"elapsed_seconds":0.008881488}
PR7600_SAMPLE {"workload":"nonpartition_small","rep":81,"rows":256,"cpu_seconds":0.009182736,"elapsed_seconds":0.009217020}
PR7600_SAMPLE {"workload":"nonpartition_small","rep":82,"rows":256,"cpu_seconds":0.009524268,"elapsed_seconds":0.009560397}
PR7600_SAMPLE {"workload":"nonpartition_small","rep":83,"rows":256,"cpu_seconds":0.009322910,"elapsed_seconds":0.009360682}
PR7600_SAMPLE {"workload":"nonpartition_small","rep":84,"rows":256,"cpu_seconds":0.009578149,"elapsed_seconds":0.009645377}
PR7600_SAMPLE {"workload":"nonpartition_small","rep":85,"rows":256,"cpu_seconds":0.009430191,"elapsed_seconds":0.009467235}
PR7600_SAMPLE {"workload":"nonpartition_small","rep":86,"rows":256,"cpu_seconds":0.009120297,"elapsed_seconds":0.009154657}
PR7600_SAMPLE {"workload":"nonpartition_small","rep":87,"rows":256,"cpu_seconds":0.009383827,"elapsed_seconds":0.009421217}
PR7600_SAMPLE {"workload":"nonpartition_small","rep":88,"rows":256,"cpu_seconds":0.009613323,"elapsed_seconds":0.009664136}
PR7600_SAMPLE {"workload":"nonpartition_small","rep":89,"rows":256,"cpu_seconds":0.009459441,"elapsed_seconds":0.009497862}
PR7600_SAMPLE {"workload":"nonpartition_small","rep":90,"rows":256,"cpu_seconds":0.009328550,"elapsed_seconds":0.009365056}
PR7600_SAMPLE {"workload":"nonpartition_small","rep":91,"rows":256,"cpu_seconds":0.009388024,"elapsed_seconds":0.009453522}
PR7600_SAMPLE {"workload":"nonpartition_small","rep":92,"rows":256,"cpu_seconds":0.009340071,"elapsed_seconds":0.009373298}
PR7600_SAMPLE {"workload":"nonpartition_small","rep":93,"rows":256,"cpu_seconds":0.009526903,"elapsed_seconds":0.009557699}
PR7600_SAMPLE {"workload":"nonpartition_small","rep":94,"rows":256,"cpu_seconds":0.009223065,"elapsed_seconds":0.009253539}
PR7600_SAMPLE {"workload":"nonpartition_small","rep":95,"rows":256,"cpu_seconds":0.009428096,"elapsed_seconds":0.009458290}
PR7600_SAMPLE {"workload":"nonpartition_small","rep":96,"rows":256,"cpu_seconds":0.009272469,"elapsed_seconds":0.009304271}
PR7600_SAMPLE {"workload":"nonpartition_small","rep":97,"rows":256,"cpu_seconds":0.009308168,"elapsed_seconds":0.009352870}
PR7600_SAMPLE {"workload":"nonpartition_small","rep":98,"rows":256,"cpu_seconds":0.009543092,"elapsed_seconds":0.009585266}
PR7600_SAMPLE {"workload":"nonpartition_small","rep":99,"rows":256,"cpu_seconds":0.009083582,"elapsed_seconds":0.009114395}
PR7600_SAMPLE {"workload":"nonpartition_small","rep":100,"rows":256,"cpu_seconds":0.009405412,"elapsed_seconds":0.009441767}
PR7600_SAMPLE {"workload":"nonpartition_small","rep":101,"rows":256,"cpu_seconds":0.009423972,"elapsed_seconds":0.009468101}
PR7600_SAMPLE {"workload":"nonpartition_small","rep":102,"rows":256,"cpu_seconds":0.009533050,"elapsed_seconds":0.009568003}
PR7600_SAMPLE {"workload":"nonpartition_small","rep":103,"rows":256,"cpu_seconds":0.009475634,"elapsed_seconds":0.009510458}
PR7600_SAMPLE {"workload":"nonpartition_small","rep":104,"rows":256,"cpu_seconds":0.009762620,"elapsed_seconds":0.009794101}
PR7600_SAMPLE {"workload":"nonpartition_small","rep":105,"rows":256,"cpu_seconds":0.009652068,"elapsed_seconds":0.009685607}
PR7600_SAMPLE {"workload":"nonpartition_small","rep":106,"rows":256,"cpu_seconds":0.009396480,"elapsed_seconds":0.009431462}
PR7600_SAMPLE {"workload":"nonpartition_small","rep":107,"rows":256,"cpu_seconds":0.009301340,"elapsed_seconds":0.009336978}
PR7600_SAMPLE {"workload":"nonpartition_small","rep":108,"rows":256,"cpu_seconds":0.009651223,"elapsed_seconds":0.009691328}
PR7600_SAMPLE {"workload":"nonpartition_small","rep":109,"rows":256,"cpu_seconds":0.009798736,"elapsed_seconds":0.009835351}
PR7600_SAMPLE {"workload":"nonpartition_small","rep":110,"rows":256,"cpu_seconds":0.009473497,"elapsed_seconds":0.009523544}
PR7600_SAMPLE {"workload":"nonpartition_small","rep":111,"rows":256,"cpu_seconds":0.009568319,"elapsed_seconds":0.009610849}
PR7600_SAMPLE {"workload":"nonpartition_small","rep":112,"rows":256,"cpu_seconds":0.009590111,"elapsed_seconds":0.009628618}
PR7600_SAMPLE {"workload":"nonpartition_small","rep":113,"rows":256,"cpu_seconds":0.009500659,"elapsed_seconds":0.009534647}
PR7600_SAMPLE {"workload":"nonpartition_small","rep":114,"rows":256,"cpu_seconds":0.009693200,"elapsed_seconds":0.009734835}
PR7600_SAMPLE {"workload":"nonpartition_small","rep":115,"rows":256,"cpu_seconds":0.009460959,"elapsed_seconds":0.009493550}
PR7600_SAMPLE {"workload":"nonpartition_small","rep":116,"rows":256,"cpu_seconds":0.009447823,"elapsed_seconds":0.009486350}
PR7600_SAMPLE {"workload":"nonpartition_small","rep":117,"rows":256,"cpu_seconds":0.009489357,"elapsed_seconds":0.009528226}
PR7600_SAMPLE {"workload":"nonpartition_small","rep":118,"rows":256,"cpu_seconds":0.009250791,"elapsed_seconds":0.009298172}
PR7600_SAMPLE {"workload":"nonpartition_small","rep":119,"rows":256,"cpu_seconds":0.009470005,"elapsed_seconds":0.009506959}
PR7600_SAMPLE {"workload":"nonpartition_small","rep":120,"rows":256,"cpu_seconds":0.009179177,"elapsed_seconds":0.009212691}
PR7600_SAMPLE {"workload":"nonpartition_small","rep":121,"rows":256,"cpu_seconds":0.009444124,"elapsed_seconds":0.009486326}
PR7600_SAMPLE {"workload":"nonpartition_small","rep":122,"rows":256,"cpu_seconds":0.009306815,"elapsed_seconds":0.009339444}
PR7600_SAMPLE {"workload":"nonpartition_small","rep":123,"rows":256,"cpu_seconds":0.009024490,"elapsed_seconds":0.009058226}
PR7600_SAMPLE {"workload":"nonpartition_small","rep":124,"rows":256,"cpu_seconds":0.009416064,"elapsed_seconds":0.009444984}
PR7600_SAMPLE {"workload":"nonpartition_small","rep":125,"rows":256,"cpu_seconds":0.009422200,"elapsed_seconds":0.009460786}
PR7600_SAMPLE {"workload":"nonpartition_small","rep":126,"rows":256,"cpu_seconds":0.009232745,"elapsed_seconds":0.009264748}
PR7600_SAMPLE {"workload":"nonpartition_small","rep":127,"rows":256,"cpu_seconds":0.009339639,"elapsed_seconds":0.009373402}
PR7600_SAMPLE {"workload":"nonpartition_small","rep":128,"rows":256,"cpu_seconds":0.009015895,"elapsed_seconds":0.009050482}
PR7600_SAMPLE {"workload":"nonpartition_small","rep":129,"rows":256,"cpu_seconds":0.009219599,"elapsed_seconds":0.009253161}
PR7600_SAMPLE {"workload":"nonpartition_small","rep":130,"rows":256,"cpu_seconds":0.009239733,"elapsed_seconds":0.009271607}
PR7600_SAMPLE {"workload":"nonpartition_small","rep":131,"rows":256,"cpu_seconds":0.009700628,"elapsed_seconds":0.009743065}
PR7600_SAMPLE {"workload":"nonpartition_small","rep":132,"rows":256,"cpu_seconds":0.009668418,"elapsed_seconds":0.009704120}
PR7600_SAMPLE {"workload":"nonpartition_small","rep":133,"rows":256,"cpu_seconds":0.010066091,"elapsed_seconds":0.010107886}
PR7600_SAMPLE {"workload":"nonpartition_small","rep":134,"rows":256,"cpu_seconds":0.009956441,"elapsed_seconds":0.010030438}
PR7600_SAMPLE {"workload":"nonpartition_small","rep":135,"rows":256,"cpu_seconds":0.009365293,"elapsed_seconds":0.009399391}
PR7600_SAMPLE {"workload":"nonpartition_small","rep":136,"rows":256,"cpu_seconds":0.009568124,"elapsed_seconds":0.009628913}
PR7600_SAMPLE {"workload":"nonpartition_small","rep":137,"rows":256,"cpu_seconds":0.009645862,"elapsed_seconds":0.009691828}
PR7600_SAMPLE {"workload":"nonpartition_small","rep":138,"rows":256,"cpu_seconds":0.009491538,"elapsed_seconds":0.009538963}
PR7600_SAMPLE {"workload":"nonpartition_small","rep":139,"rows":256,"cpu_seconds":0.009392883,"elapsed_seconds":0.009469450}
PR7600_SAMPLE {"workload":"nonpartition_small","rep":140,"rows":256,"cpu_seconds":0.009203471,"elapsed_seconds":0.009240961}
PR7600_SAMPLE {"workload":"nonpartition_small","rep":141,"rows":256,"cpu_seconds":0.009515795,"elapsed_seconds":0.009573224}
PR7600_SAMPLE {"workload":"nonpartition_small","rep":142,"rows":256,"cpu_seconds":0.009588932,"elapsed_seconds":0.009666858}
PR7600_SAMPLE {"workload":"nonpartition_small","rep":143,"rows":256,"cpu_seconds":0.009639699,"elapsed_seconds":0.009670665}
PR7600_SAMPLE {"workload":"nonpartition_small","rep":144,"rows":256,"cpu_seconds":0.009681189,"elapsed_seconds":0.009734129}
PR7600_SAMPLE {"workload":"nonpartition_small","rep":145,"rows":256,"cpu_seconds":0.009599160,"elapsed_seconds":0.009644308}
PR7600_SAMPLE {"workload":"nonpartition_small","rep":146,"rows":256,"cpu_seconds":0.009551284,"elapsed_seconds":0.009585922}
PR7600_SAMPLE {"workload":"nonpartition_small","rep":147,"rows":256,"cpu_seconds":0.009408921,"elapsed_seconds":0.009443787}
PR7600_SAMPLE {"workload":"nonpartition_small","rep":148,"rows":256,"cpu_seconds":0.009619369,"elapsed_seconds":0.009651180}
PR7600_SAMPLE {"workload":"nonpartition_small","rep":149,"rows":256,"cpu_seconds":0.009336792,"elapsed_seconds":0.009369129}
PR7600_SAMPLE {"workload":"nonpartition_small","rep":150,"rows":256,"cpu_seconds":0.009251238,"elapsed_seconds":0.009291113}
PR7600_SAMPLE {"workload":"nonpartition_small","rep":151,"rows":256,"cpu_seconds":0.009321795,"elapsed_seconds":0.009355389}
PR7600_SAMPLE {"workload":"nonpartition_small","rep":152,"rows":256,"cpu_seconds":0.009246193,"elapsed_seconds":0.009280005}
PR7600_SAMPLE {"workload":"nonpartition_small","rep":153,"rows":256,"cpu_seconds":0.008961103,"elapsed_seconds":0.008991743}
PR7600_SAMPLE {"workload":"nonpartition_small","rep":154,"rows":256,"cpu_seconds":0.009294507,"elapsed_seconds":0.009328881}
PR7600_SAMPLE {"workload":"nonpartition_small","rep":155,"rows":256,"cpu_seconds":0.009121957,"elapsed_seconds":0.009152946}
PR7600_SAMPLE {"workload":"nonpartition_small","rep":156,"rows":256,"cpu_seconds":0.009339249,"elapsed_seconds":0.009373092}
PR7600_SAMPLE {"workload":"nonpartition_small","rep":157,"rows":256,"cpu_seconds":0.009345770,"elapsed_seconds":0.009379508}
PR7600_SAMPLE {"workload":"nonpartition_small","rep":158,"rows":256,"cpu_seconds":0.009290819,"elapsed_seconds":0.009325345}
PR7600_SAMPLE {"workload":"nonpartition_small","rep":159,"rows":256,"cpu_seconds":0.009379843,"elapsed_seconds":0.009408902}
PR7600_SAMPLE {"workload":"nonpartition_small","rep":160,"rows":256,"cpu_seconds":0.009247872,"elapsed_seconds":0.009282404}
PR7600_SAMPLE {"workload":"nonpartition_small","rep":161,"rows":256,"cpu_seconds":0.009385700,"elapsed_seconds":0.009423303}
PR7600_SAMPLE {"workload":"nonpartition_small","rep":162,"rows":256,"cpu_seconds":0.009272686,"elapsed_seconds":0.009314019}
PR7600_SAMPLE {"workload":"nonpartition_small","rep":163,"rows":256,"cpu_seconds":0.009353276,"elapsed_seconds":0.009391532}
PR7600_SAMPLE {"workload":"nonpartition_small","rep":164,"rows":256,"cpu_seconds":0.009423784,"elapsed_seconds":0.009472646}
PR7600_SAMPLE {"workload":"nonpartition_small","rep":165,"rows":256,"cpu_seconds":0.008947034,"elapsed_seconds":0.008979932}
PR7600_SAMPLE {"workload":"nonpartition_small","rep":166,"rows":256,"cpu_seconds":0.008807084,"elapsed_seconds":0.008839553}
PR7600_SAMPLE {"workload":"nonpartition_small","rep":167,"rows":256,"cpu_seconds":0.009379650,"elapsed_seconds":0.009417796}
PR7600_SAMPLE {"workload":"nonpartition_small","rep":168,"rows":256,"cpu_seconds":0.009422064,"elapsed_seconds":0.009456575}
PR7600_SAMPLE {"workload":"nonpartition_small","rep":169,"rows":256,"cpu_seconds":0.009217762,"elapsed_seconds":0.009251263}
PR7600_SAMPLE {"workload":"nonpartition_small","rep":170,"rows":256,"cpu_seconds":0.009077388,"elapsed_seconds":0.009105589}
PR7600_SAMPLE {"workload":"nonpartition_small","rep":171,"rows":256,"cpu_seconds":0.009101090,"elapsed_seconds":0.009134292}
PR7600_SAMPLE {"workload":"nonpartition_small","rep":172,"rows":256,"cpu_seconds":0.009101462,"elapsed_seconds":0.009142666}
PR7600_SAMPLE {"workload":"nonpartition_small","rep":173,"rows":256,"cpu_seconds":0.009576475,"elapsed_seconds":0.009613994}
PR7600_SAMPLE {"workload":"nonpartition_small","rep":174,"rows":256,"cpu_seconds":0.009743870,"elapsed_seconds":0.009780449}
PR7600_SAMPLE {"workload":"nonpartition_small","rep":175,"rows":256,"cpu_seconds":0.009340093,"elapsed_seconds":0.009370272}
PR7600_SAMPLE {"workload":"nonpartition_small","rep":176,"rows":256,"cpu_seconds":0.009398246,"elapsed_seconds":0.009431224}
PR7600_SAMPLE {"workload":"nonpartition_small","rep":177,"rows":256,"cpu_seconds":0.009445645,"elapsed_seconds":0.009478199}
PR7600_SAMPLE {"workload":"nonpartition_small","rep":178,"rows":256,"cpu_seconds":0.013744929,"elapsed_seconds":0.013794563}
PR7600_SAMPLE {"workload":"nonpartition_small","rep":179,"rows":256,"cpu_seconds":0.009359673,"elapsed_seconds":0.009401306}
PR7600_SAMPLE {"workload":"nonpartition_small","rep":180,"rows":256,"cpu_seconds":0.009370864,"elapsed_seconds":0.009405846}
PR7600_SAMPLE {"workload":"nonpartition_small","rep":181,"rows":256,"cpu_seconds":0.009440552,"elapsed_seconds":0.009475830}
PR7600_SAMPLE {"workload":"nonpartition_small","rep":182,"rows":256,"cpu_seconds":0.009420157,"elapsed_seconds":0.009454636}
PR7600_SAMPLE {"workload":"nonpartition_small","rep":183,"rows":256,"cpu_seconds":0.009283505,"elapsed_seconds":0.009319653}
PR7600_SAMPLE {"workload":"nonpartition_small","rep":184,"rows":256,"cpu_seconds":0.009523829,"elapsed_seconds":0.009557979}
PR7600_SAMPLE {"workload":"nonpartition_small","rep":185,"rows":256,"cpu_seconds":0.008943652,"elapsed_seconds":0.008975370}
PR7600_SAMPLE {"workload":"nonpartition_small","rep":186,"rows":256,"cpu_seconds":0.008985637,"elapsed_seconds":0.009016946}
PR7600_SAMPLE {"workload":"nonpartition_small","rep":187,"rows":256,"cpu_seconds":0.009090629,"elapsed_seconds":0.009126411}
PR7600_SAMPLE {"workload":"nonpartition_small","rep":188,"rows":256,"cpu_seconds":0.009689305,"elapsed_seconds":0.009728625}
PR7600_SAMPLE {"workload":"nonpartition_small","rep":189,"rows":256,"cpu_seconds":0.009263006,"elapsed_seconds":0.009301089}
PR7600_SAMPLE {"workload":"nonpartition_small","rep":190,"rows":256,"cpu_seconds":0.009085268,"elapsed_seconds":0.009119266}
PR7600_SAMPLE {"workload":"nonpartition_small","rep":191,"rows":256,"cpu_seconds":0.009074480,"elapsed_seconds":0.009104607}
PR7600_SAMPLE {"workload":"nonpartition_small","rep":192,"rows":256,"cpu_seconds":0.008952181,"elapsed_seconds":0.008985888}
PR7600_SAMPLE {"workload":"nonpartition_small","rep":193,"rows":256,"cpu_seconds":0.008877858,"elapsed_seconds":0.008908939}
PR7600_SAMPLE {"workload":"nonpartition_small","rep":194,"rows":256,"cpu_seconds":0.009251892,"elapsed_seconds":0.009282746}
PR7600_SAMPLE {"workload":"nonpartition_small","rep":195,"rows":256,"cpu_seconds":0.008972858,"elapsed_seconds":0.009003695}
[       OK ] Pr7600Measure.Matrix (2070 ms)
[----------] 1 test from Pr7600Measure (2070 ms total)

[----------] Global test environment tear-down
##### Stopping Server For OOS SQL Testing #####
[==========] 1 test from 1 test suite ran. (2301 ms total)
[  PASSED  ] 1 test.
9598214957;;instructions:u;2227563705;100.00;1.27;insn per cycle
7540194996;;cycles:u;2227563705;100.00;;

Evidence: /home/vimkim/gh/my-cubrid-docs/cbrd-27089/design/ticket06-evidence/diagnosis-20260910/counters/nonpartition-small-0-base.json
