Creating database with 64.0M size using locale en_US.utf8. The total amount of disk space needed is 104.0M.

CUBRID 11.5.0


Note: Google Test filter = Pr7600Measure.Matrix
[==========] Running 1 test from 1 test suite.
[----------] Global test environment set-up.
##### Starting Server For OOS SQL Testing #####
will be written at ./test_oos_sql_log
[----------] 1 test from Pr7600Measure
[ RUN      ] Pr7600Measure.Matrix
PR7600_SAMPLE {"workload":"small_inline","rep":-2,"rows":256,"cpu_seconds":0.010670488,"elapsed_seconds":0.010709916}
PR7600_SAMPLE {"workload":"small_inline","rep":-1,"rows":256,"cpu_seconds":0.010630217,"elapsed_seconds":0.010669566}
PR7600_SAMPLE {"workload":"small_inline","rep":0,"rows":256,"cpu_seconds":0.010739493,"elapsed_seconds":0.010781828}
PR7600_SAMPLE {"workload":"small_inline","rep":1,"rows":256,"cpu_seconds":0.010399284,"elapsed_seconds":0.010437040}
PR7600_SAMPLE {"workload":"small_inline","rep":2,"rows":256,"cpu_seconds":0.010489854,"elapsed_seconds":0.010529938}
PR7600_SAMPLE {"workload":"small_inline","rep":3,"rows":256,"cpu_seconds":0.010077915,"elapsed_seconds":0.010117717}
PR7600_SAMPLE {"workload":"small_inline","rep":4,"rows":256,"cpu_seconds":0.010284047,"elapsed_seconds":0.010329567}
PR7600_SAMPLE {"workload":"small_inline","rep":5,"rows":256,"cpu_seconds":0.010729935,"elapsed_seconds":0.010788895}
PR7600_SAMPLE {"workload":"small_inline","rep":6,"rows":256,"cpu_seconds":0.010300060,"elapsed_seconds":0.010337012}
PR7600_SAMPLE {"workload":"small_inline","rep":7,"rows":256,"cpu_seconds":0.010679857,"elapsed_seconds":0.010723062}
PR7600_SAMPLE {"workload":"small_inline","rep":8,"rows":256,"cpu_seconds":0.010468022,"elapsed_seconds":0.010514206}
PR7600_SAMPLE {"workload":"small_inline","rep":9,"rows":256,"cpu_seconds":0.010634325,"elapsed_seconds":0.010689551}
PR7600_SAMPLE {"workload":"small_inline","rep":10,"rows":256,"cpu_seconds":0.010425336,"elapsed_seconds":0.010468866}
PR7600_SAMPLE {"workload":"small_inline","rep":11,"rows":256,"cpu_seconds":0.010538931,"elapsed_seconds":0.010579495}
PR7600_SAMPLE {"workload":"small_inline","rep":12,"rows":256,"cpu_seconds":0.010428055,"elapsed_seconds":0.010481286}
PR7600_SAMPLE {"workload":"small_inline","rep":13,"rows":256,"cpu_seconds":0.010561766,"elapsed_seconds":0.010610151}
PR7600_SAMPLE {"workload":"small_inline","rep":14,"rows":256,"cpu_seconds":0.010299995,"elapsed_seconds":0.010345140}
PR7600_SAMPLE {"workload":"small_inline","rep":15,"rows":256,"cpu_seconds":0.010636817,"elapsed_seconds":0.010688599}
PR7600_SAMPLE {"workload":"small_inline","rep":16,"rows":256,"cpu_seconds":0.010249352,"elapsed_seconds":0.010298844}
PR7600_SAMPLE {"workload":"small_inline","rep":17,"rows":256,"cpu_seconds":0.010353004,"elapsed_seconds":0.010393198}
PR7600_SAMPLE {"workload":"small_inline","rep":18,"rows":256,"cpu_seconds":0.010241929,"elapsed_seconds":0.010280480}
PR7600_SAMPLE {"workload":"small_inline","rep":19,"rows":256,"cpu_seconds":0.010175984,"elapsed_seconds":0.010214686}
PR7600_SAMPLE {"workload":"small_inline","rep":20,"rows":256,"cpu_seconds":0.010293622,"elapsed_seconds":0.010331604}
PR7600_SAMPLE {"workload":"small_inline","rep":21,"rows":256,"cpu_seconds":0.010420960,"elapsed_seconds":0.010467845}
PR7600_SAMPLE {"workload":"small_inline","rep":22,"rows":256,"cpu_seconds":0.010190434,"elapsed_seconds":0.010229863}
PR7600_SAMPLE {"workload":"small_inline","rep":23,"rows":256,"cpu_seconds":0.010390526,"elapsed_seconds":0.010451818}
PR7600_SAMPLE {"workload":"small_inline","rep":24,"rows":256,"cpu_seconds":0.010636939,"elapsed_seconds":0.010679395}
PR7600_SAMPLE {"workload":"small_inline","rep":25,"rows":256,"cpu_seconds":0.010563528,"elapsed_seconds":0.010602317}
PR7600_SAMPLE {"workload":"small_inline","rep":26,"rows":256,"cpu_seconds":0.010547641,"elapsed_seconds":0.010589038}
PR7600_SAMPLE {"workload":"small_inline","rep":27,"rows":256,"cpu_seconds":0.010423853,"elapsed_seconds":0.010472979}
PR7600_SAMPLE {"workload":"small_inline","rep":28,"rows":256,"cpu_seconds":0.010300092,"elapsed_seconds":0.010336830}
PR7600_SAMPLE {"workload":"small_inline","rep":29,"rows":256,"cpu_seconds":0.010406224,"elapsed_seconds":0.010452672}
PR7600_SAMPLE {"workload":"small_inline","rep":30,"rows":256,"cpu_seconds":0.010292711,"elapsed_seconds":0.010333957}
PR7600_SAMPLE {"workload":"small_inline","rep":31,"rows":256,"cpu_seconds":0.010506216,"elapsed_seconds":0.010545037}
PR7600_SAMPLE {"workload":"small_inline","rep":32,"rows":256,"cpu_seconds":0.010396872,"elapsed_seconds":0.010437983}
PR7600_SAMPLE {"workload":"small_inline","rep":33,"rows":256,"cpu_seconds":0.010471493,"elapsed_seconds":0.010510644}
PR7600_SAMPLE {"workload":"small_inline","rep":34,"rows":256,"cpu_seconds":0.010245893,"elapsed_seconds":0.010292990}
PR7600_SAMPLE {"workload":"small_inline","rep":35,"rows":256,"cpu_seconds":0.010634278,"elapsed_seconds":0.010686393}
PR7600_SAMPLE {"workload":"small_inline","rep":36,"rows":256,"cpu_seconds":0.010451050,"elapsed_seconds":0.010501960}
PR7600_SAMPLE {"workload":"small_inline","rep":37,"rows":256,"cpu_seconds":0.010187717,"elapsed_seconds":0.010235165}
PR7600_SAMPLE {"workload":"small_inline","rep":38,"rows":256,"cpu_seconds":0.010396794,"elapsed_seconds":0.010440201}
PR7600_SAMPLE {"workload":"small_inline","rep":39,"rows":256,"cpu_seconds":0.010414760,"elapsed_seconds":0.010457549}
PR7600_SAMPLE {"workload":"small_inline","rep":40,"rows":256,"cpu_seconds":0.010504854,"elapsed_seconds":0.010543468}
PR7600_SAMPLE {"workload":"small_inline","rep":41,"rows":256,"cpu_seconds":0.010199994,"elapsed_seconds":0.010248993}
PR7600_SAMPLE {"workload":"small_inline","rep":42,"rows":256,"cpu_seconds":0.010327085,"elapsed_seconds":0.010367714}
PR7600_SAMPLE {"workload":"small_inline","rep":43,"rows":256,"cpu_seconds":0.010572215,"elapsed_seconds":0.010610298}
PR7600_SAMPLE {"workload":"small_inline","rep":44,"rows":256,"cpu_seconds":0.010330746,"elapsed_seconds":0.010369117}
PR7600_SAMPLE {"workload":"small_inline","rep":45,"rows":256,"cpu_seconds":0.010789797,"elapsed_seconds":0.010837381}
PR7600_SAMPLE {"workload":"small_inline","rep":46,"rows":256,"cpu_seconds":0.010705443,"elapsed_seconds":0.010748410}
PR7600_SAMPLE {"workload":"small_inline","rep":47,"rows":256,"cpu_seconds":0.010435641,"elapsed_seconds":0.010478268}
PR7600_SAMPLE {"workload":"small_inline","rep":48,"rows":256,"cpu_seconds":0.010396174,"elapsed_seconds":0.010453382}
PR7600_SAMPLE {"workload":"small_inline","rep":49,"rows":256,"cpu_seconds":0.010413127,"elapsed_seconds":0.010451517}
PR7600_SAMPLE {"workload":"small_inline","rep":50,"rows":256,"cpu_seconds":0.010462027,"elapsed_seconds":0.010496936}
PR7600_SAMPLE {"workload":"small_inline","rep":51,"rows":256,"cpu_seconds":0.010284937,"elapsed_seconds":0.010322863}
PR7600_SAMPLE {"workload":"small_inline","rep":52,"rows":256,"cpu_seconds":0.010184226,"elapsed_seconds":0.010219889}
PR7600_SAMPLE {"workload":"small_inline","rep":53,"rows":256,"cpu_seconds":0.010519394,"elapsed_seconds":0.010568233}
PR7600_SAMPLE {"workload":"small_inline","rep":54,"rows":256,"cpu_seconds":0.010983325,"elapsed_seconds":0.011025058}
PR7600_SAMPLE {"workload":"small_inline","rep":55,"rows":256,"cpu_seconds":0.010574497,"elapsed_seconds":0.010610085}
PR7600_SAMPLE {"workload":"small_inline","rep":56,"rows":256,"cpu_seconds":0.010232143,"elapsed_seconds":0.010270321}
PR7600_SAMPLE {"workload":"small_inline","rep":57,"rows":256,"cpu_seconds":0.010607980,"elapsed_seconds":0.010651301}
PR7600_SAMPLE {"workload":"small_inline","rep":58,"rows":256,"cpu_seconds":0.010595033,"elapsed_seconds":0.010637148}
PR7600_SAMPLE {"workload":"small_inline","rep":59,"rows":256,"cpu_seconds":0.010561591,"elapsed_seconds":0.010604811}
PR7600_SAMPLE {"workload":"small_inline","rep":60,"rows":256,"cpu_seconds":0.010565942,"elapsed_seconds":0.010608192}
PR7600_SAMPLE {"workload":"small_inline","rep":61,"rows":256,"cpu_seconds":0.010812516,"elapsed_seconds":0.010856675}
PR7600_SAMPLE {"workload":"small_inline","rep":62,"rows":256,"cpu_seconds":0.010745839,"elapsed_seconds":0.010788815}
PR7600_SAMPLE {"workload":"small_inline","rep":63,"rows":256,"cpu_seconds":0.010371490,"elapsed_seconds":0.010409351}
PR7600_SAMPLE {"workload":"small_inline","rep":64,"rows":256,"cpu_seconds":0.010619221,"elapsed_seconds":0.010665485}
PR7600_SAMPLE {"workload":"small_inline","rep":65,"rows":256,"cpu_seconds":0.010365087,"elapsed_seconds":0.010403844}
PR7600_SAMPLE {"workload":"small_inline","rep":66,"rows":256,"cpu_seconds":0.010445123,"elapsed_seconds":0.010483742}
PR7600_SAMPLE {"workload":"small_inline","rep":67,"rows":256,"cpu_seconds":0.010411268,"elapsed_seconds":0.010453677}
PR7600_SAMPLE {"workload":"small_inline","rep":68,"rows":256,"cpu_seconds":0.010493261,"elapsed_seconds":0.010531794}
PR7600_SAMPLE {"workload":"small_inline","rep":69,"rows":256,"cpu_seconds":0.010382503,"elapsed_seconds":0.010421109}
PR7600_SAMPLE {"workload":"small_inline","rep":70,"rows":256,"cpu_seconds":0.010658585,"elapsed_seconds":0.010701659}
PR7600_SAMPLE {"workload":"small_inline","rep":71,"rows":256,"cpu_seconds":0.010442533,"elapsed_seconds":0.010481933}
PR7600_SAMPLE {"workload":"small_inline","rep":72,"rows":256,"cpu_seconds":0.010889115,"elapsed_seconds":0.010936263}
PR7600_SAMPLE {"workload":"small_inline","rep":73,"rows":256,"cpu_seconds":0.010679344,"elapsed_seconds":0.010762838}
PR7600_SAMPLE {"workload":"small_inline","rep":74,"rows":256,"cpu_seconds":0.010700252,"elapsed_seconds":0.010751108}
PR7600_SAMPLE {"workload":"small_inline","rep":75,"rows":256,"cpu_seconds":0.010303852,"elapsed_seconds":0.010345417}
PR7600_SAMPLE {"workload":"small_inline","rep":76,"rows":256,"cpu_seconds":0.010329020,"elapsed_seconds":0.010369436}
PR7600_SAMPLE {"workload":"small_inline","rep":77,"rows":256,"cpu_seconds":0.010130778,"elapsed_seconds":0.010168777}
PR7600_SAMPLE {"workload":"small_inline","rep":78,"rows":256,"cpu_seconds":0.010572814,"elapsed_seconds":0.010611103}
PR7600_SAMPLE {"workload":"small_inline","rep":79,"rows":256,"cpu_seconds":0.010804456,"elapsed_seconds":0.010851383}
PR7600_SAMPLE {"workload":"small_inline","rep":80,"rows":256,"cpu_seconds":0.010566752,"elapsed_seconds":0.010606212}
PR7600_SAMPLE {"workload":"small_inline","rep":81,"rows":256,"cpu_seconds":0.010523993,"elapsed_seconds":0.010561886}
PR7600_SAMPLE {"workload":"small_inline","rep":82,"rows":256,"cpu_seconds":0.010437412,"elapsed_seconds":0.010480275}
PR7600_SAMPLE {"workload":"small_inline","rep":83,"rows":256,"cpu_seconds":0.010348041,"elapsed_seconds":0.010388181}
PR7600_SAMPLE {"workload":"small_inline","rep":84,"rows":256,"cpu_seconds":0.010530351,"elapsed_seconds":0.010569347}
PR7600_SAMPLE {"workload":"small_inline","rep":85,"rows":256,"cpu_seconds":0.010690842,"elapsed_seconds":0.010735979}
PR7600_SAMPLE {"workload":"small_inline","rep":86,"rows":256,"cpu_seconds":0.010146100,"elapsed_seconds":0.010190476}
PR7600_SAMPLE {"workload":"small_inline","rep":87,"rows":256,"cpu_seconds":0.010095771,"elapsed_seconds":0.010149369}
PR7600_SAMPLE {"workload":"small_inline","rep":88,"rows":256,"cpu_seconds":0.010424804,"elapsed_seconds":0.010468363}
PR7600_SAMPLE {"workload":"small_inline","rep":89,"rows":256,"cpu_seconds":0.010181174,"elapsed_seconds":0.010217024}
PR7600_SAMPLE {"workload":"small_inline","rep":90,"rows":256,"cpu_seconds":0.010349040,"elapsed_seconds":0.010394557}
PR7600_SAMPLE {"workload":"small_inline","rep":91,"rows":256,"cpu_seconds":0.010607676,"elapsed_seconds":0.010646772}
PR7600_SAMPLE {"workload":"small_inline","rep":92,"rows":256,"cpu_seconds":0.010612855,"elapsed_seconds":0.010653988}
PR7600_SAMPLE {"workload":"small_inline","rep":93,"rows":256,"cpu_seconds":0.010190030,"elapsed_seconds":0.010226477}
PR7600_SAMPLE {"workload":"small_inline","rep":94,"rows":256,"cpu_seconds":0.010411825,"elapsed_seconds":0.010449215}
PR7600_SAMPLE {"workload":"small_inline","rep":95,"rows":256,"cpu_seconds":0.010419056,"elapsed_seconds":0.010458325}
PR7600_SAMPLE {"workload":"small_inline","rep":96,"rows":256,"cpu_seconds":0.010696700,"elapsed_seconds":0.010735597}
PR7600_SAMPLE {"workload":"small_inline","rep":97,"rows":256,"cpu_seconds":0.010398067,"elapsed_seconds":0.010441152}
PR7600_SAMPLE {"workload":"small_inline","rep":98,"rows":256,"cpu_seconds":0.010546962,"elapsed_seconds":0.010589698}
PR7600_SAMPLE {"workload":"small_inline","rep":99,"rows":256,"cpu_seconds":0.010257704,"elapsed_seconds":0.010301341}
PR7600_SAMPLE {"workload":"small_inline","rep":100,"rows":256,"cpu_seconds":0.010376964,"elapsed_seconds":0.010425521}
PR7600_SAMPLE {"workload":"small_inline","rep":101,"rows":256,"cpu_seconds":0.010576747,"elapsed_seconds":0.010619763}
PR7600_SAMPLE {"workload":"small_inline","rep":102,"rows":256,"cpu_seconds":0.010494605,"elapsed_seconds":0.010533487}
PR7600_SAMPLE {"workload":"small_inline","rep":103,"rows":256,"cpu_seconds":0.010465715,"elapsed_seconds":0.010507496}
PR7600_SAMPLE {"workload":"small_inline","rep":104,"rows":256,"cpu_seconds":0.010414518,"elapsed_seconds":0.010452167}
PR7600_SAMPLE {"workload":"small_inline","rep":105,"rows":256,"cpu_seconds":0.010473781,"elapsed_seconds":0.010522291}
PR7600_SAMPLE {"workload":"small_inline","rep":106,"rows":256,"cpu_seconds":0.010229783,"elapsed_seconds":0.010271918}
PR7600_SAMPLE {"workload":"small_inline","rep":107,"rows":256,"cpu_seconds":0.010145483,"elapsed_seconds":0.010187063}
PR7600_SAMPLE {"workload":"small_inline","rep":108,"rows":256,"cpu_seconds":0.010372697,"elapsed_seconds":0.010415314}
PR7600_SAMPLE {"workload":"small_inline","rep":109,"rows":256,"cpu_seconds":0.010183599,"elapsed_seconds":0.010223948}
PR7600_SAMPLE {"workload":"small_inline","rep":110,"rows":256,"cpu_seconds":0.010214749,"elapsed_seconds":0.010251585}
PR7600_SAMPLE {"workload":"small_inline","rep":111,"rows":256,"cpu_seconds":0.010367774,"elapsed_seconds":0.010404918}
PR7600_SAMPLE {"workload":"small_inline","rep":112,"rows":256,"cpu_seconds":0.010134977,"elapsed_seconds":0.010172236}
PR7600_SAMPLE {"workload":"small_inline","rep":113,"rows":256,"cpu_seconds":0.010655323,"elapsed_seconds":0.010719377}
PR7600_SAMPLE {"workload":"small_inline","rep":114,"rows":256,"cpu_seconds":0.010627360,"elapsed_seconds":0.010668848}
PR7600_SAMPLE {"workload":"small_inline","rep":115,"rows":256,"cpu_seconds":0.010221329,"elapsed_seconds":0.010260942}
PR7600_SAMPLE {"workload":"small_inline","rep":116,"rows":256,"cpu_seconds":0.010431430,"elapsed_seconds":0.010479100}
PR7600_SAMPLE {"workload":"small_inline","rep":117,"rows":256,"cpu_seconds":0.010302744,"elapsed_seconds":0.010342260}
PR7600_SAMPLE {"workload":"small_inline","rep":118,"rows":256,"cpu_seconds":0.010213848,"elapsed_seconds":0.010253499}
PR7600_SAMPLE {"workload":"small_inline","rep":119,"rows":256,"cpu_seconds":0.010207690,"elapsed_seconds":0.010243976}
PR7600_SAMPLE {"workload":"small_inline","rep":120,"rows":256,"cpu_seconds":0.010464856,"elapsed_seconds":0.010514347}
PR7600_SAMPLE {"workload":"small_inline","rep":121,"rows":256,"cpu_seconds":0.010360123,"elapsed_seconds":0.010398324}
PR7600_SAMPLE {"workload":"small_inline","rep":122,"rows":256,"cpu_seconds":0.010160636,"elapsed_seconds":0.010199693}
PR7600_SAMPLE {"workload":"small_inline","rep":123,"rows":256,"cpu_seconds":0.010426554,"elapsed_seconds":0.010469417}
PR7600_SAMPLE {"workload":"small_inline","rep":124,"rows":256,"cpu_seconds":0.010553198,"elapsed_seconds":0.010601898}
PR7600_SAMPLE {"workload":"small_inline","rep":125,"rows":256,"cpu_seconds":0.010313325,"elapsed_seconds":0.010362388}
PR7600_SAMPLE {"workload":"small_inline","rep":126,"rows":256,"cpu_seconds":0.010661239,"elapsed_seconds":0.010707214}
PR7600_SAMPLE {"workload":"small_inline","rep":127,"rows":256,"cpu_seconds":0.010993356,"elapsed_seconds":0.011034862}
PR7600_SAMPLE {"workload":"small_inline","rep":128,"rows":256,"cpu_seconds":0.010376918,"elapsed_seconds":0.010435471}
PR7600_SAMPLE {"workload":"small_inline","rep":129,"rows":256,"cpu_seconds":0.010345658,"elapsed_seconds":0.010388058}
PR7600_SAMPLE {"workload":"small_inline","rep":130,"rows":256,"cpu_seconds":0.010338733,"elapsed_seconds":0.010380582}
PR7600_SAMPLE {"workload":"small_inline","rep":131,"rows":256,"cpu_seconds":0.010383116,"elapsed_seconds":0.010424896}
PR7600_SAMPLE {"workload":"small_inline","rep":132,"rows":256,"cpu_seconds":0.010501607,"elapsed_seconds":0.010543814}
PR7600_SAMPLE {"workload":"small_inline","rep":133,"rows":256,"cpu_seconds":0.010399785,"elapsed_seconds":0.010436688}
PR7600_SAMPLE {"workload":"small_inline","rep":134,"rows":256,"cpu_seconds":0.010132624,"elapsed_seconds":0.010170258}
PR7600_SAMPLE {"workload":"small_inline","rep":135,"rows":256,"cpu_seconds":0.010317958,"elapsed_seconds":0.010359892}
PR7600_SAMPLE {"workload":"small_inline","rep":136,"rows":256,"cpu_seconds":0.010421557,"elapsed_seconds":0.010463522}
PR7600_SAMPLE {"workload":"small_inline","rep":137,"rows":256,"cpu_seconds":0.010411010,"elapsed_seconds":0.010470681}
PR7600_SAMPLE {"workload":"small_inline","rep":138,"rows":256,"cpu_seconds":0.010523419,"elapsed_seconds":0.010560949}
PR7600_SAMPLE {"workload":"small_inline","rep":139,"rows":256,"cpu_seconds":0.010131121,"elapsed_seconds":0.010179420}
PR7600_SAMPLE {"workload":"small_inline","rep":140,"rows":256,"cpu_seconds":0.010216510,"elapsed_seconds":0.010251524}
PR7600_SAMPLE {"workload":"small_inline","rep":141,"rows":256,"cpu_seconds":0.010238964,"elapsed_seconds":0.010274983}
PR7600_SAMPLE {"workload":"small_inline","rep":142,"rows":256,"cpu_seconds":0.010529088,"elapsed_seconds":0.010570506}
PR7600_SAMPLE {"workload":"small_inline","rep":143,"rows":256,"cpu_seconds":0.010275900,"elapsed_seconds":0.010314395}
PR7600_SAMPLE {"workload":"small_inline","rep":144,"rows":256,"cpu_seconds":0.010442389,"elapsed_seconds":0.010481776}
PR7600_SAMPLE {"workload":"small_inline","rep":145,"rows":256,"cpu_seconds":0.010526694,"elapsed_seconds":0.010575840}
PR7600_SAMPLE {"workload":"small_inline","rep":146,"rows":256,"cpu_seconds":0.010496490,"elapsed_seconds":0.010539580}
PR7600_SAMPLE {"workload":"small_inline","rep":147,"rows":256,"cpu_seconds":0.010653692,"elapsed_seconds":0.010694269}
PR7600_SAMPLE {"workload":"small_inline","rep":148,"rows":256,"cpu_seconds":0.010561464,"elapsed_seconds":0.010606107}
PR7600_SAMPLE {"workload":"small_inline","rep":149,"rows":256,"cpu_seconds":0.010750272,"elapsed_seconds":0.010789066}
PR7600_SAMPLE {"workload":"small_inline","rep":150,"rows":256,"cpu_seconds":0.010606260,"elapsed_seconds":0.010655992}
PR7600_SAMPLE {"workload":"small_inline","rep":151,"rows":256,"cpu_seconds":0.010406210,"elapsed_seconds":0.010440161}
PR7600_SAMPLE {"workload":"small_inline","rep":152,"rows":256,"cpu_seconds":0.010895354,"elapsed_seconds":0.010938226}
PR7600_SAMPLE {"workload":"small_inline","rep":153,"rows":256,"cpu_seconds":0.010959079,"elapsed_seconds":0.011011346}
PR7600_SAMPLE {"workload":"small_inline","rep":154,"rows":256,"cpu_seconds":0.010165738,"elapsed_seconds":0.010203670}
PR7600_SAMPLE {"workload":"small_inline","rep":155,"rows":256,"cpu_seconds":0.010256583,"elapsed_seconds":0.010293446}
PR7600_SAMPLE {"workload":"small_inline","rep":156,"rows":256,"cpu_seconds":0.010322782,"elapsed_seconds":0.010359676}
PR7600_SAMPLE {"workload":"small_inline","rep":157,"rows":256,"cpu_seconds":0.010260833,"elapsed_seconds":0.010299997}
PR7600_SAMPLE {"workload":"small_inline","rep":158,"rows":256,"cpu_seconds":0.015214716,"elapsed_seconds":0.015271878}
PR7600_SAMPLE {"workload":"small_inline","rep":159,"rows":256,"cpu_seconds":0.010459115,"elapsed_seconds":0.010508899}
PR7600_SAMPLE {"workload":"small_inline","rep":160,"rows":256,"cpu_seconds":0.010269554,"elapsed_seconds":0.010314937}
PR7600_SAMPLE {"workload":"small_inline","rep":161,"rows":256,"cpu_seconds":0.010424044,"elapsed_seconds":0.010464040}
PR7600_SAMPLE {"workload":"small_inline","rep":162,"rows":256,"cpu_seconds":0.010440154,"elapsed_seconds":0.010475865}
PR7600_SAMPLE {"workload":"small_inline","rep":163,"rows":256,"cpu_seconds":0.010479821,"elapsed_seconds":0.010530743}
PR7600_SAMPLE {"workload":"small_inline","rep":164,"rows":256,"cpu_seconds":0.010230153,"elapsed_seconds":0.010273174}
PR7600_SAMPLE {"workload":"small_inline","rep":165,"rows":256,"cpu_seconds":0.010320067,"elapsed_seconds":0.010364831}
PR7600_SAMPLE {"workload":"small_inline","rep":166,"rows":256,"cpu_seconds":0.010375508,"elapsed_seconds":0.010419851}
PR7600_SAMPLE {"workload":"small_inline","rep":167,"rows":256,"cpu_seconds":0.010629778,"elapsed_seconds":0.010673098}
PR7600_SAMPLE {"workload":"small_inline","rep":168,"rows":256,"cpu_seconds":0.010307368,"elapsed_seconds":0.010347233}
PR7600_SAMPLE {"workload":"small_inline","rep":169,"rows":256,"cpu_seconds":0.010357486,"elapsed_seconds":0.010398346}
PR7600_SAMPLE {"workload":"small_inline","rep":170,"rows":256,"cpu_seconds":0.010406769,"elapsed_seconds":0.010447569}
PR7600_SAMPLE {"workload":"small_inline","rep":171,"rows":256,"cpu_seconds":0.010298267,"elapsed_seconds":0.010336943}
PR7600_SAMPLE {"workload":"small_inline","rep":172,"rows":256,"cpu_seconds":0.010548723,"elapsed_seconds":0.010590190}
PR7600_SAMPLE {"workload":"small_inline","rep":173,"rows":256,"cpu_seconds":0.010936161,"elapsed_seconds":0.010984070}
PR7600_SAMPLE {"workload":"small_inline","rep":174,"rows":256,"cpu_seconds":0.010284501,"elapsed_seconds":0.010326504}
PR7600_SAMPLE {"workload":"small_inline","rep":175,"rows":256,"cpu_seconds":0.010373651,"elapsed_seconds":0.010414631}
PR7600_SAMPLE {"workload":"small_inline","rep":176,"rows":256,"cpu_seconds":0.010505210,"elapsed_seconds":0.010541510}
PR7600_SAMPLE {"workload":"small_inline","rep":177,"rows":256,"cpu_seconds":0.010223298,"elapsed_seconds":0.010259358}
PR7600_SAMPLE {"workload":"small_inline","rep":178,"rows":256,"cpu_seconds":0.010221257,"elapsed_seconds":0.010257696}
PR7600_SAMPLE {"workload":"small_inline","rep":179,"rows":256,"cpu_seconds":0.010241200,"elapsed_seconds":0.010277401}
PR7600_SAMPLE {"workload":"small_inline","rep":180,"rows":256,"cpu_seconds":0.010364673,"elapsed_seconds":0.010404771}
PR7600_SAMPLE {"workload":"small_inline","rep":181,"rows":256,"cpu_seconds":0.010579483,"elapsed_seconds":0.010630973}
PR7600_SAMPLE {"workload":"small_inline","rep":182,"rows":256,"cpu_seconds":0.010508506,"elapsed_seconds":0.010552858}
PR7600_SAMPLE {"workload":"small_inline","rep":183,"rows":256,"cpu_seconds":0.010677072,"elapsed_seconds":0.010726631}
PR7600_SAMPLE {"workload":"small_inline","rep":184,"rows":256,"cpu_seconds":0.010493241,"elapsed_seconds":0.010533302}
PR7600_SAMPLE {"workload":"small_inline","rep":185,"rows":256,"cpu_seconds":0.010480710,"elapsed_seconds":0.010521923}
PR7600_SAMPLE {"workload":"small_inline","rep":186,"rows":256,"cpu_seconds":0.010397364,"elapsed_seconds":0.010437582}
PR7600_SAMPLE {"workload":"small_inline","rep":187,"rows":256,"cpu_seconds":0.010276770,"elapsed_seconds":0.010312169}
PR7600_SAMPLE {"workload":"small_inline","rep":188,"rows":256,"cpu_seconds":0.010274812,"elapsed_seconds":0.010312624}
PR7600_SAMPLE {"workload":"small_inline","rep":189,"rows":256,"cpu_seconds":0.010560473,"elapsed_seconds":0.010622250}
PR7600_SAMPLE {"workload":"small_inline","rep":190,"rows":256,"cpu_seconds":0.010534056,"elapsed_seconds":0.010583695}
PR7600_SAMPLE {"workload":"small_inline","rep":191,"rows":256,"cpu_seconds":0.010256964,"elapsed_seconds":0.010308090}
PR7600_SAMPLE {"workload":"small_inline","rep":192,"rows":256,"cpu_seconds":0.010324455,"elapsed_seconds":0.010363618}
PR7600_SAMPLE {"workload":"small_inline","rep":193,"rows":256,"cpu_seconds":0.010399112,"elapsed_seconds":0.010434234}
PR7600_SAMPLE {"workload":"small_inline","rep":194,"rows":256,"cpu_seconds":0.010326848,"elapsed_seconds":0.010368986}
PR7600_SAMPLE {"workload":"small_inline","rep":195,"rows":256,"cpu_seconds":0.010249360,"elapsed_seconds":0.010292168}
[       OK ] Pr7600Measure.Matrix (2312 ms)
[----------] 1 test from Pr7600Measure (2313 ms total)

[----------] Global test environment tear-down
##### Stopping Server For OOS SQL Testing #####
[==========] 1 test from 1 test suite ran. (2542 ms total)
[  PASSED  ] 1 test.
10483434178;;instructions:u;2481200295;100.00;1.20;insn per cycle
8727813782;;cycles:u;2481200295;100.00;;

Evidence: /home/vimkim/gh/my-cubrid-docs/cbrd-27089/design/ticket06-evidence/diagnosis-20260910/counters/small-inline-1-head.json
