Creating database with 64.0M size using locale en_US.utf8. The total amount of disk space needed is 104.0M.

CUBRID 11.5.0


Note: Google Test filter = Pr7600Measure.Matrix
[==========] Running 1 test from 1 test suite.
[----------] Global test environment set-up.
##### Starting Server For OOS SQL Testing #####
will be written at ./test_oos_sql_log
[----------] 1 test from Pr7600Measure
[ RUN      ] Pr7600Measure.Matrix
PR7600_SAMPLE {"workload":"small_inline","rep":-2,"rows":256,"cpu_seconds":0.010710237,"elapsed_seconds":0.010759509}
PR7600_SAMPLE {"workload":"small_inline","rep":-1,"rows":256,"cpu_seconds":0.010128842,"elapsed_seconds":0.010174932}
PR7600_SAMPLE {"workload":"small_inline","rep":0,"rows":256,"cpu_seconds":0.009952939,"elapsed_seconds":0.010010200}
PR7600_SAMPLE {"workload":"small_inline","rep":1,"rows":256,"cpu_seconds":0.009884529,"elapsed_seconds":0.009919314}
PR7600_SAMPLE {"workload":"small_inline","rep":2,"rows":256,"cpu_seconds":0.010445960,"elapsed_seconds":0.010483152}
PR7600_SAMPLE {"workload":"small_inline","rep":3,"rows":256,"cpu_seconds":0.010282030,"elapsed_seconds":0.010328100}
PR7600_SAMPLE {"workload":"small_inline","rep":4,"rows":256,"cpu_seconds":0.009968211,"elapsed_seconds":0.010002283}
PR7600_SAMPLE {"workload":"small_inline","rep":5,"rows":256,"cpu_seconds":0.010455199,"elapsed_seconds":0.010491364}
PR7600_SAMPLE {"workload":"small_inline","rep":6,"rows":256,"cpu_seconds":0.010104262,"elapsed_seconds":0.010140882}
PR7600_SAMPLE {"workload":"small_inline","rep":7,"rows":256,"cpu_seconds":0.010229887,"elapsed_seconds":0.010267580}
PR7600_SAMPLE {"workload":"small_inline","rep":8,"rows":256,"cpu_seconds":0.010475500,"elapsed_seconds":0.010520228}
PR7600_SAMPLE {"workload":"small_inline","rep":9,"rows":256,"cpu_seconds":0.010534124,"elapsed_seconds":0.010571680}
PR7600_SAMPLE {"workload":"small_inline","rep":10,"rows":256,"cpu_seconds":0.010634346,"elapsed_seconds":0.010673324}
PR7600_SAMPLE {"workload":"small_inline","rep":11,"rows":256,"cpu_seconds":0.010414324,"elapsed_seconds":0.010455817}
PR7600_SAMPLE {"workload":"small_inline","rep":12,"rows":256,"cpu_seconds":0.010723217,"elapsed_seconds":0.010758660}
PR7600_SAMPLE {"workload":"small_inline","rep":13,"rows":256,"cpu_seconds":0.010630296,"elapsed_seconds":0.010671253}
PR7600_SAMPLE {"workload":"small_inline","rep":14,"rows":256,"cpu_seconds":0.010154292,"elapsed_seconds":0.010194809}
PR7600_SAMPLE {"workload":"small_inline","rep":15,"rows":256,"cpu_seconds":0.010553899,"elapsed_seconds":0.010597292}
PR7600_SAMPLE {"workload":"small_inline","rep":16,"rows":256,"cpu_seconds":0.010126184,"elapsed_seconds":0.010164997}
PR7600_SAMPLE {"workload":"small_inline","rep":17,"rows":256,"cpu_seconds":0.010539120,"elapsed_seconds":0.010588350}
PR7600_SAMPLE {"workload":"small_inline","rep":18,"rows":256,"cpu_seconds":0.010372545,"elapsed_seconds":0.010406968}
PR7600_SAMPLE {"workload":"small_inline","rep":19,"rows":256,"cpu_seconds":0.010084143,"elapsed_seconds":0.010123552}
PR7600_SAMPLE {"workload":"small_inline","rep":20,"rows":256,"cpu_seconds":0.010354257,"elapsed_seconds":0.010394301}
PR7600_SAMPLE {"workload":"small_inline","rep":21,"rows":256,"cpu_seconds":0.010322881,"elapsed_seconds":0.010359098}
PR7600_SAMPLE {"workload":"small_inline","rep":22,"rows":256,"cpu_seconds":0.010380081,"elapsed_seconds":0.010416728}
PR7600_SAMPLE {"workload":"small_inline","rep":23,"rows":256,"cpu_seconds":0.010110139,"elapsed_seconds":0.010144285}
PR7600_SAMPLE {"workload":"small_inline","rep":24,"rows":256,"cpu_seconds":0.010295245,"elapsed_seconds":0.010333596}
PR7600_SAMPLE {"workload":"small_inline","rep":25,"rows":256,"cpu_seconds":0.010408134,"elapsed_seconds":0.010449753}
PR7600_SAMPLE {"workload":"small_inline","rep":26,"rows":256,"cpu_seconds":0.010079742,"elapsed_seconds":0.010117602}
PR7600_SAMPLE {"workload":"small_inline","rep":27,"rows":256,"cpu_seconds":0.010092017,"elapsed_seconds":0.010131399}
PR7600_SAMPLE {"workload":"small_inline","rep":28,"rows":256,"cpu_seconds":0.010280647,"elapsed_seconds":0.010325773}
PR7600_SAMPLE {"workload":"small_inline","rep":29,"rows":256,"cpu_seconds":0.010094070,"elapsed_seconds":0.010134239}
PR7600_SAMPLE {"workload":"small_inline","rep":30,"rows":256,"cpu_seconds":0.010179482,"elapsed_seconds":0.010220196}
PR7600_SAMPLE {"workload":"small_inline","rep":31,"rows":256,"cpu_seconds":0.009981300,"elapsed_seconds":0.010021112}
PR7600_SAMPLE {"workload":"small_inline","rep":32,"rows":256,"cpu_seconds":0.010027952,"elapsed_seconds":0.010064935}
PR7600_SAMPLE {"workload":"small_inline","rep":33,"rows":256,"cpu_seconds":0.010247653,"elapsed_seconds":0.010282937}
PR7600_SAMPLE {"workload":"small_inline","rep":34,"rows":256,"cpu_seconds":0.010069549,"elapsed_seconds":0.010108509}
PR7600_SAMPLE {"workload":"small_inline","rep":35,"rows":256,"cpu_seconds":0.010335452,"elapsed_seconds":0.010373939}
PR7600_SAMPLE {"workload":"small_inline","rep":36,"rows":256,"cpu_seconds":0.010433899,"elapsed_seconds":0.010482734}
PR7600_SAMPLE {"workload":"small_inline","rep":37,"rows":256,"cpu_seconds":0.010139374,"elapsed_seconds":0.010187082}
PR7600_SAMPLE {"workload":"small_inline","rep":38,"rows":256,"cpu_seconds":0.010501461,"elapsed_seconds":0.010541208}
PR7600_SAMPLE {"workload":"small_inline","rep":39,"rows":256,"cpu_seconds":0.010407249,"elapsed_seconds":0.010450667}
PR7600_SAMPLE {"workload":"small_inline","rep":40,"rows":256,"cpu_seconds":0.010300894,"elapsed_seconds":0.010338841}
PR7600_SAMPLE {"workload":"small_inline","rep":41,"rows":256,"cpu_seconds":0.010212617,"elapsed_seconds":0.010266438}
PR7600_SAMPLE {"workload":"small_inline","rep":42,"rows":256,"cpu_seconds":0.010613760,"elapsed_seconds":0.010655148}
PR7600_SAMPLE {"workload":"small_inline","rep":43,"rows":256,"cpu_seconds":0.010306373,"elapsed_seconds":0.010342564}
PR7600_SAMPLE {"workload":"small_inline","rep":44,"rows":256,"cpu_seconds":0.010086361,"elapsed_seconds":0.010124028}
PR7600_SAMPLE {"workload":"small_inline","rep":45,"rows":256,"cpu_seconds":0.010061667,"elapsed_seconds":0.010099663}
PR7600_SAMPLE {"workload":"small_inline","rep":46,"rows":256,"cpu_seconds":0.009963269,"elapsed_seconds":0.010000096}
PR7600_SAMPLE {"workload":"small_inline","rep":47,"rows":256,"cpu_seconds":0.010021516,"elapsed_seconds":0.010058156}
PR7600_SAMPLE {"workload":"small_inline","rep":48,"rows":256,"cpu_seconds":0.010546431,"elapsed_seconds":0.010596425}
PR7600_SAMPLE {"workload":"small_inline","rep":49,"rows":256,"cpu_seconds":0.010509317,"elapsed_seconds":0.010542392}
PR7600_SAMPLE {"workload":"small_inline","rep":50,"rows":256,"cpu_seconds":0.010158679,"elapsed_seconds":0.010197333}
PR7600_SAMPLE {"workload":"small_inline","rep":51,"rows":256,"cpu_seconds":0.010380111,"elapsed_seconds":0.010417507}
PR7600_SAMPLE {"workload":"small_inline","rep":52,"rows":256,"cpu_seconds":0.010046516,"elapsed_seconds":0.010083023}
PR7600_SAMPLE {"workload":"small_inline","rep":53,"rows":256,"cpu_seconds":0.010277455,"elapsed_seconds":0.010317615}
PR7600_SAMPLE {"workload":"small_inline","rep":54,"rows":256,"cpu_seconds":0.010024507,"elapsed_seconds":0.010059337}
PR7600_SAMPLE {"workload":"small_inline","rep":55,"rows":256,"cpu_seconds":0.010147760,"elapsed_seconds":0.010193945}
PR7600_SAMPLE {"workload":"small_inline","rep":56,"rows":256,"cpu_seconds":0.010216751,"elapsed_seconds":0.010251622}
PR7600_SAMPLE {"workload":"small_inline","rep":57,"rows":256,"cpu_seconds":0.010270726,"elapsed_seconds":0.010308163}
PR7600_SAMPLE {"workload":"small_inline","rep":58,"rows":256,"cpu_seconds":0.010694405,"elapsed_seconds":0.010737121}
PR7600_SAMPLE {"workload":"small_inline","rep":59,"rows":256,"cpu_seconds":0.010665983,"elapsed_seconds":0.010704745}
PR7600_SAMPLE {"workload":"small_inline","rep":60,"rows":256,"cpu_seconds":0.010302581,"elapsed_seconds":0.010357604}
PR7600_SAMPLE {"workload":"small_inline","rep":61,"rows":256,"cpu_seconds":0.010205820,"elapsed_seconds":0.010247411}
PR7600_SAMPLE {"workload":"small_inline","rep":62,"rows":256,"cpu_seconds":0.010043852,"elapsed_seconds":0.010079907}
PR7600_SAMPLE {"workload":"small_inline","rep":63,"rows":256,"cpu_seconds":0.010532449,"elapsed_seconds":0.010573007}
PR7600_SAMPLE {"workload":"small_inline","rep":64,"rows":256,"cpu_seconds":0.010638900,"elapsed_seconds":0.010677633}
PR7600_SAMPLE {"workload":"small_inline","rep":65,"rows":256,"cpu_seconds":0.010259218,"elapsed_seconds":0.010297375}
PR7600_SAMPLE {"workload":"small_inline","rep":66,"rows":256,"cpu_seconds":0.010133639,"elapsed_seconds":0.010171592}
PR7600_SAMPLE {"workload":"small_inline","rep":67,"rows":256,"cpu_seconds":0.010217881,"elapsed_seconds":0.010267580}
PR7600_SAMPLE {"workload":"small_inline","rep":68,"rows":256,"cpu_seconds":0.010193304,"elapsed_seconds":0.010227814}
PR7600_SAMPLE {"workload":"small_inline","rep":69,"rows":256,"cpu_seconds":0.010070975,"elapsed_seconds":0.010108372}
PR7600_SAMPLE {"workload":"small_inline","rep":70,"rows":256,"cpu_seconds":0.009882346,"elapsed_seconds":0.009921709}
PR7600_SAMPLE {"workload":"small_inline","rep":71,"rows":256,"cpu_seconds":0.010218712,"elapsed_seconds":0.010267238}
PR7600_SAMPLE {"workload":"small_inline","rep":72,"rows":256,"cpu_seconds":0.010471668,"elapsed_seconds":0.010518926}
PR7600_SAMPLE {"workload":"small_inline","rep":73,"rows":256,"cpu_seconds":0.010149675,"elapsed_seconds":0.010201333}
PR7600_SAMPLE {"workload":"small_inline","rep":74,"rows":256,"cpu_seconds":0.010496872,"elapsed_seconds":0.010548380}
PR7600_SAMPLE {"workload":"small_inline","rep":75,"rows":256,"cpu_seconds":0.010556132,"elapsed_seconds":0.010594495}
PR7600_SAMPLE {"workload":"small_inline","rep":76,"rows":256,"cpu_seconds":0.010693225,"elapsed_seconds":0.010738487}
PR7600_SAMPLE {"workload":"small_inline","rep":77,"rows":256,"cpu_seconds":0.010412676,"elapsed_seconds":0.010455988}
PR7600_SAMPLE {"workload":"small_inline","rep":78,"rows":256,"cpu_seconds":0.010483923,"elapsed_seconds":0.010520805}
PR7600_SAMPLE {"workload":"small_inline","rep":79,"rows":256,"cpu_seconds":0.010173323,"elapsed_seconds":0.010210217}
PR7600_SAMPLE {"workload":"small_inline","rep":80,"rows":256,"cpu_seconds":0.010521811,"elapsed_seconds":0.010567509}
PR7600_SAMPLE {"workload":"small_inline","rep":81,"rows":256,"cpu_seconds":0.010205919,"elapsed_seconds":0.010242883}
PR7600_SAMPLE {"workload":"small_inline","rep":82,"rows":256,"cpu_seconds":0.009872687,"elapsed_seconds":0.009905031}
PR7600_SAMPLE {"workload":"small_inline","rep":83,"rows":256,"cpu_seconds":0.010020658,"elapsed_seconds":0.010056377}
PR7600_SAMPLE {"workload":"small_inline","rep":84,"rows":256,"cpu_seconds":0.010297570,"elapsed_seconds":0.010342053}
PR7600_SAMPLE {"workload":"small_inline","rep":85,"rows":256,"cpu_seconds":0.010489247,"elapsed_seconds":0.010526862}
PR7600_SAMPLE {"workload":"small_inline","rep":86,"rows":256,"cpu_seconds":0.009972295,"elapsed_seconds":0.010016634}
PR7600_SAMPLE {"workload":"small_inline","rep":87,"rows":256,"cpu_seconds":0.010486773,"elapsed_seconds":0.010528880}
PR7600_SAMPLE {"workload":"small_inline","rep":88,"rows":256,"cpu_seconds":0.010327438,"elapsed_seconds":0.010364946}
PR7600_SAMPLE {"workload":"small_inline","rep":89,"rows":256,"cpu_seconds":0.010217963,"elapsed_seconds":0.010255978}
PR7600_SAMPLE {"workload":"small_inline","rep":90,"rows":256,"cpu_seconds":0.010210608,"elapsed_seconds":0.010248139}
PR7600_SAMPLE {"workload":"small_inline","rep":91,"rows":256,"cpu_seconds":0.010013057,"elapsed_seconds":0.010049443}
PR7600_SAMPLE {"workload":"small_inline","rep":92,"rows":256,"cpu_seconds":0.010299446,"elapsed_seconds":0.010332826}
PR7600_SAMPLE {"workload":"small_inline","rep":93,"rows":256,"cpu_seconds":0.010437030,"elapsed_seconds":0.010479477}
PR7600_SAMPLE {"workload":"small_inline","rep":94,"rows":256,"cpu_seconds":0.010393632,"elapsed_seconds":0.010433631}
PR7600_SAMPLE {"workload":"small_inline","rep":95,"rows":256,"cpu_seconds":0.010299300,"elapsed_seconds":0.010348256}
PR7600_SAMPLE {"workload":"small_inline","rep":96,"rows":256,"cpu_seconds":0.010527287,"elapsed_seconds":0.010572280}
PR7600_SAMPLE {"workload":"small_inline","rep":97,"rows":256,"cpu_seconds":0.010179816,"elapsed_seconds":0.010215680}
PR7600_SAMPLE {"workload":"small_inline","rep":98,"rows":256,"cpu_seconds":0.010038409,"elapsed_seconds":0.010081155}
PR7600_SAMPLE {"workload":"small_inline","rep":99,"rows":256,"cpu_seconds":0.010371320,"elapsed_seconds":0.010412985}
PR7600_SAMPLE {"workload":"small_inline","rep":100,"rows":256,"cpu_seconds":0.010519322,"elapsed_seconds":0.010558297}
PR7600_SAMPLE {"workload":"small_inline","rep":101,"rows":256,"cpu_seconds":0.010322529,"elapsed_seconds":0.010361515}
PR7600_SAMPLE {"workload":"small_inline","rep":102,"rows":256,"cpu_seconds":0.010267572,"elapsed_seconds":0.010305114}
PR7600_SAMPLE {"workload":"small_inline","rep":103,"rows":256,"cpu_seconds":0.010674745,"elapsed_seconds":0.010723872}
PR7600_SAMPLE {"workload":"small_inline","rep":104,"rows":256,"cpu_seconds":0.009983284,"elapsed_seconds":0.010020965}
PR7600_SAMPLE {"workload":"small_inline","rep":105,"rows":256,"cpu_seconds":0.010187822,"elapsed_seconds":0.010227409}
PR7600_SAMPLE {"workload":"small_inline","rep":106,"rows":256,"cpu_seconds":0.010199966,"elapsed_seconds":0.010238968}
PR7600_SAMPLE {"workload":"small_inline","rep":107,"rows":256,"cpu_seconds":0.010300579,"elapsed_seconds":0.010339202}
PR7600_SAMPLE {"workload":"small_inline","rep":108,"rows":256,"cpu_seconds":0.010295706,"elapsed_seconds":0.010332955}
PR7600_SAMPLE {"workload":"small_inline","rep":109,"rows":256,"cpu_seconds":0.010206463,"elapsed_seconds":0.010258872}
PR7600_SAMPLE {"workload":"small_inline","rep":110,"rows":256,"cpu_seconds":0.010309225,"elapsed_seconds":0.010351416}
PR7600_SAMPLE {"workload":"small_inline","rep":111,"rows":256,"cpu_seconds":0.010399745,"elapsed_seconds":0.010440962}
PR7600_SAMPLE {"workload":"small_inline","rep":112,"rows":256,"cpu_seconds":0.010336803,"elapsed_seconds":0.010386331}
PR7600_SAMPLE {"workload":"small_inline","rep":113,"rows":256,"cpu_seconds":0.010133701,"elapsed_seconds":0.010171606}
PR7600_SAMPLE {"workload":"small_inline","rep":114,"rows":256,"cpu_seconds":0.010060357,"elapsed_seconds":0.010097681}
PR7600_SAMPLE {"workload":"small_inline","rep":115,"rows":256,"cpu_seconds":0.010241081,"elapsed_seconds":0.010278047}
PR7600_SAMPLE {"workload":"small_inline","rep":116,"rows":256,"cpu_seconds":0.010250437,"elapsed_seconds":0.010285670}
PR7600_SAMPLE {"workload":"small_inline","rep":117,"rows":256,"cpu_seconds":0.010166991,"elapsed_seconds":0.010205612}
PR7600_SAMPLE {"workload":"small_inline","rep":118,"rows":256,"cpu_seconds":0.010948780,"elapsed_seconds":0.010997692}
PR7600_SAMPLE {"workload":"small_inline","rep":119,"rows":256,"cpu_seconds":0.010737702,"elapsed_seconds":0.010776805}
PR7600_SAMPLE {"workload":"small_inline","rep":120,"rows":256,"cpu_seconds":0.010423906,"elapsed_seconds":0.010462877}
PR7600_SAMPLE {"workload":"small_inline","rep":121,"rows":256,"cpu_seconds":0.010159231,"elapsed_seconds":0.010200386}
PR7600_SAMPLE {"workload":"small_inline","rep":122,"rows":256,"cpu_seconds":0.010206645,"elapsed_seconds":0.010243486}
PR7600_SAMPLE {"workload":"small_inline","rep":123,"rows":256,"cpu_seconds":0.010412344,"elapsed_seconds":0.010452779}
PR7600_SAMPLE {"workload":"small_inline","rep":124,"rows":256,"cpu_seconds":0.010143439,"elapsed_seconds":0.010193281}
PR7600_SAMPLE {"workload":"small_inline","rep":125,"rows":256,"cpu_seconds":0.010299755,"elapsed_seconds":0.010336068}
PR7600_SAMPLE {"workload":"small_inline","rep":126,"rows":256,"cpu_seconds":0.010250021,"elapsed_seconds":0.010286628}
PR7600_SAMPLE {"workload":"small_inline","rep":127,"rows":256,"cpu_seconds":0.010232305,"elapsed_seconds":0.010274506}
PR7600_SAMPLE {"workload":"small_inline","rep":128,"rows":256,"cpu_seconds":0.010599725,"elapsed_seconds":0.010649779}
PR7600_SAMPLE {"workload":"small_inline","rep":129,"rows":256,"cpu_seconds":0.010322710,"elapsed_seconds":0.010358708}
PR7600_SAMPLE {"workload":"small_inline","rep":130,"rows":256,"cpu_seconds":0.010316828,"elapsed_seconds":0.010355698}
PR7600_SAMPLE {"workload":"small_inline","rep":131,"rows":256,"cpu_seconds":0.010188451,"elapsed_seconds":0.010224274}
PR7600_SAMPLE {"workload":"small_inline","rep":132,"rows":256,"cpu_seconds":0.010788168,"elapsed_seconds":0.010832030}
PR7600_SAMPLE {"workload":"small_inline","rep":133,"rows":256,"cpu_seconds":0.010007665,"elapsed_seconds":0.010044244}
PR7600_SAMPLE {"workload":"small_inline","rep":134,"rows":256,"cpu_seconds":0.010637623,"elapsed_seconds":0.010678946}
PR7600_SAMPLE {"workload":"small_inline","rep":135,"rows":256,"cpu_seconds":0.010189629,"elapsed_seconds":0.010226042}
PR7600_SAMPLE {"workload":"small_inline","rep":136,"rows":256,"cpu_seconds":0.009975945,"elapsed_seconds":0.010010812}
PR7600_SAMPLE {"workload":"small_inline","rep":137,"rows":256,"cpu_seconds":0.010378568,"elapsed_seconds":0.010411770}
PR7600_SAMPLE {"workload":"small_inline","rep":138,"rows":256,"cpu_seconds":0.010258240,"elapsed_seconds":0.010297145}
PR7600_SAMPLE {"workload":"small_inline","rep":139,"rows":256,"cpu_seconds":0.010375404,"elapsed_seconds":0.010413751}
PR7600_SAMPLE {"workload":"small_inline","rep":140,"rows":256,"cpu_seconds":0.010404887,"elapsed_seconds":0.010444553}
PR7600_SAMPLE {"workload":"small_inline","rep":141,"rows":256,"cpu_seconds":0.010388546,"elapsed_seconds":0.010426867}
PR7600_SAMPLE {"workload":"small_inline","rep":142,"rows":256,"cpu_seconds":0.010328084,"elapsed_seconds":0.010370427}
PR7600_SAMPLE {"workload":"small_inline","rep":143,"rows":256,"cpu_seconds":0.010379146,"elapsed_seconds":0.010415287}
PR7600_SAMPLE {"workload":"small_inline","rep":144,"rows":256,"cpu_seconds":0.010035910,"elapsed_seconds":0.010077847}
PR7600_SAMPLE {"workload":"small_inline","rep":145,"rows":256,"cpu_seconds":0.010253806,"elapsed_seconds":0.010290841}
PR7600_SAMPLE {"workload":"small_inline","rep":146,"rows":256,"cpu_seconds":0.010205337,"elapsed_seconds":0.010240732}
PR7600_SAMPLE {"workload":"small_inline","rep":147,"rows":256,"cpu_seconds":0.010234216,"elapsed_seconds":0.010268468}
PR7600_SAMPLE {"workload":"small_inline","rep":148,"rows":256,"cpu_seconds":0.010543185,"elapsed_seconds":0.010613819}
PR7600_SAMPLE {"workload":"small_inline","rep":149,"rows":256,"cpu_seconds":0.010235123,"elapsed_seconds":0.010273027}
PR7600_SAMPLE {"workload":"small_inline","rep":150,"rows":256,"cpu_seconds":0.010284885,"elapsed_seconds":0.010321520}
PR7600_SAMPLE {"workload":"small_inline","rep":151,"rows":256,"cpu_seconds":0.010173011,"elapsed_seconds":0.010210568}
PR7600_SAMPLE {"workload":"small_inline","rep":152,"rows":256,"cpu_seconds":0.010088749,"elapsed_seconds":0.010124149}
PR7600_SAMPLE {"workload":"small_inline","rep":153,"rows":256,"cpu_seconds":0.010809130,"elapsed_seconds":0.010852103}
PR7600_SAMPLE {"workload":"small_inline","rep":154,"rows":256,"cpu_seconds":0.010558467,"elapsed_seconds":0.010638064}
PR7600_SAMPLE {"workload":"small_inline","rep":155,"rows":256,"cpu_seconds":0.009966667,"elapsed_seconds":0.010004944}
PR7600_SAMPLE {"workload":"small_inline","rep":156,"rows":256,"cpu_seconds":0.010308375,"elapsed_seconds":0.010352716}
PR7600_SAMPLE {"workload":"small_inline","rep":157,"rows":256,"cpu_seconds":0.010486339,"elapsed_seconds":0.010530056}
PR7600_SAMPLE {"workload":"small_inline","rep":158,"rows":256,"cpu_seconds":0.010126991,"elapsed_seconds":0.010163069}
PR7600_SAMPLE {"workload":"small_inline","rep":159,"rows":256,"cpu_seconds":0.010272141,"elapsed_seconds":0.010304847}
PR7600_SAMPLE {"workload":"small_inline","rep":160,"rows":256,"cpu_seconds":0.014585287,"elapsed_seconds":0.014649634}
PR7600_SAMPLE {"workload":"small_inline","rep":161,"rows":256,"cpu_seconds":0.010018634,"elapsed_seconds":0.010057396}
PR7600_SAMPLE {"workload":"small_inline","rep":162,"rows":256,"cpu_seconds":0.010328456,"elapsed_seconds":0.010371083}
PR7600_SAMPLE {"workload":"small_inline","rep":163,"rows":256,"cpu_seconds":0.010108179,"elapsed_seconds":0.010142334}
PR7600_SAMPLE {"workload":"small_inline","rep":164,"rows":256,"cpu_seconds":0.010408909,"elapsed_seconds":0.010446466}
PR7600_SAMPLE {"workload":"small_inline","rep":165,"rows":256,"cpu_seconds":0.010366436,"elapsed_seconds":0.010404800}
PR7600_SAMPLE {"workload":"small_inline","rep":166,"rows":256,"cpu_seconds":0.010365872,"elapsed_seconds":0.010405502}
PR7600_SAMPLE {"workload":"small_inline","rep":167,"rows":256,"cpu_seconds":0.010146899,"elapsed_seconds":0.010185306}
PR7600_SAMPLE {"workload":"small_inline","rep":168,"rows":256,"cpu_seconds":0.010389767,"elapsed_seconds":0.010431035}
PR7600_SAMPLE {"workload":"small_inline","rep":169,"rows":256,"cpu_seconds":0.010283256,"elapsed_seconds":0.010325285}
PR7600_SAMPLE {"workload":"small_inline","rep":170,"rows":256,"cpu_seconds":0.010576220,"elapsed_seconds":0.010612080}
PR7600_SAMPLE {"workload":"small_inline","rep":171,"rows":256,"cpu_seconds":0.010062641,"elapsed_seconds":0.010098708}
PR7600_SAMPLE {"workload":"small_inline","rep":172,"rows":256,"cpu_seconds":0.009985674,"elapsed_seconds":0.010023734}
PR7600_SAMPLE {"workload":"small_inline","rep":173,"rows":256,"cpu_seconds":0.010158044,"elapsed_seconds":0.010192879}
PR7600_SAMPLE {"workload":"small_inline","rep":174,"rows":256,"cpu_seconds":0.010111750,"elapsed_seconds":0.010151555}
PR7600_SAMPLE {"workload":"small_inline","rep":175,"rows":256,"cpu_seconds":0.010239257,"elapsed_seconds":0.010278173}
PR7600_SAMPLE {"workload":"small_inline","rep":176,"rows":256,"cpu_seconds":0.009979107,"elapsed_seconds":0.010014497}
PR7600_SAMPLE {"workload":"small_inline","rep":177,"rows":256,"cpu_seconds":0.010338184,"elapsed_seconds":0.010386512}
PR7600_SAMPLE {"workload":"small_inline","rep":178,"rows":256,"cpu_seconds":0.010215151,"elapsed_seconds":0.010252854}
PR7600_SAMPLE {"workload":"small_inline","rep":179,"rows":256,"cpu_seconds":0.010060078,"elapsed_seconds":0.010095510}
PR7600_SAMPLE {"workload":"small_inline","rep":180,"rows":256,"cpu_seconds":0.010286955,"elapsed_seconds":0.010332959}
PR7600_SAMPLE {"workload":"small_inline","rep":181,"rows":256,"cpu_seconds":0.010146942,"elapsed_seconds":0.010185036}
PR7600_SAMPLE {"workload":"small_inline","rep":182,"rows":256,"cpu_seconds":0.010196167,"elapsed_seconds":0.010232334}
PR7600_SAMPLE {"workload":"small_inline","rep":183,"rows":256,"cpu_seconds":0.010168390,"elapsed_seconds":0.010206630}
PR7600_SAMPLE {"workload":"small_inline","rep":184,"rows":256,"cpu_seconds":0.010241947,"elapsed_seconds":0.010277094}
PR7600_SAMPLE {"workload":"small_inline","rep":185,"rows":256,"cpu_seconds":0.010783052,"elapsed_seconds":0.010828384}
PR7600_SAMPLE {"workload":"small_inline","rep":186,"rows":256,"cpu_seconds":0.010833205,"elapsed_seconds":0.010879838}
PR7600_SAMPLE {"workload":"small_inline","rep":187,"rows":256,"cpu_seconds":0.010772547,"elapsed_seconds":0.010822524}
PR7600_SAMPLE {"workload":"small_inline","rep":188,"rows":256,"cpu_seconds":0.011549101,"elapsed_seconds":0.011606686}
PR7600_SAMPLE {"workload":"small_inline","rep":189,"rows":256,"cpu_seconds":0.011437881,"elapsed_seconds":0.011484688}
PR7600_SAMPLE {"workload":"small_inline","rep":190,"rows":256,"cpu_seconds":0.011277782,"elapsed_seconds":0.011323529}
PR7600_SAMPLE {"workload":"small_inline","rep":191,"rows":256,"cpu_seconds":0.011077342,"elapsed_seconds":0.011135978}
PR7600_SAMPLE {"workload":"small_inline","rep":192,"rows":256,"cpu_seconds":0.010730206,"elapsed_seconds":0.010781164}
PR7600_SAMPLE {"workload":"small_inline","rep":193,"rows":256,"cpu_seconds":0.010631886,"elapsed_seconds":0.010673531}
PR7600_SAMPLE {"workload":"small_inline","rep":194,"rows":256,"cpu_seconds":0.010432854,"elapsed_seconds":0.010471305}
PR7600_SAMPLE {"workload":"small_inline","rep":195,"rows":256,"cpu_seconds":0.010171777,"elapsed_seconds":0.010208753}
[       OK ] Pr7600Measure.Matrix (2288 ms)
[----------] 1 test from Pr7600Measure (2288 ms total)

[----------] Global test environment tear-down
##### Stopping Server For OOS SQL Testing #####
[==========] 1 test from 1 test suite ran. (2516 ms total)
[  PASSED  ] 1 test.
10371413125;;instructions:u;2456234730;100.00;1.21;insn per cycle
8596051416;;cycles:u;2456234730;100.00;;

Evidence: /home/vimkim/gh/my-cubrid-docs/cbrd-27089/design/ticket06-evidence/diagnosis-20260910/counters/small-inline-0-base.json
