Creating database with 64.0M size using locale en_US.utf8. The total amount of disk space needed is 104.0M.

CUBRID 11.5.0


Note: Google Test filter = Pr7600Measure.Matrix
[==========] Running 1 test from 1 test suite.
[----------] Global test environment set-up.
##### Starting Server For OOS SQL Testing #####
will be written at ./test_oos_sql_log
[----------] 1 test from Pr7600Measure
[ RUN      ] Pr7600Measure.Matrix
PR7600_SAMPLE {"workload":"small_inline","rep":-2,"rows":256,"cpu_seconds":0.010967569,"elapsed_seconds":0.011024791}
PR7600_SAMPLE {"workload":"small_inline","rep":-1,"rows":256,"cpu_seconds":0.010130543,"elapsed_seconds":0.010167212}
PR7600_SAMPLE {"workload":"small_inline","rep":0,"rows":256,"cpu_seconds":0.010517585,"elapsed_seconds":0.010555691}
PR7600_SAMPLE {"workload":"small_inline","rep":1,"rows":256,"cpu_seconds":0.010573733,"elapsed_seconds":0.010617595}
PR7600_SAMPLE {"workload":"small_inline","rep":2,"rows":256,"cpu_seconds":0.010585144,"elapsed_seconds":0.010636595}
PR7600_SAMPLE {"workload":"small_inline","rep":3,"rows":256,"cpu_seconds":0.010440080,"elapsed_seconds":0.010479102}
PR7600_SAMPLE {"workload":"small_inline","rep":4,"rows":256,"cpu_seconds":0.010528029,"elapsed_seconds":0.010570420}
PR7600_SAMPLE {"workload":"small_inline","rep":5,"rows":256,"cpu_seconds":0.010584662,"elapsed_seconds":0.010619064}
PR7600_SAMPLE {"workload":"small_inline","rep":6,"rows":256,"cpu_seconds":0.010309449,"elapsed_seconds":0.010352599}
PR7600_SAMPLE {"workload":"small_inline","rep":7,"rows":256,"cpu_seconds":0.010215227,"elapsed_seconds":0.010254214}
PR7600_SAMPLE {"workload":"small_inline","rep":8,"rows":256,"cpu_seconds":0.010457749,"elapsed_seconds":0.010500682}
PR7600_SAMPLE {"workload":"small_inline","rep":9,"rows":256,"cpu_seconds":0.010585522,"elapsed_seconds":0.010627065}
PR7600_SAMPLE {"workload":"small_inline","rep":10,"rows":256,"cpu_seconds":0.010467113,"elapsed_seconds":0.010503956}
PR7600_SAMPLE {"workload":"small_inline","rep":11,"rows":256,"cpu_seconds":0.010534928,"elapsed_seconds":0.010572683}
PR7600_SAMPLE {"workload":"small_inline","rep":12,"rows":256,"cpu_seconds":0.010374725,"elapsed_seconds":0.010411781}
PR7600_SAMPLE {"workload":"small_inline","rep":13,"rows":256,"cpu_seconds":0.010444645,"elapsed_seconds":0.010482832}
PR7600_SAMPLE {"workload":"small_inline","rep":14,"rows":256,"cpu_seconds":0.010705757,"elapsed_seconds":0.010749444}
PR7600_SAMPLE {"workload":"small_inline","rep":15,"rows":256,"cpu_seconds":0.010614783,"elapsed_seconds":0.010659838}
PR7600_SAMPLE {"workload":"small_inline","rep":16,"rows":256,"cpu_seconds":0.010576627,"elapsed_seconds":0.010624328}
PR7600_SAMPLE {"workload":"small_inline","rep":17,"rows":256,"cpu_seconds":0.010421714,"elapsed_seconds":0.010457370}
PR7600_SAMPLE {"workload":"small_inline","rep":18,"rows":256,"cpu_seconds":0.010807968,"elapsed_seconds":0.010851673}
PR7600_SAMPLE {"workload":"small_inline","rep":19,"rows":256,"cpu_seconds":0.010740947,"elapsed_seconds":0.010778956}
PR7600_SAMPLE {"workload":"small_inline","rep":20,"rows":256,"cpu_seconds":0.010720851,"elapsed_seconds":0.010763415}
PR7600_SAMPLE {"workload":"small_inline","rep":21,"rows":256,"cpu_seconds":0.010948454,"elapsed_seconds":0.010993888}
PR7600_SAMPLE {"workload":"small_inline","rep":22,"rows":256,"cpu_seconds":0.011705439,"elapsed_seconds":0.011749962}
PR7600_SAMPLE {"workload":"small_inline","rep":23,"rows":256,"cpu_seconds":0.011451374,"elapsed_seconds":0.011496535}
PR7600_SAMPLE {"workload":"small_inline","rep":24,"rows":256,"cpu_seconds":0.011299963,"elapsed_seconds":0.011346377}
PR7600_SAMPLE {"workload":"small_inline","rep":25,"rows":256,"cpu_seconds":0.010975208,"elapsed_seconds":0.011021430}
PR7600_SAMPLE {"workload":"small_inline","rep":26,"rows":256,"cpu_seconds":0.011313500,"elapsed_seconds":0.011357517}
PR7600_SAMPLE {"workload":"small_inline","rep":27,"rows":256,"cpu_seconds":0.011158942,"elapsed_seconds":0.011202091}
PR7600_SAMPLE {"workload":"small_inline","rep":28,"rows":256,"cpu_seconds":0.011115960,"elapsed_seconds":0.011157860}
PR7600_SAMPLE {"workload":"small_inline","rep":29,"rows":256,"cpu_seconds":0.011061643,"elapsed_seconds":0.011111206}
PR7600_SAMPLE {"workload":"small_inline","rep":30,"rows":256,"cpu_seconds":0.011093704,"elapsed_seconds":0.011136933}
PR7600_SAMPLE {"workload":"small_inline","rep":31,"rows":256,"cpu_seconds":0.010695383,"elapsed_seconds":0.010747240}
PR7600_SAMPLE {"workload":"small_inline","rep":32,"rows":256,"cpu_seconds":0.010912111,"elapsed_seconds":0.010953579}
PR7600_SAMPLE {"workload":"small_inline","rep":33,"rows":256,"cpu_seconds":0.010876895,"elapsed_seconds":0.010940473}
PR7600_SAMPLE {"workload":"small_inline","rep":34,"rows":256,"cpu_seconds":0.011509728,"elapsed_seconds":0.011558326}
PR7600_SAMPLE {"workload":"small_inline","rep":35,"rows":256,"cpu_seconds":0.012996845,"elapsed_seconds":0.013058154}
PR7600_SAMPLE {"workload":"small_inline","rep":36,"rows":256,"cpu_seconds":0.011873801,"elapsed_seconds":0.011922793}
PR7600_SAMPLE {"workload":"small_inline","rep":37,"rows":256,"cpu_seconds":0.012084412,"elapsed_seconds":0.012136859}
PR7600_SAMPLE {"workload":"small_inline","rep":38,"rows":256,"cpu_seconds":0.011678005,"elapsed_seconds":0.011730848}
PR7600_SAMPLE {"workload":"small_inline","rep":39,"rows":256,"cpu_seconds":0.010980879,"elapsed_seconds":0.011028358}
PR7600_SAMPLE {"workload":"small_inline","rep":40,"rows":256,"cpu_seconds":0.012596834,"elapsed_seconds":0.012668052}
PR7600_SAMPLE {"workload":"small_inline","rep":41,"rows":256,"cpu_seconds":0.012183821,"elapsed_seconds":0.012238872}
PR7600_SAMPLE {"workload":"small_inline","rep":42,"rows":256,"cpu_seconds":0.011810433,"elapsed_seconds":0.011858967}
PR7600_SAMPLE {"workload":"small_inline","rep":43,"rows":256,"cpu_seconds":0.013473760,"elapsed_seconds":0.013542941}
PR7600_SAMPLE {"workload":"small_inline","rep":44,"rows":256,"cpu_seconds":0.012327258,"elapsed_seconds":0.012378737}
PR7600_SAMPLE {"workload":"small_inline","rep":45,"rows":256,"cpu_seconds":0.011487239,"elapsed_seconds":0.011529505}
PR7600_SAMPLE {"workload":"small_inline","rep":46,"rows":256,"cpu_seconds":0.012192215,"elapsed_seconds":0.012250245}
PR7600_SAMPLE {"workload":"small_inline","rep":47,"rows":256,"cpu_seconds":0.012864602,"elapsed_seconds":0.012939483}
PR7600_SAMPLE {"workload":"small_inline","rep":48,"rows":256,"cpu_seconds":0.012360746,"elapsed_seconds":0.012424837}
PR7600_SAMPLE {"workload":"small_inline","rep":49,"rows":256,"cpu_seconds":0.013151466,"elapsed_seconds":0.013231291}
PR7600_SAMPLE {"workload":"small_inline","rep":50,"rows":256,"cpu_seconds":0.013185615,"elapsed_seconds":0.013260163}
PR7600_SAMPLE {"workload":"small_inline","rep":51,"rows":256,"cpu_seconds":0.013266208,"elapsed_seconds":0.013327881}
PR7600_SAMPLE {"workload":"small_inline","rep":52,"rows":256,"cpu_seconds":0.011621298,"elapsed_seconds":0.011678615}
PR7600_SAMPLE {"workload":"small_inline","rep":53,"rows":256,"cpu_seconds":0.012642172,"elapsed_seconds":0.012708973}
PR7600_SAMPLE {"workload":"small_inline","rep":54,"rows":256,"cpu_seconds":0.013360050,"elapsed_seconds":0.013424605}
PR7600_SAMPLE {"workload":"small_inline","rep":55,"rows":256,"cpu_seconds":0.013220860,"elapsed_seconds":0.013290568}
PR7600_SAMPLE {"workload":"small_inline","rep":56,"rows":256,"cpu_seconds":0.013075654,"elapsed_seconds":0.013143346}
PR7600_SAMPLE {"workload":"small_inline","rep":57,"rows":256,"cpu_seconds":0.011575941,"elapsed_seconds":0.011640298}
PR7600_SAMPLE {"workload":"small_inline","rep":58,"rows":256,"cpu_seconds":0.011088442,"elapsed_seconds":0.011139603}
PR7600_SAMPLE {"workload":"small_inline","rep":59,"rows":256,"cpu_seconds":0.010544796,"elapsed_seconds":0.010610210}
PR7600_SAMPLE {"workload":"small_inline","rep":60,"rows":256,"cpu_seconds":0.010630610,"elapsed_seconds":0.010676357}
PR7600_SAMPLE {"workload":"small_inline","rep":61,"rows":256,"cpu_seconds":0.010667115,"elapsed_seconds":0.010711800}
PR7600_SAMPLE {"workload":"small_inline","rep":62,"rows":256,"cpu_seconds":0.010795831,"elapsed_seconds":0.010841569}
PR7600_SAMPLE {"workload":"small_inline","rep":63,"rows":256,"cpu_seconds":0.010615737,"elapsed_seconds":0.010658866}
PR7600_SAMPLE {"workload":"small_inline","rep":64,"rows":256,"cpu_seconds":0.010675456,"elapsed_seconds":0.010722294}
PR7600_SAMPLE {"workload":"small_inline","rep":65,"rows":256,"cpu_seconds":0.010590032,"elapsed_seconds":0.010629989}
PR7600_SAMPLE {"workload":"small_inline","rep":66,"rows":256,"cpu_seconds":0.010595856,"elapsed_seconds":0.010637667}
PR7600_SAMPLE {"workload":"small_inline","rep":67,"rows":256,"cpu_seconds":0.010659740,"elapsed_seconds":0.010696105}
PR7600_SAMPLE {"workload":"small_inline","rep":68,"rows":256,"cpu_seconds":0.010660281,"elapsed_seconds":0.010710953}
PR7600_SAMPLE {"workload":"small_inline","rep":69,"rows":256,"cpu_seconds":0.010550812,"elapsed_seconds":0.010609360}
PR7600_SAMPLE {"workload":"small_inline","rep":70,"rows":256,"cpu_seconds":0.010696447,"elapsed_seconds":0.010761552}
PR7600_SAMPLE {"workload":"small_inline","rep":71,"rows":256,"cpu_seconds":0.010728944,"elapsed_seconds":0.010798367}
PR7600_SAMPLE {"workload":"small_inline","rep":72,"rows":256,"cpu_seconds":0.010444444,"elapsed_seconds":0.010493104}
PR7600_SAMPLE {"workload":"small_inline","rep":73,"rows":256,"cpu_seconds":0.010830306,"elapsed_seconds":0.010883201}
PR7600_SAMPLE {"workload":"small_inline","rep":74,"rows":256,"cpu_seconds":0.011008925,"elapsed_seconds":0.011066894}
PR7600_SAMPLE {"workload":"small_inline","rep":75,"rows":256,"cpu_seconds":0.010624440,"elapsed_seconds":0.010673524}
PR7600_SAMPLE {"workload":"small_inline","rep":76,"rows":256,"cpu_seconds":0.010432889,"elapsed_seconds":0.010475093}
PR7600_SAMPLE {"workload":"small_inline","rep":77,"rows":256,"cpu_seconds":0.010732314,"elapsed_seconds":0.010784191}
PR7600_SAMPLE {"workload":"small_inline","rep":78,"rows":256,"cpu_seconds":0.010545017,"elapsed_seconds":0.010582655}
PR7600_SAMPLE {"workload":"small_inline","rep":79,"rows":256,"cpu_seconds":0.010582232,"elapsed_seconds":0.010625326}
PR7600_SAMPLE {"workload":"small_inline","rep":80,"rows":256,"cpu_seconds":0.010683608,"elapsed_seconds":0.010723463}
PR7600_SAMPLE {"workload":"small_inline","rep":81,"rows":256,"cpu_seconds":0.010117859,"elapsed_seconds":0.010156875}
PR7600_SAMPLE {"workload":"small_inline","rep":82,"rows":256,"cpu_seconds":0.010674535,"elapsed_seconds":0.010714843}
PR7600_SAMPLE {"workload":"small_inline","rep":83,"rows":256,"cpu_seconds":0.010753772,"elapsed_seconds":0.010797845}
PR7600_SAMPLE {"workload":"small_inline","rep":84,"rows":256,"cpu_seconds":0.010601875,"elapsed_seconds":0.010644187}
PR7600_SAMPLE {"workload":"small_inline","rep":85,"rows":256,"cpu_seconds":0.010466960,"elapsed_seconds":0.010505502}
PR7600_SAMPLE {"workload":"small_inline","rep":86,"rows":256,"cpu_seconds":0.010711283,"elapsed_seconds":0.010750755}
PR7600_SAMPLE {"workload":"small_inline","rep":87,"rows":256,"cpu_seconds":0.010561628,"elapsed_seconds":0.010597119}
PR7600_SAMPLE {"workload":"small_inline","rep":88,"rows":256,"cpu_seconds":0.010311825,"elapsed_seconds":0.010349085}
PR7600_SAMPLE {"workload":"small_inline","rep":89,"rows":256,"cpu_seconds":0.010608405,"elapsed_seconds":0.010646849}
PR7600_SAMPLE {"workload":"small_inline","rep":90,"rows":256,"cpu_seconds":0.010423929,"elapsed_seconds":0.010462224}
PR7600_SAMPLE {"workload":"small_inline","rep":91,"rows":256,"cpu_seconds":0.010471816,"elapsed_seconds":0.010514735}
PR7600_SAMPLE {"workload":"small_inline","rep":92,"rows":256,"cpu_seconds":0.010597934,"elapsed_seconds":0.010640202}
PR7600_SAMPLE {"workload":"small_inline","rep":93,"rows":256,"cpu_seconds":0.010610664,"elapsed_seconds":0.010646220}
PR7600_SAMPLE {"workload":"small_inline","rep":94,"rows":256,"cpu_seconds":0.010568843,"elapsed_seconds":0.010609889}
PR7600_SAMPLE {"workload":"small_inline","rep":95,"rows":256,"cpu_seconds":0.010298266,"elapsed_seconds":0.010335230}
PR7600_SAMPLE {"workload":"small_inline","rep":96,"rows":256,"cpu_seconds":0.010329338,"elapsed_seconds":0.010365235}
PR7600_SAMPLE {"workload":"small_inline","rep":97,"rows":256,"cpu_seconds":0.010591843,"elapsed_seconds":0.010632997}
PR7600_SAMPLE {"workload":"small_inline","rep":98,"rows":256,"cpu_seconds":0.010531841,"elapsed_seconds":0.010582028}
PR7600_SAMPLE {"workload":"small_inline","rep":99,"rows":256,"cpu_seconds":0.010358703,"elapsed_seconds":0.010398048}
PR7600_SAMPLE {"workload":"small_inline","rep":100,"rows":256,"cpu_seconds":0.010529147,"elapsed_seconds":0.010572150}
PR7600_SAMPLE {"workload":"small_inline","rep":101,"rows":256,"cpu_seconds":0.010528802,"elapsed_seconds":0.010569129}
PR7600_SAMPLE {"workload":"small_inline","rep":102,"rows":256,"cpu_seconds":0.010589927,"elapsed_seconds":0.010627653}
PR7600_SAMPLE {"workload":"small_inline","rep":103,"rows":256,"cpu_seconds":0.010525347,"elapsed_seconds":0.010564910}
PR7600_SAMPLE {"workload":"small_inline","rep":104,"rows":256,"cpu_seconds":0.010514730,"elapsed_seconds":0.010553976}
PR7600_SAMPLE {"workload":"small_inline","rep":105,"rows":256,"cpu_seconds":0.010718192,"elapsed_seconds":0.010756206}
PR7600_SAMPLE {"workload":"small_inline","rep":106,"rows":256,"cpu_seconds":0.010516242,"elapsed_seconds":0.010551856}
PR7600_SAMPLE {"workload":"small_inline","rep":107,"rows":256,"cpu_seconds":0.010517146,"elapsed_seconds":0.010561970}
PR7600_SAMPLE {"workload":"small_inline","rep":108,"rows":256,"cpu_seconds":0.010585083,"elapsed_seconds":0.010630707}
PR7600_SAMPLE {"workload":"small_inline","rep":109,"rows":256,"cpu_seconds":0.010597626,"elapsed_seconds":0.010635008}
PR7600_SAMPLE {"workload":"small_inline","rep":110,"rows":256,"cpu_seconds":0.010547761,"elapsed_seconds":0.010591598}
PR7600_SAMPLE {"workload":"small_inline","rep":111,"rows":256,"cpu_seconds":0.010717118,"elapsed_seconds":0.010756756}
PR7600_SAMPLE {"workload":"small_inline","rep":112,"rows":256,"cpu_seconds":0.010564335,"elapsed_seconds":0.010602207}
PR7600_SAMPLE {"workload":"small_inline","rep":113,"rows":256,"cpu_seconds":0.010601049,"elapsed_seconds":0.010639832}
PR7600_SAMPLE {"workload":"small_inline","rep":114,"rows":256,"cpu_seconds":0.010640439,"elapsed_seconds":0.010684071}
PR7600_SAMPLE {"workload":"small_inline","rep":115,"rows":256,"cpu_seconds":0.010503924,"elapsed_seconds":0.010541478}
PR7600_SAMPLE {"workload":"small_inline","rep":116,"rows":256,"cpu_seconds":0.010718385,"elapsed_seconds":0.010785634}
PR7600_SAMPLE {"workload":"small_inline","rep":117,"rows":256,"cpu_seconds":0.010528486,"elapsed_seconds":0.010563423}
PR7600_SAMPLE {"workload":"small_inline","rep":118,"rows":256,"cpu_seconds":0.010659326,"elapsed_seconds":0.010699840}
PR7600_SAMPLE {"workload":"small_inline","rep":119,"rows":256,"cpu_seconds":0.010681016,"elapsed_seconds":0.010737305}
PR7600_SAMPLE {"workload":"small_inline","rep":120,"rows":256,"cpu_seconds":0.010648680,"elapsed_seconds":0.010688445}
PR7600_SAMPLE {"workload":"small_inline","rep":121,"rows":256,"cpu_seconds":0.010674023,"elapsed_seconds":0.010712072}
PR7600_SAMPLE {"workload":"small_inline","rep":122,"rows":256,"cpu_seconds":0.010421194,"elapsed_seconds":0.010464957}
PR7600_SAMPLE {"workload":"small_inline","rep":123,"rows":256,"cpu_seconds":0.010660488,"elapsed_seconds":0.010718152}
PR7600_SAMPLE {"workload":"small_inline","rep":124,"rows":256,"cpu_seconds":0.010427732,"elapsed_seconds":0.010466767}
PR7600_SAMPLE {"workload":"small_inline","rep":125,"rows":256,"cpu_seconds":0.010546673,"elapsed_seconds":0.010597850}
PR7600_SAMPLE {"workload":"small_inline","rep":126,"rows":256,"cpu_seconds":0.010532851,"elapsed_seconds":0.010569149}
PR7600_SAMPLE {"workload":"small_inline","rep":127,"rows":256,"cpu_seconds":0.010626846,"elapsed_seconds":0.010669263}
PR7600_SAMPLE {"workload":"small_inline","rep":128,"rows":256,"cpu_seconds":0.010631126,"elapsed_seconds":0.010665641}
PR7600_SAMPLE {"workload":"small_inline","rep":129,"rows":256,"cpu_seconds":0.010563856,"elapsed_seconds":0.010606320}
PR7600_SAMPLE {"workload":"small_inline","rep":130,"rows":256,"cpu_seconds":0.010569113,"elapsed_seconds":0.010611121}
PR7600_SAMPLE {"workload":"small_inline","rep":131,"rows":256,"cpu_seconds":0.010506995,"elapsed_seconds":0.010544036}
PR7600_SAMPLE {"workload":"small_inline","rep":132,"rows":256,"cpu_seconds":0.010598391,"elapsed_seconds":0.010642784}
PR7600_SAMPLE {"workload":"small_inline","rep":133,"rows":256,"cpu_seconds":0.010572242,"elapsed_seconds":0.010611005}
PR7600_SAMPLE {"workload":"small_inline","rep":134,"rows":256,"cpu_seconds":0.010582389,"elapsed_seconds":0.010629651}
PR7600_SAMPLE {"workload":"small_inline","rep":135,"rows":256,"cpu_seconds":0.010593916,"elapsed_seconds":0.010640228}
PR7600_SAMPLE {"workload":"small_inline","rep":136,"rows":256,"cpu_seconds":0.010524971,"elapsed_seconds":0.010567419}
PR7600_SAMPLE {"workload":"small_inline","rep":137,"rows":256,"cpu_seconds":0.010810420,"elapsed_seconds":0.010852014}
PR7600_SAMPLE {"workload":"small_inline","rep":138,"rows":256,"cpu_seconds":0.010532234,"elapsed_seconds":0.010574314}
PR7600_SAMPLE {"workload":"small_inline","rep":139,"rows":256,"cpu_seconds":0.010508394,"elapsed_seconds":0.010547712}
PR7600_SAMPLE {"workload":"small_inline","rep":140,"rows":256,"cpu_seconds":0.010540814,"elapsed_seconds":0.010585616}
PR7600_SAMPLE {"workload":"small_inline","rep":141,"rows":256,"cpu_seconds":0.010640519,"elapsed_seconds":0.010680586}
PR7600_SAMPLE {"workload":"small_inline","rep":142,"rows":256,"cpu_seconds":0.010418427,"elapsed_seconds":0.010457208}
PR7600_SAMPLE {"workload":"small_inline","rep":143,"rows":256,"cpu_seconds":0.010497667,"elapsed_seconds":0.010545749}
PR7600_SAMPLE {"workload":"small_inline","rep":144,"rows":256,"cpu_seconds":0.010610524,"elapsed_seconds":0.010650819}
PR7600_SAMPLE {"workload":"small_inline","rep":145,"rows":256,"cpu_seconds":0.010610680,"elapsed_seconds":0.010652501}
PR7600_SAMPLE {"workload":"small_inline","rep":146,"rows":256,"cpu_seconds":0.010682408,"elapsed_seconds":0.010725594}
PR7600_SAMPLE {"workload":"small_inline","rep":147,"rows":256,"cpu_seconds":0.010679728,"elapsed_seconds":0.010736567}
PR7600_SAMPLE {"workload":"small_inline","rep":148,"rows":256,"cpu_seconds":0.010529548,"elapsed_seconds":0.010571131}
PR7600_SAMPLE {"workload":"small_inline","rep":149,"rows":256,"cpu_seconds":0.010526235,"elapsed_seconds":0.010566928}
PR7600_SAMPLE {"workload":"small_inline","rep":150,"rows":256,"cpu_seconds":0.010546930,"elapsed_seconds":0.010588347}
PR7600_SAMPLE {"workload":"small_inline","rep":151,"rows":256,"cpu_seconds":0.015021004,"elapsed_seconds":0.015085815}
PR7600_SAMPLE {"workload":"small_inline","rep":152,"rows":256,"cpu_seconds":0.010628988,"elapsed_seconds":0.010683419}
PR7600_SAMPLE {"workload":"small_inline","rep":153,"rows":256,"cpu_seconds":0.010518511,"elapsed_seconds":0.010558581}
PR7600_SAMPLE {"workload":"small_inline","rep":154,"rows":256,"cpu_seconds":0.010631738,"elapsed_seconds":0.010674878}
PR7600_SAMPLE {"workload":"small_inline","rep":155,"rows":256,"cpu_seconds":0.010534377,"elapsed_seconds":0.010571544}
PR7600_SAMPLE {"workload":"small_inline","rep":156,"rows":256,"cpu_seconds":0.010404593,"elapsed_seconds":0.010442326}
PR7600_SAMPLE {"workload":"small_inline","rep":157,"rows":256,"cpu_seconds":0.010673805,"elapsed_seconds":0.010730743}
PR7600_SAMPLE {"workload":"small_inline","rep":158,"rows":256,"cpu_seconds":0.010529487,"elapsed_seconds":0.010573699}
PR7600_SAMPLE {"workload":"small_inline","rep":159,"rows":256,"cpu_seconds":0.010122081,"elapsed_seconds":0.010159976}
PR7600_SAMPLE {"workload":"small_inline","rep":160,"rows":256,"cpu_seconds":0.010433767,"elapsed_seconds":0.010479355}
PR7600_SAMPLE {"workload":"small_inline","rep":161,"rows":256,"cpu_seconds":0.010558277,"elapsed_seconds":0.010597435}
PR7600_SAMPLE {"workload":"small_inline","rep":162,"rows":256,"cpu_seconds":0.010503903,"elapsed_seconds":0.010548026}
PR7600_SAMPLE {"workload":"small_inline","rep":163,"rows":256,"cpu_seconds":0.010586445,"elapsed_seconds":0.010637108}
PR7600_SAMPLE {"workload":"small_inline","rep":164,"rows":256,"cpu_seconds":0.010517380,"elapsed_seconds":0.010560748}
PR7600_SAMPLE {"workload":"small_inline","rep":165,"rows":256,"cpu_seconds":0.010496664,"elapsed_seconds":0.010536594}
PR7600_SAMPLE {"workload":"small_inline","rep":166,"rows":256,"cpu_seconds":0.010648755,"elapsed_seconds":0.010696581}
PR7600_SAMPLE {"workload":"small_inline","rep":167,"rows":256,"cpu_seconds":0.010630907,"elapsed_seconds":0.010672561}
PR7600_SAMPLE {"workload":"small_inline","rep":168,"rows":256,"cpu_seconds":0.010499442,"elapsed_seconds":0.010539345}
PR7600_SAMPLE {"workload":"small_inline","rep":169,"rows":256,"cpu_seconds":0.010425873,"elapsed_seconds":0.010462737}
PR7600_SAMPLE {"workload":"small_inline","rep":170,"rows":256,"cpu_seconds":0.010709871,"elapsed_seconds":0.010753411}
PR7600_SAMPLE {"workload":"small_inline","rep":171,"rows":256,"cpu_seconds":0.010628745,"elapsed_seconds":0.010665942}
PR7600_SAMPLE {"workload":"small_inline","rep":172,"rows":256,"cpu_seconds":0.010651716,"elapsed_seconds":0.010694104}
PR7600_SAMPLE {"workload":"small_inline","rep":173,"rows":256,"cpu_seconds":0.010591609,"elapsed_seconds":0.010630049}
PR7600_SAMPLE {"workload":"small_inline","rep":174,"rows":256,"cpu_seconds":0.010405128,"elapsed_seconds":0.010445306}
PR7600_SAMPLE {"workload":"small_inline","rep":175,"rows":256,"cpu_seconds":0.010539910,"elapsed_seconds":0.010579547}
PR7600_SAMPLE {"workload":"small_inline","rep":176,"rows":256,"cpu_seconds":0.010516196,"elapsed_seconds":0.010554221}
PR7600_SAMPLE {"workload":"small_inline","rep":177,"rows":256,"cpu_seconds":0.010542237,"elapsed_seconds":0.010582528}
PR7600_SAMPLE {"workload":"small_inline","rep":178,"rows":256,"cpu_seconds":0.010579300,"elapsed_seconds":0.010616445}
PR7600_SAMPLE {"workload":"small_inline","rep":179,"rows":256,"cpu_seconds":0.010577715,"elapsed_seconds":0.010619162}
PR7600_SAMPLE {"workload":"small_inline","rep":180,"rows":256,"cpu_seconds":0.010412624,"elapsed_seconds":0.010456948}
PR7600_SAMPLE {"workload":"small_inline","rep":181,"rows":256,"cpu_seconds":0.010377728,"elapsed_seconds":0.010413509}
PR7600_SAMPLE {"workload":"small_inline","rep":182,"rows":256,"cpu_seconds":0.010607883,"elapsed_seconds":0.010646522}
PR7600_SAMPLE {"workload":"small_inline","rep":183,"rows":256,"cpu_seconds":0.010337625,"elapsed_seconds":0.010378537}
PR7600_SAMPLE {"workload":"small_inline","rep":184,"rows":256,"cpu_seconds":0.010391759,"elapsed_seconds":0.010430301}
PR7600_SAMPLE {"workload":"small_inline","rep":185,"rows":256,"cpu_seconds":0.010492733,"elapsed_seconds":0.010531573}
PR7600_SAMPLE {"workload":"small_inline","rep":186,"rows":256,"cpu_seconds":0.010701589,"elapsed_seconds":0.010744681}
PR7600_SAMPLE {"workload":"small_inline","rep":187,"rows":256,"cpu_seconds":0.010881547,"elapsed_seconds":0.010929129}
PR7600_SAMPLE {"workload":"small_inline","rep":188,"rows":256,"cpu_seconds":0.010523188,"elapsed_seconds":0.010560651}
PR7600_SAMPLE {"workload":"small_inline","rep":189,"rows":256,"cpu_seconds":0.010408078,"elapsed_seconds":0.010446001}
PR7600_SAMPLE {"workload":"small_inline","rep":190,"rows":256,"cpu_seconds":0.010390182,"elapsed_seconds":0.010432611}
PR7600_SAMPLE {"workload":"small_inline","rep":191,"rows":256,"cpu_seconds":0.010574857,"elapsed_seconds":0.010616470}
PR7600_SAMPLE {"workload":"small_inline","rep":192,"rows":256,"cpu_seconds":0.010478920,"elapsed_seconds":0.010517459}
PR7600_SAMPLE {"workload":"small_inline","rep":193,"rows":256,"cpu_seconds":0.010506044,"elapsed_seconds":0.010548053}
PR7600_SAMPLE {"workload":"small_inline","rep":194,"rows":256,"cpu_seconds":0.010700854,"elapsed_seconds":0.010737348}
PR7600_SAMPLE {"workload":"small_inline","rep":195,"rows":256,"cpu_seconds":0.010613652,"elapsed_seconds":0.010658470}
[       OK ] Pr7600Measure.Matrix (2404 ms)
[----------] 1 test from Pr7600Measure (2404 ms total)

[----------] Global test environment tear-down
##### Stopping Server For OOS SQL Testing #####
[==========] 1 test from 1 test suite ran. (2635 ms total)
[  PASSED  ] 1 test.
10371967994;;instructions:u;2569019091;100.00;1.21;insn per cycle
8567422091;;cycles:u;2569019091;100.00;;

Evidence: /home/vimkim/gh/my-cubrid-docs/cbrd-27089/design/ticket06-evidence/diagnosis-20260910/counters/small-inline-3-base.json
