
Time: 09/11/26 22:36:50.088 - NOTIFICATION *** file /home/vimkim/gh/cb/oos-instr-f4299ac0c/src/transaction/boot_sr.c, line 1576  CODE = -1015, Tran = -1, EID = 1
Specified directory '/home/vimkim/.cub/campaign/cbrd-26659/ticket16/boundedfs/mnt/db/lob' does not exist.

Time: 09/11/26 22:36:50.092 - DEBUG *** file /home/vimkim/gh/cb/oos-instr-f4299ac0c/src/transaction/log_page_buffer.c, line 11879
VACUUM (SA_MODE): Reset vacuum info in loghdr (0x7f784874dac8)

Time: 09/11/26 22:36:50.092 - DEBUG *** file /home/vimkim/gh/cb/oos-instr-f4299ac0c/src/storage/file_io.c, line 2208
Created volume /home/vimkim/.cub/campaign/cbrd-26659/ticket16/boundedfs/mnt/db/bfs_lgat

Time: 09/11/26 22:36:50.100 - DEBUG *** file /home/vimkim/gh/cb/oos-instr-f4299ac0c/src/transaction/log_manager.c, line 1068
LOG INITIALIZE
	db_fullname = /home/vimkim/.cub/campaign/cbrd-26659/ticket16/boundedfs/mnt/db/bfs 
	logpath = /home/vimkim/.cub/campaign/cbrd-26659/ticket16/boundedfs/mnt/db 
	prefix_logname = bfs 
	ismedia_crash = 0 

Time: 09/11/26 22:36:50.119 - DEBUG *** file /home/vimkim/gh/cb/oos-instr-f4299ac0c/src/storage/file_io.c, line 2208
Created volume /home/vimkim/.cub/campaign/cbrd-26659/ticket16/boundedfs/mnt/db/bfs_lgar_t

Time: 09/11/26 22:36:50.119 - DEBUG *** file /home/vimkim/gh/cb/oos-instr-f4299ac0c/src/transaction/log_manager.c, line 1545
log_initialize_internal: end of log initializaton, append_lsa = (0|0) 

Time: 09/11/26 22:36:50.119 - DEBUG *** file /home/vimkim/gh/cb/oos-instr-f4299ac0c/src/storage/file_io.c, line 2208
Created volume /home/vimkim/.cub/campaign/cbrd-26659/ticket16/boundedfs/mnt/db/bfs_dwb

Time: 09/11/26 22:36:50.121 - DEBUG *** file /home/vimkim/gh/cb/oos-instr-f4299ac0c/src/storage/file_io.c, line 2208
Created volume /home/vimkim/.cub/campaign/cbrd-26659/ticket16/boundedfs/mnt/db/bfs

Time: 09/11/26 22:36:50.156 - DEBUG *** file /home/vimkim/gh/cb/oos-instr-f4299ac0c/src/query/vacuum.c, line 6345
VACUUM (SA_MODE): Append undo log from dropped file 0|128.

Time: 09/11/26 22:36:50.157 - DEBUG *** file /home/vimkim/gh/cb/oos-instr-f4299ac0c/src/query/vacuum.c, line 6345
VACUUM (SA_MODE): Append undo log from dropped file 0|192.

Time: 09/11/26 22:36:50.157 - DEBUG *** file /home/vimkim/gh/cb/oos-instr-f4299ac0c/src/query/vacuum.c, line 6345
VACUUM (SA_MODE): Append undo log from dropped file 0|256.

Time: 09/11/26 22:36:50.157 - DEBUG *** file /home/vimkim/gh/cb/oos-instr-f4299ac0c/src/query/vacuum.c, line 4722
VACUUM (SA_MODE): Initialized vacuum data page { VPID = 0|641, crt_lsa = 0|14312 } 

Time: 09/11/26 22:36:50.177 - NOTIFICATION *** file /home/vimkim/gh/cb/oos-instr-f4299ac0c/src/transaction/log_page_buffer.c, line 7202  CODE = -977, Tran = -1, EID = 2
Checkpoint started (previous checkpoint page id: 0, previous redo page id: 0).

Time: 09/11/26 22:36:50.177 - DEBUG *** file /home/vimkim/gh/cb/oos-instr-f4299ac0c/src/transaction/log_page_buffer.c, line 7204
start checkpoint

Time: 09/11/26 22:36:50.177 - DEBUG *** file /home/vimkim/gh/cb/oos-instr-f4299ac0c/src/storage/page_buffer.c, line 10733
flushing page 0|0 to disk without logging.

Time: 09/11/26 22:36:50.177 - NOTIFICATION *** file /home/vimkim/gh/cb/oos-instr-f4299ac0c/src/transaction/log_page_buffer.c, line 7645  CODE = -978, Tran = -1, EID = 3
Checkpoint finished (checkpoint page id: 1, checkpoint redo page id: 1, flushed page count: 0).

Time: 09/11/26 22:36:50.177 - DEBUG *** file /home/vimkim/gh/cb/oos-instr-f4299ac0c/src/transaction/log_page_buffer.c, line 7647
end checkpoint

Time: 09/11/26 22:36:50.177 - NOTIFICATION *** file /home/vimkim/gh/cb/oos-instr-f4299ac0c/src/transaction/boot_sr.c, line 237  CODE = -973, Tran = -1, EID = 4
Server status is UP.

Time: 09/11/26 22:36:50.180 - DEBUG *** file /home/vimkim/gh/cb/oos-instr-f4299ac0c/src/query/vacuum.c, line 6345
VACUUM (SA_MODE): Append undo log from dropped file 0|768.

Time: 09/11/26 22:36:50.181 - DEBUG *** file /home/vimkim/gh/cb/oos-instr-f4299ac0c/src/query/vacuum.c, line 6345
VACUUM (SA_MODE): Append undo log from dropped file 0|832.

Time: 09/11/26 22:36:50.181 - DEBUG *** file /home/vimkim/gh/cb/oos-instr-f4299ac0c/src/query/vacuum.c, line 6345
VACUUM (SA_MODE): Append undo log from dropped file 0|896.

Time: 09/11/26 22:36:50.182 - DEBUG *** file /home/vimkim/gh/cb/oos-instr-f4299ac0c/src/query/vacuum.c, line 6345
VACUUM (SA_MODE): Append undo log from dropped file 0|960.

Time: 09/11/26 22:36:50.182 - DEBUG *** file /home/vimkim/gh/cb/oos-instr-f4299ac0c/src/query/vacuum.c, line 6345
VACUUM (SA_MODE): Append undo log from dropped file 0|1024.

Time: 09/11/26 22:36:50.193 - DEBUG *** file /home/vimkim/gh/cb/oos-instr-f4299ac0c/src/query/vacuum.c, line 6345
VACUUM (SA_MODE): Append undo log from dropped file 0|1088.

Time: 09/11/26 22:36:50.194 - DEBUG *** file /home/vimkim/gh/cb/oos-instr-f4299ac0c/src/query/vacuum.c, line 6345
VACUUM (SA_MODE): Append undo log from dropped file 0|1152.

Time: 09/11/26 22:36:50.195 - DEBUG *** file /home/vimkim/gh/cb/oos-instr-f4299ac0c/src/query/vacuum.c, line 6345
VACUUM (SA_MODE): Append undo log from dropped file 0|1216.

Time: 09/11/26 22:36:50.196 - DEBUG *** file /home/vimkim/gh/cb/oos-instr-f4299ac0c/src/query/vacuum.c, line 6345
VACUUM (SA_MODE): Append undo log from dropped file 0|1280.

Time: 09/11/26 22:36:50.198 - DEBUG *** file /home/vimkim/gh/cb/oos-instr-f4299ac0c/src/query/vacuum.c, line 6345
VACUUM (SA_MODE): Append undo log from dropped file 0|1344.

Time: 09/11/26 22:36:50.199 - DEBUG *** file /home/vimkim/gh/cb/oos-instr-f4299ac0c/src/query/vacuum.c, line 6345
VACUUM (SA_MODE): Append undo log from dropped file 0|1408.

Time: 09/11/26 22:36:50.200 - DEBUG *** file /home/vimkim/gh/cb/oos-instr-f4299ac0c/src/query/vacuum.c, line 6345
VACUUM (SA_MODE): Append undo log from dropped file 0|1472.

Time: 09/11/26 22:36:50.201 - DEBUG *** file /home/vimkim/gh/cb/oos-instr-f4299ac0c/src/query/vacuum.c, line 6345
VACUUM (SA_MODE): Append undo log from dropped file 0|1536.

Time: 09/11/26 22:36:50.201 - DEBUG *** file /home/vimkim/gh/cb/oos-instr-f4299ac0c/src/query/vacuum.c, line 6345
VACUUM (SA_MODE): Append undo log from dropped file 0|1600.

Time: 09/11/26 22:36:50.203 - DEBUG *** file /home/vimkim/gh/cb/oos-instr-f4299ac0c/src/query/vacuum.c, line 6345
VACUUM (SA_MODE): Append undo log from dropped file 0|1664.

Time: 09/11/26 22:36:50.203 - DEBUG *** file /home/vimkim/gh/cb/oos-instr-f4299ac0c/src/query/vacuum.c, line 6345
VACUUM (SA_MODE): Append undo log from dropped file 0|1728.

Time: 09/11/26 22:36:50.204 - DEBUG *** file /home/vimkim/gh/cb/oos-instr-f4299ac0c/src/query/vacuum.c, line 6345
VACUUM (SA_MODE): Append undo log from dropped file 0|1792.

Time: 09/11/26 22:36:50.205 - DEBUG *** file /home/vimkim/gh/cb/oos-instr-f4299ac0c/src/query/vacuum.c, line 6345
VACUUM (SA_MODE): Append undo log from dropped file 0|1856.

Time: 09/11/26 22:36:50.206 - DEBUG *** file /home/vimkim/gh/cb/oos-instr-f4299ac0c/src/query/vacuum.c, line 6345
VACUUM (SA_MODE): Append undo log from dropped file 0|1920.

Time: 09/11/26 22:36:50.206 - DEBUG *** file /home/vimkim/gh/cb/oos-instr-f4299ac0c/src/query/vacuum.c, line 6345
VACUUM (SA_MODE): Append undo log from dropped file 0|1984.

Time: 09/11/26 22:36:50.208 - DEBUG *** file /home/vimkim/gh/cb/oos-instr-f4299ac0c/src/query/vacuum.c, line 6345
VACUUM (SA_MODE): Append undo log from dropped file 0|2048.

Time: 09/11/26 22:36:50.208 - DEBUG *** file /home/vimkim/gh/cb/oos-instr-f4299ac0c/src/query/vacuum.c, line 6345
VACUUM (SA_MODE): Append undo log from dropped file 0|2112.

Time: 09/11/26 22:36:50.209 - DEBUG *** file /home/vimkim/gh/cb/oos-instr-f4299ac0c/src/query/vacuum.c, line 6345
VACUUM (SA_MODE): Append undo log from dropped file 0|2176.

Time: 09/11/26 22:36:50.209 - DEBUG *** file /home/vimkim/gh/cb/oos-instr-f4299ac0c/src/query/vacuum.c, line 6345
VACUUM (SA_MODE): Append undo log from dropped file 0|2240.

Time: 09/11/26 22:36:50.211 - DEBUG *** file /home/vimkim/gh/cb/oos-instr-f4299ac0c/src/query/vacuum.c, line 6345
VACUUM (SA_MODE): Append undo log from dropped file 0|2304.

Time: 09/11/26 22:36:50.212 - DEBUG *** file /home/vimkim/gh/cb/oos-instr-f4299ac0c/src/query/vacuum.c, line 6345
VACUUM (SA_MODE): Append undo log from dropped file 0|2368.

Time: 09/11/26 22:36:50.212 - DEBUG *** file /home/vimkim/gh/cb/oos-instr-f4299ac0c/src/query/vacuum.c, line 6345
VACUUM (SA_MODE): Append undo log from dropped file 0|2432.

Time: 09/11/26 22:36:50.214 - DEBUG *** file /home/vimkim/gh/cb/oos-instr-f4299ac0c/src/query/vacuum.c, line 6345
VACUUM (SA_MODE): Append undo log from dropped file 0|2496.

Time: 09/11/26 22:36:50.215 - DEBUG *** file /home/vimkim/gh/cb/oos-instr-f4299ac0c/src/query/vacuum.c, line 6345
VACUUM (SA_MODE): Append undo log from dropped file 0|2560.

Time: 09/11/26 22:36:50.216 - DEBUG *** file /home/vimkim/gh/cb/oos-instr-f4299ac0c/src/query/vacuum.c, line 6345
VACUUM (SA_MODE): Append undo log from dropped file 0|2624.

Time: 09/11/26 22:36:50.217 - DEBUG *** file /home/vimkim/gh/cb/oos-instr-f4299ac0c/src/query/vacuum.c, line 6345
VACUUM (SA_MODE): Append undo log from dropped file 0|2688.

Time: 09/11/26 22:36:50.217 - DEBUG *** file /home/vimkim/gh/cb/oos-instr-f4299ac0c/src/query/vacuum.c, line 6345
VACUUM (SA_MODE): Append undo log from dropped file 0|2752.

Time: 09/11/26 22:36:50.219 - DEBUG *** file /home/vimkim/gh/cb/oos-instr-f4299ac0c/src/query/vacuum.c, line 6345
VACUUM (SA_MODE): Append undo log from dropped file 0|2816.

Time: 09/11/26 22:36:50.220 - DEBUG *** file /home/vimkim/gh/cb/oos-instr-f4299ac0c/src/query/vacuum.c, line 6345
VACUUM (SA_MODE): Append undo log from dropped file 0|2880.

Time: 09/11/26 22:36:50.220 - DEBUG *** file /home/vimkim/gh/cb/oos-instr-f4299ac0c/src/query/vacuum.c, line 6345
VACUUM (SA_MODE): Append undo log from dropped file 0|2944.

Time: 09/11/26 22:36:50.222 - DEBUG *** file /home/vimkim/gh/cb/oos-instr-f4299ac0c/src/query/vacuum.c, line 6345
VACUUM (SA_MODE): Append undo log from dropped file 0|3008.

Time: 09/11/26 22:36:50.222 - DEBUG *** file /home/vimkim/gh/cb/oos-instr-f4299ac0c/src/query/vacuum.c, line 6345
VACUUM (SA_MODE): Append undo log from dropped file 0|3072.

Time: 09/11/26 22:36:50.231 - DEBUG *** file /home/vimkim/gh/cb/oos-instr-f4299ac0c/src/query/vacuum.c, line 6345
VACUUM (SA_MODE): Append undo log from dropped file 0|3136.

Time: 09/11/26 22:36:50.231 - DEBUG *** file /home/vimkim/gh/cb/oos-instr-f4299ac0c/src/query/vacuum.c, line 6345
VACUUM (SA_MODE): Append undo log from dropped file 0|3200.

Time: 09/11/26 22:36:50.233 - DEBUG *** file /home/vimkim/gh/cb/oos-instr-f4299ac0c/src/query/vacuum.c, line 6345
VACUUM (SA_MODE): Append undo log from dropped file 0|3264.

Time: 09/11/26 22:36:50.233 - DEBUG *** file /home/vimkim/gh/cb/oos-instr-f4299ac0c/src/query/vacuum.c, line 6345
VACUUM (SA_MODE): Append undo log from dropped file 0|3328.

Time: 09/11/26 22:36:50.235 - DEBUG *** file /home/vimkim/gh/cb/oos-instr-f4299ac0c/src/query/vacuum.c, line 6345
VACUUM (SA_MODE): Append undo log from dropped file 0|3392.

Time: 09/11/26 22:36:50.235 - DEBUG *** file /home/vimkim/gh/cb/oos-instr-f4299ac0c/src/query/vacuum.c, line 6345
VACUUM (SA_MODE): Append undo log from dropped file 0|3456.

Time: 09/11/26 22:36:50.237 - DEBUG *** file /home/vimkim/gh/cb/oos-instr-f4299ac0c/src/query/vacuum.c, line 6345
VACUUM (SA_MODE): Append undo log from dropped file 0|3520.

Time: 09/11/26 22:36:50.237 - DEBUG *** file /home/vimkim/gh/cb/oos-instr-f4299ac0c/src/query/vacuum.c, line 6345
VACUUM (SA_MODE): Append undo log from dropped file 0|3584.

Time: 09/11/26 22:36:50.241 - DEBUG *** file /home/vimkim/gh/cb/oos-instr-f4299ac0c/src/query/vacuum.c, line 6345
VACUUM (SA_MODE): Append undo log from dropped file 0|3648.

Time: 09/11/26 22:36:50.243 - DEBUG *** file /home/vimkim/gh/cb/oos-instr-f4299ac0c/src/query/vacuum.c, line 6345
VACUUM (SA_MODE): Append undo log from dropped file 0|3712.

Time: 09/11/26 22:36:50.247 - DEBUG *** file /home/vimkim/gh/cb/oos-instr-f4299ac0c/src/query/vacuum.c, line 6345
VACUUM (SA_MODE): Append undo log from dropped file 0|3776.

Time: 09/11/26 22:36:50.249 - DEBUG *** file /home/vimkim/gh/cb/oos-instr-f4299ac0c/src/query/vacuum.c, line 6345
VACUUM (SA_MODE): Append undo log from dropped file 0|3840.

Time: 09/11/26 22:36:50.249 - DEBUG *** file /home/vimkim/gh/cb/oos-instr-f4299ac0c/src/query/vacuum.c, line 6345
VACUUM (SA_MODE): Append undo log from dropped file 0|3904.

Time: 09/11/26 22:36:50.252 - DEBUG *** file /home/vimkim/gh/cb/oos-instr-f4299ac0c/src/query/vacuum.c, line 6345
VACUUM (SA_MODE): Append undo log from dropped file 0|3968.

Time: 09/11/26 22:36:50.254 - ERROR *** file /home/vimkim/gh/cb/oos-instr-f4299ac0c/src/storage/disk_manager.c, line 2213 ERROR CODE = -9, Tran = -1, EID = 5
Unable to format disk volume "/home/vimkim/.cub/campaign/cbrd-26659/ticket16/boundedfs/mnt/db/bfs_x001" with 32768 pages (445906 Kbytes) due to insufficient space. Current space available is 2688 pages (36578 Kbytes).

*** The previous error message is the last one. ***


Time: 09/12/26 17:07:51.380 - NOTIFICATION *** file /home/vimkim/gh/cb/oos-instr-f4299ac0c/src/transaction/boot_sr.c, line 1576  CODE = -1015, Tran = -1, EID = 1
Specified directory '/home/vimkim/.cub/campaign/cbrd-26659/ticket16/boundedfs/mnt/db/lob' does not exist.

Time: 09/12/26 17:07:51.385 - DEBUG *** file /home/vimkim/gh/cb/oos-instr-f4299ac0c/src/transaction/log_page_buffer.c, line 11879
VACUUM (SA_MODE): Reset vacuum info in loghdr (0x7fb4ded4dac8)

Time: 09/12/26 17:07:51.385 - DEBUG *** file /home/vimkim/gh/cb/oos-instr-f4299ac0c/src/storage/file_io.c, line 2208
Created volume /home/vimkim/.cub/campaign/cbrd-26659/ticket16/boundedfs/mnt/db/bfs_lgat

Time: 09/12/26 17:07:51.392 - DEBUG *** file /home/vimkim/gh/cb/oos-instr-f4299ac0c/src/transaction/log_manager.c, line 1068
LOG INITIALIZE
	db_fullname = /home/vimkim/.cub/campaign/cbrd-26659/ticket16/boundedfs/mnt/db/bfs 
	logpath = /home/vimkim/.cub/campaign/cbrd-26659/ticket16/boundedfs/mnt/db 
	prefix_logname = bfs 
	ismedia_crash = 0 

Time: 09/12/26 17:07:51.412 - DEBUG *** file /home/vimkim/gh/cb/oos-instr-f4299ac0c/src/storage/file_io.c, line 2208
Created volume /home/vimkim/.cub/campaign/cbrd-26659/ticket16/boundedfs/mnt/db/bfs_lgar_t

Time: 09/12/26 17:07:51.412 - DEBUG *** file /home/vimkim/gh/cb/oos-instr-f4299ac0c/src/transaction/log_manager.c, line 1545
log_initialize_internal: end of log initializaton, append_lsa = (0|0) 

Time: 09/12/26 17:07:51.412 - DEBUG *** file /home/vimkim/gh/cb/oos-instr-f4299ac0c/src/storage/file_io.c, line 2208
Created volume /home/vimkim/.cub/campaign/cbrd-26659/ticket16/boundedfs/mnt/db/bfs_dwb

Time: 09/12/26 17:07:51.414 - DEBUG *** file /home/vimkim/gh/cb/oos-instr-f4299ac0c/src/storage/file_io.c, line 2208
Created volume /home/vimkim/.cub/campaign/cbrd-26659/ticket16/boundedfs/mnt/db/bfs

Time: 09/12/26 17:07:51.449 - DEBUG *** file /home/vimkim/gh/cb/oos-instr-f4299ac0c/src/query/vacuum.c, line 6345
VACUUM (SA_MODE): Append undo log from dropped file 0|128.

Time: 09/12/26 17:07:51.449 - DEBUG *** file /home/vimkim/gh/cb/oos-instr-f4299ac0c/src/query/vacuum.c, line 6345
VACUUM (SA_MODE): Append undo log from dropped file 0|192.

Time: 09/12/26 17:07:51.449 - DEBUG *** file /home/vimkim/gh/cb/oos-instr-f4299ac0c/src/query/vacuum.c, line 6345
VACUUM (SA_MODE): Append undo log from dropped file 0|256.

Time: 09/12/26 17:07:51.450 - DEBUG *** file /home/vimkim/gh/cb/oos-instr-f4299ac0c/src/query/vacuum.c, line 4722
VACUUM (SA_MODE): Initialized vacuum data page { VPID = 0|641, crt_lsa = 0|14312 } 

Time: 09/12/26 17:07:51.469 - NOTIFICATION *** file /home/vimkim/gh/cb/oos-instr-f4299ac0c/src/transaction/log_page_buffer.c, line 7202  CODE = -977, Tran = -1, EID = 2
Checkpoint started (previous checkpoint page id: 0, previous redo page id: 0).

Time: 09/12/26 17:07:51.469 - DEBUG *** file /home/vimkim/gh/cb/oos-instr-f4299ac0c/src/transaction/log_page_buffer.c, line 7204
start checkpoint

Time: 09/12/26 17:07:51.469 - DEBUG *** file /home/vimkim/gh/cb/oos-instr-f4299ac0c/src/storage/page_buffer.c, line 10733
flushing page 0|0 to disk without logging.

Time: 09/12/26 17:07:51.469 - NOTIFICATION *** file /home/vimkim/gh/cb/oos-instr-f4299ac0c/src/transaction/log_page_buffer.c, line 7645  CODE = -978, Tran = -1, EID = 3
Checkpoint finished (checkpoint page id: 1, checkpoint redo page id: 1, flushed page count: 0).

Time: 09/12/26 17:07:51.469 - DEBUG *** file /home/vimkim/gh/cb/oos-instr-f4299ac0c/src/transaction/log_page_buffer.c, line 7647
end checkpoint

Time: 09/12/26 17:07:51.469 - NOTIFICATION *** file /home/vimkim/gh/cb/oos-instr-f4299ac0c/src/transaction/boot_sr.c, line 237  CODE = -973, Tran = -1, EID = 4
Server status is UP.

Time: 09/12/26 17:07:51.472 - DEBUG *** file /home/vimkim/gh/cb/oos-instr-f4299ac0c/src/query/vacuum.c, line 6345
VACUUM (SA_MODE): Append undo log from dropped file 0|768.

Time: 09/12/26 17:07:51.473 - DEBUG *** file /home/vimkim/gh/cb/oos-instr-f4299ac0c/src/query/vacuum.c, line 6345
VACUUM (SA_MODE): Append undo log from dropped file 0|832.

Time: 09/12/26 17:07:51.473 - DEBUG *** file /home/vimkim/gh/cb/oos-instr-f4299ac0c/src/query/vacuum.c, line 6345
VACUUM (SA_MODE): Append undo log from dropped file 0|896.

Time: 09/12/26 17:07:51.474 - DEBUG *** file /home/vimkim/gh/cb/oos-instr-f4299ac0c/src/query/vacuum.c, line 6345
VACUUM (SA_MODE): Append undo log from dropped file 0|960.

Time: 09/12/26 17:07:51.475 - DEBUG *** file /home/vimkim/gh/cb/oos-instr-f4299ac0c/src/query/vacuum.c, line 6345
VACUUM (SA_MODE): Append undo log from dropped file 0|1024.

Time: 09/12/26 17:07:51.486 - DEBUG *** file /home/vimkim/gh/cb/oos-instr-f4299ac0c/src/query/vacuum.c, line 6345
VACUUM (SA_MODE): Append undo log from dropped file 0|1088.

Time: 09/12/26 17:07:51.487 - DEBUG *** file /home/vimkim/gh/cb/oos-instr-f4299ac0c/src/query/vacuum.c, line 6345
VACUUM (SA_MODE): Append undo log from dropped file 0|1152.

Time: 09/12/26 17:07:51.488 - DEBUG *** file /home/vimkim/gh/cb/oos-instr-f4299ac0c/src/query/vacuum.c, line 6345
VACUUM (SA_MODE): Append undo log from dropped file 0|1216.

Time: 09/12/26 17:07:51.489 - DEBUG *** file /home/vimkim/gh/cb/oos-instr-f4299ac0c/src/query/vacuum.c, line 6345
VACUUM (SA_MODE): Append undo log from dropped file 0|1280.

Time: 09/12/26 17:07:51.491 - DEBUG *** file /home/vimkim/gh/cb/oos-instr-f4299ac0c/src/query/vacuum.c, line 6345
VACUUM (SA_MODE): Append undo log from dropped file 0|1344.

Time: 09/12/26 17:07:51.492 - DEBUG *** file /home/vimkim/gh/cb/oos-instr-f4299ac0c/src/query/vacuum.c, line 6345
VACUUM (SA_MODE): Append undo log from dropped file 0|1408.

Time: 09/12/26 17:07:51.493 - DEBUG *** file /home/vimkim/gh/cb/oos-instr-f4299ac0c/src/query/vacuum.c, line 6345
VACUUM (SA_MODE): Append undo log from dropped file 0|1472.

Time: 09/12/26 17:07:51.494 - DEBUG *** file /home/vimkim/gh/cb/oos-instr-f4299ac0c/src/query/vacuum.c, line 6345
VACUUM (SA_MODE): Append undo log from dropped file 0|1536.

Time: 09/12/26 17:07:51.495 - DEBUG *** file /home/vimkim/gh/cb/oos-instr-f4299ac0c/src/query/vacuum.c, line 6345
VACUUM (SA_MODE): Append undo log from dropped file 0|1600.

Time: 09/12/26 17:07:51.496 - DEBUG *** file /home/vimkim/gh/cb/oos-instr-f4299ac0c/src/query/vacuum.c, line 6345
VACUUM (SA_MODE): Append undo log from dropped file 0|1664.

Time: 09/12/26 17:07:51.497 - DEBUG *** file /home/vimkim/gh/cb/oos-instr-f4299ac0c/src/query/vacuum.c, line 6345
VACUUM (SA_MODE): Append undo log from dropped file 0|1728.

Time: 09/12/26 17:07:51.498 - DEBUG *** file /home/vimkim/gh/cb/oos-instr-f4299ac0c/src/query/vacuum.c, line 6345
VACUUM (SA_MODE): Append undo log from dropped file 0|1792.

Time: 09/12/26 17:07:51.499 - DEBUG *** file /home/vimkim/gh/cb/oos-instr-f4299ac0c/src/query/vacuum.c, line 6345
VACUUM (SA_MODE): Append undo log from dropped file 0|1856.

Time: 09/12/26 17:07:51.500 - DEBUG *** file /home/vimkim/gh/cb/oos-instr-f4299ac0c/src/query/vacuum.c, line 6345
VACUUM (SA_MODE): Append undo log from dropped file 0|1920.

Time: 09/12/26 17:07:51.501 - DEBUG *** file /home/vimkim/gh/cb/oos-instr-f4299ac0c/src/query/vacuum.c, line 6345
VACUUM (SA_MODE): Append undo log from dropped file 0|1984.

Time: 09/12/26 17:07:51.502 - DEBUG *** file /home/vimkim/gh/cb/oos-instr-f4299ac0c/src/query/vacuum.c, line 6345
VACUUM (SA_MODE): Append undo log from dropped file 0|2048.

Time: 09/12/26 17:07:51.503 - DEBUG *** file /home/vimkim/gh/cb/oos-instr-f4299ac0c/src/query/vacuum.c, line 6345
VACUUM (SA_MODE): Append undo log from dropped file 0|2112.

Time: 09/12/26 17:07:51.504 - DEBUG *** file /home/vimkim/gh/cb/oos-instr-f4299ac0c/src/query/vacuum.c, line 6345
VACUUM (SA_MODE): Append undo log from dropped file 0|2176.

Time: 09/12/26 17:07:51.505 - DEBUG *** file /home/vimkim/gh/cb/oos-instr-f4299ac0c/src/query/vacuum.c, line 6345
VACUUM (SA_MODE): Append undo log from dropped file 0|2240.

Time: 09/12/26 17:07:51.506 - DEBUG *** file /home/vimkim/gh/cb/oos-instr-f4299ac0c/src/query/vacuum.c, line 6345
VACUUM (SA_MODE): Append undo log from dropped file 0|2304.

Time: 09/12/26 17:07:51.507 - DEBUG *** file /home/vimkim/gh/cb/oos-instr-f4299ac0c/src/query/vacuum.c, line 6345
VACUUM (SA_MODE): Append undo log from dropped file 0|2368.

Time: 09/12/26 17:07:51.508 - DEBUG *** file /home/vimkim/gh/cb/oos-instr-f4299ac0c/src/query/vacuum.c, line 6345
VACUUM (SA_MODE): Append undo log from dropped file 0|2432.

Time: 09/12/26 17:07:51.509 - DEBUG *** file /home/vimkim/gh/cb/oos-instr-f4299ac0c/src/query/vacuum.c, line 6345
VACUUM (SA_MODE): Append undo log from dropped file 0|2496.

Time: 09/12/26 17:07:51.510 - DEBUG *** file /home/vimkim/gh/cb/oos-instr-f4299ac0c/src/query/vacuum.c, line 6345
VACUUM (SA_MODE): Append undo log from dropped file 0|2560.

Time: 09/12/26 17:07:51.511 - DEBUG *** file /home/vimkim/gh/cb/oos-instr-f4299ac0c/src/query/vacuum.c, line 6345
VACUUM (SA_MODE): Append undo log from dropped file 0|2624.

Time: 09/12/26 17:07:51.512 - DEBUG *** file /home/vimkim/gh/cb/oos-instr-f4299ac0c/src/query/vacuum.c, line 6345
VACUUM (SA_MODE): Append undo log from dropped file 0|2688.

Time: 09/12/26 17:07:51.513 - DEBUG *** file /home/vimkim/gh/cb/oos-instr-f4299ac0c/src/query/vacuum.c, line 6345
VACUUM (SA_MODE): Append undo log from dropped file 0|2752.

Time: 09/12/26 17:07:51.514 - DEBUG *** file /home/vimkim/gh/cb/oos-instr-f4299ac0c/src/query/vacuum.c, line 6345
VACUUM (SA_MODE): Append undo log from dropped file 0|2816.

Time: 09/12/26 17:07:51.516 - DEBUG *** file /home/vimkim/gh/cb/oos-instr-f4299ac0c/src/query/vacuum.c, line 6345
VACUUM (SA_MODE): Append undo log from dropped file 0|2880.

Time: 09/12/26 17:07:51.516 - DEBUG *** file /home/vimkim/gh/cb/oos-instr-f4299ac0c/src/query/vacuum.c, line 6345
VACUUM (SA_MODE): Append undo log from dropped file 0|2944.

Time: 09/12/26 17:07:51.518 - DEBUG *** file /home/vimkim/gh/cb/oos-instr-f4299ac0c/src/query/vacuum.c, line 6345
VACUUM (SA_MODE): Append undo log from dropped file 0|3008.

Time: 09/12/26 17:07:51.518 - DEBUG *** file /home/vimkim/gh/cb/oos-instr-f4299ac0c/src/query/vacuum.c, line 6345
VACUUM (SA_MODE): Append undo log from dropped file 0|3072.

Time: 09/12/26 17:07:51.528 - DEBUG *** file /home/vimkim/gh/cb/oos-instr-f4299ac0c/src/query/vacuum.c, line 6345
VACUUM (SA_MODE): Append undo log from dropped file 0|3136.

Time: 09/12/26 17:07:51.528 - DEBUG *** file /home/vimkim/gh/cb/oos-instr-f4299ac0c/src/query/vacuum.c, line 6345
VACUUM (SA_MODE): Append undo log from dropped file 0|3200.

Time: 09/12/26 17:07:51.530 - DEBUG *** file /home/vimkim/gh/cb/oos-instr-f4299ac0c/src/query/vacuum.c, line 6345
VACUUM (SA_MODE): Append undo log from dropped file 0|3264.

Time: 09/12/26 17:07:51.530 - DEBUG *** file /home/vimkim/gh/cb/oos-instr-f4299ac0c/src/query/vacuum.c, line 6345
VACUUM (SA_MODE): Append undo log from dropped file 0|3328.

Time: 09/12/26 17:07:51.532 - DEBUG *** file /home/vimkim/gh/cb/oos-instr-f4299ac0c/src/query/vacuum.c, line 6345
VACUUM (SA_MODE): Append undo log from dropped file 0|3392.

Time: 09/12/26 17:07:51.532 - DEBUG *** file /home/vimkim/gh/cb/oos-instr-f4299ac0c/src/query/vacuum.c, line 6345
VACUUM (SA_MODE): Append undo log from dropped file 0|3456.

Time: 09/12/26 17:07:51.534 - DEBUG *** file /home/vimkim/gh/cb/oos-instr-f4299ac0c/src/query/vacuum.c, line 6345
VACUUM (SA_MODE): Append undo log from dropped file 0|3520.

Time: 09/12/26 17:07:51.534 - DEBUG *** file /home/vimkim/gh/cb/oos-instr-f4299ac0c/src/query/vacuum.c, line 6345
VACUUM (SA_MODE): Append undo log from dropped file 0|3584.

Time: 09/12/26 17:07:51.538 - DEBUG *** file /home/vimkim/gh/cb/oos-instr-f4299ac0c/src/query/vacuum.c, line 6345
VACUUM (SA_MODE): Append undo log from dropped file 0|3648.

Time: 09/12/26 17:07:51.540 - DEBUG *** file /home/vimkim/gh/cb/oos-instr-f4299ac0c/src/query/vacuum.c, line 6345
VACUUM (SA_MODE): Append undo log from dropped file 0|3712.

Time: 09/12/26 17:07:51.545 - DEBUG *** file /home/vimkim/gh/cb/oos-instr-f4299ac0c/src/query/vacuum.c, line 6345
VACUUM (SA_MODE): Append undo log from dropped file 0|3776.

Time: 09/12/26 17:07:51.546 - DEBUG *** file /home/vimkim/gh/cb/oos-instr-f4299ac0c/src/query/vacuum.c, line 6345
VACUUM (SA_MODE): Append undo log from dropped file 0|3840.

Time: 09/12/26 17:07:51.546 - DEBUG *** file /home/vimkim/gh/cb/oos-instr-f4299ac0c/src/query/vacuum.c, line 6345
VACUUM (SA_MODE): Append undo log from dropped file 0|3904.

Time: 09/12/26 17:07:51.550 - DEBUG *** file /home/vimkim/gh/cb/oos-instr-f4299ac0c/src/query/vacuum.c, line 6345
VACUUM (SA_MODE): Append undo log from dropped file 0|3968.

Time: 09/12/26 17:07:51.551 - ERROR *** file /home/vimkim/gh/cb/oos-instr-f4299ac0c/src/storage/disk_manager.c, line 2213 ERROR CODE = -9, Tran = -1, EID = 5
Unable to format disk volume "/home/vimkim/.cub/campaign/cbrd-26659/ticket16/boundedfs/mnt/db/bfs_x001" with 32768 pages (445906 Kbytes) due to insufficient space. Current space available is 10880 pages (148054 Kbytes).

*** The previous error message is the last one. ***

