
Time: 09/11/26 17:39:02.621 - NOTIFICATION *** file /home/vimkim/gh/cb/oos-baseline-f4299ac0c/src/transaction/log_recovery.c, line 833  CODE = -1128, Tran = 0, CLIENT = :(0), EID = 1
Log recovery is started.

Time: 09/11/26 17:39:02.621 - NOTIFICATION *** file /home/vimkim/gh/cb/oos-baseline-f4299ac0c/src/transaction/log_recovery.c, line 837  CODE = -1296, Tran = 0, CLIENT = :(0), EID = 2
Log recovery: ANALYSIS Phase is started.

Time: 09/11/26 17:39:02.621 - NOTIFICATION *** file /home/vimkim/gh/cb/oos-baseline-f4299ac0c/src/transaction/log_recovery.c, line 842  CODE = -1300, Tran = 0, CLIENT = :(0), EID = 3
Log recovery: ANALYSIS Phase is finished.

Time: 09/11/26 17:39:02.621 - NOTIFICATION *** file /home/vimkim/gh/cb/oos-baseline-f4299ac0c/src/transaction/log_recovery.c, line 878  CODE = -1297, Tran = 0, CLIENT = :(0), EID = 4
Log recovery: REDO Phase is started. Log pages to redo: 2, Log records to redo: 83.

Time: 09/11/26 17:39:02.649 - DEBUG *** file /home/vimkim/gh/cb/oos-baseline-f4299ac0c/src/transaction/log_recovery.c, line 4049
log_recovery_redo_perf:  parallel_count=80  reusable_jobs_count=1048576  flush_back_count=1024
log_recovery_redo_perf:  setting_up=    26  main=     0  async=     1 (ms)

Time: 09/11/26 17:39:02.649 - NOTIFICATION *** file /home/vimkim/gh/cb/oos-baseline-f4299ac0c/src/transaction/log_recovery.c, line 4069  CODE = -1299, Tran = 0, CLIENT = :(0), EID = 5
Log recovery: REDO Phase is being finished up.

Time: 09/11/26 17:39:02.653 - NOTIFICATION *** file /home/vimkim/gh/cb/oos-baseline-f4299ac0c/src/transaction/log_recovery.c, line 883  CODE = -1300, Tran = 0, CLIENT = :(0), EID = 6
Log recovery: REDO Phase is finished.

Time: 09/11/26 17:39:02.653 - NOTIFICATION *** file /home/vimkim/gh/cb/oos-baseline-f4299ac0c/src/transaction/log_recovery.c, line 4675  CODE = -1298, Tran = 0, CLIENT = :(0), EID = 7
Log recovery: UNDO Phase is started. Log pages to undo: 0, transactions to undo: 0.

Time: 09/11/26 17:39:02.653 - NOTIFICATION *** file /home/vimkim/gh/cb/oos-baseline-f4299ac0c/src/transaction/log_recovery.c, line 5133  CODE = -1299, Tran = 0, CLIENT = :(0), EID = 8
Log recovery: UNDO Phase is being finished up.

Time: 09/11/26 17:39:02.653 - NOTIFICATION *** file /home/vimkim/gh/cb/oos-baseline-f4299ac0c/src/transaction/log_recovery.c, line 896  CODE = -1300, Tran = 0, CLIENT = :(0), EID = 9
Log recovery: UNDO Phase is finished.

Time: 09/11/26 17:39:02.653 - NOTIFICATION *** file /home/vimkim/gh/cb/oos-baseline-f4299ac0c/src/transaction/log_page_buffer.c, line 7186  CODE = -977, Tran = 0, CLIENT = :(0), EID = 10
Checkpoint started (previous checkpoint page id: 172, previous redo page id: 172).

Time: 09/11/26 17:39:02.669 - NOTIFICATION *** file /home/vimkim/gh/cb/oos-baseline-f4299ac0c/src/transaction/log_page_buffer.c, line 7629  CODE = -978, Tran = 0, CLIENT = :(0), EID = 11
Checkpoint finished (checkpoint page id: 173, checkpoint redo page id: 173, flushed page count: 0).

Time: 09/11/26 17:39:02.669 - NOTIFICATION *** file /home/vimkim/gh/cb/oos-baseline-f4299ac0c/src/transaction/log_recovery.c, line 974  CODE = -1129, Tran = 0, CLIENT = :(0), EID = 12
Log recovery is finished.

Time: 09/11/26 17:39:03.373 - NOTIFICATION *** file /home/vimkim/gh/cb/oos-baseline-f4299ac0c/src/transaction/boot_sr.c, line 237  CODE = -973, Tran = 0, CLIENT = :(0), EID = 13
Server status is UP.

Time: 09/11/26 17:39:04.372 - DEBUG *** file /home/vimkim/gh/cb/oos-baseline-f4299ac0c/src/connection/connection_worker.cpp, line 875
handle_connection_close: conn 0x555e48438838 { fd 252 status 3 transaction_id 1 db_error 0 stop_talk 0 stop_phase 0 }
