##### 2026-09-11T18:00:43+09:00 a1 fault
18:00:43.249 === site=a1 mode=fault db=t16_a1_f install=/home/vimkim/.cub/install/oos-instr-f4299ac0c/debug_gcc
CUBRID 11.5.0 (11.5.0.2648-f4299ac) (64bit debug build for Linux) (Sep 11 2026 17:04:32)
dec89384db7c133da28437079951c3ffc365a6551f57b9675372886513799c29  /home/vimkim/.cub/install/oos-instr-f4299ac0c/debug_gcc/lib/libcubrid.so
18:00:43.603 port 26671 already held by cub_master pid pid=2591098 (campaign master, reused)
18:00:43.672 createdb t16_a1_f rc=1 (0.0 s)
##### rc=4
##### 2026-09-11T18:00:43+09:00 a1 control
18:00:43.683 === site=a1 mode=control db=t16_a1_c install=/home/vimkim/.cub/install/oos-instr-f4299ac0c/debug_gcc
CUBRID 11.5.0 (11.5.0.2648-f4299ac) (64bit debug build for Linux) (Sep 11 2026 17:04:32)
dec89384db7c133da28437079951c3ffc365a6551f57b9675372886513799c29  /home/vimkim/.cub/install/oos-instr-f4299ac0c/debug_gcc/lib/libcubrid.so
18:00:44.011 port 26671 already held by cub_master pid pid=2591098 (campaign master, reused)
18:00:46.515 createdb t16_a1_c rc=0 (2.5 s)
18:00:48.645 server start (1) rc=0 server_pid=2593731 master_pid=2591098 (2.1 s)
18:00:48.692 csql w rc=0 (0.04 s)
18:00:50.768 server stop (1) rc=0; still listed: 0
18:00:50.777 acks: 0
18:00:50.785 === done site=a1 mode=control code=700000 fire_at=0 wall=7.1 s
##### rc=0
##### 2026-09-11T18:00:50+09:00 b1 fault
18:00:50.796 === site=b1 mode=fault db=t16_b1_f install=/home/vimkim/.cub/install/oos-instr-f4299ac0c/debug_gcc
CUBRID 11.5.0 (11.5.0.2648-f4299ac) (64bit debug build for Linux) (Sep 11 2026 17:04:32)
dec89384db7c133da28437079951c3ffc365a6551f57b9675372886513799c29  /home/vimkim/.cub/install/oos-instr-f4299ac0c/debug_gcc/lib/libcubrid.so
18:00:51.128 port 26671 already held by cub_master pid pid=2591098 (campaign master, reused)
18:00:54.134 createdb t16_b1_f rc=0 (3.0 s)
18:00:56.271 server start (1) rc=0 server_pid=2594575 master_pid=2591098 (2.1 s)
18:00:56.329 csql w rc=0 (0.05 s)
18:00:58.404 server stop (1) rc=0; still listed: 0
18:00:58.412 acks: 1
  Time: 09/11/26 18:00:56.320 - NOTIFICATION *** file /home/vimkim/gh/cb/oos-instr-f4299ac0c/src/storage/heap_oos.cpp, line 545  CODE = -588, Tran = 1, CLIENT = dev2:csql(2594931), EID = 3
  INTERNAL ERROR: Assertion 'FAULT INJECTION ACK site=heap_oos_read_grouped_payloads code=700001 target_operation="grouped Resolve prefetch buffers of an OOS-bearing record (read/expansion)" requested_action="throw std::bad_alloc" reach=1 fired=1 fire_at=0' failed.
18:00:58.421 === done site=b1 mode=fault code=700001 fire_at=0 wall=7.6 s
##### rc=0
##### 2026-09-11T18:00:58+09:00 b1 control
18:00:58.431 === site=b1 mode=control db=t16_b1_c install=/home/vimkim/.cub/install/oos-instr-f4299ac0c/debug_gcc
CUBRID 11.5.0 (11.5.0.2648-f4299ac) (64bit debug build for Linux) (Sep 11 2026 17:04:32)
dec89384db7c133da28437079951c3ffc365a6551f57b9675372886513799c29  /home/vimkim/.cub/install/oos-instr-f4299ac0c/debug_gcc/lib/libcubrid.so
18:00:58.764 port 26671 already held by cub_master pid pid=2591098 (campaign master, reused)
18:01:01.259 createdb t16_b1_c rc=0 (2.5 s)
18:01:03.392 server start (1) rc=0 server_pid=2595277 master_pid=2591098 (2.1 s)
18:01:03.448 csql w rc=0 (0.05 s)
18:01:05.526 server stop (1) rc=0; still listed: 0
18:01:05.535 acks: 0
18:01:05.543 === done site=b1 mode=control code=700001 fire_at=0 wall=7.1 s
##### rc=0
##### 2026-09-11T18:01:05+09:00 c1 fault
18:01:05.555 === site=c1 mode=fault db=t16_c1_f install=/home/vimkim/.cub/install/oos-instr-f4299ac0c/debug_gcc
CUBRID 11.5.0 (11.5.0.2648-f4299ac) (64bit debug build for Linux) (Sep 11 2026 17:04:32)
dec89384db7c133da28437079951c3ffc365a6551f57b9675372886513799c29  /home/vimkim/.cub/install/oos-instr-f4299ac0c/debug_gcc/lib/libcubrid.so
18:01:05.891 port 26671 already held by cub_master pid pid=2591098 (campaign master, reused)
18:01:08.675 createdb t16_c1_f rc=0 (2.8 s)
18:01:10.807 server start (1) rc=0 server_pid=2595941 master_pid=2591098 (2.1 s)
18:01:10.949 csql w1 rc=0 (0.13 s)
18:02:42.472 final SHOW HEAP OOS:  Oos_num_user_pages : 5; Oos_num_recs : 8;
18:02:44.542 server stop (1) rc=0; still listed: 0
18:02:44.557 acks: 0
18:02:44.566 === done site=c1 mode=fault code=700002 fire_at=0 wall=99.0 s
##### rc=0
##### 2026-09-11T18:02:44+09:00 c1 control
18:02:44.577 === site=c1 mode=control db=t16_c1_c install=/home/vimkim/.cub/install/oos-instr-f4299ac0c/debug_gcc
CUBRID 11.5.0 (11.5.0.2648-f4299ac) (64bit debug build for Linux) (Sep 11 2026 17:04:32)
dec89384db7c133da28437079951c3ffc365a6551f57b9675372886513799c29  /home/vimkim/.cub/install/oos-instr-f4299ac0c/debug_gcc/lib/libcubrid.so
18:02:44.913 port 26671 already held by cub_master pid pid=2591098 (campaign master, reused)
18:02:47.688 createdb t16_c1_c rc=0 (2.8 s)
18:02:49.825 server start (1) rc=0 server_pid=2604424 master_pid=2591098 (2.1 s)
18:02:49.958 csql w1 rc=0 (0.13 s)
18:04:21.935 final SHOW HEAP OOS:  Oos_num_user_pages : 5; Oos_num_recs : 8;
18:04:24.003 server stop (1) rc=0; still listed: 0
18:04:24.020 acks: 0
18:04:24.029 === done site=c1 mode=control code=700002 fire_at=0 wall=99.4 s
##### rc=0
##### 2026-09-11T18:04:24+09:00 d1 fault
18:04:24.041 === site=d1 mode=fault db=t16_d1_f install=/home/vimkim/.cub/install/oos-instr-f4299ac0c/debug_gcc
CUBRID 11.5.0 (11.5.0.2648-f4299ac) (64bit debug build for Linux) (Sep 11 2026 17:04:32)
dec89384db7c133da28437079951c3ffc365a6551f57b9675372886513799c29  /home/vimkim/.cub/install/oos-instr-f4299ac0c/debug_gcc/lib/libcubrid.so
18:04:24.391 port 26671 already held by cub_master pid pid=2591098 (campaign master, reused)
18:04:26.539 createdb t16_d1_f rc=0 (2.1 s)
18:04:28.673 server start (1) rc=0 server_pid=2610822 master_pid=2591098 (2.1 s)
18:04:56.833 csql w rc=0 (28.14 s)
18:04:56.857 ack observed after 0 s
18:04:59.088 server stop (1) rc=0; still listed: 0
18:05:01.798 checkdb -S rc=0
18:05:04.231 server start (2) rc=0 server_pid=2614846 master_pid=2591098 (2.4 s)
18:05:04.499 csql v rc=0 (0.25 s)
18:05:06.695 server stop (2) rc=0; still listed: 0
18:05:06.759 acks: 1
  Time: 09/11/26 18:04:28.900 - NOTIFICATION *** file /home/vimkim/gh/cb/oos-instr-f4299ac0c/src/storage/page_buffer.c, line 10778  CODE = -588, Tran = 0, CLIENT = :(0), EID = 476
  INTERNAL ERROR: Assertion 'FAULT INJECTION ACK site=pgbuf_bcb_flush_with_wal code=700003 target_operation="disk write of a dirty PAGE_OOS page (data I/O)" requested_action="fail the write with ER_IO_WRITE" reach=1 fired=1 fire_at=1' failed.
18:05:06.797 === done site=d1 mode=fault code=700003 fire_at=1 wall=42.7 s
##### rc=0
##### 2026-09-11T18:05:06+09:00 d1 control
18:05:06.843 === site=d1 mode=control db=t16_d1_c install=/home/vimkim/.cub/install/oos-instr-f4299ac0c/debug_gcc
CUBRID 11.5.0 (11.5.0.2648-f4299ac) (64bit debug build for Linux) (Sep 11 2026 17:04:32)
dec89384db7c133da28437079951c3ffc365a6551f57b9675372886513799c29  /home/vimkim/.cub/install/oos-instr-f4299ac0c/debug_gcc/lib/libcubrid.so
18:05:07.590 port 26671 already held by cub_master pid pid=2591098 (campaign master, reused)
18:05:10.430 createdb t16_d1_c rc=0 (2.8 s)
18:05:12.648 server start (1) rc=0 server_pid=2617109 master_pid=2591098 (2.2 s)
18:05:13.241 csql w rc=0 (0.58 s)
18:05:18.273 no ack after 5 s (count=0)
18:05:20.353 server stop (1) rc=0; still listed: 0
18:05:21.469 checkdb -S rc=0
18:05:23.630 server start (2) rc=0 server_pid=2618673 master_pid=2591098 (2.2 s)
18:05:23.787 csql v rc=0 (0.15 s)
18:05:25.864 server stop (2) rc=0; still listed: 0
18:05:25.878 acks: 0
18:05:25.886 === done site=d1 mode=control code=700003 fire_at=1 wall=19.0 s
##### rc=0
##### 2026-09-11T18:05:25+09:00 e1 fault
18:05:25.897 === site=e1 mode=fault db=t16_e1_f install=/home/vimkim/.cub/install/oos-instr-f4299ac0c/debug_gcc
CUBRID 11.5.0 (11.5.0.2648-f4299ac) (64bit debug build for Linux) (Sep 11 2026 17:04:32)
dec89384db7c133da28437079951c3ffc365a6551f57b9675372886513799c29  /home/vimkim/.cub/install/oos-instr-f4299ac0c/debug_gcc/lib/libcubrid.so
18:05:26.226 port 26671 already held by cub_master pid pid=2591098 (campaign master, reused)
18:05:30.881 createdb t16_e1_f rc=0 (4.6 s)
18:05:33.016 server start (1) rc=0 server_pid=2619692 master_pid=2591098 (2.1 s)
18:06:04.692 csql w rc=1 (31.67 s)
18:06:04.695 server pid 2619692 gone after 0 s
18:06:06.839 server start (2) rc=1 server_pid=2621927 master_pid=2591098 (2.1 s)
18:06:06.884 csql v rc=0 (0.04 s)
18:06:08.959 server stop (2) rc=0; still listed: 0
18:06:08.968 acks: 1
  Time: 09/11/26 18:05:33.056 - NOTIFICATION *** file /home/vimkim/gh/cb/oos-instr-f4299ac0c/src/transaction/log_page_buffer.c, line 2332  CODE = -588, Tran = 0, CLIENT = :(0), EID = 3
  INTERNAL ERROR: Assertion 'FAULT INJECTION ACK site=logpb_write_page_to_disk code=700004 target_operation="disk write of an active log page (log I/O)" requested_action="fail the write with ER_IO_WRITE (fatal for the server)" reach=1 fired=1 fire_at=1' failed.
18:06:08.976 === done site=e1 mode=fault code=700004 fire_at=1 wall=43.1 s
##### rc=0
##### 2026-09-11T18:06:08+09:00 e1 control
18:06:08.988 === site=e1 mode=control db=t16_e1_c install=/home/vimkim/.cub/install/oos-instr-f4299ac0c/debug_gcc
CUBRID 11.5.0 (11.5.0.2648-f4299ac) (64bit debug build for Linux) (Sep 11 2026 17:04:32)
dec89384db7c133da28437079951c3ffc365a6551f57b9675372886513799c29  /home/vimkim/.cub/install/oos-instr-f4299ac0c/debug_gcc/lib/libcubrid.so
18:06:09.330 port 26671 already held by cub_master pid pid=2591098 (campaign master, reused)
18:06:13.056 createdb t16_e1_c rc=0 (3.7 s)
18:06:15.186 server start (1) rc=0 server_pid=2622911 master_pid=2591098 (2.1 s)
18:06:15.235 csql w rc=0 (0.04 s)
18:06:15.239 control: server alive=yes
18:06:17.337 server stop (1) rc=0; still listed: 0
18:06:19.461 server start (2) rc=0 server_pid=2623735 master_pid=2591098 (2.1 s)
18:06:19.504 csql v rc=0 (0.04 s)
18:06:21.575 server stop (2) rc=0; still listed: 0
/home/vimkim/.cub/campaign/cbrd-26659/ticket16/tools/t16_run.sh: line 390: -----------------------------: command not found
18:06:21.580 === site=e1 mode=control db=t16_e1_c install=/home/vimkim/.cub/install/oos-instr-f4299ac0c/debug_gcc
CUBRID 11.5.0 (11.5.0.2648-f4299ac) (64bit debug build for Linux) (Sep 11 2026 17:04:32)
dec89384db7c133da28437079951c3ffc365a6551f57b9675372886513799c29  /home/vimkim/.cub/install/oos-instr-f4299ac0c/debug_gcc/lib/libcubrid.so
18:06:21.905 port 26671 already held by cub_master pid pid=2591098 (campaign master, reused)
18:06:21.969 createdb t16_e1_c rc=1 (0.0 s)
##### rc=4
##### 2026-09-11T18:06:21+09:00 f1 fault
18:06:21.980 === site=f1 mode=fault db=t16_f1_f install=/home/vimkim/.cub/install/oos-instr-f4299ac0c/debug_gcc
CUBRID 11.5.0 (11.5.0.2648-f4299ac) (64bit debug build for Linux) (Sep 11 2026 17:04:32)
dec89384db7c133da28437079951c3ffc365a6551f57b9675372886513799c29  /home/vimkim/.cub/install/oos-instr-f4299ac0c/debug_gcc/lib/libcubrid.so
18:06:22.308 port 26671 already held by cub_master pid pid=2591098 (campaign master, reused)
18:06:25.924 createdb t16_f1_f rc=0 (3.6 s)
18:06:28.058 server start (1) rc=0 server_pid=2624720 master_pid=2591098 (2.1 s)
18:06:49.389 csql w rc=0 (21.32 s)
18:06:51.459 server stop (1) rc=0; still listed: 0
18:06:51.468 acks: 1
  Time: 09/11/26 18:06:28.099 - NOTIFICATION *** file /home/vimkim/gh/cb/oos-instr-f4299ac0c/src/storage/oos_file.cpp, line 2274  CODE = -588, Tran = 1, CLIENT = dev2:csql(2625050), EID = 3
  INTERNAL ERROR: Assertion 'FAULT INJECTION ACK site=oos_insert_many code=700005 target_operation="next chunk insert of oos_insert_many, after the preceding publications" requested_action="fail with ER_GENERIC_ERROR" reach=2 fired=1 fire_at=2' failed.
18:06:51.477 === done site=f1 mode=fault code=700005 fire_at=2 wall=29.5 s
##### rc=0
##### 2026-09-11T18:06:51+09:00 f1 control
18:06:51.488 === site=f1 mode=control db=t16_f1_c install=/home/vimkim/.cub/install/oos-instr-f4299ac0c/debug_gcc
CUBRID 11.5.0 (11.5.0.2648-f4299ac) (64bit debug build for Linux) (Sep 11 2026 17:04:32)
dec89384db7c133da28437079951c3ffc365a6551f57b9675372886513799c29  /home/vimkim/.cub/install/oos-instr-f4299ac0c/debug_gcc/lib/libcubrid.so
18:06:51.820 port 26671 already held by cub_master pid pid=2591098 (campaign master, reused)
18:06:54.559 createdb t16_f1_c rc=0 (2.7 s)
18:06:56.693 server start (1) rc=0 server_pid=2626161 master_pid=2591098 (2.1 s)
18:06:56.758 csql w rc=0 (0.06 s)
18:06:58.832 server stop (1) rc=0; still listed: 0
18:06:58.841 acks: 0
18:06:58.850 === done site=f1 mode=control code=700005 fire_at=2 wall=7.4 s
##### rc=0
##### 2026-09-11T18:06:58+09:00 g1 fault
18:06:58.862 === site=g1 mode=fault db=t16_g1_f install=/home/vimkim/.cub/install/oos-instr-f4299ac0c/debug_gcc
CUBRID 11.5.0 (11.5.0.2648-f4299ac) (64bit debug build for Linux) (Sep 11 2026 17:04:32)
dec89384db7c133da28437079951c3ffc365a6551f57b9675372886513799c29  /home/vimkim/.cub/install/oos-instr-f4299ac0c/debug_gcc/lib/libcubrid.so
18:06:59.197 port 26671 already held by cub_master pid pid=2591098 (campaign master, reused)
18:07:02.492 createdb t16_g1_f rc=0 (3.3 s)
18:07:04.618 server start (1) rc=0 server_pid=2626604 master_pid=2591098 (2.1 s)
18:07:04.704 csql w rc=1 (0.08 s)
18:07:04.706 server pid 2626604 gone after 0 s
18:07:06.853 server start (2) rc=1 server_pid=2627045 master_pid=2591098 (2.1 s)
18:07:06.893 csql v rc=0 (0.03 s)
18:07:08.969 server stop (2) rc=0; still listed: 0
18:07:08.978 acks: 1
  Time: 09/11/26 18:07:04.663 - NOTIFICATION *** file /home/vimkim/gh/cb/oos-instr-f4299ac0c/src/storage/oos_file.cpp, line 2440  CODE = -588, Tran = 1, CLIENT = dev2:csql(2627044), EID = 3
  INTERNAL ERROR: Assertion 'FAULT INJECTION ACK site=oos_insert_across_pages code=700006 target_operation="between two chunk inserts of one multi-chunk OOS value chain" requested_action="crash (_exit or abort)" reach=1 fired=1 fire_at=1' failed.
18:07:08.987 === done site=g1 mode=fault code=700006 fire_at=1 wall=10.1 s
##### rc=0
##### 2026-09-11T18:07:08+09:00 g1 control
18:07:09.000 === site=g1 mode=control db=t16_g1_c install=/home/vimkim/.cub/install/oos-instr-f4299ac0c/debug_gcc
CUBRID 11.5.0 (11.5.0.2648-f4299ac) (64bit debug build for Linux) (Sep 11 2026 17:04:32)
dec89384db7c133da28437079951c3ffc365a6551f57b9675372886513799c29  /home/vimkim/.cub/install/oos-instr-f4299ac0c/debug_gcc/lib/libcubrid.so
18:07:09.334 port 26671 already held by cub_master pid pid=2591098 (campaign master, reused)
18:07:12.039 createdb t16_g1_c rc=0 (2.7 s)
18:07:14.172 server start (1) rc=0 server_pid=2628097 master_pid=2591098 (2.1 s)
18:07:14.226 csql w rc=0 (0.05 s)
18:07:14.229 control: server alive=yes
18:07:16.327 server stop (1) rc=0; still listed: 0
18:07:18.455 server start (2) rc=0 server_pid=2628774 master_pid=2591098 (2.1 s)
18:07:18.499 csql v rc=0 (0.04 s)
18:07:20.569 server stop (2) rc=0; still listed: 0
18:07:20.579 acks: 0
18:07:20.588 === done site=g1 mode=control code=700006 fire_at=1 wall=11.6 s
##### rc=0
##### 2026-09-11T18:07:20+09:00 h1 fault
18:07:20.598 === site=h1 mode=fault db=t16_h1_f install=/home/vimkim/.cub/install/oos-instr-f4299ac0c/debug_gcc
CUBRID 11.5.0 (11.5.0.2648-f4299ac) (64bit debug build for Linux) (Sep 11 2026 17:04:32)
dec89384db7c133da28437079951c3ffc365a6551f57b9675372886513799c29  /home/vimkim/.cub/install/oos-instr-f4299ac0c/debug_gcc/lib/libcubrid.so
18:07:20.935 port 26671 already held by cub_master pid pid=2591098 (campaign master, reused)
18:07:23.839 createdb t16_h1_f rc=0 (2.9 s)
18:07:25.973 server start (1) rc=0 server_pid=2629341 master_pid=2591098 (2.1 s)
18:07:26.045 csql w rc=1 (0.07 s)
18:07:26.048 server pid 2629341 gone after 0 s
18:07:28.193 server start (2) rc=1 server_pid=2629671 master_pid=2591098 (2.1 s)
18:07:28.230 csql v rc=0 (0.03 s)
18:07:30.301 server stop (2) rc=0; still listed: 0
18:07:30.310 acks: 1
  Time: 09/11/26 18:07:26.014 - NOTIFICATION *** file /home/vimkim/gh/cb/oos-instr-f4299ac0c/src/storage/heap_file.c, line 12742  CODE = -588, Tran = 1, CLIENT = dev2:csql(2629670), EID = 3
  INTERNAL ERROR: Assertion 'FAULT INJECTION ACK site=heap_attrinfo_insert_to_oos code=700007 target_operation="after all OOS chunks of a record are inserted and published, before the heap insert" requested_action="crash (_exit or abort)" reach=1 fired=1 fire_at=1' failed.
18:07:30.319 === done site=h1 mode=fault code=700007 fire_at=1 wall=9.7 s
##### rc=0
##### 2026-09-11T18:07:30+09:00 h1 control
18:07:30.332 === site=h1 mode=control db=t16_h1_c install=/home/vimkim/.cub/install/oos-instr-f4299ac0c/debug_gcc
CUBRID 11.5.0 (11.5.0.2648-f4299ac) (64bit debug build for Linux) (Sep 11 2026 17:04:32)
dec89384db7c133da28437079951c3ffc365a6551f57b9675372886513799c29  /home/vimkim/.cub/install/oos-instr-f4299ac0c/debug_gcc/lib/libcubrid.so
18:07:30.664 port 26671 already held by cub_master pid pid=2591098 (campaign master, reused)
18:07:33.405 createdb t16_h1_c rc=0 (2.7 s)
18:07:35.532 server start (1) rc=0 server_pid=2630393 master_pid=2591098 (2.1 s)
18:07:35.586 csql w rc=0 (0.05 s)
18:07:35.589 control: server alive=yes
18:07:37.686 server stop (1) rc=0; still listed: 0
18:07:39.821 server start (2) rc=0 server_pid=2630802 master_pid=2591098 (2.1 s)
18:07:39.860 csql v rc=0 (0.03 s)
18:07:41.932 server stop (2) rc=0; still listed: 0
18:07:41.942 acks: 0
18:07:41.952 === done site=h1 mode=control code=700007 fire_at=1 wall=11.6 s
##### rc=0
##### 2026-09-11T18:07:41+09:00 i1 fault
18:07:41.963 === site=i1 mode=fault db=t16_i1_f install=/home/vimkim/.cub/install/oos-instr-f4299ac0c/debug_gcc
CUBRID 11.5.0 (11.5.0.2648-f4299ac) (64bit debug build for Linux) (Sep 11 2026 17:04:32)
dec89384db7c133da28437079951c3ffc365a6551f57b9675372886513799c29  /home/vimkim/.cub/install/oos-instr-f4299ac0c/debug_gcc/lib/libcubrid.so
18:07:42.302 port 26671 already held by cub_master pid pid=2591098 (campaign master, reused)
18:07:44.916 createdb t16_i1_f rc=0 (2.6 s)
18:07:47.044 server start (1) rc=0 server_pid=2631476 master_pid=2591098 (2.1 s)
18:08:11.002 csql w rc=1 (23.95 s)
18:08:11.005 server pid 2631476 gone after 0 s
18:08:11.121 server start (2) rc=1 server_pid=2632997 master_pid=2591098 (0.1 s)
18:08:11.163 csql v rc=0 (0.04 s)
18:08:13.231 server stop (2) rc=0; still listed: 0
/home/vimkim/.cub/campaign/cbrd-26659/ticket16/tools/t16_run.sh: line 394: ERIFY_T: command not found
/home/vimkim/.cub/campaign/cbrd-26659/ticket16/tools/t16_run.sh: line 395: EOF: command not found
18:08:13.251 csql v rc=1 (0.01 s)
18:08:14.317 server stop (3) rc=1; still listed: 0
/home/vimkim/.cub/campaign/cbrd-26659/ticket16/tools/t16_run.sh: line 398: syntax error near unexpected token `}'
/home/vimkim/.cub/campaign/cbrd-26659/ticket16/tools/t16_run.sh: line 398: `}'
##### rc=2
##### 2026-09-11T18:08:14+09:00 i1 control
18:08:14.330 === site=i1 mode=control db=t16_i1_c install=/home/vimkim/.cub/install/oos-instr-f4299ac0c/debug_gcc
CUBRID 11.5.0 (11.5.0.2648-f4299ac) (64bit debug build for Linux) (Sep 11 2026 17:04:32)
dec89384db7c133da28437079951c3ffc365a6551f57b9675372886513799c29  /home/vimkim/.cub/install/oos-instr-f4299ac0c/debug_gcc/lib/libcubrid.so
18:08:14.675 port 26671 already held by cub_master pid pid=2591098 (campaign master, reused)
18:08:17.220 createdb t16_i1_c rc=0 (2.5 s)
18:08:19.355 server start (1) rc=0 server_pid=2633712 master_pid=2591098 (2.1 s)
18:08:19.404 csql w rc=0 (0.04 s)
18:08:19.408 control: server alive=yes
18:08:21.501 server stop (1) rc=0; still listed: 0
18:08:23.628 server start (2) rc=0 server_pid=2634068 master_pid=2591098 (2.1 s)
18:08:23.666 csql v rc=0 (0.03 s)
18:08:25.737 server stop (2) rc=0; still listed: 0
18:08:25.747 acks: 0
18:08:25.756 === done site=i1 mode=control code=700008 fire_at=1 wall=11.4 s
##### rc=0
##### 2026-09-11T18:08:25+09:00 j1 fault
18:08:25.768 === site=j1 mode=fault db=t16_j1_f install=/home/vimkim/.cub/install/oos-instr-f4299ac0c/debug_gcc
CUBRID 11.5.0 (11.5.0.2648-f4299ac) (64bit debug build for Linux) (Sep 11 2026 17:04:32)
dec89384db7c133da28437079951c3ffc365a6551f57b9675372886513799c29  /home/vimkim/.cub/install/oos-instr-f4299ac0c/debug_gcc/lib/libcubrid.so
18:08:26.102 port 26671 already held by cub_master pid pid=2591098 (campaign master, reused)
18:08:28.796 createdb t16_j1_f rc=0 (2.7 s)
18:08:30.925 server start (1) rc=0 server_pid=2634595 master_pid=2591098 (2.1 s)
18:08:31.079 csql w1 rc=0 (0.15 s)
18:08:31.111 vacuum completed: Oos_num_recs=0 after 0 s
18:08:31.137 final SHOW HEAP OOS:  Oos_num_user_pages : 5; Oos_num_recs : 0;
18:08:33.205 server stop (1) rc=0; still listed: 0
18:08:33.216 acks: 0
18:08:33.225 === done site=j1 mode=fault code=700009 fire_at=1 wall=7.5 s
##### rc=0
##### 2026-09-11T18:08:33+09:00 j1 control
18:08:33.236 === site=j1 mode=control db=t16_j1_c install=/home/vimkim/.cub/install/oos-instr-f4299ac0c/debug_gcc
CUBRID 11.5.0 (11.5.0.2648-f4299ac) (64bit debug build for Linux) (Sep 11 2026 17:04:32)
dec89384db7c133da28437079951c3ffc365a6551f57b9675372886513799c29  /home/vimkim/.cub/install/oos-instr-f4299ac0c/debug_gcc/lib/libcubrid.so
18:08:33.575 port 26671 already held by cub_master pid pid=2591098 (campaign master, reused)
18:08:36.396 createdb t16_j1_c rc=0 (2.8 s)
18:08:38.525 server start (1) rc=0 server_pid=2635141 master_pid=2591098 (2.1 s)
18:08:38.697 csql w1 rc=0 (0.17 s)
18:08:38.728 vacuum completed: Oos_num_recs=0 after 0 s
18:08:38.756 final SHOW HEAP OOS:  Oos_num_user_pages : 5; Oos_num_recs : 0;
18:08:40.828 server stop (1) rc=0; still listed: 0
18:08:40.838 acks: 0
18:08:40.847 === done site=j1 mode=control code=700009 fire_at=1 wall=7.6 s
##### rc=0
##### 2026-09-11T18:08:40+09:00 k1 fault
18:08:40.858 === site=k1 mode=fault db=t16_k1_f install=/home/vimkim/.cub/install/oos-instr-f4299ac0c/debug_gcc
CUBRID 11.5.0 (11.5.0.2648-f4299ac) (64bit debug build for Linux) (Sep 11 2026 17:04:32)
dec89384db7c133da28437079951c3ffc365a6551f57b9675372886513799c29  /home/vimkim/.cub/install/oos-instr-f4299ac0c/debug_gcc/lib/libcubrid.so
18:08:41.189 port 26671 already held by cub_master pid pid=2591098 (campaign master, reused)
18:08:43.998 createdb t16_k1_f rc=0 (2.8 s)
18:08:46.127 server start (1) rc=0 server_pid=2636036 master_pid=2591098 (2.1 s)
18:08:46.327 csql w1 rc=0 (0.19 s)
18:08:46.362 vacuum completed: Oos_num_recs=0 after 0 s
18:08:46.390 final SHOW HEAP OOS:  Oos_num_user_pages : 5; Oos_num_recs : 0;
18:08:46.463 csql w2 rc=0 (0.07 s)
18:08:48.534 server stop (1) rc=0; still listed: 0
18:08:48.544 acks: 0
18:08:48.553 === done site=k1 mode=fault code=700010 fire_at=0 wall=7.7 s
##### rc=0
##### 2026-09-11T18:08:48+09:00 k1 control
18:08:48.566 === site=k1 mode=control db=t16_k1_c install=/home/vimkim/.cub/install/oos-instr-f4299ac0c/debug_gcc
CUBRID 11.5.0 (11.5.0.2648-f4299ac) (64bit debug build for Linux) (Sep 11 2026 17:04:32)
dec89384db7c133da28437079951c3ffc365a6551f57b9675372886513799c29  /home/vimkim/.cub/install/oos-instr-f4299ac0c/debug_gcc/lib/libcubrid.so
18:08:48.900 port 26671 already held by cub_master pid pid=2591098 (campaign master, reused)
18:08:53.540 createdb t16_k1_c rc=0 (4.6 s)
18:08:55.672 server start (1) rc=0 server_pid=2636624 master_pid=2591098 (2.1 s)
18:08:55.827 csql w1 rc=0 (0.15 s)
18:08:55.858 vacuum completed: Oos_num_recs=0 after 0 s
18:08:55.885 final SHOW HEAP OOS:  Oos_num_user_pages : 5; Oos_num_recs : 0;
18:08:55.949 csql w2 rc=0 (0.06 s)
18:08:58.027 server stop (1) rc=0; still listed: 0
18:08:58.037 acks: 0
18:08:58.046 === done site=k1 mode=control code=700010 fire_at=0 wall=9.5 s
##### rc=0
##### 2026-09-11T18:08:58+09:00 l1 fault
18:08:58.057 === site=l1 mode=fault db=t16_l1_f install=/home/vimkim/.cub/install/oos-instr-f4299ac0c/debug_gcc
CUBRID 11.5.0 (11.5.0.2648-f4299ac) (64bit debug build for Linux) (Sep 11 2026 17:04:32)
dec89384db7c133da28437079951c3ffc365a6551f57b9675372886513799c29  /home/vimkim/.cub/install/oos-instr-f4299ac0c/debug_gcc/lib/libcubrid.so
18:08:58.391 port 26671 already held by cub_master pid pid=2591098 (campaign master, reused)
18:09:00.870 createdb t16_l1_f rc=0 (2.5 s)
18:09:02.996 server start (1) rc=0 server_pid=2637130 master_pid=2591098 (2.1 s)
18:09:03.045 csql w rc=0 (0.04 s)
18:09:03.047 kill -9 own cub_server pid 2637130 (dirty OOS pages not flushed; redo needed at restart)
18:09:04.053 server pid 2637130 gone after 1 s
18:09:05.172 server start (2) rc=0 server_pid=2637421 master_pid=2591098 (1.1 s)
18:09:07.203 server survived the armed restart
18:09:09.272 server stop (2) rc=0; still listed: 0
18:09:11.408 server start (3) rc=0 server_pid=2638157 master_pid=2591098 (2.1 s)
18:09:11.447 csql v rc=0 (0.03 s)
18:09:13.519 server stop (3) rc=0; still listed: 0
18:09:13.530 acks: 0
18:09:13.539 === done site=l1 mode=fault code=700011 fire_at=1 wall=15.5 s
##### rc=0
##### 2026-09-11T18:09:13+09:00 l1 control
18:09:13.550 === site=l1 mode=control db=t16_l1_c install=/home/vimkim/.cub/install/oos-instr-f4299ac0c/debug_gcc
CUBRID 11.5.0 (11.5.0.2648-f4299ac) (64bit debug build for Linux) (Sep 11 2026 17:04:32)
dec89384db7c133da28437079951c3ffc365a6551f57b9675372886513799c29  /home/vimkim/.cub/install/oos-instr-f4299ac0c/debug_gcc/lib/libcubrid.so
18:09:13.880 port 26671 already held by cub_master pid pid=2591098 (campaign master, reused)
18:09:16.412 createdb t16_l1_c rc=0 (2.5 s)
18:09:18.553 server start (1) rc=0 server_pid=2638729 master_pid=2591098 (2.1 s)
18:09:18.600 csql w rc=0 (0.04 s)
18:09:18.602 kill -9 own cub_server pid 2638729 (dirty OOS pages not flushed; redo needed at restart)
18:09:19.609 server pid 2638729 gone after 1 s
18:09:21.734 server start (2) rc=1 server_pid=2639250 master_pid=2591098 (2.1 s)
18:09:23.764 server survived the armed restart
18:09:25.834 server stop (2) rc=0; still listed: 0
18:09:27.968 server start (3) rc=0 server_pid=2640407 master_pid=2591098 (2.1 s)
18:09:28.008 csql v rc=0 (0.03 s)
18:09:30.080 server stop (3) rc=0; still listed: 0
18:09:30.090 acks: 0
18:09:30.101 === done site=l1 mode=control code=700011 fire_at=1 wall=16.5 s
##### rc=0
master pid 2591098 (port 26671) stopped
##### ALL DONE 2026-09-11T18:09:30+09:00
