
Merging program properties

Removed property 0xc0000002 to merge /usr/lib/gcc/x86_64-redhat-linux/11/../../../../lib64/crt1.o (0x3) and /tmp/cc3PWoq9.o (not found)
Removed property 0xc0000002 to merge /usr/lib/gcc/x86_64-redhat-linux/11/../../../../lib64/crt1.o (not found) and /usr/lib/gcc/x86_64-redhat-linux/11/crtend.o (0x3)
Removed property 0xc0000002 to merge /usr/lib/gcc/x86_64-redhat-linux/11/../../../../lib64/crt1.o (not found) and /usr/lib/gcc/x86_64-redhat-linux/11/../../../../lib64/crtn.o (0x3)

Discarded input sections

 .note.GNU-stack
                0x0000000000000000        0x0 /usr/lib/gcc/x86_64-redhat-linux/11/../../../../lib64/crt1.o
 .note.gnu.property
                0x0000000000000000       0x20 /usr/lib/gcc/x86_64-redhat-linux/11/../../../../lib64/crti.o
 .note.GNU-stack
                0x0000000000000000        0x0 /usr/lib/gcc/x86_64-redhat-linux/11/../../../../lib64/crti.o
 .note.GNU-stack
                0x0000000000000000        0x0 /usr/lib/gcc/x86_64-redhat-linux/11/crtbegin.o
 .note.gnu.property
                0x0000000000000000       0x20 /usr/lib/gcc/x86_64-redhat-linux/11/crtbegin.o
 .group         0x0000000000000000        0xc /tmp/cc3PWoq9.o
 .group         0x0000000000000000        0xc /tmp/cc3PWoq9.o
 .group         0x0000000000000000        0x8 /tmp/cc3PWoq9.o
 .group         0x0000000000000000        0xc /tmp/cc3PWoq9.o
 .group         0x0000000000000000        0xc /tmp/cc3PWoq9.o
 .note.GNU-stack
                0x0000000000000000        0x0 /tmp/cc3PWoq9.o
 .note.GNU-stack
                0x0000000000000000        0x0 /home/vimkim/gh/my-cubrid-docs/cbrd-26382/artifacts/noexcept-binary-layout/rocky9-gcc11/external_cleanup.o
 .note.GNU-stack
                0x0000000000000000        0x0 /usr/lib/gcc/x86_64-redhat-linux/11/crtend.o
 .note.gnu.property
                0x0000000000000000       0x20 /usr/lib/gcc/x86_64-redhat-linux/11/crtend.o
 .note.gnu.property
                0x0000000000000000       0x20 /usr/lib/gcc/x86_64-redhat-linux/11/../../../../lib64/crtn.o
 .note.GNU-stack
                0x0000000000000000        0x0 /usr/lib/gcc/x86_64-redhat-linux/11/../../../../lib64/crtn.o

Memory Configuration

Name             Origin             Length             Attributes
*default*        0x0000000000000000 0xffffffffffffffff

Linker script and memory map

LOAD /usr/lib/gcc/x86_64-redhat-linux/11/../../../../lib64/crt1.o
LOAD /usr/lib/gcc/x86_64-redhat-linux/11/../../../../lib64/crti.o
LOAD /usr/lib/gcc/x86_64-redhat-linux/11/crtbegin.o
LOAD /tmp/cc3PWoq9.o
LOAD /home/vimkim/gh/my-cubrid-docs/cbrd-26382/artifacts/noexcept-binary-layout/rocky9-gcc11/external_cleanup.o
LOAD /usr/lib/gcc/x86_64-redhat-linux/11/libstdc++.so
LOAD /usr/lib/gcc/x86_64-redhat-linux/11/../../../../lib64/libm.so
START GROUP
LOAD /lib64/libm.so.6
LOAD /lib64/libmvec.so.1
END GROUP
LOAD /usr/lib/gcc/x86_64-redhat-linux/11/libgcc_s.so
START GROUP
LOAD /lib64/libgcc_s.so.1
LOAD /usr/lib/gcc/x86_64-redhat-linux/11/libgcc.a
END GROUP
LOAD /usr/lib/gcc/x86_64-redhat-linux/11/libgcc.a
LOAD /usr/lib/gcc/x86_64-redhat-linux/11/../../../../lib64/libc.so
START GROUP
LOAD /lib64/libc.so.6
LOAD /usr/lib64/libc_nonshared.a
LOAD /lib64/ld-linux-x86-64.so.2
END GROUP
LOAD /usr/lib/gcc/x86_64-redhat-linux/11/libgcc_s.so
START GROUP
LOAD /lib64/libgcc_s.so.1
LOAD /usr/lib/gcc/x86_64-redhat-linux/11/libgcc.a
END GROUP
LOAD /usr/lib/gcc/x86_64-redhat-linux/11/libgcc.a
LOAD /usr/lib/gcc/x86_64-redhat-linux/11/crtend.o
LOAD /usr/lib/gcc/x86_64-redhat-linux/11/../../../../lib64/crtn.o
                [!provide]                        PROVIDE (__executable_start = SEGMENT_START ("text-segment", 0x400000))
                0x0000000000400318                . = (SEGMENT_START ("text-segment", 0x400000) + SIZEOF_HEADERS)

.interp         0x0000000000400318       0x1c
 *(.interp)
 .interp        0x0000000000400318       0x1c /usr/lib/gcc/x86_64-redhat-linux/11/../../../../lib64/crt1.o

.note.gnu.property
                0x0000000000400338       0x20
 .note.gnu.property
                0x0000000000400338       0x20 /usr/lib/gcc/x86_64-redhat-linux/11/../../../../lib64/crt1.o

.note.gnu.build-id
                0x0000000000400358       0x24
 *(.note.gnu.build-id)
 .note.gnu.build-id
                0x0000000000400358       0x24 /usr/lib/gcc/x86_64-redhat-linux/11/../../../../lib64/crt1.o

.note.ABI-tag   0x000000000040037c       0x20
 .note.ABI-tag  0x000000000040037c       0x20 /usr/lib/gcc/x86_64-redhat-linux/11/../../../../lib64/crt1.o

.hash
 *(.hash)

.gnu.hash       0x00000000004003a0       0x1c
 *(.gnu.hash)
 .gnu.hash      0x00000000004003a0       0x1c /usr/lib/gcc/x86_64-redhat-linux/11/../../../../lib64/crt1.o

.dynsym         0x00000000004003c0       0xd8
 *(.dynsym)
 .dynsym        0x00000000004003c0       0xd8 /usr/lib/gcc/x86_64-redhat-linux/11/../../../../lib64/crt1.o

.dynstr         0x0000000000400498       0xf6
 *(.dynstr)
 .dynstr        0x0000000000400498       0xf6 /usr/lib/gcc/x86_64-redhat-linux/11/../../../../lib64/crt1.o

.gnu.version    0x000000000040058e       0x12
 *(.gnu.version)
 .gnu.version   0x000000000040058e       0x12 /usr/lib/gcc/x86_64-redhat-linux/11/../../../../lib64/crt1.o

.gnu.version_d  0x00000000004005a0        0x0
 *(.gnu.version_d)
 .gnu.version_d
                0x00000000004005a0        0x0 /usr/lib/gcc/x86_64-redhat-linux/11/../../../../lib64/crt1.o

.gnu.version_r  0x00000000004005a0       0x50
 *(.gnu.version_r)
 .gnu.version_r
                0x00000000004005a0       0x50 /usr/lib/gcc/x86_64-redhat-linux/11/../../../../lib64/crt1.o

.rela.dyn       0x00000000004005f0       0x90
 *(.rela.init)
 *(.rela.text .rela.text.* .rela.gnu.linkonce.t.*)
 .rela.text     0x00000000004005f0        0x0 /usr/lib/gcc/x86_64-redhat-linux/11/../../../../lib64/crt1.o
 .rela.text._ZNSt17_Function_handlerIFvvE15cleanup_functorE10_M_managerERSt9_Any_dataRKS3_St18_Manager_operation
                0x00000000004005f0        0x0 /usr/lib/gcc/x86_64-redhat-linux/11/../../../../lib64/crt1.o
 *(.rela.fini)
 *(.rela.rodata .rela.rodata.* .rela.gnu.linkonce.r.*)
 *(.rela.data .rela.data.* .rela.gnu.linkonce.d.*)
 .rela.data.rel.ro
                0x00000000004005f0        0x0 /usr/lib/gcc/x86_64-redhat-linux/11/../../../../lib64/crt1.o
 .rela.data.rel.ro._ZTI15cleanup_functor
                0x00000000004005f0       0x18 /usr/lib/gcc/x86_64-redhat-linux/11/../../../../lib64/crt1.o
 .rela.data.rel.local.DW.ref.__gxx_personality_v0
                0x0000000000400608       0x18 /usr/lib/gcc/x86_64-redhat-linux/11/../../../../lib64/crt1.o
 *(.rela.tdata .rela.tdata.* .rela.gnu.linkonce.td.*)
 *(.rela.tbss .rela.tbss.* .rela.gnu.linkonce.tb.*)
 *(.rela.ctors)
 *(.rela.dtors)
 *(.rela.got)
 .rela.got      0x0000000000400620       0x60 /usr/lib/gcc/x86_64-redhat-linux/11/../../../../lib64/crt1.o
 *(.rela.bss .rela.bss.* .rela.gnu.linkonce.b.*)
 .rela.bss      0x0000000000400680        0x0 /usr/lib/gcc/x86_64-redhat-linux/11/../../../../lib64/crt1.o
 *(.rela.ldata .rela.ldata.* .rela.gnu.linkonce.l.*)
 *(.rela.lbss .rela.lbss.* .rela.gnu.linkonce.lb.*)
 *(.rela.lrodata .rela.lrodata.* .rela.gnu.linkonce.lr.*)
 *(.rela.ifunc)
 .rela.eh_frame
                0x0000000000400680        0x0 /usr/lib/gcc/x86_64-redhat-linux/11/../../../../lib64/crt1.o

.rela.plt       0x0000000000400680       0x30
 *(.rela.plt)
 .rela.plt      0x0000000000400680       0x30 /usr/lib/gcc/x86_64-redhat-linux/11/../../../../lib64/crt1.o
                [!provide]                        PROVIDE (__rela_iplt_start = .)
 *(.rela.iplt)
 .rela.iplt     0x00000000004006b0        0x0 /usr/lib/gcc/x86_64-redhat-linux/11/../../../../lib64/crt1.o
                [!provide]                        PROVIDE (__rela_iplt_end = .)
                0x0000000000401000                . = ALIGN (CONSTANT (MAXPAGESIZE))

.init           0x0000000000401000       0x1b
 *(SORT_NONE(.init))
 .init          0x0000000000401000       0x16 /usr/lib/gcc/x86_64-redhat-linux/11/../../../../lib64/crti.o
                0x0000000000401000                _init
 .init          0x0000000000401016        0x5 /usr/lib/gcc/x86_64-redhat-linux/11/../../../../lib64/crtn.o

.plt            0x0000000000401020       0x30
 *(.plt)
 .plt           0x0000000000401020       0x30 /usr/lib/gcc/x86_64-redhat-linux/11/../../../../lib64/crt1.o
                0x0000000000401030                printf@@GLIBC_2.2.5
                0x0000000000401040                strtoull@@GLIBC_2.2.5
 *(.iplt)
 .iplt          0x0000000000401050        0x0 /usr/lib/gcc/x86_64-redhat-linux/11/../../../../lib64/crt1.o

.plt.got        0x0000000000401050        0x0
 *(.plt.got)
 .plt.got       0x0000000000401050        0x0 /usr/lib/gcc/x86_64-redhat-linux/11/../../../../lib64/crt1.o

.plt.sec
 *(.plt.sec)

.text           0x0000000000401050      0x2f8
 *(.text.unlikely .text.*_unlikely .text.unlikely.*)
 *(.text.exit .text.exit.*)
 *(.text.startup .text.startup.*)
 .text.startup  0x0000000000401050       0x6d /tmp/cc3PWoq9.o
                0x0000000000401050                main
 *(.text.hot .text.hot.*)
 *(SORT_BY_NAME(.text.sorted.*))
 *(.text .stub .text.* .gnu.linkonce.t.*)
 *fill*         0x00000000004010bd        0x3 
 .text          0x00000000004010c0       0x35 /usr/lib/gcc/x86_64-redhat-linux/11/../../../../lib64/crt1.o
                0x00000000004010c0                _start
                0x00000000004010f0                _dl_relocate_static_pie
 .text          0x00000000004010f5        0x0 /usr/lib/gcc/x86_64-redhat-linux/11/../../../../lib64/crti.o
 *fill*         0x00000000004010f5        0xb 
 .text          0x0000000000401100       0xa6 /usr/lib/gcc/x86_64-redhat-linux/11/crtbegin.o
 *fill*         0x00000000004011a6        0xa 
 .text          0x00000000004011b0      0x12f /tmp/cc3PWoq9.o
                0x00000000004011b0                guarded_work(unsigned long)
                0x0000000000401240                released_work(unsigned long)
                0x00000000004012a0                hot_count(unsigned long)
 *fill*         0x00000000004012df        0x1 
 .text._ZNSt17_Function_handlerIFvvE15cleanup_functorE9_M_invokeERKSt9_Any_data
                0x00000000004012e0        0x8 /tmp/cc3PWoq9.o
                0x00000000004012e0                std::_Function_handler<void (), cleanup_functor>::_M_invoke(std::_Any_data const&)
 *fill*         0x00000000004012e8        0x8 
 .text._ZNSt17_Function_handlerIFvvE15cleanup_functorE10_M_managerERSt9_Any_dataRKS3_St18_Manager_operation
                0x00000000004012f0       0x38 /tmp/cc3PWoq9.o
                0x00000000004012f0                std::_Function_handler<void (), cleanup_functor>::_M_manager(std::_Any_data&, std::_Any_data const&, std::_Manager_operation)
 *fill*         0x0000000000401328        0x8 
 .text          0x0000000000401330       0x18 /home/vimkim/gh/my-cubrid-docs/cbrd-26382/artifacts/noexcept-binary-layout/rocky9-gcc11/external_cleanup.o
                0x0000000000401330                external_cleanup
 .text          0x0000000000401348        0x0 /usr/lib/gcc/x86_64-redhat-linux/11/crtend.o
 .text          0x0000000000401348        0x0 /usr/lib/gcc/x86_64-redhat-linux/11/../../../../lib64/crtn.o
 *(.gnu.warning)

.fini           0x0000000000401348        0xd
 *(SORT_NONE(.fini))
 .fini          0x0000000000401348        0x8 /usr/lib/gcc/x86_64-redhat-linux/11/../../../../lib64/crti.o
                0x0000000000401348                _fini
 .fini          0x0000000000401350        0x5 /usr/lib/gcc/x86_64-redhat-linux/11/../../../../lib64/crtn.o
                [!provide]                        PROVIDE (__etext = .)
                [!provide]                        PROVIDE (_etext = .)
                [!provide]                        PROVIDE (etext = .)
                0x0000000000402000                . = ALIGN (CONSTANT (MAXPAGESIZE))
                0x0000000000402000                . = SEGMENT_START ("rodata-segment", (ALIGN (CONSTANT (MAXPAGESIZE)) + (. & (CONSTANT (MAXPAGESIZE) - 0x1))))

.rodata         0x0000000000402000       0x62
 *(.rodata .rodata.* .gnu.linkonce.r.*)
 .rodata.cst4   0x0000000000402000        0x4 /usr/lib/gcc/x86_64-redhat-linux/11/../../../../lib64/crt1.o
                0x0000000000402000                _IO_stdin_used
 *fill*         0x0000000000402004        0x4 
 .rodata        0x0000000000402008        0x8 /usr/lib/gcc/x86_64-redhat-linux/11/crtbegin.o
                0x0000000000402008                __dso_handle
 .rodata.str1.8
                0x0000000000402010       0x3e /tmp/cc3PWoq9.o
 *fill*         0x000000000040204e        0x2 
 .rodata._ZTS15cleanup_functor
                0x0000000000402050       0x12 /tmp/cc3PWoq9.o
                0x0000000000402050                typeinfo name for cleanup_functor

.rodata1
 *(.rodata1)

.eh_frame_hdr   0x0000000000402064       0x5c
 *(.eh_frame_hdr)
 .eh_frame_hdr  0x0000000000402064       0x5c /usr/lib/gcc/x86_64-redhat-linux/11/../../../../lib64/crt1.o
                0x0000000000402064                __GNU_EH_FRAME_HDR
 *(.eh_frame_entry .eh_frame_entry.*)

.eh_frame       0x00000000004020c0      0x150
 *(.eh_frame)
 .eh_frame      0x00000000004020c0       0x40 /usr/lib/gcc/x86_64-redhat-linux/11/../../../../lib64/crt1.o
                                         0x5c (size before relaxing)
 *fill*         0x0000000000402100        0x0 
 .eh_frame      0x0000000000402100       0x28 /usr/lib/gcc/x86_64-redhat-linux/11/../../../../lib64/crt1.o
                                         0x40 (size before relaxing)
 .eh_frame      0x0000000000402128        0x0 /usr/lib/gcc/x86_64-redhat-linux/11/../../../../lib64/crt1.o
 .eh_frame      0x0000000000402128       0xd0 /tmp/cc3PWoq9.o
                                         0xe8 (size before relaxing)
 .eh_frame      0x00000000004021f8       0x14 /home/vimkim/gh/my-cubrid-docs/cbrd-26382/artifacts/noexcept-binary-layout/rocky9-gcc11/external_cleanup.o
                                         0x30 (size before relaxing)
 .eh_frame      0x000000000040220c        0x4 /usr/lib/gcc/x86_64-redhat-linux/11/crtend.o
 *(.eh_frame.*)

.gcc_except_table
                0x0000000000402210        0x4
 *(.gcc_except_table .gcc_except_table.*)
 .gcc_except_table
                0x0000000000402210        0x4 /tmp/cc3PWoq9.o

.gnu_extab
 *(.gnu_extab*)

.exception_ranges
 *(.exception_ranges*)
                0x0000000000403dc0                . = DATA_SEGMENT_ALIGN (CONSTANT (MAXPAGESIZE), CONSTANT (COMMONPAGESIZE))

.eh_frame
 *(.eh_frame)
 *(.eh_frame.*)

.gnu_extab
 *(.gnu_extab)

.gcc_except_table
 *(.gcc_except_table .gcc_except_table.*)

.exception_ranges
 *(.exception_ranges*)

.tdata          0x0000000000403dc0        0x0
                [!provide]                        PROVIDE (__tdata_start = .)
 *(.tdata .tdata.* .gnu.linkonce.td.*)

.tbss
 *(.tbss .tbss.* .gnu.linkonce.tb.*)
 *(.tcommon)

.preinit_array  0x0000000000403dc0        0x0
                [!provide]                        PROVIDE (__preinit_array_start = .)
 *(.preinit_array)
                [!provide]                        PROVIDE (__preinit_array_end = .)

.init_array     0x0000000000403dc0        0x8
                [!provide]                        PROVIDE (__init_array_start = .)
 *(SORT_BY_INIT_PRIORITY(.init_array.*) SORT_BY_INIT_PRIORITY(.ctors.*))
 *(.init_array EXCLUDE_FILE(*crtend?.o *crtend.o *crtbegin?.o *crtbegin.o) .ctors)
 .init_array    0x0000000000403dc0        0x8 /usr/lib/gcc/x86_64-redhat-linux/11/crtbegin.o
                [!provide]                        PROVIDE (__init_array_end = .)

.fini_array     0x0000000000403dc8        0x8
                [!provide]                        PROVIDE (__fini_array_start = .)
 *(SORT_BY_INIT_PRIORITY(.fini_array.*) SORT_BY_INIT_PRIORITY(.dtors.*))
 *(.fini_array EXCLUDE_FILE(*crtend?.o *crtend.o *crtbegin?.o *crtbegin.o) .dtors)
 .fini_array    0x0000000000403dc8        0x8 /usr/lib/gcc/x86_64-redhat-linux/11/crtbegin.o
                [!provide]                        PROVIDE (__fini_array_end = .)

.ctors
 *crtbegin.o(.ctors)
 *crtbegin?.o(.ctors)
 *(EXCLUDE_FILE(*crtend?.o *crtend.o) .ctors)
 *(SORT_BY_NAME(.ctors.*))
 *(.ctors)

.dtors
 *crtbegin.o(.dtors)
 *crtbegin?.o(.dtors)
 *(EXCLUDE_FILE(*crtend?.o *crtend.o) .dtors)
 *(SORT_BY_NAME(.dtors.*))
 *(.dtors)

.jcr
 *(.jcr)

.data.rel.ro    0x0000000000403dd0       0x10
 *(.data.rel.ro.local* .gnu.linkonce.d.rel.ro.local.*)
 *(.data.rel.ro .data.rel.ro.* .gnu.linkonce.d.rel.ro.*)
 .data.rel.ro   0x0000000000403dd0        0x0 /usr/lib/gcc/x86_64-redhat-linux/11/../../../../lib64/crt1.o
 .data.rel.ro._ZTI15cleanup_functor
                0x0000000000403dd0       0x10 /tmp/cc3PWoq9.o
                0x0000000000403dd0                typeinfo for cleanup_functor

.dynamic        0x0000000000403de0      0x200
 *(.dynamic)
 .dynamic       0x0000000000403de0      0x200 /usr/lib/gcc/x86_64-redhat-linux/11/../../../../lib64/crt1.o
                0x0000000000403de0                _DYNAMIC

.got            0x0000000000403fe0       0x20
 *(.got)
 .got           0x0000000000403fe0       0x20 /usr/lib/gcc/x86_64-redhat-linux/11/../../../../lib64/crt1.o
 *(.igot)
                0x0000000000404fe8                . = DATA_SEGMENT_RELRO_END (., (SIZEOF (.got.plt) >= 0x18)?0x18:0x0)

.got.plt        0x0000000000404000       0x28
 *(.got.plt)
 .got.plt       0x0000000000404000       0x28 /usr/lib/gcc/x86_64-redhat-linux/11/../../../../lib64/crt1.o
                0x0000000000404000                _GLOBAL_OFFSET_TABLE_
 *(.igot.plt)
 .igot.plt      0x0000000000404028        0x0 /usr/lib/gcc/x86_64-redhat-linux/11/../../../../lib64/crt1.o

.data           0x0000000000404040       0x88
 *(.data .data.* .gnu.linkonce.d.*)
 .data          0x0000000000404040        0x4 /usr/lib/gcc/x86_64-redhat-linux/11/../../../../lib64/crt1.o
                0x0000000000404040                data_start
                0x0000000000404040                __data_start
 .data          0x0000000000404044        0x0 /usr/lib/gcc/x86_64-redhat-linux/11/../../../../lib64/crti.o
 .data          0x0000000000404044        0x0 /usr/lib/gcc/x86_64-redhat-linux/11/crtbegin.o
 *fill*         0x0000000000404044       0x3c 
 .data          0x0000000000404080       0x40 /tmp/cc3PWoq9.o
                0x0000000000404080                g_hot_data
 .data.rel.local.DW.ref.__gxx_personality_v0
                0x00000000004040c0        0x8 /tmp/cc3PWoq9.o
                0x00000000004040c0                DW.ref.__gxx_personality_v0
 .data          0x00000000004040c8        0x0 /home/vimkim/gh/my-cubrid-docs/cbrd-26382/artifacts/noexcept-binary-layout/rocky9-gcc11/external_cleanup.o
 .data          0x00000000004040c8        0x0 /usr/lib/gcc/x86_64-redhat-linux/11/crtend.o
 .data          0x00000000004040c8        0x0 /usr/lib/gcc/x86_64-redhat-linux/11/../../../../lib64/crtn.o

.tm_clone_table
                0x00000000004040c8        0x0
 .tm_clone_table
                0x00000000004040c8        0x0 /usr/lib/gcc/x86_64-redhat-linux/11/crtbegin.o
 .tm_clone_table
                0x00000000004040c8        0x0 /usr/lib/gcc/x86_64-redhat-linux/11/crtend.o

.data1
 *(.data1)
                0x00000000004040c8                _edata = .
                [!provide]                        PROVIDE (edata = .)
                0x00000000004040c8                . = .
                0x00000000004040c8                __bss_start = .

.bss            0x00000000004040c8       0x10
 *(.dynbss)
 .dynbss        0x00000000004040c8        0x0 /usr/lib/gcc/x86_64-redhat-linux/11/../../../../lib64/crt1.o
 *(.bss .bss.* .gnu.linkonce.b.*)
 .bss           0x00000000004040c8        0x0 /usr/lib/gcc/x86_64-redhat-linux/11/../../../../lib64/crt1.o
 .bss           0x00000000004040c8        0x0 /usr/lib/gcc/x86_64-redhat-linux/11/../../../../lib64/crti.o
 .bss           0x00000000004040c8        0x1 /usr/lib/gcc/x86_64-redhat-linux/11/crtbegin.o
 .bss           0x00000000004040c9        0x0 /tmp/cc3PWoq9.o
 *fill*         0x00000000004040c9        0x7 
 .bss           0x00000000004040d0        0x8 /home/vimkim/gh/my-cubrid-docs/cbrd-26382/artifacts/noexcept-binary-layout/rocky9-gcc11/external_cleanup.o
                0x00000000004040d0                g_cleanup_count
 .bss           0x00000000004040d8        0x0 /usr/lib/gcc/x86_64-redhat-linux/11/crtend.o
 .bss           0x00000000004040d8        0x0 /usr/lib/gcc/x86_64-redhat-linux/11/../../../../lib64/crtn.o
 *(COMMON)
                0x00000000004040d8                . = ALIGN ((. != 0x0)?0x8:0x1)

.lbss
 *(.dynlbss)
 *(.lbss .lbss.* .gnu.linkonce.lb.*)
 *(LARGE_COMMON)
                0x00000000004040d8                . = ALIGN (0x8)
                0x00000000004040d8                . = SEGMENT_START ("ldata-segment", .)

.lrodata
 *(.lrodata .lrodata.* .gnu.linkonce.lr.*)

.ldata          0x00000000004060d8        0x0
 *(.ldata .ldata.* .gnu.linkonce.l.*)
                0x00000000004060d8                . = ALIGN ((. != 0x0)?0x8:0x1)
                0x00000000004060d8                . = ALIGN (0x8)
                0x00000000004040d8                _end = .
                [!provide]                        PROVIDE (end = .)
                0x00000000004060d8                . = DATA_SEGMENT_END (.)

.stab
 *(.stab)

.stabstr
 *(.stabstr)

.stab.excl
 *(.stab.excl)

.stab.exclstr
 *(.stab.exclstr)

.stab.index
 *(.stab.index)

.stab.indexstr
 *(.stab.indexstr)

.comment        0x0000000000000000       0x2e
 *(.comment)
 .comment       0x0000000000000000       0x2e /usr/lib/gcc/x86_64-redhat-linux/11/../../../../lib64/crt1.o
                                         0x8d (size before relaxing)
 .comment       0x000000000000002e       0x2f /usr/lib/gcc/x86_64-redhat-linux/11/crtbegin.o
 .comment       0x000000000000002e       0x2f /usr/lib/gcc/x86_64-redhat-linux/11/crtend.o

.annobin.notes  0x0000000000000000      0x13e
 .annobin.notes
                0x0000000000000000      0x13e /usr/lib/gcc/x86_64-redhat-linux/11/../../../../lib64/crt1.o
                                        0x20a (size before relaxing)

.gnu.build.attributes
                0x00000000004060d8      0x144
 *(.gnu.build.attributes .gnu.build.attributes.*)
 .gnu.build.attributes
                0x00000000004060d8       0x24 /usr/lib/gcc/x86_64-redhat-linux/11/../../../../lib64/crt1.o
 .gnu.build.attributes
                0x00000000004060fc       0x6c /usr/lib/gcc/x86_64-redhat-linux/11/../../../../lib64/crti.o
 .gnu.build.attributes
                0x0000000000406168       0x24 /usr/lib/gcc/x86_64-redhat-linux/11/crtbegin.o
 .gnu.build.attributes
                0x000000000040618c       0x24 /usr/lib/gcc/x86_64-redhat-linux/11/crtend.o
 .gnu.build.attributes
                0x00000000004061b0       0x6c /usr/lib/gcc/x86_64-redhat-linux/11/../../../../lib64/crtn.o

.debug
 *(.debug)

.line
 *(.line)

.debug_srcinfo
 *(.debug_srcinfo)

.debug_sfnames
 *(.debug_sfnames)

.debug_aranges  0x0000000000000000       0x90
 *(.debug_aranges)
 .debug_aranges
                0x0000000000000000       0x60 /tmp/cc3PWoq9.o
 .debug_aranges
                0x0000000000000060       0x30 /home/vimkim/gh/my-cubrid-docs/cbrd-26382/artifacts/noexcept-binary-layout/rocky9-gcc11/external_cleanup.o

.debug_pubnames
 *(.debug_pubnames)

.debug_info     0x0000000000000000     0x2bf2
 *(.debug_info .gnu.linkonce.wi.*)
 .debug_info    0x0000000000000000     0x2b1e /tmp/cc3PWoq9.o
 .debug_info    0x0000000000002b1e       0xd4 /home/vimkim/gh/my-cubrid-docs/cbrd-26382/artifacts/noexcept-binary-layout/rocky9-gcc11/external_cleanup.o

.debug_abbrev   0x0000000000000000      0x901
 *(.debug_abbrev)
 .debug_abbrev  0x0000000000000000      0x879 /tmp/cc3PWoq9.o
 .debug_abbrev  0x0000000000000879       0x88 /home/vimkim/gh/my-cubrid-docs/cbrd-26382/artifacts/noexcept-binary-layout/rocky9-gcc11/external_cleanup.o

.debug_line     0x0000000000000000      0x549
 *(.debug_line .debug_line.* .debug_line_end)
 .debug_line    0x0000000000000000      0x4db /tmp/cc3PWoq9.o
 .debug_line    0x00000000000004db       0x6e /home/vimkim/gh/my-cubrid-docs/cbrd-26382/artifacts/noexcept-binary-layout/rocky9-gcc11/external_cleanup.o

.debug_frame
 *(.debug_frame)

.debug_str      0x0000000000000000     0x1b16
 *(.debug_str)
 .debug_str     0x0000000000000000     0x1a69 /tmp/cc3PWoq9.o
                                       0x1ca0 (size before relaxing)
 .debug_str     0x0000000000001a69       0xad /home/vimkim/gh/my-cubrid-docs/cbrd-26382/artifacts/noexcept-binary-layout/rocky9-gcc11/external_cleanup.o
                                        0x13c (size before relaxing)

.debug_loc
 *(.debug_loc)

.debug_macinfo
 *(.debug_macinfo)

.debug_weaknames
 *(.debug_weaknames)

.debug_funcnames
 *(.debug_funcnames)

.debug_typenames
 *(.debug_typenames)

.debug_varnames
 *(.debug_varnames)

.debug_pubtypes
 *(.debug_pubtypes)

.debug_ranges
 *(.debug_ranges)

.debug_addr
 *(.debug_addr)

.debug_line_str
                0x0000000000000000      0x25a
 *(.debug_line_str)
 .debug_line_str
                0x0000000000000000      0x245 /tmp/cc3PWoq9.o
                                        0x2a9 (size before relaxing)
 .debug_line_str
                0x0000000000000245       0x15 /home/vimkim/gh/my-cubrid-docs/cbrd-26382/artifacts/noexcept-binary-layout/rocky9-gcc11/external_cleanup.o
                                         0xba (size before relaxing)

.debug_loclists
                0x0000000000000000      0x495
 *(.debug_loclists)
 .debug_loclists
                0x0000000000000000      0x495 /tmp/cc3PWoq9.o

.debug_macro
 *(.debug_macro)

.debug_names
 *(.debug_names)

.debug_rnglists
                0x0000000000000000      0x197
 *(.debug_rnglists)
 .debug_rnglists
                0x0000000000000000      0x197 /tmp/cc3PWoq9.o

.debug_str_offsets
 *(.debug_str_offsets)

.debug_sup
 *(.debug_sup)

.gnu.attributes
 *(.gnu.attributes)

/DISCARD/
 *(.note.GNU-stack)
 *(.gnu_debuglink)
 *(.gnu.lto_*)
OUTPUT(/home/vimkim/gh/my-cubrid-docs/cbrd-26382/artifacts/noexcept-binary-layout/rocky9-gcc11/original elf64-x86-64)
