
=== <Result of SELECT Command in Line 1> ===

              count(*)
======================
                    30

1 row selected. (0.004000 sec) Committed. (0.000000 sec) 

=== <Result of SELECT Command in Line 1> ===

           id         eq8k        eq20k        eq40k
====================================================
            1            0            1            0
            2            0            1            0
            3            0            1            0
            4            0            1            0
            5            0            1            0
            6            0            1            0
            7            0            1            0
            8            0            1            0
            9            0            1            0
           10            0            1            0
           11            0            1            0
           12            0            1            0
           13            0            1            0
           14            0            1            0
           15            0            1            0
           16            0            1            0
           17            0            1            0
           18            0            1            0
           19            0            1            0
           20            0            1            0
           21            0            1            0
           22            0            1            0
           23            0            1            0
           24            0            1            0
           25            0            1            0
           26            0            1            0
           27            0            1            0
           28            0            1            0
           29            0            1            0
           30            0            1            0

30 rows selected. (0.006000 sec) Committed. (0.000000 sec) 

=== <Result of SELECT Command in Line 1> ===

  Table_name            Class_oid             Heap_volume_id  Heap_file_id  Heap_header_page_id  Has_oos_file  Oos_volume_id  Oos_file_id  Oos_num_user_pages  Oos_page_size  Oos_num_recs       Oos_recs_sumlen    Oos_physical_bytes      Oos_unused_bytes
============================================================================================================================================================================================================================================================
  'dba.t'               '(0|209|2)'                        1           576                  577             1              1          640                  61          16344            60                601200                996984                395784

1 row selected. (0.002000 sec) Committed. (0.000000 sec) 
