[Switching to Thread 0x7f4fd5ffb640 (LWP 987789)]

==== CS-MODE BP bestspace::find ====
#0  cubstorage::bestspace::find (this=this@entry=0x7f4ee000bb10, thread_ref=..., class_oid=class_oid@entry=0x7f4fd5ff563c, hfid=hfid@entry=0x7f4fd5ff5628, size=size@entry=52, is_newrec=is_newrec@entry=true, page_watcher=...) at /home/vimkim/gh/cb/develop/src/storage/bestspace.cpp:1410
#1  0x00007f502a70a4b3 in heap_find_bestpage (thread_p=thread_p@entry=0x7f5029d99098, class_oid=class_oid@entry=0x7f4fd5ff563c, hfid=hfid@entry=0x7f4fd5ff5628, size=<optimized out>, is_newrec=is_newrec@entry=true, page_watcher=0x7f4fd5ff96a0) at /home/vimkim/gh/cb/develop/src/storage/heap_file.c:4652
#2  0x00007f502a70ac51 in heap_get_insert_location_with_lock (home_hint_p=0x0, context=0x7f4fd5ff5620, thread_p=0x7f5029d99098) at /home/vimkim/gh/cb/develop/src/storage/heap_file.c:20532
#3  heap_insert_logical (thread_p=thread_p@entry=0x7f5029d99098, context=0x7f4fd5ff5620, home_hint_p=home_hint_p@entry=0x0) at /home/vimkim/gh/cb/develop/src/storage/heap_file.c:23238
#4  0x00007f502a795ae0 in locator_insert_force (thread_p=0x7f5029d99098, hfid=hfid@entry=0x7f4fd5ff9874, class_oid=class_oid@entry=0x7f4fd5ff986c, oid=oid@entry=0x7f4fd5ff9af8, recdes=recdes@entry=0x7f4fd5ff98a0, has_index=has_index@entry=1, op_type=1, scan_cache=<optimized out>, force_count=0x7f4fd5ff9a98, pruning_type=0, pcontext=0x0, func_preds=<optimized out>, force_in_place=UPDATE_INPLACE_NONE, home_hint_p=0x0, has_BU_lock=false, dont_check_fk=false, use_bulk_logging=false) at /home/vimkim/gh/cb/develop/src/transaction/locator_sr.c:5065
#5  0x00007f502a791b98 in locator_attribute_info_force (thread_p=thread_p@entry=0x7f5029d99098, hfid=hfid@entry=0x7f4ee0008290, oid=oid@entry=0x7f4fd5ff9af8, attr_info=attr_info@entry=0x7f4fd5ff9b00, att_id=att_id@entry=0x0, n_att_id=n_att_id@entry=0, operation=LC_FLUSH_INSERT, op_type=1, scan_cache=0x7f4fd5ff9c80, force_count=0x7f4fd5ff9a98, not_check_fk=false, repl_info=REPL_INFO_TYPE_RBR_NORMAL, pruning_type=0, pcontext=0x0, func_preds=0x0, mvcc_reev_data=0x0, force_update_inplace=UPDATE_INPLACE_NONE, rec_descriptor=0x0, need_locking=false) at /home/vimkim/gh/cb/develop/src/transaction/locator_sr.c:7584
#6  0x00007f502a57e109 in qexec_execute_insert (thread_p=thread_p@entry=0x7f5029d99098, xasl=xasl@entry=0x7f4ee0008110, xasl_state=xasl_state@entry=0x7f4fd5ffa270, skip_aptr=skip_aptr@entry=false) at /home/vimkim/gh/cb/develop/src/query/query_executor.c:13522
#7  0x00007f502a5784b4 in qexec_execute_mainblock_internal (p_class_instance_lock_info=0x0, xasl_state=0x7f4fd5ffa270, xasl=0x7f4ee0008110, thread_p=0x7f5029d99098) at /home/vimkim/gh/cb/develop/src/query/query_executor.c:15778
#8  qexec_execute_mainblock (thread_p=thread_p@entry=0x7f5029d99098, xasl=xasl@entry=0x7f4ee0008110, xstate=xstate@entry=0x7f4fd5ffa270, p_class_instance_lock_info=p_class_instance_lock_info@entry=0x0) at /home/vimkim/gh/cb/develop/src/query/query_executor.c:15499
#9  0x00007f502a585c55 in qexec_execute_query (thread_p=thread_p@entry=0x7f5029d99098, xasl=0x7f4ee0008110, dbval_cnt=dbval_cnt@entry=3, dbval_ptr=dbval_ptr@entry=0x556c57372730, query_id=1) at /home/vimkim/gh/cb/develop/src/query/query_executor.c:17070
#10 0x00007f502a5865e4 in qmgr_process_query (thread_p=thread_p@entry=0x7f5029d99098, xasl_tree=<optimized out>, xasl_stream=xasl_stream@entry=0x0, xasl_stream_size=xasl_stream_size@entry=0, dbval_count=dbval_count@entry=3, dbvals_p=dbvals_p@entry=0x556c57372730, flag=114693, query_p=0x7f4ee0009530, tran_entry_p=<optimized out>) at /home/vimkim/gh/cb/develop/src/query/query_manager.c:1232
#11 0x00007f502a58ad05 in xqmgr_execute_query (thread_p=thread_p@entry=0x7f5029d99098, xasl_id_p=xasl_id_p@entry=0x7f4fd5ffa770, query_id_p=query_id_p@entry=0x7f4fd5ffa6d0, dbval_count=dbval_count@entry=3, dbval_p=<optimized out>, flag_p=flag_p@entry=0x7f4fd5ffa6c0, client_cache_time_p=0x7f4fd5ffa6f0, server_cache_time_p=0x7f4fd5ffa6f8, query_timeout=0, ret_cache_entry_p=0x7f4fd5ffa6e0) at /home/vimkim/gh/cb/develop/src/query/query_manager.c:1577
#12 0x00007f502a3eca6b in sqmgr_execute_query (thread_p=0x7f5029d99098, rid=65574, request=<optimized out>, reqlen=<optimized out>) at /home/vimkim/gh/cb/develop/src/communication/network_interface_sr.cpp:5788
#13 0x00007f502a3f425b in net_server_request (thread_p=0x7f5029d99098, rid=65574, request=100, size=100, buffer=0x7f4fa449a940 "{3G\036\037HA\222\377\035Y\350œ\203\023UhEXjh-\205") at /home/vimkim/gh/cb/develop/src/communication/network_sr.c:905
#14 0x00007f502a43bd09 in css_internal_request_handler (conn_ref=..., thread_ref=...) at /home/vimkim/gh/cb/develop/src/connection/server_support.c:486
#15 css_server_task::execute (this=0x7f4f740008d0, thread_ref=...) at /home/vimkim/gh/cb/develop/src/connection/server_support.c:2094
#16 0x00007f502a440979 in cubthread::worker_pool_impl<true>::wrapped_task::execute (thread_ref=..., this=0x556c58a2a7e8) at /home/vimkim/gh/cb/develop/src/thread/thread_worker_pool_impl.hpp:1648
#17 cubthread::worker_pool_impl<true>::core_impl::worker_impl::execute_current_task (this=0x556c58a2a7d0) at /home/vimkim/gh/cb/develop/src/thread/thread_worker_pool_impl.hpp:1484
#18 0x00007f502a441270 in cubthread::worker_pool_impl<true>::core_impl::worker_impl::run (this=0x556c58a2a7d0) at /home/vimkim/gh/cb/develop/src/thread/thread_worker_pool_impl.hpp:1418
#19 0x00007f502abf9344 in execute_native_thread_routine () from /home/vimkim/.cub/install/develop/release_gcc/lib/libcubrid.so.11.5
[Inferior 1 (process 986208) detached]
