No symbol table is loaded.  Use the "file" command.
Make breakpoint pending on future shared library load? (y or [n]) [answered N; input not from terminal]
Warning: 'set logging on', an alias for the command 'set logging enabled', is deprecated.
Use 'set logging enabled on'.

Warning: 'set logging off', an alias for the command 'set logging enabled', is deprecated.
Use 'set logging enabled off'.

Function "heap_insert_logical" not defined.
Breakpoint 1 (heap_insert_logical) pending.
Function "heap_create_bestspace" not defined.
Breakpoint 2 (heap_create_bestspace) pending.
Function "heap_build_bestspace" not defined.
Breakpoint 3 (heap_build_bestspace) pending.
Function "cubstorage::bestspace::find" not defined.
Breakpoint 4 (cubstorage::bestspace::find) pending.
Function "cubstorage::bestspace::shard::allocate" not defined.
Breakpoint 5 (cubstorage::bestspace::shard::allocate) pending.
Function "heap_alloc_new_pages" not defined.
Breakpoint 6 (heap_alloc_new_pages) pending.
Function "heap_add_bestpage" not defined.
Breakpoint 7 (heap_add_bestpage) pending.
Function "heap_update_bestspace(THREAD_ENTRY*, hfid const*, cubstorage::bestspace*)" not defined.
Breakpoint 8 (heap_update_bestspace(THREAD_ENTRY*, hfid const*, cubstorage::bestspace*)) pending.
[Thread debugging using libthread_db enabled]
Using host libthread_db library "/lib64/libthread_db.so.1".
[Detaching after fork from child process 4074699]

==== BP heap_insert_logical ====
#0  heap_insert_logical (thread_p=thread_p@entry=0x555555644d60, context=context@entry=0x7fffffff0cc0, home_hint_p=home_hint_p@entry=0x0) at /home/vimkim/gh/cb/develop/src/storage/heap_file.c:23091
#1  0x00007ffff7545103 in heap_assign_address (thread_p=thread_p@entry=0x555555644d60, hfid=hfid@entry=0x7ffff7989118 <sm_Root_class+24>, class_oid=class_oid@entry=0x55555632e4a0, oid=oid@entry=0x7fffffff4ef8, expected_length=<optimized out>, expected_length@entry=628) at /home/vimkim/gh/cb/develop/src/storage/heap_file.c:5505
#2  0x00007ffff7437ce2 in xlocator_assign_oid (thread_p=0x555555644d60, hfid=hfid@entry=0x7ffff7989118 <sm_Root_class+24>, perm_oid=perm_oid@entry=0x7fffffff4ef8, expected_length=expected_length@entry=628, class_oid=class_oid@entry=0x55555632e4a0, classname=classname@entry=0x555556af8198 "dba.bt1") at /home/vimkim/gh/cb/develop/src/transaction/locator_sr.c:2048
#3  0x00007ffff704dd8a in locator_assign_oid (hfid=hfid@entry=0x7ffff7989118 <sm_Root_class+24>, perm_oid=perm_oid@entry=0x7fffffff4ef8, expected_length=expected_length@entry=628, class_oid=0x55555632e4a0, class_name=class_name@entry=0x555556af8198 "dba.bt1") at /home/vimkim/gh/cb/develop/src/communication/network_interface_cl.c:1357
#4  0x00007ffff7432482 in locator_assign_permanent_oid (mop=mop@entry=0x555556ad5bd0) at /home/vimkim/gh/cb/develop/src/transaction/locator_cl.c:5967
#5  0x00007ffff7124970 in allocate_disk_structures (classop=0x555556ad5bd0, class_=0x555556b20718, subclasses=0x0, template_=template_@entry=0x55555561cf98) at /home/vimkim/gh/cb/develop/src/object/schema_manager.c:11591
#6  0x00007ffff7122f94 in update_class (template_=0x55555561cf98, classmop=classmop@entry=0x7fffffff5058, auto_res=auto_res@entry=0, auth=auth@entry=DB_AUTH_ALTER, needs_hierarchy_lock=needs_hierarchy_lock@entry=true) at /home/vimkim/gh/cb/develop/src/object/schema_manager.c:13445
#7  0x00007ffff7123282 in sm_finish_class (template_=<optimized out>, classmop=classmop@entry=0x7fffffff5058) at /home/vimkim/gh/cb/develop/src/object/schema_manager.c:13524
#8  0x00007ffff6fcc677 in dbt_finish_class (def=<optimized out>) at /home/vimkim/gh/cb/develop/src/compat/db_temp.c:234
#9  0x00007ffff71e54ea in do_create_entity (parser=0x555556ad4e80, node=0x555556b01360) at /home/vimkim/gh/cb/develop/src/query/execute_schema.c:10044
#10 0x00007ffff720714d in do_execute_statement (parser=parser@entry=0x555556ad4e80, statement=statement@entry=0x555556b01360) at /home/vimkim/gh/cb/develop/src/query/execute_statement.c:4173
#11 0x00007ffff6fd5b95 in db_execute_and_keep_statement_local (session=session@entry=0x555556ad4e30, stmt_ndx=0, stmt_ndx@entry=1, result=result@entry=0x7fffffff5668) at /home/vimkim/gh/cb/develop/src/compat/db_vdb.c:1935
#12 0x00007ffff6fd6651 in db_execute_statement_local (session=session@entry=0x555556ad4e30, stmt_ndx=stmt_ndx@entry=1, result=result@entry=0x7fffffff5668) at /home/vimkim/gh/cb/develop/src/compat/db_vdb.c:3334
#13 0x00007ffff6fd6976 in db_execute_statement (session=0x555556ad4e30, stmt_ndx=1, result=0x7fffffff5668) at /home/vimkim/gh/cb/develop/src/compat/db_vdb.c:3370

==== BP heap_build_bestspace ====
#0  heap_build_bestspace (thread_p=thread_p@entry=0x555555644d60, class_oid=class_oid@entry=0x7fffffff0cdc, hfid=hfid@entry=0x7fffffff0cc8, header_watcher=<optimized out>, header_watcher=<optimized out>) at /home/vimkim/gh/cb/develop/src/storage/heap_file.c:4403
#1  0x00007ffff7530c58 in heap_find_bestspace (thread_p=thread_p@entry=0x555555644d60, class_oid=class_oid@entry=0x7fffffff0cdc, hfid=hfid@entry=0x7fffffff0cc8, header_watcher=header_watcher@entry=0x0) at /home/vimkim/gh/cb/develop/src/storage/heap_file.c:4561
#2  0x00007ffff7544b4c in heap_find_bestspace (header_watcher=0x0, hfid=0x7fffffff0cc8, class_oid=0x7fffffff0cdc, thread_p=0x555555644d60) at /home/vimkim/gh/cb/develop/src/storage/heap_file.c:4514
#3  heap_find_bestpage (page_watcher=0x7fffffff4d40, is_newrec=true, size=<optimized out>, hfid=0x7fffffff0cc8, class_oid=0x7fffffff0cdc, thread_p=0x555555644d60) at /home/vimkim/gh/cb/develop/src/storage/heap_file.c:4585
#4  heap_get_insert_location_with_lock (home_hint_p=0x0, context=0x7fffffff0cc0, thread_p=0x555555644d60) at /home/vimkim/gh/cb/develop/src/storage/heap_file.c:20477
#5  heap_insert_logical (thread_p=thread_p@entry=0x555555644d60, context=context@entry=0x7fffffff0cc0, home_hint_p=home_hint_p@entry=0x0) at /home/vimkim/gh/cb/develop/src/storage/heap_file.c:23180
#6  0x00007ffff7545103 in heap_assign_address (thread_p=thread_p@entry=0x555555644d60, hfid=hfid@entry=0x7ffff7989118 <sm_Root_class+24>, class_oid=class_oid@entry=0x55555632e4a0, oid=oid@entry=0x7fffffff4ef8, expected_length=<optimized out>, expected_length@entry=628) at /home/vimkim/gh/cb/develop/src/storage/heap_file.c:5505
#7  0x00007ffff7437ce2 in xlocator_assign_oid (thread_p=0x555555644d60, hfid=hfid@entry=0x7ffff7989118 <sm_Root_class+24>, perm_oid=perm_oid@entry=0x7fffffff4ef8, expected_length=expected_length@entry=628, class_oid=class_oid@entry=0x55555632e4a0, classname=classname@entry=0x555556af8198 "dba.bt1") at /home/vimkim/gh/cb/develop/src/transaction/locator_sr.c:2048
#8  0x00007ffff704dd8a in locator_assign_oid (hfid=hfid@entry=0x7ffff7989118 <sm_Root_class+24>, perm_oid=perm_oid@entry=0x7fffffff4ef8, expected_length=expected_length@entry=628, class_oid=0x55555632e4a0, class_name=class_name@entry=0x555556af8198 "dba.bt1") at /home/vimkim/gh/cb/develop/src/communication/network_interface_cl.c:1357
#9  0x00007ffff7432482 in locator_assign_permanent_oid (mop=mop@entry=0x555556ad5bd0) at /home/vimkim/gh/cb/develop/src/transaction/locator_cl.c:5967
#10 0x00007ffff7124970 in allocate_disk_structures (classop=0x555556ad5bd0, class_=0x555556b20718, subclasses=0x0, template_=template_@entry=0x55555561cf98) at /home/vimkim/gh/cb/develop/src/object/schema_manager.c:11591
#11 0x00007ffff7122f94 in update_class (template_=0x55555561cf98, classmop=classmop@entry=0x7fffffff5058, auto_res=auto_res@entry=0, auth=auth@entry=DB_AUTH_ALTER, needs_hierarchy_lock=needs_hierarchy_lock@entry=true) at /home/vimkim/gh/cb/develop/src/object/schema_manager.c:13445
#12 0x00007ffff7123282 in sm_finish_class (template_=<optimized out>, classmop=classmop@entry=0x7fffffff5058) at /home/vimkim/gh/cb/develop/src/object/schema_manager.c:13524
#13 0x00007ffff6fcc677 in dbt_finish_class (def=<optimized out>) at /home/vimkim/gh/cb/develop/src/compat/db_temp.c:234

==== BP bestspace::find ====
#0  cubstorage::bestspace::find (this=this@entry=0x555556ad5e40, thread_ref=..., class_oid=class_oid@entry=0x7fffffff0cdc, hfid=hfid@entry=0x7fffffff0cc8, size=size@entry=628, is_newrec=is_newrec@entry=true, page_watcher=...) at /home/vimkim/gh/cb/develop/src/storage/bestspace.cpp:1336
#1  0x00007ffff7544453 in heap_find_bestpage (page_watcher=0x7fffffff4d40, is_newrec=true, size=<optimized out>, hfid=0x7fffffff0cc8, class_oid=0x7fffffff0cdc, thread_p=0x555555644d60) at /home/vimkim/gh/cb/develop/src/storage/heap_file.c:4604
#2  heap_get_insert_location_with_lock (home_hint_p=0x0, context=0x7fffffff0cc0, thread_p=0x555555644d60) at /home/vimkim/gh/cb/develop/src/storage/heap_file.c:20477
#3  heap_insert_logical (thread_p=thread_p@entry=0x555555644d60, context=context@entry=0x7fffffff0cc0, home_hint_p=home_hint_p@entry=0x0) at /home/vimkim/gh/cb/develop/src/storage/heap_file.c:23180
#4  0x00007ffff7545103 in heap_assign_address (thread_p=thread_p@entry=0x555555644d60, hfid=hfid@entry=0x7ffff7989118 <sm_Root_class+24>, class_oid=class_oid@entry=0x55555632e4a0, oid=oid@entry=0x7fffffff4ef8, expected_length=<optimized out>, expected_length@entry=628) at /home/vimkim/gh/cb/develop/src/storage/heap_file.c:5505
#5  0x00007ffff7437ce2 in xlocator_assign_oid (thread_p=0x555555644d60, hfid=hfid@entry=0x7ffff7989118 <sm_Root_class+24>, perm_oid=perm_oid@entry=0x7fffffff4ef8, expected_length=expected_length@entry=628, class_oid=class_oid@entry=0x55555632e4a0, classname=classname@entry=0x555556af8198 "dba.bt1") at /home/vimkim/gh/cb/develop/src/transaction/locator_sr.c:2048
#6  0x00007ffff704dd8a in locator_assign_oid (hfid=hfid@entry=0x7ffff7989118 <sm_Root_class+24>, perm_oid=perm_oid@entry=0x7fffffff4ef8, expected_length=expected_length@entry=628, class_oid=0x55555632e4a0, class_name=class_name@entry=0x555556af8198 "dba.bt1") at /home/vimkim/gh/cb/develop/src/communication/network_interface_cl.c:1357
#7  0x00007ffff7432482 in locator_assign_permanent_oid (mop=mop@entry=0x555556ad5bd0) at /home/vimkim/gh/cb/develop/src/transaction/locator_cl.c:5967
#8  0x00007ffff7124970 in allocate_disk_structures (classop=0x555556ad5bd0, class_=0x555556b20718, subclasses=0x0, template_=template_@entry=0x55555561cf98) at /home/vimkim/gh/cb/develop/src/object/schema_manager.c:11591
#9  0x00007ffff7122f94 in update_class (template_=0x55555561cf98, classmop=classmop@entry=0x7fffffff5058, auto_res=auto_res@entry=0, auth=auth@entry=DB_AUTH_ALTER, needs_hierarchy_lock=needs_hierarchy_lock@entry=true) at /home/vimkim/gh/cb/develop/src/object/schema_manager.c:13445
#10 0x00007ffff7123282 in sm_finish_class (template_=<optimized out>, classmop=classmop@entry=0x7fffffff5058) at /home/vimkim/gh/cb/develop/src/object/schema_manager.c:13524
#11 0x00007ffff6fcc677 in dbt_finish_class (def=<optimized out>) at /home/vimkim/gh/cb/develop/src/compat/db_temp.c:234
#12 0x00007ffff71e54ea in do_create_entity (parser=0x555556ad4e80, node=0x555556b01360) at /home/vimkim/gh/cb/develop/src/query/execute_schema.c:10044
#13 0x00007ffff720714d in do_execute_statement (parser=parser@entry=0x555556ad4e80, statement=statement@entry=0x555556b01360) at /home/vimkim/gh/cb/develop/src/query/execute_statement.c:4173

==== BP heap_insert_logical ====
#0  heap_insert_logical (thread_p=thread_p@entry=0x555555644d60, context=context@entry=0x7ffffffe4220, home_hint_p=home_hint_p@entry=0x0) at /home/vimkim/gh/cb/develop/src/storage/heap_file.c:23091
#1  0x00007ffff7545103 in heap_assign_address (thread_p=thread_p@entry=0x555555644d60, hfid=hfid@entry=0x55555562f258, class_oid=class_oid@entry=0x7ffff78ee128 <ct_Class+8>, oid=oid@entry=0x7ffffffec680, expected_length=<optimized out>, expected_length@entry=0) at /home/vimkim/gh/cb/develop/src/storage/heap_file.c:5505
#2  0x00007ffff74e22a6 in catcls_insert_instance (thread_p=thread_p@entry=0x555555644d60, value_p=value_p@entry=0x555556b2c590, oid_p=oid_p@entry=0x7ffffffec680, root_oid_p=root_oid_p@entry=0x7ffffffec688, class_oid_p=class_oid_p@entry=0x7ffff78ee128 <ct_Class+8>, hfid_p=hfid_p@entry=0x55555562f258, scan_p=0x7ffffffec690) at /home/vimkim/gh/cb/develop/src/storage/catalog_class.c:3852
#3  0x00007ffff74e8aa6 in catcls_insert_catalog_classes (thread_p=thread_p@entry=0x555555644d60, record_p=record_p@entry=0x7fffffff4c30) at /home/vimkim/gh/cb/develop/src/storage/catalog_class.c:4342
#4  0x00007ffff7445173 in locator_update_force (thread_p=thread_p@entry=0x555555644d60, hfid=hfid@entry=0x555556aca334, class_oid=class_oid@entry=0x555556aca340, oid=oid@entry=0x555556aca348, oldrecdes=oldrecdes@entry=0x0, recdes=recdes@entry=0x7fffffff4c30, has_index=0, att_id=0x0, n_att_id=0, op_type=3, scan_cache=0x7fffffff4c70, force_count=0x7fffffff4c18, not_check_fk=false, repl_info_type=REPL_INFO_TYPE_RBR_NORMAL, pruning_type=0, pcontext=0x0, mvcc_reev_data=0x0, force_in_place=UPDATE_INPLACE_NONE, need_locking=true) at /home/vimkim/gh/cb/develop/src/transaction/locator_sr.c:5661
#5  0x00007ffff744604d in xlocator_force (thread_p=0x555555644d60, force_area=force_area@entry=0x555556ac6350, num_ignore_error=num_ignore_error@entry=0, ignore_error_list=ignore_error_list@entry=0x7ffff7997f00 <ws_Error_ignore_list>) at /home/vimkim/gh/cb/develop/src/transaction/locator_sr.c:7228
#6  0x00007ffff704d815 in locator_force (copy_area=0x555556ac6350, num_ignore_error_list=0, ignore_error_list=0x7ffff7997f00 <ws_Error_ignore_list>, content_size=<optimized out>) at /home/vimkim/gh/cb/develop/src/communication/network_interface_cl.c:790
#7  0x00007ffff742ff02 in locator_mflush_force (mflush=mflush@entry=0x7fffffff4ea0) at /home/vimkim/gh/cb/develop/src/transaction/locator_cl.c:4038
#8  0x00007ffff7430c6a in locator_flush_class (class_mop=0x555556ad5bd0) at /home/vimkim/gh/cb/develop/src/transaction/locator_cl.c:4921
#9  locator_flush_class (class_mop=class_mop@entry=0x555556ad5bd0) at /home/vimkim/gh/cb/develop/src/transaction/locator_cl.c:4890
#10 0x00007ffff7124956 in allocate_disk_structures (classop=0x555556ad5bd0, class_=0x555556b20718, subclasses=0x0, template_=template_@entry=0x55555561cf98) at /home/vimkim/gh/cb/develop/src/object/schema_manager.c:11674
#11 0x00007ffff7122f94 in update_class (template_=0x55555561cf98, classmop=classmop@entry=0x7fffffff5058, auto_res=auto_res@entry=0, auth=auth@entry=DB_AUTH_ALTER, needs_hierarchy_lock=needs_hierarchy_lock@entry=true) at /home/vimkim/gh/cb/develop/src/object/schema_manager.c:13445
#12 0x00007ffff7123282 in sm_finish_class (template_=<optimized out>, classmop=classmop@entry=0x7fffffff5058) at /home/vimkim/gh/cb/develop/src/object/schema_manager.c:13524
#13 0x00007ffff6fcc677 in dbt_finish_class (def=<optimized out>) at /home/vimkim/gh/cb/develop/src/compat/db_temp.c:234

==== BP heap_build_bestspace ====
#0  heap_build_bestspace (thread_p=thread_p@entry=0x555555644d60, class_oid=class_oid@entry=0x7ffffffe423c, hfid=hfid@entry=0x7ffffffe4228, header_watcher=<optimized out>, header_watcher=<optimized out>) at /home/vimkim/gh/cb/develop/src/storage/heap_file.c:4403
#1  0x00007ffff7530c58 in heap_find_bestspace (thread_p=thread_p@entry=0x555555644d60, class_oid=class_oid@entry=0x7ffffffe423c, hfid=hfid@entry=0x7ffffffe4228, header_watcher=header_watcher@entry=0x0) at /home/vimkim/gh/cb/develop/src/storage/heap_file.c:4561
#2  0x00007ffff7544b4c in heap_find_bestspace (header_watcher=0x0, hfid=0x7ffffffe4228, class_oid=0x7ffffffe423c, thread_p=0x555555644d60) at /home/vimkim/gh/cb/develop/src/storage/heap_file.c:4514
#3  heap_find_bestpage (page_watcher=0x7ffffffe82a0, is_newrec=true, size=<optimized out>, hfid=0x7ffffffe4228, class_oid=0x7ffffffe423c, thread_p=0x555555644d60) at /home/vimkim/gh/cb/develop/src/storage/heap_file.c:4585
#4  heap_get_insert_location_with_lock (home_hint_p=0x0, context=0x7ffffffe4220, thread_p=0x555555644d60) at /home/vimkim/gh/cb/develop/src/storage/heap_file.c:20477
#5  heap_insert_logical (thread_p=thread_p@entry=0x555555644d60, context=context@entry=0x7ffffffe4220, home_hint_p=home_hint_p@entry=0x0) at /home/vimkim/gh/cb/develop/src/storage/heap_file.c:23180
#6  0x00007ffff7545103 in heap_assign_address (thread_p=thread_p@entry=0x555555644d60, hfid=hfid@entry=0x55555562f258, class_oid=class_oid@entry=0x7ffff78ee128 <ct_Class+8>, oid=oid@entry=0x7ffffffec680, expected_length=<optimized out>, expected_length@entry=0) at /home/vimkim/gh/cb/develop/src/storage/heap_file.c:5505
#7  0x00007ffff74e22a6 in catcls_insert_instance (thread_p=thread_p@entry=0x555555644d60, value_p=value_p@entry=0x555556b2c590, oid_p=oid_p@entry=0x7ffffffec680, root_oid_p=root_oid_p@entry=0x7ffffffec688, class_oid_p=class_oid_p@entry=0x7ffff78ee128 <ct_Class+8>, hfid_p=hfid_p@entry=0x55555562f258, scan_p=0x7ffffffec690) at /home/vimkim/gh/cb/develop/src/storage/catalog_class.c:3852
#8  0x00007ffff74e8aa6 in catcls_insert_catalog_classes (thread_p=thread_p@entry=0x555555644d60, record_p=record_p@entry=0x7fffffff4c30) at /home/vimkim/gh/cb/develop/src/storage/catalog_class.c:4342
#9  0x00007ffff7445173 in locator_update_force (thread_p=thread_p@entry=0x555555644d60, hfid=hfid@entry=0x555556aca334, class_oid=class_oid@entry=0x555556aca340, oid=oid@entry=0x555556aca348, oldrecdes=oldrecdes@entry=0x0, recdes=recdes@entry=0x7fffffff4c30, has_index=0, att_id=0x0, n_att_id=0, op_type=3, scan_cache=0x7fffffff4c70, force_count=0x7fffffff4c18, not_check_fk=false, repl_info_type=REPL_INFO_TYPE_RBR_NORMAL, pruning_type=0, pcontext=0x0, mvcc_reev_data=0x0, force_in_place=UPDATE_INPLACE_NONE, need_locking=true) at /home/vimkim/gh/cb/develop/src/transaction/locator_sr.c:5661
#10 0x00007ffff744604d in xlocator_force (thread_p=0x555555644d60, force_area=force_area@entry=0x555556ac6350, num_ignore_error=num_ignore_error@entry=0, ignore_error_list=ignore_error_list@entry=0x7ffff7997f00 <ws_Error_ignore_list>) at /home/vimkim/gh/cb/develop/src/transaction/locator_sr.c:7228
#11 0x00007ffff704d815 in locator_force (copy_area=0x555556ac6350, num_ignore_error_list=0, ignore_error_list=0x7ffff7997f00 <ws_Error_ignore_list>, content_size=<optimized out>) at /home/vimkim/gh/cb/develop/src/communication/network_interface_cl.c:790
#12 0x00007ffff742ff02 in locator_mflush_force (mflush=mflush@entry=0x7fffffff4ea0) at /home/vimkim/gh/cb/develop/src/transaction/locator_cl.c:4038
#13 0x00007ffff7430c6a in locator_flush_class (class_mop=0x555556ad5bd0) at /home/vimkim/gh/cb/develop/src/transaction/locator_cl.c:4921

==== BP bestspace::find ====
#0  cubstorage::bestspace::find (this=this@entry=0x555556b2f230, thread_ref=..., class_oid=class_oid@entry=0x7ffffffe423c, hfid=hfid@entry=0x7ffffffe4228, size=size@entry=8, is_newrec=is_newrec@entry=true, page_watcher=...) at /home/vimkim/gh/cb/develop/src/storage/bestspace.cpp:1336
#1  0x00007ffff7544453 in heap_find_bestpage (page_watcher=0x7ffffffe82a0, is_newrec=true, size=<optimized out>, hfid=0x7ffffffe4228, class_oid=0x7ffffffe423c, thread_p=0x555555644d60) at /home/vimkim/gh/cb/develop/src/storage/heap_file.c:4604
#2  heap_get_insert_location_with_lock (home_hint_p=0x0, context=0x7ffffffe4220, thread_p=0x555555644d60) at /home/vimkim/gh/cb/develop/src/storage/heap_file.c:20477
#3  heap_insert_logical (thread_p=thread_p@entry=0x555555644d60, context=context@entry=0x7ffffffe4220, home_hint_p=home_hint_p@entry=0x0) at /home/vimkim/gh/cb/develop/src/storage/heap_file.c:23180
#4  0x00007ffff7545103 in heap_assign_address (thread_p=thread_p@entry=0x555555644d60, hfid=hfid@entry=0x55555562f258, class_oid=class_oid@entry=0x7ffff78ee128 <ct_Class+8>, oid=oid@entry=0x7ffffffec680, expected_length=<optimized out>, expected_length@entry=0) at /home/vimkim/gh/cb/develop/src/storage/heap_file.c:5505
#5  0x00007ffff74e22a6 in catcls_insert_instance (thread_p=thread_p@entry=0x555555644d60, value_p=value_p@entry=0x555556b2c590, oid_p=oid_p@entry=0x7ffffffec680, root_oid_p=root_oid_p@entry=0x7ffffffec688, class_oid_p=class_oid_p@entry=0x7ffff78ee128 <ct_Class+8>, hfid_p=hfid_p@entry=0x55555562f258, scan_p=0x7ffffffec690) at /home/vimkim/gh/cb/develop/src/storage/catalog_class.c:3852
#6  0x00007ffff74e8aa6 in catcls_insert_catalog_classes (thread_p=thread_p@entry=0x555555644d60, record_p=record_p@entry=0x7fffffff4c30) at /home/vimkim/gh/cb/develop/src/storage/catalog_class.c:4342
#7  0x00007ffff7445173 in locator_update_force (thread_p=thread_p@entry=0x555555644d60, hfid=hfid@entry=0x555556aca334, class_oid=class_oid@entry=0x555556aca340, oid=oid@entry=0x555556aca348, oldrecdes=oldrecdes@entry=0x0, recdes=recdes@entry=0x7fffffff4c30, has_index=0, att_id=0x0, n_att_id=0, op_type=3, scan_cache=0x7fffffff4c70, force_count=0x7fffffff4c18, not_check_fk=false, repl_info_type=REPL_INFO_TYPE_RBR_NORMAL, pruning_type=0, pcontext=0x0, mvcc_reev_data=0x0, force_in_place=UPDATE_INPLACE_NONE, need_locking=true) at /home/vimkim/gh/cb/develop/src/transaction/locator_sr.c:5661
#8  0x00007ffff744604d in xlocator_force (thread_p=0x555555644d60, force_area=force_area@entry=0x555556ac6350, num_ignore_error=num_ignore_error@entry=0, ignore_error_list=ignore_error_list@entry=0x7ffff7997f00 <ws_Error_ignore_list>) at /home/vimkim/gh/cb/develop/src/transaction/locator_sr.c:7228
#9  0x00007ffff704d815 in locator_force (copy_area=0x555556ac6350, num_ignore_error_list=0, ignore_error_list=0x7ffff7997f00 <ws_Error_ignore_list>, content_size=<optimized out>) at /home/vimkim/gh/cb/develop/src/communication/network_interface_cl.c:790
#10 0x00007ffff742ff02 in locator_mflush_force (mflush=mflush@entry=0x7fffffff4ea0) at /home/vimkim/gh/cb/develop/src/transaction/locator_cl.c:4038
#11 0x00007ffff7430c6a in locator_flush_class (class_mop=0x555556ad5bd0) at /home/vimkim/gh/cb/develop/src/transaction/locator_cl.c:4921
#12 locator_flush_class (class_mop=class_mop@entry=0x555556ad5bd0) at /home/vimkim/gh/cb/develop/src/transaction/locator_cl.c:4890
#13 0x00007ffff7124956 in allocate_disk_structures (classop=0x555556ad5bd0, class_=0x555556b20718, subclasses=0x0, template_=template_@entry=0x55555561cf98) at /home/vimkim/gh/cb/develop/src/object/schema_manager.c:11674

==== BP heap_insert_logical ====
#0  heap_insert_logical (thread_p=thread_p@entry=0x555555644d60, context=context@entry=0x7ffffffdff80, home_hint_p=home_hint_p@entry=0x0) at /home/vimkim/gh/cb/develop/src/storage/heap_file.c:23091
#1  0x00007ffff7545103 in heap_assign_address (thread_p=thread_p@entry=0x555555644d60, hfid=hfid@entry=0x55555562f348, class_oid=class_oid@entry=0x555556b2d050, oid=oid@entry=0x7ffffffe8448, expected_length=<optimized out>, expected_length@entry=0) at /home/vimkim/gh/cb/develop/src/storage/heap_file.c:5505
#2  0x00007ffff74e22a6 in catcls_insert_instance (thread_p=thread_p@entry=0x555555644d60, value_p=value_p@entry=0x555556b2d050, oid_p=oid_p@entry=0x7ffffffe8448, root_oid_p=root_oid_p@entry=0x7ffffffec688, class_oid_p=class_oid_p@entry=0x555556b2d050, hfid_p=hfid_p@entry=0x55555562f348, scan_p=0x7ffffffe84b0) at /home/vimkim/gh/cb/develop/src/storage/catalog_class.c:3852
#3  0x00007ffff74e25a6 in catcls_insert_subset (root_oid_p=0x7ffffffec688, value_p=0x555556b2ccd0, thread_p=0x555555644d60) at /home/vimkim/gh/cb/develop/src/storage/catalog_class.c:3702
#4  catcls_insert_instance (thread_p=thread_p@entry=0x555555644d60, value_p=value_p@entry=0x555556b2c590, oid_p=oid_p@entry=0x7ffffffec680, root_oid_p=root_oid_p@entry=0x7ffffffec688, class_oid_p=class_oid_p@entry=0x7ffff78ee128 <ct_Class+8>, hfid_p=hfid_p@entry=0x55555562f258, scan_p=0x7ffffffec690) at /home/vimkim/gh/cb/develop/src/storage/catalog_class.c:3900
#5  0x00007ffff74e8aa6 in catcls_insert_catalog_classes (thread_p=thread_p@entry=0x555555644d60, record_p=record_p@entry=0x7fffffff4c30) at /home/vimkim/gh/cb/develop/src/storage/catalog_class.c:4342
#6  0x00007ffff7445173 in locator_update_force (thread_p=thread_p@entry=0x555555644d60, hfid=hfid@entry=0x555556aca334, class_oid=class_oid@entry=0x555556aca340, oid=oid@entry=0x555556aca348, oldrecdes=oldrecdes@entry=0x0, recdes=recdes@entry=0x7fffffff4c30, has_index=0, att_id=0x0, n_att_id=0, op_type=3, scan_cache=0x7fffffff4c70, force_count=0x7fffffff4c18, not_check_fk=false, repl_info_type=REPL_INFO_TYPE_RBR_NORMAL, pruning_type=0, pcontext=0x0, mvcc_reev_data=0x0, force_in_place=UPDATE_INPLACE_NONE, need_locking=true) at /home/vimkim/gh/cb/develop/src/transaction/locator_sr.c:5661
#7  0x00007ffff744604d in xlocator_force (thread_p=0x555555644d60, force_area=force_area@entry=0x555556ac6350, num_ignore_error=num_ignore_error@entry=0, ignore_error_list=ignore_error_list@entry=0x7ffff7997f00 <ws_Error_ignore_list>) at /home/vimkim/gh/cb/develop/src/transaction/locator_sr.c:7228
#8  0x00007ffff704d815 in locator_force (copy_area=0x555556ac6350, num_ignore_error_list=0, ignore_error_list=0x7ffff7997f00 <ws_Error_ignore_list>, content_size=<optimized out>) at /home/vimkim/gh/cb/develop/src/communication/network_interface_cl.c:790
#9  0x00007ffff742ff02 in locator_mflush_force (mflush=mflush@entry=0x7fffffff4ea0) at /home/vimkim/gh/cb/develop/src/transaction/locator_cl.c:4038
#10 0x00007ffff7430c6a in locator_flush_class (class_mop=0x555556ad5bd0) at /home/vimkim/gh/cb/develop/src/transaction/locator_cl.c:4921
#11 locator_flush_class (class_mop=class_mop@entry=0x555556ad5bd0) at /home/vimkim/gh/cb/develop/src/transaction/locator_cl.c:4890
#12 0x00007ffff7124956 in allocate_disk_structures (classop=0x555556ad5bd0, class_=0x555556b20718, subclasses=0x0, template_=template_@entry=0x55555561cf98) at /home/vimkim/gh/cb/develop/src/object/schema_manager.c:11674
#13 0x00007ffff7122f94 in update_class (template_=0x55555561cf98, classmop=classmop@entry=0x7fffffff5058, auto_res=auto_res@entry=0, auth=auth@entry=DB_AUTH_ALTER, needs_hierarchy_lock=needs_hierarchy_lock@entry=true) at /home/vimkim/gh/cb/develop/src/object/schema_manager.c:13445

==== BP heap_build_bestspace ====
#0  heap_build_bestspace (thread_p=thread_p@entry=0x555555644d60, class_oid=class_oid@entry=0x7ffffffdff9c, hfid=hfid@entry=0x7ffffffdff88, header_watcher=<optimized out>, header_watcher=<optimized out>) at /home/vimkim/gh/cb/develop/src/storage/heap_file.c:4403
#1  0x00007ffff7530c58 in heap_find_bestspace (thread_p=thread_p@entry=0x555555644d60, class_oid=class_oid@entry=0x7ffffffdff9c, hfid=hfid@entry=0x7ffffffdff88, header_watcher=header_watcher@entry=0x0) at /home/vimkim/gh/cb/develop/src/storage/heap_file.c:4561
#2  0x00007ffff7544b4c in heap_find_bestspace (header_watcher=0x0, hfid=0x7ffffffdff88, class_oid=0x7ffffffdff9c, thread_p=0x555555644d60) at /home/vimkim/gh/cb/develop/src/storage/heap_file.c:4514
#3  heap_find_bestpage (page_watcher=0x7ffffffe4000, is_newrec=true, size=<optimized out>, hfid=0x7ffffffdff88, class_oid=0x7ffffffdff9c, thread_p=0x555555644d60) at /home/vimkim/gh/cb/develop/src/storage/heap_file.c:4585
#4  heap_get_insert_location_with_lock (home_hint_p=0x0, context=0x7ffffffdff80, thread_p=0x555555644d60) at /home/vimkim/gh/cb/develop/src/storage/heap_file.c:20477
#5  heap_insert_logical (thread_p=thread_p@entry=0x555555644d60, context=context@entry=0x7ffffffdff80, home_hint_p=home_hint_p@entry=0x0) at /home/vimkim/gh/cb/develop/src/storage/heap_file.c:23180
#6  0x00007ffff7545103 in heap_assign_address (thread_p=thread_p@entry=0x555555644d60, hfid=hfid@entry=0x55555562f348, class_oid=class_oid@entry=0x555556b2d050, oid=oid@entry=0x7ffffffe8448, expected_length=<optimized out>, expected_length@entry=0) at /home/vimkim/gh/cb/develop/src/storage/heap_file.c:5505
#7  0x00007ffff74e22a6 in catcls_insert_instance (thread_p=thread_p@entry=0x555555644d60, value_p=value_p@entry=0x555556b2d050, oid_p=oid_p@entry=0x7ffffffe8448, root_oid_p=root_oid_p@entry=0x7ffffffec688, class_oid_p=class_oid_p@entry=0x555556b2d050, hfid_p=hfid_p@entry=0x55555562f348, scan_p=0x7ffffffe84b0) at /home/vimkim/gh/cb/develop/src/storage/catalog_class.c:3852
#8  0x00007ffff74e25a6 in catcls_insert_subset (root_oid_p=0x7ffffffec688, value_p=0x555556b2ccd0, thread_p=0x555555644d60) at /home/vimkim/gh/cb/develop/src/storage/catalog_class.c:3702
#9  catcls_insert_instance (thread_p=thread_p@entry=0x555555644d60, value_p=value_p@entry=0x555556b2c590, oid_p=oid_p@entry=0x7ffffffec680, root_oid_p=root_oid_p@entry=0x7ffffffec688, class_oid_p=class_oid_p@entry=0x7ffff78ee128 <ct_Class+8>, hfid_p=hfid_p@entry=0x55555562f258, scan_p=0x7ffffffec690) at /home/vimkim/gh/cb/develop/src/storage/catalog_class.c:3900
#10 0x00007ffff74e8aa6 in catcls_insert_catalog_classes (thread_p=thread_p@entry=0x555555644d60, record_p=record_p@entry=0x7fffffff4c30) at /home/vimkim/gh/cb/develop/src/storage/catalog_class.c:4342
#11 0x00007ffff7445173 in locator_update_force (thread_p=thread_p@entry=0x555555644d60, hfid=hfid@entry=0x555556aca334, class_oid=class_oid@entry=0x555556aca340, oid=oid@entry=0x555556aca348, oldrecdes=oldrecdes@entry=0x0, recdes=recdes@entry=0x7fffffff4c30, has_index=0, att_id=0x0, n_att_id=0, op_type=3, scan_cache=0x7fffffff4c70, force_count=0x7fffffff4c18, not_check_fk=false, repl_info_type=REPL_INFO_TYPE_RBR_NORMAL, pruning_type=0, pcontext=0x0, mvcc_reev_data=0x0, force_in_place=UPDATE_INPLACE_NONE, need_locking=true) at /home/vimkim/gh/cb/develop/src/transaction/locator_sr.c:5661
#12 0x00007ffff744604d in xlocator_force (thread_p=0x555555644d60, force_area=force_area@entry=0x555556ac6350, num_ignore_error=num_ignore_error@entry=0, ignore_error_list=ignore_error_list@entry=0x7ffff7997f00 <ws_Error_ignore_list>) at /home/vimkim/gh/cb/develop/src/transaction/locator_sr.c:7228
#13 0x00007ffff704d815 in locator_force (copy_area=0x555556ac6350, num_ignore_error_list=0, ignore_error_list=0x7ffff7997f00 <ws_Error_ignore_list>, content_size=<optimized out>) at /home/vimkim/gh/cb/develop/src/communication/network_interface_cl.c:790

==== BP bestspace::find ====
#0  cubstorage::bestspace::find (this=this@entry=0x555556b3b3a0, thread_ref=..., class_oid=class_oid@entry=0x7ffffffdff9c, hfid=hfid@entry=0x7ffffffdff88, size=size@entry=8, is_newrec=is_newrec@entry=true, page_watcher=...) at /home/vimkim/gh/cb/develop/src/storage/bestspace.cpp:1336
#1  0x00007ffff7544453 in heap_find_bestpage (page_watcher=0x7ffffffe4000, is_newrec=true, size=<optimized out>, hfid=0x7ffffffdff88, class_oid=0x7ffffffdff9c, thread_p=0x555555644d60) at /home/vimkim/gh/cb/develop/src/storage/heap_file.c:4604
#2  heap_get_insert_location_with_lock (home_hint_p=0x0, context=0x7ffffffdff80, thread_p=0x555555644d60) at /home/vimkim/gh/cb/develop/src/storage/heap_file.c:20477
#3  heap_insert_logical (thread_p=thread_p@entry=0x555555644d60, context=context@entry=0x7ffffffdff80, home_hint_p=home_hint_p@entry=0x0) at /home/vimkim/gh/cb/develop/src/storage/heap_file.c:23180
#4  0x00007ffff7545103 in heap_assign_address (thread_p=thread_p@entry=0x555555644d60, hfid=hfid@entry=0x55555562f348, class_oid=class_oid@entry=0x555556b2d050, oid=oid@entry=0x7ffffffe8448, expected_length=<optimized out>, expected_length@entry=0) at /home/vimkim/gh/cb/develop/src/storage/heap_file.c:5505
#5  0x00007ffff74e22a6 in catcls_insert_instance (thread_p=thread_p@entry=0x555555644d60, value_p=value_p@entry=0x555556b2d050, oid_p=oid_p@entry=0x7ffffffe8448, root_oid_p=root_oid_p@entry=0x7ffffffec688, class_oid_p=class_oid_p@entry=0x555556b2d050, hfid_p=hfid_p@entry=0x55555562f348, scan_p=0x7ffffffe84b0) at /home/vimkim/gh/cb/develop/src/storage/catalog_class.c:3852
#6  0x00007ffff74e25a6 in catcls_insert_subset (root_oid_p=0x7ffffffec688, value_p=0x555556b2ccd0, thread_p=0x555555644d60) at /home/vimkim/gh/cb/develop/src/storage/catalog_class.c:3702
#7  catcls_insert_instance (thread_p=thread_p@entry=0x555555644d60, value_p=value_p@entry=0x555556b2c590, oid_p=oid_p@entry=0x7ffffffec680, root_oid_p=root_oid_p@entry=0x7ffffffec688, class_oid_p=class_oid_p@entry=0x7ffff78ee128 <ct_Class+8>, hfid_p=hfid_p@entry=0x55555562f258, scan_p=0x7ffffffec690) at /home/vimkim/gh/cb/develop/src/storage/catalog_class.c:3900
#8  0x00007ffff74e8aa6 in catcls_insert_catalog_classes (thread_p=thread_p@entry=0x555555644d60, record_p=record_p@entry=0x7fffffff4c30) at /home/vimkim/gh/cb/develop/src/storage/catalog_class.c:4342
#9  0x00007ffff7445173 in locator_update_force (thread_p=thread_p@entry=0x555555644d60, hfid=hfid@entry=0x555556aca334, class_oid=class_oid@entry=0x555556aca340, oid=oid@entry=0x555556aca348, oldrecdes=oldrecdes@entry=0x0, recdes=recdes@entry=0x7fffffff4c30, has_index=0, att_id=0x0, n_att_id=0, op_type=3, scan_cache=0x7fffffff4c70, force_count=0x7fffffff4c18, not_check_fk=false, repl_info_type=REPL_INFO_TYPE_RBR_NORMAL, pruning_type=0, pcontext=0x0, mvcc_reev_data=0x0, force_in_place=UPDATE_INPLACE_NONE, need_locking=true) at /home/vimkim/gh/cb/develop/src/transaction/locator_sr.c:5661
#10 0x00007ffff744604d in xlocator_force (thread_p=0x555555644d60, force_area=force_area@entry=0x555556ac6350, num_ignore_error=num_ignore_error@entry=0, ignore_error_list=ignore_error_list@entry=0x7ffff7997f00 <ws_Error_ignore_list>) at /home/vimkim/gh/cb/develop/src/transaction/locator_sr.c:7228
#11 0x00007ffff704d815 in locator_force (copy_area=0x555556ac6350, num_ignore_error_list=0, ignore_error_list=0x7ffff7997f00 <ws_Error_ignore_list>, content_size=<optimized out>) at /home/vimkim/gh/cb/develop/src/communication/network_interface_cl.c:790
#12 0x00007ffff742ff02 in locator_mflush_force (mflush=mflush@entry=0x7fffffff4ea0) at /home/vimkim/gh/cb/develop/src/transaction/locator_cl.c:4038
#13 0x00007ffff7430c6a in locator_flush_class (class_mop=0x555556ad5bd0) at /home/vimkim/gh/cb/develop/src/transaction/locator_cl.c:4921

==== BP heap_insert_logical ====
#0  heap_insert_logical (thread_p=thread_p@entry=0x555555644d60, context=context@entry=0x7ffffffdbce0, home_hint_p=home_hint_p@entry=0x0) at /home/vimkim/gh/cb/develop/src/storage/heap_file.c:23091
#1  0x00007ffff7545103 in heap_assign_address (thread_p=thread_p@entry=0x555555644d60, hfid=hfid@entry=0x55555562f3f8, class_oid=class_oid@entry=0x555556b2d540, oid=oid@entry=0x7ffffffe41a8, expected_length=<optimized out>, expected_length@entry=0) at /home/vimkim/gh/cb/develop/src/storage/heap_file.c:5505
#2  0x00007ffff74e22a6 in catcls_insert_instance (thread_p=thread_p@entry=0x555555644d60, value_p=value_p@entry=0x555556b2d540, oid_p=oid_p@entry=0x7ffffffe41a8, root_oid_p=root_oid_p@entry=0x7ffffffec688, class_oid_p=class_oid_p@entry=0x555556b2d540, hfid_p=hfid_p@entry=0x55555562f3f8, scan_p=0x7ffffffe4210) at /home/vimkim/gh/cb/develop/src/storage/catalog_class.c:3852
#3  0x00007ffff74e25a6 in catcls_insert_subset (root_oid_p=0x7ffffffec688, value_p=0x555556b2d428, thread_p=0x555555644d60) at /home/vimkim/gh/cb/develop/src/storage/catalog_class.c:3702
#4  catcls_insert_instance (thread_p=thread_p@entry=0x555555644d60, value_p=value_p@entry=0x555556b2d050, oid_p=oid_p@entry=0x7ffffffe8448, root_oid_p=root_oid_p@entry=0x7ffffffec688, class_oid_p=class_oid_p@entry=0x555556b2d050, hfid_p=hfid_p@entry=0x55555562f348, scan_p=0x7ffffffe84b0) at /home/vimkim/gh/cb/develop/src/storage/catalog_class.c:3900
#5  0x00007ffff74e25a6 in catcls_insert_subset (root_oid_p=0x7ffffffec688, value_p=0x555556b2ccd0, thread_p=0x555555644d60) at /home/vimkim/gh/cb/develop/src/storage/catalog_class.c:3702
#6  catcls_insert_instance (thread_p=thread_p@entry=0x555555644d60, value_p=value_p@entry=0x555556b2c590, oid_p=oid_p@entry=0x7ffffffec680, root_oid_p=root_oid_p@entry=0x7ffffffec688, class_oid_p=class_oid_p@entry=0x7ffff78ee128 <ct_Class+8>, hfid_p=hfid_p@entry=0x55555562f258, scan_p=0x7ffffffec690) at /home/vimkim/gh/cb/develop/src/storage/catalog_class.c:3900
#7  0x00007ffff74e8aa6 in catcls_insert_catalog_classes (thread_p=thread_p@entry=0x555555644d60, record_p=record_p@entry=0x7fffffff4c30) at /home/vimkim/gh/cb/develop/src/storage/catalog_class.c:4342
#8  0x00007ffff7445173 in locator_update_force (thread_p=thread_p@entry=0x555555644d60, hfid=hfid@entry=0x555556aca334, class_oid=class_oid@entry=0x555556aca340, oid=oid@entry=0x555556aca348, oldrecdes=oldrecdes@entry=0x0, recdes=recdes@entry=0x7fffffff4c30, has_index=0, att_id=0x0, n_att_id=0, op_type=3, scan_cache=0x7fffffff4c70, force_count=0x7fffffff4c18, not_check_fk=false, repl_info_type=REPL_INFO_TYPE_RBR_NORMAL, pruning_type=0, pcontext=0x0, mvcc_reev_data=0x0, force_in_place=UPDATE_INPLACE_NONE, need_locking=true) at /home/vimkim/gh/cb/develop/src/transaction/locator_sr.c:5661
#9  0x00007ffff744604d in xlocator_force (thread_p=0x555555644d60, force_area=force_area@entry=0x555556ac6350, num_ignore_error=num_ignore_error@entry=0, ignore_error_list=ignore_error_list@entry=0x7ffff7997f00 <ws_Error_ignore_list>) at /home/vimkim/gh/cb/develop/src/transaction/locator_sr.c:7228
#10 0x00007ffff704d815 in locator_force (copy_area=0x555556ac6350, num_ignore_error_list=0, ignore_error_list=0x7ffff7997f00 <ws_Error_ignore_list>, content_size=<optimized out>) at /home/vimkim/gh/cb/develop/src/communication/network_interface_cl.c:790
#11 0x00007ffff742ff02 in locator_mflush_force (mflush=mflush@entry=0x7fffffff4ea0) at /home/vimkim/gh/cb/develop/src/transaction/locator_cl.c:4038
#12 0x00007ffff7430c6a in locator_flush_class (class_mop=0x555556ad5bd0) at /home/vimkim/gh/cb/develop/src/transaction/locator_cl.c:4921
#13 locator_flush_class (class_mop=class_mop@entry=0x555556ad5bd0) at /home/vimkim/gh/cb/develop/src/transaction/locator_cl.c:4890

==== BP heap_build_bestspace ====
#0  heap_build_bestspace (thread_p=thread_p@entry=0x555555644d60, class_oid=class_oid@entry=0x7ffffffdbcfc, hfid=hfid@entry=0x7ffffffdbce8, header_watcher=<optimized out>, header_watcher=<optimized out>) at /home/vimkim/gh/cb/develop/src/storage/heap_file.c:4403
#1  0x00007ffff7530c58 in heap_find_bestspace (thread_p=thread_p@entry=0x555555644d60, class_oid=class_oid@entry=0x7ffffffdbcfc, hfid=hfid@entry=0x7ffffffdbce8, header_watcher=header_watcher@entry=0x0) at /home/vimkim/gh/cb/develop/src/storage/heap_file.c:4561
#2  0x00007ffff7544b4c in heap_find_bestspace (header_watcher=0x0, hfid=0x7ffffffdbce8, class_oid=0x7ffffffdbcfc, thread_p=0x555555644d60) at /home/vimkim/gh/cb/develop/src/storage/heap_file.c:4514
#3  heap_find_bestpage (page_watcher=0x7ffffffdfd60, is_newrec=true, size=<optimized out>, hfid=0x7ffffffdbce8, class_oid=0x7ffffffdbcfc, thread_p=0x555555644d60) at /home/vimkim/gh/cb/develop/src/storage/heap_file.c:4585
#4  heap_get_insert_location_with_lock (home_hint_p=0x0, context=0x7ffffffdbce0, thread_p=0x555555644d60) at /home/vimkim/gh/cb/develop/src/storage/heap_file.c:20477
#5  heap_insert_logical (thread_p=thread_p@entry=0x555555644d60, context=context@entry=0x7ffffffdbce0, home_hint_p=home_hint_p@entry=0x0) at /home/vimkim/gh/cb/develop/src/storage/heap_file.c:23180
#6  0x00007ffff7545103 in heap_assign_address (thread_p=thread_p@entry=0x555555644d60, hfid=hfid@entry=0x55555562f3f8, class_oid=class_oid@entry=0x555556b2d540, oid=oid@entry=0x7ffffffe41a8, expected_length=<optimized out>, expected_length@entry=0) at /home/vimkim/gh/cb/develop/src/storage/heap_file.c:5505
#7  0x00007ffff74e22a6 in catcls_insert_instance (thread_p=thread_p@entry=0x555555644d60, value_p=value_p@entry=0x555556b2d540, oid_p=oid_p@entry=0x7ffffffe41a8, root_oid_p=root_oid_p@entry=0x7ffffffec688, class_oid_p=class_oid_p@entry=0x555556b2d540, hfid_p=hfid_p@entry=0x55555562f3f8, scan_p=0x7ffffffe4210) at /home/vimkim/gh/cb/develop/src/storage/catalog_class.c:3852
#8  0x00007ffff74e25a6 in catcls_insert_subset (root_oid_p=0x7ffffffec688, value_p=0x555556b2d428, thread_p=0x555555644d60) at /home/vimkim/gh/cb/develop/src/storage/catalog_class.c:3702
#9  catcls_insert_instance (thread_p=thread_p@entry=0x555555644d60, value_p=value_p@entry=0x555556b2d050, oid_p=oid_p@entry=0x7ffffffe8448, root_oid_p=root_oid_p@entry=0x7ffffffec688, class_oid_p=class_oid_p@entry=0x555556b2d050, hfid_p=hfid_p@entry=0x55555562f348, scan_p=0x7ffffffe84b0) at /home/vimkim/gh/cb/develop/src/storage/catalog_class.c:3900
#10 0x00007ffff74e25a6 in catcls_insert_subset (root_oid_p=0x7ffffffec688, value_p=0x555556b2ccd0, thread_p=0x555555644d60) at /home/vimkim/gh/cb/develop/src/storage/catalog_class.c:3702
#11 catcls_insert_instance (thread_p=thread_p@entry=0x555555644d60, value_p=value_p@entry=0x555556b2c590, oid_p=oid_p@entry=0x7ffffffec680, root_oid_p=root_oid_p@entry=0x7ffffffec688, class_oid_p=class_oid_p@entry=0x7ffff78ee128 <ct_Class+8>, hfid_p=hfid_p@entry=0x55555562f258, scan_p=0x7ffffffec690) at /home/vimkim/gh/cb/develop/src/storage/catalog_class.c:3900
#12 0x00007ffff74e8aa6 in catcls_insert_catalog_classes (thread_p=thread_p@entry=0x555555644d60, record_p=record_p@entry=0x7fffffff4c30) at /home/vimkim/gh/cb/develop/src/storage/catalog_class.c:4342
#13 0x00007ffff7445173 in locator_update_force (thread_p=thread_p@entry=0x555555644d60, hfid=hfid@entry=0x555556aca334, class_oid=class_oid@entry=0x555556aca340, oid=oid@entry=0x555556aca348, oldrecdes=oldrecdes@entry=0x0, recdes=recdes@entry=0x7fffffff4c30, has_index=0, att_id=0x0, n_att_id=0, op_type=3, scan_cache=0x7fffffff4c70, force_count=0x7fffffff4c18, not_check_fk=false, repl_info_type=REPL_INFO_TYPE_RBR_NORMAL, pruning_type=0, pcontext=0x0, mvcc_reev_data=0x0, force_in_place=UPDATE_INPLACE_NONE, need_locking=true) at /home/vimkim/gh/cb/develop/src/transaction/locator_sr.c:5661

==== BP bestspace::find ====
#0  cubstorage::bestspace::find (this=this@entry=0x555556b3ada0, thread_ref=..., class_oid=class_oid@entry=0x7ffffffdbcfc, hfid=hfid@entry=0x7ffffffdbce8, size=size@entry=8, is_newrec=is_newrec@entry=true, page_watcher=...) at /home/vimkim/gh/cb/develop/src/storage/bestspace.cpp:1336
#1  0x00007ffff7544453 in heap_find_bestpage (page_watcher=0x7ffffffdfd60, is_newrec=true, size=<optimized out>, hfid=0x7ffffffdbce8, class_oid=0x7ffffffdbcfc, thread_p=0x555555644d60) at /home/vimkim/gh/cb/develop/src/storage/heap_file.c:4604
#2  heap_get_insert_location_with_lock (home_hint_p=0x0, context=0x7ffffffdbce0, thread_p=0x555555644d60) at /home/vimkim/gh/cb/develop/src/storage/heap_file.c:20477
#3  heap_insert_logical (thread_p=thread_p@entry=0x555555644d60, context=context@entry=0x7ffffffdbce0, home_hint_p=home_hint_p@entry=0x0) at /home/vimkim/gh/cb/develop/src/storage/heap_file.c:23180
#4  0x00007ffff7545103 in heap_assign_address (thread_p=thread_p@entry=0x555555644d60, hfid=hfid@entry=0x55555562f3f8, class_oid=class_oid@entry=0x555556b2d540, oid=oid@entry=0x7ffffffe41a8, expected_length=<optimized out>, expected_length@entry=0) at /home/vimkim/gh/cb/develop/src/storage/heap_file.c:5505
#5  0x00007ffff74e22a6 in catcls_insert_instance (thread_p=thread_p@entry=0x555555644d60, value_p=value_p@entry=0x555556b2d540, oid_p=oid_p@entry=0x7ffffffe41a8, root_oid_p=root_oid_p@entry=0x7ffffffec688, class_oid_p=class_oid_p@entry=0x555556b2d540, hfid_p=hfid_p@entry=0x55555562f3f8, scan_p=0x7ffffffe4210) at /home/vimkim/gh/cb/develop/src/storage/catalog_class.c:3852
#6  0x00007ffff74e25a6 in catcls_insert_subset (root_oid_p=0x7ffffffec688, value_p=0x555556b2d428, thread_p=0x555555644d60) at /home/vimkim/gh/cb/develop/src/storage/catalog_class.c:3702
#7  catcls_insert_instance (thread_p=thread_p@entry=0x555555644d60, value_p=value_p@entry=0x555556b2d050, oid_p=oid_p@entry=0x7ffffffe8448, root_oid_p=root_oid_p@entry=0x7ffffffec688, class_oid_p=class_oid_p@entry=0x555556b2d050, hfid_p=hfid_p@entry=0x55555562f348, scan_p=0x7ffffffe84b0) at /home/vimkim/gh/cb/develop/src/storage/catalog_class.c:3900
#8  0x00007ffff74e25a6 in catcls_insert_subset (root_oid_p=0x7ffffffec688, value_p=0x555556b2ccd0, thread_p=0x555555644d60) at /home/vimkim/gh/cb/develop/src/storage/catalog_class.c:3702
#9  catcls_insert_instance (thread_p=thread_p@entry=0x555555644d60, value_p=value_p@entry=0x555556b2c590, oid_p=oid_p@entry=0x7ffffffec680, root_oid_p=root_oid_p@entry=0x7ffffffec688, class_oid_p=class_oid_p@entry=0x7ffff78ee128 <ct_Class+8>, hfid_p=hfid_p@entry=0x55555562f258, scan_p=0x7ffffffec690) at /home/vimkim/gh/cb/develop/src/storage/catalog_class.c:3900
#10 0x00007ffff74e8aa6 in catcls_insert_catalog_classes (thread_p=thread_p@entry=0x555555644d60, record_p=record_p@entry=0x7fffffff4c30) at /home/vimkim/gh/cb/develop/src/storage/catalog_class.c:4342
#11 0x00007ffff7445173 in locator_update_force (thread_p=thread_p@entry=0x555555644d60, hfid=hfid@entry=0x555556aca334, class_oid=class_oid@entry=0x555556aca340, oid=oid@entry=0x555556aca348, oldrecdes=oldrecdes@entry=0x0, recdes=recdes@entry=0x7fffffff4c30, has_index=0, att_id=0x0, n_att_id=0, op_type=3, scan_cache=0x7fffffff4c70, force_count=0x7fffffff4c18, not_check_fk=false, repl_info_type=REPL_INFO_TYPE_RBR_NORMAL, pruning_type=0, pcontext=0x0, mvcc_reev_data=0x0, force_in_place=UPDATE_INPLACE_NONE, need_locking=true) at /home/vimkim/gh/cb/develop/src/transaction/locator_sr.c:5661
#12 0x00007ffff744604d in xlocator_force (thread_p=0x555555644d60, force_area=force_area@entry=0x555556ac6350, num_ignore_error=num_ignore_error@entry=0, ignore_error_list=ignore_error_list@entry=0x7ffff7997f00 <ws_Error_ignore_list>) at /home/vimkim/gh/cb/develop/src/transaction/locator_sr.c:7228
#13 0x00007ffff704d815 in locator_force (copy_area=0x555556ac6350, num_ignore_error_list=0, ignore_error_list=0x7ffff7997f00 <ws_Error_ignore_list>, content_size=<optimized out>) at /home/vimkim/gh/cb/develop/src/communication/network_interface_cl.c:790

==== BP heap_insert_logical ====
#0  heap_insert_logical (thread_p=thread_p@entry=0x555555644d60, context=context@entry=0x7ffffffdff80, home_hint_p=home_hint_p@entry=0x0) at /home/vimkim/gh/cb/develop/src/storage/heap_file.c:23091
#1  0x00007ffff7545103 in heap_assign_address (thread_p=thread_p@entry=0x555555644d60, hfid=hfid@entry=0x55555562f348, class_oid=class_oid@entry=0x555556b2d050, oid=oid@entry=0x7ffffffe8448, expected_length=<optimized out>, expected_length@entry=0) at /home/vimkim/gh/cb/develop/src/storage/heap_file.c:5505
#2  0x00007ffff74e22a6 in catcls_insert_instance (thread_p=thread_p@entry=0x555555644d60, value_p=value_p@entry=0x555556b2d0a8, oid_p=oid_p@entry=0x7ffffffe8448, root_oid_p=root_oid_p@entry=0x7ffffffec688, class_oid_p=class_oid_p@entry=0x555556b2d050, hfid_p=hfid_p@entry=0x55555562f348, scan_p=0x7ffffffe84b0) at /home/vimkim/gh/cb/develop/src/storage/catalog_class.c:3852
#3  0x00007ffff74e25a6 in catcls_insert_subset (root_oid_p=0x7ffffffec688, value_p=0x555556b2ccd0, thread_p=0x555555644d60) at /home/vimkim/gh/cb/develop/src/storage/catalog_class.c:3702
#4  catcls_insert_instance (thread_p=thread_p@entry=0x555555644d60, value_p=value_p@entry=0x555556b2c590, oid_p=oid_p@entry=0x7ffffffec680, root_oid_p=root_oid_p@entry=0x7ffffffec688, class_oid_p=class_oid_p@entry=0x7ffff78ee128 <ct_Class+8>, hfid_p=hfid_p@entry=0x55555562f258, scan_p=0x7ffffffec690) at /home/vimkim/gh/cb/develop/src/storage/catalog_class.c:3900
#5  0x00007ffff74e8aa6 in catcls_insert_catalog_classes (thread_p=thread_p@entry=0x555555644d60, record_p=record_p@entry=0x7fffffff4c30) at /home/vimkim/gh/cb/develop/src/storage/catalog_class.c:4342
#6  0x00007ffff7445173 in locator_update_force (thread_p=thread_p@entry=0x555555644d60, hfid=hfid@entry=0x555556aca334, class_oid=class_oid@entry=0x555556aca340, oid=oid@entry=0x555556aca348, oldrecdes=oldrecdes@entry=0x0, recdes=recdes@entry=0x7fffffff4c30, has_index=0, att_id=0x0, n_att_id=0, op_type=3, scan_cache=0x7fffffff4c70, force_count=0x7fffffff4c18, not_check_fk=false, repl_info_type=REPL_INFO_TYPE_RBR_NORMAL, pruning_type=0, pcontext=0x0, mvcc_reev_data=0x0, force_in_place=UPDATE_INPLACE_NONE, need_locking=true) at /home/vimkim/gh/cb/develop/src/transaction/locator_sr.c:5661
#7  0x00007ffff744604d in xlocator_force (thread_p=0x555555644d60, force_area=force_area@entry=0x555556ac6350, num_ignore_error=num_ignore_error@entry=0, ignore_error_list=ignore_error_list@entry=0x7ffff7997f00 <ws_Error_ignore_list>) at /home/vimkim/gh/cb/develop/src/transaction/locator_sr.c:7228
#8  0x00007ffff704d815 in locator_force (copy_area=0x555556ac6350, num_ignore_error_list=0, ignore_error_list=0x7ffff7997f00 <ws_Error_ignore_list>, content_size=<optimized out>) at /home/vimkim/gh/cb/develop/src/communication/network_interface_cl.c:790
#9  0x00007ffff742ff02 in locator_mflush_force (mflush=mflush@entry=0x7fffffff4ea0) at /home/vimkim/gh/cb/develop/src/transaction/locator_cl.c:4038
#10 0x00007ffff7430c6a in locator_flush_class (class_mop=0x555556ad5bd0) at /home/vimkim/gh/cb/develop/src/transaction/locator_cl.c:4921
#11 locator_flush_class (class_mop=class_mop@entry=0x555556ad5bd0) at /home/vimkim/gh/cb/develop/src/transaction/locator_cl.c:4890
#12 0x00007ffff7124956 in allocate_disk_structures (classop=0x555556ad5bd0, class_=0x555556b20718, subclasses=0x0, template_=template_@entry=0x55555561cf98) at /home/vimkim/gh/cb/develop/src/object/schema_manager.c:11674
#13 0x00007ffff7122f94 in update_class (template_=0x55555561cf98, classmop=classmop@entry=0x7fffffff5058, auto_res=auto_res@entry=0, auth=auth@entry=DB_AUTH_ALTER, needs_hierarchy_lock=needs_hierarchy_lock@entry=true) at /home/vimkim/gh/cb/develop/src/object/schema_manager.c:13445

==== BP bestspace::find ====
#0  cubstorage::bestspace::find (this=this@entry=0x555556b3b3a0, thread_ref=..., class_oid=class_oid@entry=0x7ffffffdff9c, hfid=hfid@entry=0x7ffffffdff88, size=size@entry=8, is_newrec=is_newrec@entry=true, page_watcher=...) at /home/vimkim/gh/cb/develop/src/storage/bestspace.cpp:1336
#1  0x00007ffff7544453 in heap_find_bestpage (page_watcher=0x7ffffffe4000, is_newrec=true, size=<optimized out>, hfid=0x7ffffffdff88, class_oid=0x7ffffffdff9c, thread_p=0x555555644d60) at /home/vimkim/gh/cb/develop/src/storage/heap_file.c:4604
#2  heap_get_insert_location_with_lock (home_hint_p=0x0, context=0x7ffffffdff80, thread_p=0x555555644d60) at /home/vimkim/gh/cb/develop/src/storage/heap_file.c:20477
#3  heap_insert_logical (thread_p=thread_p@entry=0x555555644d60, context=context@entry=0x7ffffffdff80, home_hint_p=home_hint_p@entry=0x0) at /home/vimkim/gh/cb/develop/src/storage/heap_file.c:23180
#4  0x00007ffff7545103 in heap_assign_address (thread_p=thread_p@entry=0x555555644d60, hfid=hfid@entry=0x55555562f348, class_oid=class_oid@entry=0x555556b2d050, oid=oid@entry=0x7ffffffe8448, expected_length=<optimized out>, expected_length@entry=0) at /home/vimkim/gh/cb/develop/src/storage/heap_file.c:5505
#5  0x00007ffff74e22a6 in catcls_insert_instance (thread_p=thread_p@entry=0x555555644d60, value_p=value_p@entry=0x555556b2d0a8, oid_p=oid_p@entry=0x7ffffffe8448, root_oid_p=root_oid_p@entry=0x7ffffffec688, class_oid_p=class_oid_p@entry=0x555556b2d050, hfid_p=hfid_p@entry=0x55555562f348, scan_p=0x7ffffffe84b0) at /home/vimkim/gh/cb/develop/src/storage/catalog_class.c:3852
#6  0x00007ffff74e25a6 in catcls_insert_subset (root_oid_p=0x7ffffffec688, value_p=0x555556b2ccd0, thread_p=0x555555644d60) at /home/vimkim/gh/cb/develop/src/storage/catalog_class.c:3702
#7  catcls_insert_instance (thread_p=thread_p@entry=0x555555644d60, value_p=value_p@entry=0x555556b2c590, oid_p=oid_p@entry=0x7ffffffec680, root_oid_p=root_oid_p@entry=0x7ffffffec688, class_oid_p=class_oid_p@entry=0x7ffff78ee128 <ct_Class+8>, hfid_p=hfid_p@entry=0x55555562f258, scan_p=0x7ffffffec690) at /home/vimkim/gh/cb/develop/src/storage/catalog_class.c:3900
#8  0x00007ffff74e8aa6 in catcls_insert_catalog_classes (thread_p=thread_p@entry=0x555555644d60, record_p=record_p@entry=0x7fffffff4c30) at /home/vimkim/gh/cb/develop/src/storage/catalog_class.c:4342
#9  0x00007ffff7445173 in locator_update_force (thread_p=thread_p@entry=0x555555644d60, hfid=hfid@entry=0x555556aca334, class_oid=class_oid@entry=0x555556aca340, oid=oid@entry=0x555556aca348, oldrecdes=oldrecdes@entry=0x0, recdes=recdes@entry=0x7fffffff4c30, has_index=0, att_id=0x0, n_att_id=0, op_type=3, scan_cache=0x7fffffff4c70, force_count=0x7fffffff4c18, not_check_fk=false, repl_info_type=REPL_INFO_TYPE_RBR_NORMAL, pruning_type=0, pcontext=0x0, mvcc_reev_data=0x0, force_in_place=UPDATE_INPLACE_NONE, need_locking=true) at /home/vimkim/gh/cb/develop/src/transaction/locator_sr.c:5661
#10 0x00007ffff744604d in xlocator_force (thread_p=0x555555644d60, force_area=force_area@entry=0x555556ac6350, num_ignore_error=num_ignore_error@entry=0, ignore_error_list=ignore_error_list@entry=0x7ffff7997f00 <ws_Error_ignore_list>) at /home/vimkim/gh/cb/develop/src/transaction/locator_sr.c:7228
#11 0x00007ffff704d815 in locator_force (copy_area=0x555556ac6350, num_ignore_error_list=0, ignore_error_list=0x7ffff7997f00 <ws_Error_ignore_list>, content_size=<optimized out>) at /home/vimkim/gh/cb/develop/src/communication/network_interface_cl.c:790
#12 0x00007ffff742ff02 in locator_mflush_force (mflush=mflush@entry=0x7fffffff4ea0) at /home/vimkim/gh/cb/develop/src/transaction/locator_cl.c:4038
#13 0x00007ffff7430c6a in locator_flush_class (class_mop=0x555556ad5bd0) at /home/vimkim/gh/cb/develop/src/transaction/locator_cl.c:4921

==== BP heap_insert_logical ====
#0  heap_insert_logical (thread_p=thread_p@entry=0x555555644d60, context=context@entry=0x7ffffffdbce0, home_hint_p=home_hint_p@entry=0x0) at /home/vimkim/gh/cb/develop/src/storage/heap_file.c:23091
#1  0x00007ffff7545103 in heap_assign_address (thread_p=thread_p@entry=0x555555644d60, hfid=hfid@entry=0x55555562f478, class_oid=class_oid@entry=0x555556b2dd50, oid=oid@entry=0x7ffffffe41a8, expected_length=<optimized out>, expected_length@entry=0) at /home/vimkim/gh/cb/develop/src/storage/heap_file.c:5505
#2  0x00007ffff74e22a6 in catcls_insert_instance (thread_p=thread_p@entry=0x555555644d60, value_p=value_p@entry=0x555556b2dd50, oid_p=oid_p@entry=0x7ffffffe41a8, root_oid_p=root_oid_p@entry=0x7ffffffec688, class_oid_p=class_oid_p@entry=0x555556b2dd50, hfid_p=hfid_p@entry=0x55555562f478, scan_p=0x7ffffffe4210) at /home/vimkim/gh/cb/develop/src/storage/catalog_class.c:3852
#3  0x00007ffff74e25a6 in catcls_insert_subset (root_oid_p=0x7ffffffec688, value_p=0x555556b2dc38, thread_p=0x555555644d60) at /home/vimkim/gh/cb/develop/src/storage/catalog_class.c:3702
#4  catcls_insert_instance (thread_p=thread_p@entry=0x555555644d60, value_p=value_p@entry=0x555556b2d0a8, oid_p=oid_p@entry=0x7ffffffe8448, root_oid_p=root_oid_p@entry=0x7ffffffec688, class_oid_p=class_oid_p@entry=0x555556b2d050, hfid_p=hfid_p@entry=0x55555562f348, scan_p=0x7ffffffe84b0) at /home/vimkim/gh/cb/develop/src/storage/catalog_class.c:3900
#5  0x00007ffff74e25a6 in catcls_insert_subset (root_oid_p=0x7ffffffec688, value_p=0x555556b2ccd0, thread_p=0x555555644d60) at /home/vimkim/gh/cb/develop/src/storage/catalog_class.c:3702
#6  catcls_insert_instance (thread_p=thread_p@entry=0x555555644d60, value_p=value_p@entry=0x555556b2c590, oid_p=oid_p@entry=0x7ffffffec680, root_oid_p=root_oid_p@entry=0x7ffffffec688, class_oid_p=class_oid_p@entry=0x7ffff78ee128 <ct_Class+8>, hfid_p=hfid_p@entry=0x55555562f258, scan_p=0x7ffffffec690) at /home/vimkim/gh/cb/develop/src/storage/catalog_class.c:3900
#7  0x00007ffff74e8aa6 in catcls_insert_catalog_classes (thread_p=thread_p@entry=0x555555644d60, record_p=record_p@entry=0x7fffffff4c30) at /home/vimkim/gh/cb/develop/src/storage/catalog_class.c:4342
#8  0x00007ffff7445173 in locator_update_force (thread_p=thread_p@entry=0x555555644d60, hfid=hfid@entry=0x555556aca334, class_oid=class_oid@entry=0x555556aca340, oid=oid@entry=0x555556aca348, oldrecdes=oldrecdes@entry=0x0, recdes=recdes@entry=0x7fffffff4c30, has_index=0, att_id=0x0, n_att_id=0, op_type=3, scan_cache=0x7fffffff4c70, force_count=0x7fffffff4c18, not_check_fk=false, repl_info_type=REPL_INFO_TYPE_RBR_NORMAL, pruning_type=0, pcontext=0x0, mvcc_reev_data=0x0, force_in_place=UPDATE_INPLACE_NONE, need_locking=true) at /home/vimkim/gh/cb/develop/src/transaction/locator_sr.c:5661
#9  0x00007ffff744604d in xlocator_force (thread_p=0x555555644d60, force_area=force_area@entry=0x555556ac6350, num_ignore_error=num_ignore_error@entry=0, ignore_error_list=ignore_error_list@entry=0x7ffff7997f00 <ws_Error_ignore_list>) at /home/vimkim/gh/cb/develop/src/transaction/locator_sr.c:7228
#10 0x00007ffff704d815 in locator_force (copy_area=0x555556ac6350, num_ignore_error_list=0, ignore_error_list=0x7ffff7997f00 <ws_Error_ignore_list>, content_size=<optimized out>) at /home/vimkim/gh/cb/develop/src/communication/network_interface_cl.c:790
#11 0x00007ffff742ff02 in locator_mflush_force (mflush=mflush@entry=0x7fffffff4ea0) at /home/vimkim/gh/cb/develop/src/transaction/locator_cl.c:4038
#12 0x00007ffff7430c6a in locator_flush_class (class_mop=0x555556ad5bd0) at /home/vimkim/gh/cb/develop/src/transaction/locator_cl.c:4921
#13 locator_flush_class (class_mop=class_mop@entry=0x555556ad5bd0) at /home/vimkim/gh/cb/develop/src/transaction/locator_cl.c:4890

==== BP bestspace::find ====
#0  cubstorage::bestspace::find (this=this@entry=0x555556b3ada0, thread_ref=..., class_oid=class_oid@entry=0x7ffffffdbcfc, hfid=hfid@entry=0x7ffffffdbce8, size=size@entry=8, is_newrec=is_newrec@entry=true, page_watcher=...) at /home/vimkim/gh/cb/develop/src/storage/bestspace.cpp:1336
#1  0x00007ffff7544453 in heap_find_bestpage (page_watcher=0x7ffffffdfd60, is_newrec=true, size=<optimized out>, hfid=0x7ffffffdbce8, class_oid=0x7ffffffdbcfc, thread_p=0x555555644d60) at /home/vimkim/gh/cb/develop/src/storage/heap_file.c:4604
#2  heap_get_insert_location_with_lock (home_hint_p=0x0, context=0x7ffffffdbce0, thread_p=0x555555644d60) at /home/vimkim/gh/cb/develop/src/storage/heap_file.c:20477
#3  heap_insert_logical (thread_p=thread_p@entry=0x555555644d60, context=context@entry=0x7ffffffdbce0, home_hint_p=home_hint_p@entry=0x0) at /home/vimkim/gh/cb/develop/src/storage/heap_file.c:23180
#4  0x00007ffff7545103 in heap_assign_address (thread_p=thread_p@entry=0x555555644d60, hfid=hfid@entry=0x55555562f478, class_oid=class_oid@entry=0x555556b2dd50, oid=oid@entry=0x7ffffffe41a8, expected_length=<optimized out>, expected_length@entry=0) at /home/vimkim/gh/cb/develop/src/storage/heap_file.c:5505
#5  0x00007ffff74e22a6 in catcls_insert_instance (thread_p=thread_p@entry=0x555555644d60, value_p=value_p@entry=0x555556b2dd50, oid_p=oid_p@entry=0x7ffffffe41a8, root_oid_p=root_oid_p@entry=0x7ffffffec688, class_oid_p=class_oid_p@entry=0x555556b2dd50, hfid_p=hfid_p@entry=0x55555562f478, scan_p=0x7ffffffe4210) at /home/vimkim/gh/cb/develop/src/storage/catalog_class.c:3852
#6  0x00007ffff74e25a6 in catcls_insert_subset (root_oid_p=0x7ffffffec688, value_p=0x555556b2dc38, thread_p=0x555555644d60) at /home/vimkim/gh/cb/develop/src/storage/catalog_class.c:3702
#7  catcls_insert_instance (thread_p=thread_p@entry=0x555555644d60, value_p=value_p@entry=0x555556b2d0a8, oid_p=oid_p@entry=0x7ffffffe8448, root_oid_p=root_oid_p@entry=0x7ffffffec688, class_oid_p=class_oid_p@entry=0x555556b2d050, hfid_p=hfid_p@entry=0x55555562f348, scan_p=0x7ffffffe84b0) at /home/vimkim/gh/cb/develop/src/storage/catalog_class.c:3900
#8  0x00007ffff74e25a6 in catcls_insert_subset (root_oid_p=0x7ffffffec688, value_p=0x555556b2ccd0, thread_p=0x555555644d60) at /home/vimkim/gh/cb/develop/src/storage/catalog_class.c:3702
#9  catcls_insert_instance (thread_p=thread_p@entry=0x555555644d60, value_p=value_p@entry=0x555556b2c590, oid_p=oid_p@entry=0x7ffffffec680, root_oid_p=root_oid_p@entry=0x7ffffffec688, class_oid_p=class_oid_p@entry=0x7ffff78ee128 <ct_Class+8>, hfid_p=hfid_p@entry=0x55555562f258, scan_p=0x7ffffffec690) at /home/vimkim/gh/cb/develop/src/storage/catalog_class.c:3900
#10 0x00007ffff74e8aa6 in catcls_insert_catalog_classes (thread_p=thread_p@entry=0x555555644d60, record_p=record_p@entry=0x7fffffff4c30) at /home/vimkim/gh/cb/develop/src/storage/catalog_class.c:4342
#11 0x00007ffff7445173 in locator_update_force (thread_p=thread_p@entry=0x555555644d60, hfid=hfid@entry=0x555556aca334, class_oid=class_oid@entry=0x555556aca340, oid=oid@entry=0x555556aca348, oldrecdes=oldrecdes@entry=0x0, recdes=recdes@entry=0x7fffffff4c30, has_index=0, att_id=0x0, n_att_id=0, op_type=3, scan_cache=0x7fffffff4c70, force_count=0x7fffffff4c18, not_check_fk=false, repl_info_type=REPL_INFO_TYPE_RBR_NORMAL, pruning_type=0, pcontext=0x0, mvcc_reev_data=0x0, force_in_place=UPDATE_INPLACE_NONE, need_locking=true) at /home/vimkim/gh/cb/develop/src/transaction/locator_sr.c:5661
#12 0x00007ffff744604d in xlocator_force (thread_p=0x555555644d60, force_area=force_area@entry=0x555556ac6350, num_ignore_error=num_ignore_error@entry=0, ignore_error_list=ignore_error_list@entry=0x7ffff7997f00 <ws_Error_ignore_list>) at /home/vimkim/gh/cb/develop/src/transaction/locator_sr.c:7228
#13 0x00007ffff704d815 in locator_force (copy_area=0x555556ac6350, num_ignore_error_list=0, ignore_error_list=0x7ffff7997f00 <ws_Error_ignore_list>, content_size=<optimized out>) at /home/vimkim/gh/cb/develop/src/communication/network_interface_cl.c:790

==== BP heap_create_bestspace ====
#0  heap_create_bestspace (thread_p=thread_p@entry=0x555555644d60, hfid=hfid@entry=0x555556b20730, heap_hdr=heap_hdr@entry=0x7fffffff4b30, first_entry=first_entry@entry=0x7fffffff4a70) at /home/vimkim/gh/cb/develop/src/storage/heap_file.c:3793
#1  0x00007ffff753cbc1 in heap_create_internal (thread_p=0x555555644d60, hfid=0x555556b20730, class_oid=0x555556ad5bd0, reuse_oid=<optimized out>) at /home/vimkim/gh/cb/develop/src/storage/heap_file.c:4810
#2  0x00007ffff753d598 in xheap_create (thread_p=<optimized out>, hfid=<optimized out>, class_oid=<optimized out>, reuse_oid=<optimized out>) at /home/vimkim/gh/cb/develop/src/storage/heap_file.c:5323
#3  0x00007ffff704e03e in heap_create (hfid=hfid@entry=0x555556b20730, class_oid=0x555556ad5bd0, reuse_oid=reuse_oid@entry=true) at /home/vimkim/gh/cb/develop/src/communication/network_interface_cl.c:1695
#4  0x00007ffff7433480 in locator_create_heap_if_needed (class_mop=class_mop@entry=0x555556ad5bd0, reuse_oid=reuse_oid@entry=true) at /home/vimkim/gh/cb/develop/src/transaction/locator_cl.c:5518
#5  0x00007ffff71e5fba in do_create_entity (parser=0x555556ad4e80, node=0x555556b01360) at /home/vimkim/gh/cb/develop/src/query/execute_schema.c:10119
#6  0x00007ffff720714d in do_execute_statement (parser=parser@entry=0x555556ad4e80, statement=statement@entry=0x555556b01360) at /home/vimkim/gh/cb/develop/src/query/execute_statement.c:4173
#7  0x00007ffff6fd5b95 in db_execute_and_keep_statement_local (session=session@entry=0x555556ad4e30, stmt_ndx=0, stmt_ndx@entry=1, result=result@entry=0x7fffffff5668) at /home/vimkim/gh/cb/develop/src/compat/db_vdb.c:1935
#8  0x00007ffff6fd6651 in db_execute_statement_local (session=session@entry=0x555556ad4e30, stmt_ndx=stmt_ndx@entry=1, result=result@entry=0x7fffffff5668) at /home/vimkim/gh/cb/develop/src/compat/db_vdb.c:3334
#9  0x00007ffff6fd6976 in db_execute_statement (session=0x555556ad4e30, stmt_ndx=1, result=0x7fffffff5668) at /home/vimkim/gh/cb/develop/src/compat/db_vdb.c:3370
#10 0x00007ffff6f49cf7 in csql_execute_statements (csql_arg=csql_arg@entry=0x7fffffffcba0, type=type@entry=2, stream=stream@entry=0x0, line_no=line_no@entry=1) at /home/vimkim/gh/cb/develop/src/executables/csql.c:2304
#11 0x00007ffff6f4b2d6 in start_csql (csql_arg=csql_arg@entry=0x7fffffffcba0) at /home/vimkim/gh/cb/develop/src/executables/csql.c:976
#12 0x00007ffff6f4e06d in csql (argv0=0x7fffffffd59c "/home/vimkim/.cub/install/develop/release_gcc/bin/csql", csql_arg=0x7fffffffcba0) at /home/vimkim/gh/cb/develop/src/executables/csql.c:3432
#13 0x000055555555745b in main (argc=7, argv=0x7fffffffd0d8) at /home/vimkim/gh/cb/develop/src/executables/csql_launcher.c:487
Execute OK. (0.809014 sec) Committed. (0.001000 sec) 

==== BP heap_insert_logical ====
#0  heap_insert_logical (thread_p=thread_p@entry=0x555555644d60, context=0x7fffffff0110, home_hint_p=home_hint_p@entry=0x0) at /home/vimkim/gh/cb/develop/src/storage/heap_file.c:23091
#1  0x00007ffff74429a0 in locator_insert_force (thread_p=0x555555644d60, hfid=hfid@entry=0x7fffffff4364, class_oid=class_oid@entry=0x7fffffff435c, oid=oid@entry=0x7fffffff45e8, recdes=recdes@entry=0x7fffffff4390, has_index=has_index@entry=1, op_type=1, scan_cache=<optimized out>, force_count=0x7fffffff4588, pruning_type=0, pcontext=0x0, func_preds=<optimized out>, force_in_place=UPDATE_INPLACE_NONE, home_hint_p=0x0, has_BU_lock=false, dont_check_fk=false, use_bulk_logging=false) at /home/vimkim/gh/cb/develop/src/transaction/locator_sr.c:5065
#2  0x00007ffff743f398 in locator_attribute_info_force (thread_p=thread_p@entry=0x555555644d60, hfid=hfid@entry=0x555556b5d7d8, oid=oid@entry=0x7fffffff45e8, attr_info=attr_info@entry=0x7fffffff45f0, att_id=att_id@entry=0x0, n_att_id=n_att_id@entry=0, operation=LC_FLUSH_INSERT, op_type=1, scan_cache=0x7fffffff4770, force_count=0x7fffffff4588, not_check_fk=false, repl_info=REPL_INFO_TYPE_RBR_NORMAL, pruning_type=0, pcontext=0x0, func_preds=0x0, mvcc_reev_data=0x0, force_update_inplace=UPDATE_INPLACE_NONE, rec_descriptor=0x0, need_locking=false) at /home/vimkim/gh/cb/develop/src/transaction/locator_sr.c:7584
#3  0x00007ffff726f5c2 in qexec_execute_insert (thread_p=thread_p@entry=0x555555644d60, xasl=xasl@entry=0x555556b5d658, xasl_state=xasl_state@entry=0x7fffffff4d60, skip_aptr=skip_aptr@entry=false) at /home/vimkim/gh/cb/develop/src/query/query_executor.c:13522
#4  0x00007ffff7264e96 in qexec_execute_mainblock_internal (thread_p=thread_p@entry=0x555555644d60, xasl=xasl@entry=0x555556b5d658, xasl_state=xasl_state@entry=0x7fffffff4d60, p_class_instance_lock_info=p_class_instance_lock_info@entry=0x0) at /home/vimkim/gh/cb/develop/src/query/query_executor.c:15778
#5  0x00007ffff7268891 in qexec_execute_mainblock (thread_p=thread_p@entry=0x555555644d60, xasl=xasl@entry=0x555556b5d658, xstate=xstate@entry=0x7fffffff4d60, p_class_instance_lock_info=p_class_instance_lock_info@entry=0x0) at /home/vimkim/gh/cb/develop/src/query/query_executor.c:15499
#6  0x00007ffff7272cb4 in qexec_execute_query (thread_p=thread_p@entry=0x555555644d60, xasl=0x555556b5d658, dbval_cnt=dbval_cnt@entry=2, dbval_ptr=dbval_ptr@entry=0x55555562f1f8, query_id=1) at /home/vimkim/gh/cb/develop/src/query/query_executor.c:17070
#7  0x00007ffff7273306 in qmgr_process_query (thread_p=thread_p@entry=0x555555644d60, xasl_tree=<optimized out>, xasl_stream=xasl_stream@entry=0x0, xasl_stream_size=xasl_stream_size@entry=0, dbval_count=dbval_count@entry=2, dbvals_p=dbvals_p@entry=0x55555562f1f8, flag=98309, query_p=0x555556b468f0, tran_entry_p=<optimized out>) at /home/vimkim/gh/cb/develop/src/query/query_manager.c:1232
#8  0x00007ffff72756bc in xqmgr_execute_query (thread_p=thread_p@entry=0x555555644d60, xasl_id_p=xasl_id_p@entry=0x555556b2c3b0, query_id_p=query_id_p@entry=0x555556ad4f78, dbval_count=dbval_count@entry=2, dbval_p=dbval_p@entry=0x55555562f1f8, flag_p=flag_p@entry=0x7fffffff514c, client_cache_time_p=0x0, server_cache_time_p=0x0, query_timeout=0, ret_cache_entry_p=0x0) at /home/vimkim/gh/cb/develop/src/query/query_manager.c:1577
#9  0x00007ffff7051d2b in qmgr_execute_query (xasl_id=xasl_id@entry=0x555556b2c3b0, query_idp=query_idp@entry=0x555556ad4f78, dbval_cnt=dbval_cnt@entry=2, dbvals=dbvals@entry=0x555556b467d0, flag=<optimized out>, flag@entry=98309, clt_cache_time=clt_cache_time@entry=0x0, srv_cache_time=0x0, query_timeout=0) at /home/vimkim/gh/cb/develop/src/communication/network_interface_cl.c:7451
#10 0x00007ffff723d091 in execute_query (xasl_id=0x555556b2c3b0, query_idp=query_idp@entry=0x555556ad4f78, var_cnt=2, varptr=0x555556b467d0, list_idp=list_idp@entry=0x7fffffff5208, flag=flag@entry=98309, clt_cache_time=0x0, srv_cache_time=0x0) at /home/vimkim/gh/cb/develop/src/query/query_cl.c:127
#11 0x00007ffff71f5943 in do_execute_insert (parser=0x555556ad4e30, statement=0x555556aff340) at /home/vimkim/gh/cb/develop/src/query/execute_statement.c:14460
#12 0x00007ffff720724b in do_execute_statement (parser=parser@entry=0x555556ad4e30, statement=statement@entry=0x555556aff340) at /home/vimkim/gh/cb/develop/src/query/execute_statement.c:4294
#13 0x00007ffff6fd5b95 in db_execute_and_keep_statement_local (session=session@entry=0x555556b4d3d0, stmt_ndx=0, stmt_ndx@entry=1, result=result@entry=0x7fffffff5668) at /home/vimkim/gh/cb/develop/src/compat/db_vdb.c:1935

==== BP heap_build_bestspace ====
#0  heap_build_bestspace (thread_p=thread_p@entry=0x555555644d60, class_oid=class_oid@entry=0x7fffffff012c, hfid=hfid@entry=0x7fffffff0118, header_watcher=<optimized out>, header_watcher=<optimized out>) at /home/vimkim/gh/cb/develop/src/storage/heap_file.c:4403
#1  0x00007ffff7530c58 in heap_find_bestspace (thread_p=thread_p@entry=0x555555644d60, class_oid=class_oid@entry=0x7fffffff012c, hfid=hfid@entry=0x7fffffff0118, header_watcher=header_watcher@entry=0x0) at /home/vimkim/gh/cb/develop/src/storage/heap_file.c:4561
#2  0x00007ffff7544b4c in heap_find_bestspace (header_watcher=0x0, hfid=0x7fffffff0118, class_oid=0x7fffffff012c, thread_p=0x555555644d60) at /home/vimkim/gh/cb/develop/src/storage/heap_file.c:4514
#3  heap_find_bestpage (page_watcher=0x7fffffff4190, is_newrec=true, size=<optimized out>, hfid=0x7fffffff0118, class_oid=0x7fffffff012c, thread_p=0x555555644d60) at /home/vimkim/gh/cb/develop/src/storage/heap_file.c:4585
#4  heap_get_insert_location_with_lock (home_hint_p=0x0, context=0x7fffffff0110, thread_p=0x555555644d60) at /home/vimkim/gh/cb/develop/src/storage/heap_file.c:20477
#5  heap_insert_logical (thread_p=thread_p@entry=0x555555644d60, context=0x7fffffff0110, home_hint_p=home_hint_p@entry=0x0) at /home/vimkim/gh/cb/develop/src/storage/heap_file.c:23180
#6  0x00007ffff74429a0 in locator_insert_force (thread_p=0x555555644d60, hfid=hfid@entry=0x7fffffff4364, class_oid=class_oid@entry=0x7fffffff435c, oid=oid@entry=0x7fffffff45e8, recdes=recdes@entry=0x7fffffff4390, has_index=has_index@entry=1, op_type=1, scan_cache=<optimized out>, force_count=0x7fffffff4588, pruning_type=0, pcontext=0x0, func_preds=<optimized out>, force_in_place=UPDATE_INPLACE_NONE, home_hint_p=0x0, has_BU_lock=false, dont_check_fk=false, use_bulk_logging=false) at /home/vimkim/gh/cb/develop/src/transaction/locator_sr.c:5065
#7  0x00007ffff743f398 in locator_attribute_info_force (thread_p=thread_p@entry=0x555555644d60, hfid=hfid@entry=0x555556b5d7d8, oid=oid@entry=0x7fffffff45e8, attr_info=attr_info@entry=0x7fffffff45f0, att_id=att_id@entry=0x0, n_att_id=n_att_id@entry=0, operation=LC_FLUSH_INSERT, op_type=1, scan_cache=0x7fffffff4770, force_count=0x7fffffff4588, not_check_fk=false, repl_info=REPL_INFO_TYPE_RBR_NORMAL, pruning_type=0, pcontext=0x0, func_preds=0x0, mvcc_reev_data=0x0, force_update_inplace=UPDATE_INPLACE_NONE, rec_descriptor=0x0, need_locking=false) at /home/vimkim/gh/cb/develop/src/transaction/locator_sr.c:7584
#8  0x00007ffff726f5c2 in qexec_execute_insert (thread_p=thread_p@entry=0x555555644d60, xasl=xasl@entry=0x555556b5d658, xasl_state=xasl_state@entry=0x7fffffff4d60, skip_aptr=skip_aptr@entry=false) at /home/vimkim/gh/cb/develop/src/query/query_executor.c:13522
#9  0x00007ffff7264e96 in qexec_execute_mainblock_internal (thread_p=thread_p@entry=0x555555644d60, xasl=xasl@entry=0x555556b5d658, xasl_state=xasl_state@entry=0x7fffffff4d60, p_class_instance_lock_info=p_class_instance_lock_info@entry=0x0) at /home/vimkim/gh/cb/develop/src/query/query_executor.c:15778
#10 0x00007ffff7268891 in qexec_execute_mainblock (thread_p=thread_p@entry=0x555555644d60, xasl=xasl@entry=0x555556b5d658, xstate=xstate@entry=0x7fffffff4d60, p_class_instance_lock_info=p_class_instance_lock_info@entry=0x0) at /home/vimkim/gh/cb/develop/src/query/query_executor.c:15499
#11 0x00007ffff7272cb4 in qexec_execute_query (thread_p=thread_p@entry=0x555555644d60, xasl=0x555556b5d658, dbval_cnt=dbval_cnt@entry=2, dbval_ptr=dbval_ptr@entry=0x55555562f1f8, query_id=1) at /home/vimkim/gh/cb/develop/src/query/query_executor.c:17070
#12 0x00007ffff7273306 in qmgr_process_query (thread_p=thread_p@entry=0x555555644d60, xasl_tree=<optimized out>, xasl_stream=xasl_stream@entry=0x0, xasl_stream_size=xasl_stream_size@entry=0, dbval_count=dbval_count@entry=2, dbvals_p=dbvals_p@entry=0x55555562f1f8, flag=98309, query_p=0x555556b468f0, tran_entry_p=<optimized out>) at /home/vimkim/gh/cb/develop/src/query/query_manager.c:1232
#13 0x00007ffff72756bc in xqmgr_execute_query (thread_p=thread_p@entry=0x555555644d60, xasl_id_p=xasl_id_p@entry=0x555556b2c3b0, query_id_p=query_id_p@entry=0x555556ad4f78, dbval_count=dbval_count@entry=2, dbval_p=dbval_p@entry=0x55555562f1f8, flag_p=flag_p@entry=0x7fffffff514c, client_cache_time_p=0x0, server_cache_time_p=0x0, query_timeout=0, ret_cache_entry_p=0x0) at /home/vimkim/gh/cb/develop/src/query/query_manager.c:1577

==== BP bestspace::find ====
#0  cubstorage::bestspace::find (this=this@entry=0x555556b5f050, thread_ref=..., class_oid=class_oid@entry=0x7fffffff012c, hfid=hfid@entry=0x7fffffff0118, size=size@entry=32, is_newrec=is_newrec@entry=true, page_watcher=...) at /home/vimkim/gh/cb/develop/src/storage/bestspace.cpp:1336
#1  0x00007ffff7544453 in heap_find_bestpage (page_watcher=0x7fffffff4190, is_newrec=true, size=<optimized out>, hfid=0x7fffffff0118, class_oid=0x7fffffff012c, thread_p=0x555555644d60) at /home/vimkim/gh/cb/develop/src/storage/heap_file.c:4604
#2  heap_get_insert_location_with_lock (home_hint_p=0x0, context=0x7fffffff0110, thread_p=0x555555644d60) at /home/vimkim/gh/cb/develop/src/storage/heap_file.c:20477
#3  heap_insert_logical (thread_p=thread_p@entry=0x555555644d60, context=0x7fffffff0110, home_hint_p=home_hint_p@entry=0x0) at /home/vimkim/gh/cb/develop/src/storage/heap_file.c:23180
#4  0x00007ffff74429a0 in locator_insert_force (thread_p=0x555555644d60, hfid=hfid@entry=0x7fffffff4364, class_oid=class_oid@entry=0x7fffffff435c, oid=oid@entry=0x7fffffff45e8, recdes=recdes@entry=0x7fffffff4390, has_index=has_index@entry=1, op_type=1, scan_cache=<optimized out>, force_count=0x7fffffff4588, pruning_type=0, pcontext=0x0, func_preds=<optimized out>, force_in_place=UPDATE_INPLACE_NONE, home_hint_p=0x0, has_BU_lock=false, dont_check_fk=false, use_bulk_logging=false) at /home/vimkim/gh/cb/develop/src/transaction/locator_sr.c:5065
#5  0x00007ffff743f398 in locator_attribute_info_force (thread_p=thread_p@entry=0x555555644d60, hfid=hfid@entry=0x555556b5d7d8, oid=oid@entry=0x7fffffff45e8, attr_info=attr_info@entry=0x7fffffff45f0, att_id=att_id@entry=0x0, n_att_id=n_att_id@entry=0, operation=LC_FLUSH_INSERT, op_type=1, scan_cache=0x7fffffff4770, force_count=0x7fffffff4588, not_check_fk=false, repl_info=REPL_INFO_TYPE_RBR_NORMAL, pruning_type=0, pcontext=0x0, func_preds=0x0, mvcc_reev_data=0x0, force_update_inplace=UPDATE_INPLACE_NONE, rec_descriptor=0x0, need_locking=false) at /home/vimkim/gh/cb/develop/src/transaction/locator_sr.c:7584
#6  0x00007ffff726f5c2 in qexec_execute_insert (thread_p=thread_p@entry=0x555555644d60, xasl=xasl@entry=0x555556b5d658, xasl_state=xasl_state@entry=0x7fffffff4d60, skip_aptr=skip_aptr@entry=false) at /home/vimkim/gh/cb/develop/src/query/query_executor.c:13522
#7  0x00007ffff7264e96 in qexec_execute_mainblock_internal (thread_p=thread_p@entry=0x555555644d60, xasl=xasl@entry=0x555556b5d658, xasl_state=xasl_state@entry=0x7fffffff4d60, p_class_instance_lock_info=p_class_instance_lock_info@entry=0x0) at /home/vimkim/gh/cb/develop/src/query/query_executor.c:15778
#8  0x00007ffff7268891 in qexec_execute_mainblock (thread_p=thread_p@entry=0x555555644d60, xasl=xasl@entry=0x555556b5d658, xstate=xstate@entry=0x7fffffff4d60, p_class_instance_lock_info=p_class_instance_lock_info@entry=0x0) at /home/vimkim/gh/cb/develop/src/query/query_executor.c:15499
#9  0x00007ffff7272cb4 in qexec_execute_query (thread_p=thread_p@entry=0x555555644d60, xasl=0x555556b5d658, dbval_cnt=dbval_cnt@entry=2, dbval_ptr=dbval_ptr@entry=0x55555562f1f8, query_id=1) at /home/vimkim/gh/cb/develop/src/query/query_executor.c:17070
#10 0x00007ffff7273306 in qmgr_process_query (thread_p=thread_p@entry=0x555555644d60, xasl_tree=<optimized out>, xasl_stream=xasl_stream@entry=0x0, xasl_stream_size=xasl_stream_size@entry=0, dbval_count=dbval_count@entry=2, dbvals_p=dbvals_p@entry=0x55555562f1f8, flag=98309, query_p=0x555556b468f0, tran_entry_p=<optimized out>) at /home/vimkim/gh/cb/develop/src/query/query_manager.c:1232
#11 0x00007ffff72756bc in xqmgr_execute_query (thread_p=thread_p@entry=0x555555644d60, xasl_id_p=xasl_id_p@entry=0x555556b2c3b0, query_id_p=query_id_p@entry=0x555556ad4f78, dbval_count=dbval_count@entry=2, dbval_p=dbval_p@entry=0x55555562f1f8, flag_p=flag_p@entry=0x7fffffff514c, client_cache_time_p=0x0, server_cache_time_p=0x0, query_timeout=0, ret_cache_entry_p=0x0) at /home/vimkim/gh/cb/develop/src/query/query_manager.c:1577
#12 0x00007ffff7051d2b in qmgr_execute_query (xasl_id=xasl_id@entry=0x555556b2c3b0, query_idp=query_idp@entry=0x555556ad4f78, dbval_cnt=dbval_cnt@entry=2, dbvals=dbvals@entry=0x555556b467d0, flag=<optimized out>, flag@entry=98309, clt_cache_time=clt_cache_time@entry=0x0, srv_cache_time=0x0, query_timeout=0) at /home/vimkim/gh/cb/develop/src/communication/network_interface_cl.c:7451
#13 0x00007ffff723d091 in execute_query (xasl_id=0x555556b2c3b0, query_idp=query_idp@entry=0x555556ad4f78, var_cnt=2, varptr=0x555556b467d0, list_idp=list_idp@entry=0x7fffffff5208, flag=flag@entry=98309, clt_cache_time=0x0, srv_cache_time=0x0) at /home/vimkim/gh/cb/develop/src/query/query_cl.c:127
1 row affected. (0.233004 sec) Committed. (0.000000 sec) 

==== BP heap_insert_logical ====
#0  heap_insert_logical (thread_p=thread_p@entry=0x555555644d60, context=0x7fffffff0110, home_hint_p=home_hint_p@entry=0x0) at /home/vimkim/gh/cb/develop/src/storage/heap_file.c:23091
#1  0x00007ffff74429a0 in locator_insert_force (thread_p=0x555555644d60, hfid=hfid@entry=0x7fffffff4364, class_oid=class_oid@entry=0x7fffffff435c, oid=oid@entry=0x7fffffff45e8, recdes=recdes@entry=0x7fffffff4390, has_index=has_index@entry=1, op_type=1, scan_cache=<optimized out>, force_count=0x7fffffff4588, pruning_type=0, pcontext=0x0, func_preds=<optimized out>, force_in_place=UPDATE_INPLACE_NONE, home_hint_p=0x0, has_BU_lock=false, dont_check_fk=false, use_bulk_logging=false) at /home/vimkim/gh/cb/develop/src/transaction/locator_sr.c:5065
#2  0x00007ffff743f398 in locator_attribute_info_force (thread_p=thread_p@entry=0x555555644d60, hfid=hfid@entry=0x555556b5d7d8, oid=oid@entry=0x7fffffff45e8, attr_info=attr_info@entry=0x7fffffff45f0, att_id=att_id@entry=0x0, n_att_id=n_att_id@entry=0, operation=LC_FLUSH_INSERT, op_type=1, scan_cache=0x7fffffff4770, force_count=0x7fffffff4588, not_check_fk=false, repl_info=REPL_INFO_TYPE_RBR_NORMAL, pruning_type=0, pcontext=0x0, func_preds=0x0, mvcc_reev_data=0x0, force_update_inplace=UPDATE_INPLACE_NONE, rec_descriptor=0x0, need_locking=false) at /home/vimkim/gh/cb/develop/src/transaction/locator_sr.c:7584
#3  0x00007ffff726f5c2 in qexec_execute_insert (thread_p=thread_p@entry=0x555555644d60, xasl=xasl@entry=0x555556b5d658, xasl_state=xasl_state@entry=0x7fffffff4d60, skip_aptr=skip_aptr@entry=false) at /home/vimkim/gh/cb/develop/src/query/query_executor.c:13522
#4  0x00007ffff7264e96 in qexec_execute_mainblock_internal (thread_p=thread_p@entry=0x555555644d60, xasl=xasl@entry=0x555556b5d658, xasl_state=xasl_state@entry=0x7fffffff4d60, p_class_instance_lock_info=p_class_instance_lock_info@entry=0x0) at /home/vimkim/gh/cb/develop/src/query/query_executor.c:15778
#5  0x00007ffff7268891 in qexec_execute_mainblock (thread_p=thread_p@entry=0x555555644d60, xasl=xasl@entry=0x555556b5d658, xstate=xstate@entry=0x7fffffff4d60, p_class_instance_lock_info=p_class_instance_lock_info@entry=0x0) at /home/vimkim/gh/cb/develop/src/query/query_executor.c:15499
#6  0x00007ffff7272cb4 in qexec_execute_query (thread_p=thread_p@entry=0x555555644d60, xasl=0x555556b5d658, dbval_cnt=dbval_cnt@entry=2, dbval_ptr=dbval_ptr@entry=0x55555562f1f8, query_id=2) at /home/vimkim/gh/cb/develop/src/query/query_executor.c:17070
#7  0x00007ffff7273306 in qmgr_process_query (thread_p=thread_p@entry=0x555555644d60, xasl_tree=<optimized out>, xasl_stream=xasl_stream@entry=0x0, xasl_stream_size=xasl_stream_size@entry=0, dbval_count=dbval_count@entry=2, dbvals_p=dbvals_p@entry=0x55555562f1f8, flag=98309, query_p=0x555556b468f0, tran_entry_p=<optimized out>) at /home/vimkim/gh/cb/develop/src/query/query_manager.c:1232
#8  0x00007ffff72756bc in xqmgr_execute_query (thread_p=thread_p@entry=0x555555644d60, xasl_id_p=xasl_id_p@entry=0x555556b65790, query_id_p=query_id_p@entry=0x555556ad4f78, dbval_count=dbval_count@entry=2, dbval_p=dbval_p@entry=0x55555562f1f8, flag_p=flag_p@entry=0x7fffffff514c, client_cache_time_p=0x0, server_cache_time_p=0x0, query_timeout=0, ret_cache_entry_p=0x0) at /home/vimkim/gh/cb/develop/src/query/query_manager.c:1577
#9  0x00007ffff7051d2b in qmgr_execute_query (xasl_id=xasl_id@entry=0x555556b65790, query_idp=query_idp@entry=0x555556ad4f78, dbval_cnt=dbval_cnt@entry=2, dbvals=dbvals@entry=0x555556b6b880, flag=<optimized out>, flag@entry=98309, clt_cache_time=clt_cache_time@entry=0x0, srv_cache_time=0x0, query_timeout=0) at /home/vimkim/gh/cb/develop/src/communication/network_interface_cl.c:7451
#10 0x00007ffff723d091 in execute_query (xasl_id=0x555556b65790, query_idp=query_idp@entry=0x555556ad4f78, var_cnt=2, varptr=0x555556b6b880, list_idp=list_idp@entry=0x7fffffff5208, flag=flag@entry=98309, clt_cache_time=0x0, srv_cache_time=0x0) at /home/vimkim/gh/cb/develop/src/query/query_cl.c:127
#11 0x00007ffff71f5943 in do_execute_insert (parser=0x555556ad4e30, statement=0x555556b6c870) at /home/vimkim/gh/cb/develop/src/query/execute_statement.c:14460
#12 0x00007ffff720724b in do_execute_statement (parser=parser@entry=0x555556ad4e30, statement=statement@entry=0x555556b6c870) at /home/vimkim/gh/cb/develop/src/query/execute_statement.c:4294
#13 0x00007ffff6fd5b95 in db_execute_and_keep_statement_local (session=session@entry=0x555556b64450, stmt_ndx=0, stmt_ndx@entry=1, result=result@entry=0x7fffffff5668) at /home/vimkim/gh/cb/develop/src/compat/db_vdb.c:1935

==== BP bestspace::find ====
#0  cubstorage::bestspace::find (this=this@entry=0x555556b5f050, thread_ref=..., class_oid=class_oid@entry=0x7fffffff012c, hfid=hfid@entry=0x7fffffff0118, size=size@entry=32, is_newrec=is_newrec@entry=true, page_watcher=...) at /home/vimkim/gh/cb/develop/src/storage/bestspace.cpp:1336
#1  0x00007ffff7544453 in heap_find_bestpage (page_watcher=0x7fffffff4190, is_newrec=true, size=<optimized out>, hfid=0x7fffffff0118, class_oid=0x7fffffff012c, thread_p=0x555555644d60) at /home/vimkim/gh/cb/develop/src/storage/heap_file.c:4604
#2  heap_get_insert_location_with_lock (home_hint_p=0x0, context=0x7fffffff0110, thread_p=0x555555644d60) at /home/vimkim/gh/cb/develop/src/storage/heap_file.c:20477
#3  heap_insert_logical (thread_p=thread_p@entry=0x555555644d60, context=0x7fffffff0110, home_hint_p=home_hint_p@entry=0x0) at /home/vimkim/gh/cb/develop/src/storage/heap_file.c:23180
#4  0x00007ffff74429a0 in locator_insert_force (thread_p=0x555555644d60, hfid=hfid@entry=0x7fffffff4364, class_oid=class_oid@entry=0x7fffffff435c, oid=oid@entry=0x7fffffff45e8, recdes=recdes@entry=0x7fffffff4390, has_index=has_index@entry=1, op_type=1, scan_cache=<optimized out>, force_count=0x7fffffff4588, pruning_type=0, pcontext=0x0, func_preds=<optimized out>, force_in_place=UPDATE_INPLACE_NONE, home_hint_p=0x0, has_BU_lock=false, dont_check_fk=false, use_bulk_logging=false) at /home/vimkim/gh/cb/develop/src/transaction/locator_sr.c:5065
#5  0x00007ffff743f398 in locator_attribute_info_force (thread_p=thread_p@entry=0x555555644d60, hfid=hfid@entry=0x555556b5d7d8, oid=oid@entry=0x7fffffff45e8, attr_info=attr_info@entry=0x7fffffff45f0, att_id=att_id@entry=0x0, n_att_id=n_att_id@entry=0, operation=LC_FLUSH_INSERT, op_type=1, scan_cache=0x7fffffff4770, force_count=0x7fffffff4588, not_check_fk=false, repl_info=REPL_INFO_TYPE_RBR_NORMAL, pruning_type=0, pcontext=0x0, func_preds=0x0, mvcc_reev_data=0x0, force_update_inplace=UPDATE_INPLACE_NONE, rec_descriptor=0x0, need_locking=false) at /home/vimkim/gh/cb/develop/src/transaction/locator_sr.c:7584
#6  0x00007ffff726f5c2 in qexec_execute_insert (thread_p=thread_p@entry=0x555555644d60, xasl=xasl@entry=0x555556b5d658, xasl_state=xasl_state@entry=0x7fffffff4d60, skip_aptr=skip_aptr@entry=false) at /home/vimkim/gh/cb/develop/src/query/query_executor.c:13522
#7  0x00007ffff7264e96 in qexec_execute_mainblock_internal (thread_p=thread_p@entry=0x555555644d60, xasl=xasl@entry=0x555556b5d658, xasl_state=xasl_state@entry=0x7fffffff4d60, p_class_instance_lock_info=p_class_instance_lock_info@entry=0x0) at /home/vimkim/gh/cb/develop/src/query/query_executor.c:15778
#8  0x00007ffff7268891 in qexec_execute_mainblock (thread_p=thread_p@entry=0x555555644d60, xasl=xasl@entry=0x555556b5d658, xstate=xstate@entry=0x7fffffff4d60, p_class_instance_lock_info=p_class_instance_lock_info@entry=0x0) at /home/vimkim/gh/cb/develop/src/query/query_executor.c:15499
#9  0x00007ffff7272cb4 in qexec_execute_query (thread_p=thread_p@entry=0x555555644d60, xasl=0x555556b5d658, dbval_cnt=dbval_cnt@entry=2, dbval_ptr=dbval_ptr@entry=0x55555562f1f8, query_id=2) at /home/vimkim/gh/cb/develop/src/query/query_executor.c:17070
#10 0x00007ffff7273306 in qmgr_process_query (thread_p=thread_p@entry=0x555555644d60, xasl_tree=<optimized out>, xasl_stream=xasl_stream@entry=0x0, xasl_stream_size=xasl_stream_size@entry=0, dbval_count=dbval_count@entry=2, dbvals_p=dbvals_p@entry=0x55555562f1f8, flag=98309, query_p=0x555556b468f0, tran_entry_p=<optimized out>) at /home/vimkim/gh/cb/develop/src/query/query_manager.c:1232
#11 0x00007ffff72756bc in xqmgr_execute_query (thread_p=thread_p@entry=0x555555644d60, xasl_id_p=xasl_id_p@entry=0x555556b65790, query_id_p=query_id_p@entry=0x555556ad4f78, dbval_count=dbval_count@entry=2, dbval_p=dbval_p@entry=0x55555562f1f8, flag_p=flag_p@entry=0x7fffffff514c, client_cache_time_p=0x0, server_cache_time_p=0x0, query_timeout=0, ret_cache_entry_p=0x0) at /home/vimkim/gh/cb/develop/src/query/query_manager.c:1577
#12 0x00007ffff7051d2b in qmgr_execute_query (xasl_id=xasl_id@entry=0x555556b65790, query_idp=query_idp@entry=0x555556ad4f78, dbval_cnt=dbval_cnt@entry=2, dbvals=dbvals@entry=0x555556b6b880, flag=<optimized out>, flag@entry=98309, clt_cache_time=clt_cache_time@entry=0x0, srv_cache_time=0x0, query_timeout=0) at /home/vimkim/gh/cb/develop/src/communication/network_interface_cl.c:7451
#13 0x00007ffff723d091 in execute_query (xasl_id=0x555556b65790, query_idp=query_idp@entry=0x555556ad4f78, var_cnt=2, varptr=0x555556b6b880, list_idp=list_idp@entry=0x7fffffff5208, flag=flag@entry=98309, clt_cache_time=0x0, srv_cache_time=0x0) at /home/vimkim/gh/cb/develop/src/query/query_cl.c:127
1 row affected. (0.011000 sec) Committed. (0.000000 sec) 

==== BP heap_update_bestspace(disk sync) ====
#0  heap_update_bestspace (thread_p=0x555555644d60, hfid=0x555556aff2a0, bestspace=0x555556b5f050) at /home/vimkim/gh/cb/develop/src/storage/heap_file.c:4165
#1  0x00007ffff749e8b9 in cubstorage::bestspace_registry::for_each (this=0x7ffff79f5880 <cubstorage::bestspaces>, function=function@entry=0x7ffff7530660 <heap_update_bestspace_registry_entry(HFID const*, cubstorage::bestspace*, void*)>, args=0x555555644d60) at /home/vimkim/gh/cb/develop/src/storage/bestspace.cpp:1646
#2  0x00007ffff75327b6 in heap_update_all_bestspaces (thread_p=<optimized out>) at /home/vimkim/gh/cb/develop/src/storage/heap_file.c:4291
#3  0x00007ffff7423f60 in xboot_shutdown_server (is_er_final=ER_ALL_FINAL, thread_p=@0x7fffffff56a8: 0x555555644d60) at /home/vimkim/gh/cb/develop/src/transaction/boot_sr.c:3088
#4  xboot_shutdown_server (thread_p=@0x7fffffff56a8: 0x555555644d60, is_er_final=ER_ALL_FINAL) at /home/vimkim/gh/cb/develop/src/transaction/boot_sr.c:3057
#5  0x00007ffff7424099 in xboot_unregister_client (thread_p=@0x7fffffff56a8: 0x555555644d60, tran_index=tran_index@entry=1) at /home/vimkim/gh/cb/develop/src/transaction/boot_sr.c:3423
#6  0x00007ffff704f682 in boot_unregister_client (tran_index=1) at /home/vimkim/gh/cb/develop/src/communication/network_interface_cl.c:4090
#7  0x00007ffff741f955 in boot_shutdown_client (is_er_final=true) at /home/vimkim/gh/cb/develop/src/transaction/boot_cl.c:1409
#8  boot_shutdown_client (is_er_final=is_er_final@entry=true) at /home/vimkim/gh/cb/develop/src/transaction/boot_cl.c:1375
#9  0x00007ffff6f84ef9 in db_shutdown () at /home/vimkim/gh/cb/develop/src/compat/db_admin.c:1020
#10 0x00007ffff6f49724 in csql_exit_session (error=error@entry=0, exit_flag=exit_flag@entry=true) at /home/vimkim/gh/cb/develop/src/executables/csql.c:3017
#11 0x00007ffff6f4b1c4 in start_csql (csql_arg=csql_arg@entry=0x7fffffffcba0) at /home/vimkim/gh/cb/develop/src/executables/csql.c:844
#12 0x00007ffff6f4e06d in csql (argv0=0x7fffffffd59c "/home/vimkim/.cub/install/develop/release_gcc/bin/csql", csql_arg=0x7fffffffcba0) at /home/vimkim/gh/cb/develop/src/executables/csql.c:3432
#13 0x000055555555745b in main (argc=7, argv=0x7fffffffd0d8) at /home/vimkim/gh/cb/develop/src/executables/csql_launcher.c:487

==== BP heap_update_bestspace(disk sync) ====
#0  heap_update_bestspace (thread_p=0x555555644d60, hfid=0x555556b417d0, bestspace=0x555556b3ada0) at /home/vimkim/gh/cb/develop/src/storage/heap_file.c:4165
#1  0x00007ffff749e8b9 in cubstorage::bestspace_registry::for_each (this=0x7ffff79f5880 <cubstorage::bestspaces>, function=function@entry=0x7ffff7530660 <heap_update_bestspace_registry_entry(HFID const*, cubstorage::bestspace*, void*)>, args=0x555555644d60) at /home/vimkim/gh/cb/develop/src/storage/bestspace.cpp:1646
#2  0x00007ffff75327b6 in heap_update_all_bestspaces (thread_p=<optimized out>) at /home/vimkim/gh/cb/develop/src/storage/heap_file.c:4291
#3  0x00007ffff7423f60 in xboot_shutdown_server (is_er_final=ER_ALL_FINAL, thread_p=@0x7fffffff56a8: 0x555555644d60) at /home/vimkim/gh/cb/develop/src/transaction/boot_sr.c:3088
#4  xboot_shutdown_server (thread_p=@0x7fffffff56a8: 0x555555644d60, is_er_final=ER_ALL_FINAL) at /home/vimkim/gh/cb/develop/src/transaction/boot_sr.c:3057
#5  0x00007ffff7424099 in xboot_unregister_client (thread_p=@0x7fffffff56a8: 0x555555644d60, tran_index=tran_index@entry=1) at /home/vimkim/gh/cb/develop/src/transaction/boot_sr.c:3423
#6  0x00007ffff704f682 in boot_unregister_client (tran_index=1) at /home/vimkim/gh/cb/develop/src/communication/network_interface_cl.c:4090
#7  0x00007ffff741f955 in boot_shutdown_client (is_er_final=true) at /home/vimkim/gh/cb/develop/src/transaction/boot_cl.c:1409
#8  boot_shutdown_client (is_er_final=is_er_final@entry=true) at /home/vimkim/gh/cb/develop/src/transaction/boot_cl.c:1375
#9  0x00007ffff6f84ef9 in db_shutdown () at /home/vimkim/gh/cb/develop/src/compat/db_admin.c:1020
#10 0x00007ffff6f49724 in csql_exit_session (error=error@entry=0, exit_flag=exit_flag@entry=true) at /home/vimkim/gh/cb/develop/src/executables/csql.c:3017
#11 0x00007ffff6f4b1c4 in start_csql (csql_arg=csql_arg@entry=0x7fffffffcba0) at /home/vimkim/gh/cb/develop/src/executables/csql.c:844
#12 0x00007ffff6f4e06d in csql (argv0=0x7fffffffd59c "/home/vimkim/.cub/install/develop/release_gcc/bin/csql", csql_arg=0x7fffffffcba0) at /home/vimkim/gh/cb/develop/src/executables/csql.c:3432
#13 0x000055555555745b in main (argc=7, argv=0x7fffffffd0d8) at /home/vimkim/gh/cb/develop/src/executables/csql_launcher.c:487

==== BP heap_update_bestspace(disk sync) ====
#0  heap_update_bestspace (thread_p=0x555555644d60, hfid=0x555556b37d50, bestspace=0x555556b3b3a0) at /home/vimkim/gh/cb/develop/src/storage/heap_file.c:4165
#1  0x00007ffff749e8b9 in cubstorage::bestspace_registry::for_each (this=0x7ffff79f5880 <cubstorage::bestspaces>, function=function@entry=0x7ffff7530660 <heap_update_bestspace_registry_entry(HFID const*, cubstorage::bestspace*, void*)>, args=0x555555644d60) at /home/vimkim/gh/cb/develop/src/storage/bestspace.cpp:1646
#2  0x00007ffff75327b6 in heap_update_all_bestspaces (thread_p=<optimized out>) at /home/vimkim/gh/cb/develop/src/storage/heap_file.c:4291
#3  0x00007ffff7423f60 in xboot_shutdown_server (is_er_final=ER_ALL_FINAL, thread_p=@0x7fffffff56a8: 0x555555644d60) at /home/vimkim/gh/cb/develop/src/transaction/boot_sr.c:3088
#4  xboot_shutdown_server (thread_p=@0x7fffffff56a8: 0x555555644d60, is_er_final=ER_ALL_FINAL) at /home/vimkim/gh/cb/develop/src/transaction/boot_sr.c:3057
#5  0x00007ffff7424099 in xboot_unregister_client (thread_p=@0x7fffffff56a8: 0x555555644d60, tran_index=tran_index@entry=1) at /home/vimkim/gh/cb/develop/src/transaction/boot_sr.c:3423
#6  0x00007ffff704f682 in boot_unregister_client (tran_index=1) at /home/vimkim/gh/cb/develop/src/communication/network_interface_cl.c:4090
#7  0x00007ffff741f955 in boot_shutdown_client (is_er_final=true) at /home/vimkim/gh/cb/develop/src/transaction/boot_cl.c:1409
#8  boot_shutdown_client (is_er_final=is_er_final@entry=true) at /home/vimkim/gh/cb/develop/src/transaction/boot_cl.c:1375
#9  0x00007ffff6f84ef9 in db_shutdown () at /home/vimkim/gh/cb/develop/src/compat/db_admin.c:1020
#10 0x00007ffff6f49724 in csql_exit_session (error=error@entry=0, exit_flag=exit_flag@entry=true) at /home/vimkim/gh/cb/develop/src/executables/csql.c:3017
#11 0x00007ffff6f4b1c4 in start_csql (csql_arg=csql_arg@entry=0x7fffffffcba0) at /home/vimkim/gh/cb/develop/src/executables/csql.c:844
#12 0x00007ffff6f4e06d in csql (argv0=0x7fffffffd59c "/home/vimkim/.cub/install/develop/release_gcc/bin/csql", csql_arg=0x7fffffffcba0) at /home/vimkim/gh/cb/develop/src/executables/csql.c:3432
#13 0x000055555555745b in main (argc=7, argv=0x7fffffffd0d8) at /home/vimkim/gh/cb/develop/src/executables/csql_launcher.c:487

==== BP heap_update_bestspace(disk sync) ====
#0  heap_update_bestspace (thread_p=0x555555644d60, hfid=0x555556b2f200, bestspace=0x555556b2f230) at /home/vimkim/gh/cb/develop/src/storage/heap_file.c:4165
#1  0x00007ffff749e8b9 in cubstorage::bestspace_registry::for_each (this=0x7ffff79f5880 <cubstorage::bestspaces>, function=function@entry=0x7ffff7530660 <heap_update_bestspace_registry_entry(HFID const*, cubstorage::bestspace*, void*)>, args=0x555555644d60) at /home/vimkim/gh/cb/develop/src/storage/bestspace.cpp:1646
#2  0x00007ffff75327b6 in heap_update_all_bestspaces (thread_p=<optimized out>) at /home/vimkim/gh/cb/develop/src/storage/heap_file.c:4291
#3  0x00007ffff7423f60 in xboot_shutdown_server (is_er_final=ER_ALL_FINAL, thread_p=@0x7fffffff56a8: 0x555555644d60) at /home/vimkim/gh/cb/develop/src/transaction/boot_sr.c:3088
#4  xboot_shutdown_server (thread_p=@0x7fffffff56a8: 0x555555644d60, is_er_final=ER_ALL_FINAL) at /home/vimkim/gh/cb/develop/src/transaction/boot_sr.c:3057
#5  0x00007ffff7424099 in xboot_unregister_client (thread_p=@0x7fffffff56a8: 0x555555644d60, tran_index=tran_index@entry=1) at /home/vimkim/gh/cb/develop/src/transaction/boot_sr.c:3423
#6  0x00007ffff704f682 in boot_unregister_client (tran_index=1) at /home/vimkim/gh/cb/develop/src/communication/network_interface_cl.c:4090
#7  0x00007ffff741f955 in boot_shutdown_client (is_er_final=true) at /home/vimkim/gh/cb/develop/src/transaction/boot_cl.c:1409
#8  boot_shutdown_client (is_er_final=is_er_final@entry=true) at /home/vimkim/gh/cb/develop/src/transaction/boot_cl.c:1375
#9  0x00007ffff6f84ef9 in db_shutdown () at /home/vimkim/gh/cb/develop/src/compat/db_admin.c:1020
#10 0x00007ffff6f49724 in csql_exit_session (error=error@entry=0, exit_flag=exit_flag@entry=true) at /home/vimkim/gh/cb/develop/src/executables/csql.c:3017
#11 0x00007ffff6f4b1c4 in start_csql (csql_arg=csql_arg@entry=0x7fffffffcba0) at /home/vimkim/gh/cb/develop/src/executables/csql.c:844
#12 0x00007ffff6f4e06d in csql (argv0=0x7fffffffd59c "/home/vimkim/.cub/install/develop/release_gcc/bin/csql", csql_arg=0x7fffffffcba0) at /home/vimkim/gh/cb/develop/src/executables/csql.c:3432
#13 0x000055555555745b in main (argc=7, argv=0x7fffffffd0d8) at /home/vimkim/gh/cb/develop/src/executables/csql_launcher.c:487

==== BP heap_update_bestspace(disk sync) ====
#0  heap_update_bestspace (thread_p=0x555555644d60, hfid=0x555556acee80, bestspace=0x555556ad5e40) at /home/vimkim/gh/cb/develop/src/storage/heap_file.c:4165
#1  0x00007ffff749e8b9 in cubstorage::bestspace_registry::for_each (this=0x7ffff79f5880 <cubstorage::bestspaces>, function=function@entry=0x7ffff7530660 <heap_update_bestspace_registry_entry(HFID const*, cubstorage::bestspace*, void*)>, args=0x555555644d60) at /home/vimkim/gh/cb/develop/src/storage/bestspace.cpp:1646
#2  0x00007ffff75327b6 in heap_update_all_bestspaces (thread_p=<optimized out>) at /home/vimkim/gh/cb/develop/src/storage/heap_file.c:4291
#3  0x00007ffff7423f60 in xboot_shutdown_server (is_er_final=ER_ALL_FINAL, thread_p=@0x7fffffff56a8: 0x555555644d60) at /home/vimkim/gh/cb/develop/src/transaction/boot_sr.c:3088
#4  xboot_shutdown_server (thread_p=@0x7fffffff56a8: 0x555555644d60, is_er_final=ER_ALL_FINAL) at /home/vimkim/gh/cb/develop/src/transaction/boot_sr.c:3057
#5  0x00007ffff7424099 in xboot_unregister_client (thread_p=@0x7fffffff56a8: 0x555555644d60, tran_index=tran_index@entry=1) at /home/vimkim/gh/cb/develop/src/transaction/boot_sr.c:3423
#6  0x00007ffff704f682 in boot_unregister_client (tran_index=1) at /home/vimkim/gh/cb/develop/src/communication/network_interface_cl.c:4090
#7  0x00007ffff741f955 in boot_shutdown_client (is_er_final=true) at /home/vimkim/gh/cb/develop/src/transaction/boot_cl.c:1409
#8  boot_shutdown_client (is_er_final=is_er_final@entry=true) at /home/vimkim/gh/cb/develop/src/transaction/boot_cl.c:1375
#9  0x00007ffff6f84ef9 in db_shutdown () at /home/vimkim/gh/cb/develop/src/compat/db_admin.c:1020
#10 0x00007ffff6f49724 in csql_exit_session (error=error@entry=0, exit_flag=exit_flag@entry=true) at /home/vimkim/gh/cb/develop/src/executables/csql.c:3017
#11 0x00007ffff6f4b1c4 in start_csql (csql_arg=csql_arg@entry=0x7fffffffcba0) at /home/vimkim/gh/cb/develop/src/executables/csql.c:844
#12 0x00007ffff6f4e06d in csql (argv0=0x7fffffffd59c "/home/vimkim/.cub/install/develop/release_gcc/bin/csql", csql_arg=0x7fffffffcba0) at /home/vimkim/gh/cb/develop/src/executables/csql.c:3432
#13 0x000055555555745b in main (argc=7, argv=0x7fffffffd0d8) at /home/vimkim/gh/cb/develop/src/executables/csql_launcher.c:487
[Inferior 1 (process 4073037) exited normally]
Are you sure you want to quit? (y or n)