428156.731819 tid=958949 reg/miss hfid=0|768|769 (not in global registry)
428156.736179 tid=958949 heap/find_bestpage class=0|209|6 hfid=1|768|769 size=128 newrec=1
428156.736205 tid=958949 reg/miss hfid=1|768|769 (not in global registry)
428156.736245 tid=958949 reg/miss hfid=1|768|769 (not in global registry)
428156.736270 tid=958949 heap/build hfid=1|768|769 hdr(shards=8 bs_pages=1 cands=0 est_pages=48 est_recs=4001) -> reg/create
428156.736362 tid=958949 reg/create hfid=1|768|769 shards=8 entries=512 cands=0 est(pages=48 recs=4001 sumlen=524884) unfill=1634
428156.736367 tid=958949 reg/global-hit->tls hfid=1|768|769 tls_size=0
428156.736372 tid=958949 find/enter hfid=1|768|769 size=128 consume=132 needed=1766 newrec=1 start_shard=0 bias=0
428156.736376 tid=958949 shard/find sh=0x5612e2438c40 needed=1766 consume=132 tier_min=0
428156.736379 tid=958949 L1/probe sh=0x5612e2438c40 l2=0 l1=0 rec_fs=1688 vpid=1|769 needed=1766 force=0
428156.736383 tid=958949 L1/probe sh=0x5612e2438c40 l2=0 l1=1 rec_fs=1688 vpid=1|774 needed=1766 force=0
428156.736386 tid=958949 L1/probe sh=0x5612e2438c40 l2=0 l1=2 rec_fs=1744 vpid=1|773 needed=1766 force=0
428156.736390 tid=958949 L1/probe sh=0x5612e2438c40 l2=0 l1=3 rec_fs=1744 vpid=1|772 needed=1766 force=0
428156.736392 tid=958949 L1/probe sh=0x5612e2438c40 l2=0 l1=4 rec_fs=1744 vpid=1|771 needed=1766 force=0
428156.736395 tid=958949 L1/probe sh=0x5612e2438c40 l2=0 l1=5 rec_fs=1744 vpid=1|786 needed=1766 force=0
428156.736398 tid=958949 L1/probe sh=0x5612e2438c40 l2=0 l1=6 rec_fs=1720 vpid=1|785 needed=1766 force=0
428156.736401 tid=958949 L1/probe sh=0x5612e2438c40 l2=0 l1=7 rec_fs=1704 vpid=1|784 needed=1766 force=0
428156.736404 tid=958949 L1/probe sh=0x5612e2438c40 l2=1 l1=0 rec_fs=1720 vpid=1|783 needed=1766 force=0
428156.736408 tid=958949 L1/probe sh=0x5612e2438c40 l2=1 l1=1 rec_fs=1712 vpid=1|790 needed=1766 force=0
428156.736411 tid=958949 L1/probe sh=0x5612e2438c40 l2=1 l1=2 rec_fs=1712 vpid=1|789 needed=1766 force=0
428156.736414 tid=958949 L1/probe sh=0x5612e2438c40 l2=1 l1=3 rec_fs=1712 vpid=1|788 needed=1766 force=0
428156.736417 tid=958949 L1/probe sh=0x5612e2438c40 l2=1 l1=4 rec_fs=1712 vpid=1|787 needed=1766 force=0
428156.736420 tid=958949 L1/probe sh=0x5612e2438c40 l2=1 l1=5 rec_fs=1712 vpid=1|794 needed=1766 force=0
428156.736422 tid=958949 L1/probe sh=0x5612e2438c40 l2=1 l1=6 rec_fs=1712 vpid=1|793 needed=1766 force=0
428156.736425 tid=958949 L1/probe sh=0x5612e2438c40 l2=1 l1=7 rec_fs=1712 vpid=1|792 needed=1766 force=0
428156.736428 tid=958949 L1/probe sh=0x5612e2438c40 l2=2 l1=0 rec_fs=1712 vpid=1|791 needed=1766 force=0
428156.736431 tid=958949 L1/probe sh=0x5612e2438c40 l2=2 l1=1 rec_fs=1712 vpid=1|798 needed=1766 force=0
428156.736433 tid=958949 L1/probe sh=0x5612e2438c40 l2=2 l1=2 rec_fs=1712 vpid=1|797 needed=1766 force=0
428156.736435 tid=958949 L1/probe sh=0x5612e2438c40 l2=2 l1=3 rec_fs=1712 vpid=1|796 needed=1766 force=0
428156.736438 tid=958949 L1/probe sh=0x5612e2438c40 l2=2 l1=4 rec_fs=1712 vpid=1|795 needed=1766 force=0
428156.736441 tid=958949 L1/probe sh=0x5612e2438c40 l2=2 l1=5 rec_fs=1712 vpid=1|802 needed=1766 force=0
428156.736443 tid=958949 L1/probe sh=0x5612e2438c40 l2=2 l1=6 rec_fs=1712 vpid=1|801 needed=1766 force=0
428156.736446 tid=958949 L1/probe sh=0x5612e2438c40 l2=2 l1=7 rec_fs=1712 vpid=1|800 needed=1766 force=0
428156.736449 tid=958949 L1/probe sh=0x5612e2438c40 l2=3 l1=0 rec_fs=1712 vpid=1|799 needed=1766 force=0
428156.736451 tid=958949 L1/probe sh=0x5612e2438c40 l2=3 l1=1 rec_fs=1712 vpid=1|806 needed=1766 force=0
428156.736454 tid=958949 L1/probe sh=0x5612e2438c40 l2=3 l1=2 rec_fs=1696 vpid=1|805 needed=1766 force=0
428156.736457 tid=958949 L1/probe sh=0x5612e2438c40 l2=3 l1=3 rec_fs=1744 vpid=1|804 needed=1766 force=0
428156.736460 tid=958949 L1/probe sh=0x5612e2438c40 l2=3 l1=4 rec_fs=1720 vpid=1|803 needed=1766 force=0
428156.736463 tid=958949 L1/probe sh=0x5612e2438c40 l2=3 l1=5 rec_fs=1728 vpid=1|778 needed=1766 force=0
428156.736465 tid=958949 L1/probe sh=0x5612e2438c40 l2=3 l1=6 rec_fs=1712 vpid=1|809 needed=1766 force=0
428156.736481 tid=958949 L1/probe sh=0x5612e2438c40 l2=3 l1=7 rec_fs=1712 vpid=1|808 needed=1766 force=0
428156.736484 tid=958949 L1/probe sh=0x5612e2438c40 l2=4 l1=0 rec_fs=1712 vpid=1|807 needed=1766 force=0
428156.736488 tid=958949 L1/probe sh=0x5612e2438c40 l2=4 l1=1 rec_fs=1712 vpid=1|813 needed=1766 force=0
428156.736491 tid=958949 L1/probe sh=0x5612e2438c40 l2=4 l1=2 rec_fs=1712 vpid=1|812 needed=1766 force=0
428156.736493 tid=958949 L1/probe sh=0x5612e2438c40 l2=4 l1=3 rec_fs=1712 vpid=1|811 needed=1766 force=0
428156.736496 tid=958949 L1/probe sh=0x5612e2438c40 l2=4 l1=4 rec_fs=1712 vpid=1|810 needed=1766 force=0
428156.736499 tid=958949 L1/probe sh=0x5612e2438c40 l2=4 l1=5 rec_fs=13136 vpid=1|817 needed=1766 force=0
428156.736530 tid=958949 L1/FOUND sh=0x5612e2438c40 l2=4 l1=5 vpid=1|817 actual=13320 newL1=13188
428156.736534 tid=958949 find/FOUND shard=0 tried=1 vpid=1|817
428156.736538 tid=958949 heap/insert-location page=1|817 (home page fixed with WRITE latch)
428156.737359 tid=958949 heap/find_bestpage class=0|209|6 hfid=1|768|769 size=128 newrec=1
428156.737379 tid=958949 find/enter hfid=1|768|769 size=128 consume=132 needed=1766 newrec=1 start_shard=0 bias=0
428156.737384 tid=958949 shard/find sh=0x5612e2438c40 needed=1766 consume=132 tier_min=0
428156.737389 tid=958949 L1/probe sh=0x5612e2438c40 l2=0 l1=0 rec_fs=1688 vpid=1|769 needed=1766 force=0
428156.737393 tid=958949 L1/probe sh=0x5612e2438c40 l2=0 l1=1 rec_fs=1688 vpid=1|774 needed=1766 force=0
428156.737396 tid=958949 L1/probe sh=0x5612e2438c40 l2=0 l1=2 rec_fs=1744 vpid=1|773 needed=1766 force=0
428156.737399 tid=958949 L1/probe sh=0x5612e2438c40 l2=0 l1=3 rec_fs=1744 vpid=1|772 needed=1766 force=0
428156.737402 tid=958949 L1/probe sh=0x5612e2438c40 l2=0 l1=4 rec_fs=1744 vpid=1|771 needed=1766 force=0
428156.737406 tid=958949 L1/probe sh=0x5612e2438c40 l2=0 l1=5 rec_fs=1744 vpid=1|786 needed=1766 force=0
428156.737408 tid=958949 L1/probe sh=0x5612e2438c40 l2=0 l1=6 rec_fs=1720 vpid=1|785 needed=1766 force=0
428156.737411 tid=958949 L1/probe sh=0x5612e2438c40 l2=0 l1=7 rec_fs=1704 vpid=1|784 needed=1766 force=0
428156.737414 tid=958949 L1/probe sh=0x5612e2438c40 l2=1 l1=0 rec_fs=1720 vpid=1|783 needed=1766 force=0
428156.737419 tid=958949 L1/probe sh=0x5612e2438c40 l2=1 l1=1 rec_fs=1712 vpid=1|790 needed=1766 force=0
428156.737421 tid=958949 L1/probe sh=0x5612e2438c40 l2=1 l1=2 rec_fs=1712 vpid=1|789 needed=1766 force=0
428156.737424 tid=958949 L1/probe sh=0x5612e2438c40 l2=1 l1=3 rec_fs=1712 vpid=1|788 needed=1766 force=0
428156.737428 tid=958949 L1/probe sh=0x5612e2438c40 l2=1 l1=4 rec_fs=1712 vpid=1|787 needed=1766 force=0
428156.737431 tid=958949 L1/probe sh=0x5612e2438c40 l2=1 l1=5 rec_fs=1712 vpid=1|794 needed=1766 force=0
428156.737434 tid=958949 L1/probe sh=0x5612e2438c40 l2=1 l1=6 rec_fs=1712 vpid=1|793 needed=1766 force=0
428156.737437 tid=958949 L1/probe sh=0x5612e2438c40 l2=1 l1=7 rec_fs=1712 vpid=1|792 needed=1766 force=0
428156.737440 tid=958949 L1/probe sh=0x5612e2438c40 l2=2 l1=0 rec_fs=1712 vpid=1|791 needed=1766 force=0
428156.737443 tid=958949 L1/probe sh=0x5612e2438c40 l2=2 l1=1 rec_fs=1712 vpid=1|798 needed=1766 force=0
428156.737446 tid=958949 L1/probe sh=0x5612e2438c40 l2=2 l1=2 rec_fs=1712 vpid=1|797 needed=1766 force=0
428156.737449 tid=958949 L1/probe sh=0x5612e2438c40 l2=2 l1=3 rec_fs=1712 vpid=1|796 needed=1766 force=0
428156.737452 tid=958949 L1/probe sh=0x5612e2438c40 l2=2 l1=4 rec_fs=1712 vpid=1|795 needed=1766 force=0
428156.737455 tid=958949 L1/probe sh=0x5612e2438c40 l2=2 l1=5 rec_fs=1712 vpid=1|802 needed=1766 force=0
428156.737458 tid=958949 L1/probe sh=0x5612e2438c40 l2=2 l1=6 rec_fs=1712 vpid=1|801 needed=1766 force=0
428156.737461 tid=958949 L1/probe sh=0x5612e2438c40 l2=2 l1=7 rec_fs=1712 vpid=1|800 needed=1766 force=0
428156.737465 tid=958949 L1/probe sh=0x5612e2438c40 l2=3 l1=0 rec_fs=1712 vpid=1|799 needed=1766 force=0
428156.737468 tid=958949 L1/probe sh=0x5612e2438c40 l2=3 l1=1 rec_fs=1712 vpid=1|806 needed=1766 force=0
428156.737470 tid=958949 L1/probe sh=0x5612e2438c40 l2=3 l1=2 rec_fs=1696 vpid=1|805 needed=1766 force=0
