427600.646782 tid=261493 reg/miss hfid=0|768|769 (not in global registry)
427600.648678 tid=261493 heap/find_bestpage class=0|193|1 hfid=0|192|193 size=628 newrec=1
427600.648689 tid=261493 reg/miss hfid=0|192|193 (not in global registry)
427600.648694 tid=261493 reg/miss hfid=0|192|193 (not in global registry)
427600.648699 tid=261493 heap/build hfid=0|192|193 hdr(shards=1 bs_pages=1 cands=1 est_pages=17 est_recs=77) -> reg/create
427600.648707 tid=261493 cq/push vpid=-1|-1 fs=0 size=1
427600.648710 tid=261493 reg/create hfid=0|192|193 shards=1 entries=64 cands=1 est(pages=17 recs=77 sumlen=148184) unfill=1634
427600.648712 tid=261493 reg/global-hit->tls hfid=0|192|193 tls_size=0
427600.648715 tid=261493 find/enter hfid=0|192|193 size=628 consume=632 needed=2266 newrec=1 start_shard=0 bias=0
427600.648717 tid=261493 shard/find sh=0x55954aa711c0 needed=2266 consume=632 tier_min=0
427600.648720 tid=261493 L1/probe sh=0x55954aa711c0 l2=0 l1=0 rec_fs=1688 vpid=0|193 needed=2266 force=0
427600.648722 tid=261493 L1/probe sh=0x55954aa711c0 l2=0 l1=1 rec_fs=1720 vpid=0|198 needed=2266 force=0
427600.648724 tid=261493 L1/probe sh=0x55954aa711c0 l2=0 l1=3 rec_fs=1676 vpid=0|196 needed=2266 force=0
427600.648725 tid=261493 L1/probe sh=0x55954aa711c0 l2=0 l1=4 rec_fs=1488 vpid=0|195 needed=2266 force=0
427600.648727 tid=261493 L1/probe sh=0x55954aa711c0 l2=0 l1=6 rec_fs=1324 vpid=0|201 needed=2266 force=0
427600.648728 tid=261493 L1/probe sh=0x55954aa711c0 l2=0 l1=7 rec_fs=1812 vpid=0|200 needed=2266 force=0
427600.648730 tid=261493 L1/probe sh=0x55954aa711c0 l2=1 l1=0 rec_fs=1760 vpid=0|199 needed=2266 force=0
427600.648731 tid=261493 L1/probe sh=0x55954aa711c0 l2=1 l1=2 rec_fs=1680 vpid=0|205 needed=2266 force=0
427600.648733 tid=261493 L1/probe sh=0x55954aa711c0 l2=1 l1=3 rec_fs=1644 vpid=0|204 needed=2266 force=0
427600.648734 tid=261493 L1/probe sh=0x55954aa711c0 l2=1 l1=6 rec_fs=7772 vpid=0|209 needed=2266 force=0
427600.648738 tid=261493 L1/FOUND sh=0x55954aa711c0 l2=1 l1=6 vpid=0|209 actual=7772 newL1=7140
427600.648741 tid=261493 find/FOUND shard=0 tried=1 vpid=0|209
427600.648743 tid=261493 heap/insert-location page=0|209 (home page fixed with WRITE latch)
427600.648882 tid=261493 reg/miss hfid=0|1280|1281 (not in global registry)
427600.648896 tid=261493 heap/find_bestpage class=0|193|6 hfid=0|1280|1281 size=8 newrec=1
427600.648898 tid=261493 reg/miss hfid=0|1280|1281 (not in global registry)
427600.648903 tid=261493 reg/miss hfid=0|1280|1281 (not in global registry)
427600.648919 tid=261493 heap/build hfid=0|1280|1281 hdr(shards=8 bs_pages=1 cands=0 est_pages=5 est_recs=76) -> reg/create
427600.648958 tid=261493 reg/create hfid=0|1280|1281 shards=8 entries=512 cands=0 est(pages=5 recs=76 sumlen=608) unfill=1634
427600.648960 tid=261493 reg/global-hit->tls hfid=0|1280|1281 tls_size=1
427600.648962 tid=261493 find/enter hfid=0|1280|1281 size=8 consume=12 needed=1646 newrec=1 start_shard=0 bias=0
427600.648964 tid=261493 shard/find sh=0x55954aaa8c00 needed=1646 consume=12 tier_min=0
427600.648966 tid=261493 L1/probe sh=0x55954aaa8c00 l2=0 l1=0 rec_fs=1376 vpid=0|1281 needed=1646 force=0
427600.648968 tid=261493 L1/probe sh=0x55954aaa8c00 l2=0 l1=1 rec_fs=1388 vpid=0|1286 needed=1646 force=0
427600.648970 tid=261493 L1/probe sh=0x55954aaa8c00 l2=0 l1=2 rec_fs=12792 vpid=0|1285 needed=1646 force=0
427600.648982 tid=261493 L1/FOUND sh=0x55954aaa8c00 l2=0 l1=2 vpid=0|1285 actual=12572 newL1=12560
427600.648983 tid=261493 find/FOUND shard=0 tried=1 vpid=0|1285
427600.648985 tid=261493 heap/insert-location page=0|1285 (home page fixed with WRITE latch)
427600.649045 tid=261493 reg/miss hfid=0|1408|1409 (not in global registry)
427600.649062 tid=261493 heap/find_bestpage class=0|193|7 hfid=0|1408|1409 size=8 newrec=1
427600.649064 tid=261493 reg/miss hfid=0|1408|1409 (not in global registry)
427600.649068 tid=261493 reg/miss hfid=0|1408|1409 (not in global registry)
427600.649082 tid=261493 heap/build hfid=0|1408|1409 hdr(shards=8 bs_pages=1 cands=0 est_pages=9 est_recs=838) -> reg/create
427600.649120 tid=261493 reg/create hfid=0|1408|1409 shards=8 entries=512 cands=0 est(pages=9 recs=838 sumlen=6704) unfill=1634
427600.649127 tid=261493 reg/global-hit->tls hfid=0|1408|1409 tls_size=2
427600.649129 tid=261493 find/enter hfid=0|1408|1409 size=8 consume=12 needed=1646 newrec=1 start_shard=0 bias=0
427600.649131 tid=261493 shard/find sh=0x55954aab4900 needed=1646 consume=12 tier_min=0
427600.649133 tid=261493 L1/probe sh=0x55954aab4900 l2=0 l1=0 rec_fs=1628 vpid=0|1409 needed=1646 force=0
427600.649135 tid=261493 L1/probe sh=0x55954aab4900 l2=0 l1=1 rec_fs=1644 vpid=0|1414 needed=1646 force=0
427600.649136 tid=261493 L1/probe sh=0x55954aab4900 l2=0 l1=2 rec_fs=1636 vpid=0|1413 needed=1646 force=0
427600.649138 tid=261493 L1/probe sh=0x55954aab4900 l2=0 l1=3 rec_fs=1644 vpid=0|1412 needed=1646 force=0
427600.649139 tid=261493 L1/probe sh=0x55954aab4900 l2=0 l1=4 rec_fs=1588 vpid=0|1411 needed=1646 force=0
427600.649141 tid=261493 L1/probe sh=0x55954aab4900 l2=0 l1=5 rec_fs=1588 vpid=0|1418 needed=1646 force=0
427600.649142 tid=261493 L1/probe sh=0x55954aab4900 l2=0 l1=6 rec_fs=1620 vpid=0|1417 needed=1646 force=0
427600.649144 tid=261493 L1/probe sh=0x55954aab4900 l2=0 l1=7 rec_fs=11020 vpid=0|1416 needed=1646 force=0
427600.649159 tid=261493 L1/FOUND sh=0x55954aab4900 l2=0 l1=7 vpid=0|1416 actual=10916 newL1=10904
427600.649160 tid=261493 find/FOUND shard=0 tried=1 vpid=0|1416
427600.649162 tid=261493 heap/insert-location page=0|1416 (home page fixed with WRITE latch)
427600.649201 tid=261493 reg/miss hfid=0|1600|1601 (not in global registry)
427600.649213 tid=261493 heap/find_bestpage class=0|193|8 hfid=0|1600|1601 size=8 newrec=1
427600.649215 tid=261493 reg/miss hfid=0|1600|1601 (not in global registry)
427600.649219 tid=261493 reg/miss hfid=0|1600|1601 (not in global registry)
427600.649235 tid=261493 heap/build hfid=0|1600|1601 hdr(shards=8 bs_pages=1 cands=0 est_pages=5 est_recs=871) -> reg/create
427600.649277 tid=261493 reg/create hfid=0|1600|1601 shards=8 entries=512 cands=0 est(pages=5 recs=871 sumlen=6968) unfill=1634
427600.649280 tid=261493 reg/global-hit->tls hfid=0|1600|1601 tls_size=3
427600.649282 tid=261493 find/enter hfid=0|1600|1601 size=8 consume=12 needed=1646 newrec=1 start_shard=0 bias=0
427600.649283 tid=261493 shard/find sh=0x55954aac0540 needed=1646 consume=12 tier_min=0
427600.649285 tid=261493 L1/probe sh=0x55954aac0540 l2=0 l1=0 rec_fs=1620 vpid=0|1601 needed=1646 force=0
427600.649287 tid=261493 L1/probe sh=0x55954aac0540 l2=0 l1=1 rec_fs=1604 vpid=0|1606 needed=1646 force=0
427600.649288 tid=261493 L1/probe sh=0x55954aac0540 l2=0 l1=2 rec_fs=1644 vpid=0|1605 needed=1646 force=0
427600.649290 tid=261493 L1/probe sh=0x55954aac0540 l2=0 l1=3 rec_fs=1604 vpid=0|1604 needed=1646 force=0
427600.649292 tid=261493 L1/probe sh=0x55954aac0540 l2=0 l1=4 rec_fs=13576 vpid=0|1603 needed=1646 force=0
427600.649305 tid=261493 L1/FOUND sh=0x55954aac0540 l2=0 l1=4 vpid=0|1603 actual=13520 newL1=13508
427600.649306 tid=261493 find/FOUND shard=0 tried=1 vpid=0|1603
427600.649308 tid=261493 heap/insert-location page=0|1603 (home page fixed with WRITE latch)
427600.649445 tid=261493 heap/find_bestpage class=0|193|7 hfid=0|1408|1409 size=8 newrec=1
427600.649448 tid=261493 find/enter hfid=0|1408|1409 size=8 consume=12 needed=1646 newrec=1 start_shard=0 bias=0
427600.649450 tid=261493 shard/find sh=0x55954aab4900 needed=1646 consume=12 tier_min=0
427600.649451 tid=261493 L1/probe sh=0x55954aab4900 l2=0 l1=0 rec_fs=1628 vpid=0|1409 needed=1646 force=0
427600.649453 tid=261493 L1/probe sh=0x55954aab4900 l2=0 l1=1 rec_fs=1644 vpid=0|1414 needed=1646 force=0
427600.649455 tid=261493 L1/probe sh=0x55954aab4900 l2=0 l1=2 rec_fs=1636 vpid=0|1413 needed=1646 force=0
427600.649456 tid=261493 L1/probe sh=0x55954aab4900 l2=0 l1=3 rec_fs=1644 vpid=0|1412 needed=1646 force=0
427600.649458 tid=261493 L1/probe sh=0x55954aab4900 l2=0 l1=4 rec_fs=1588 vpid=0|1411 needed=1646 force=0
427600.649459 tid=261493 L1/probe sh=0x55954aab4900 l2=0 l1=5 rec_fs=1588 vpid=0|1418 needed=1646 force=0
427600.649461 tid=261493 L1/probe sh=0x55954aab4900 l2=0 l1=6 rec_fs=1620 vpid=0|1417 needed=1646 force=0
427600.649466 tid=261493 L1/probe sh=0x55954aab4900 l2=0 l1=7 rec_fs=10904 vpid=0|1416 needed=1646 force=0
427600.649468 tid=261493 L1/FOUND sh=0x55954aab4900 l2=0 l1=7 vpid=0|1416 actual=10800 newL1=10788
427600.649470 tid=261493 find/FOUND shard=0 tried=1 vpid=0|1416
427600.649471 tid=261493 heap/insert-location page=0|1416 (home page fixed with WRITE latch)
427600.649476 tid=261493 heap/find_bestpage class=0|193|8 hfid=0|1600|1601 size=8 newrec=1
427600.649478 tid=261493 find/enter hfid=0|1600|1601 size=8 consume=12 needed=1646 newrec=1 start_shard=0 bias=0
427600.649479 tid=261493 shard/find sh=0x55954aac0540 needed=1646 consume=12 tier_min=0
427600.649481 tid=261493 L1/probe sh=0x55954aac0540 l2=0 l1=0 rec_fs=1620 vpid=0|1601 needed=1646 force=0
427600.649482 tid=261493 L1/probe sh=0x55954aac0540 l2=0 l1=1 rec_fs=1604 vpid=0|1606 needed=1646 force=0
427600.649484 tid=261493 L1/probe sh=0x55954aac0540 l2=0 l1=2 rec_fs=1644 vpid=0|1605 needed=1646 force=0
427600.649485 tid=261493 L1/probe sh=0x55954aac0540 l2=0 l1=3 rec_fs=1604 vpid=0|1604 needed=1646 force=0
427600.649487 tid=261493 L1/probe sh=0x55954aac0540 l2=0 l1=4 rec_fs=13508 vpid=0|1603 needed=1646 force=0
427600.649489 tid=261493 L1/FOUND sh=0x55954aac0540 l2=0 l1=4 vpid=0|1603 actual=13452 newL1=13440
427600.649490 tid=261493 find/FOUND shard=0 tried=1 vpid=0|1603
427600.649492 tid=261493 heap/insert-location page=0|1603 (home page fixed with WRITE latch)
427600.649706 tid=261493 heap/create_bestspace hfid=1|704|705 shards=8 bs_pages=1 p0=1|706
427600.650975 tid=261493 heap/find_bestpage class=0|209|5 hfid=1|704|705 size=24 newrec=1
427600.650989 tid=261493 reg/miss hfid=1|704|705 (not in global registry)
427600.650991 tid=261493 reg/miss hfid=1|704|705 (not in global registry)
427600.650994 tid=261493 heap/build hfid=1|704|705 hdr(shards=8 bs_pages=1 cands=0 est_pages=1 est_recs=0) -> reg/create
427600.651037 tid=261493 reg/create hfid=1|704|705 shards=8 entries=512 cands=0 est(pages=1 recs=0 sumlen=0) unfill=1634
427600.651041 tid=261493 reg/global-hit->tls hfid=1|704|705 tls_size=4
427600.651043 tid=261493 find/enter hfid=1|704|705 size=24 consume=28 needed=1662 newrec=1 start_shard=0 bias=0
427600.651046 tid=261493 shard/find sh=0x55954aad9a00 needed=1662 consume=28 tier_min=0
427600.651048 tid=261493 L1/probe sh=0x55954aad9a00 l2=0 l1=0 rec_fs=15152 vpid=1|705 needed=1662 force=0
427600.651052 tid=261493 L1/FOUND sh=0x55954aad9a00 l2=0 l1=0 vpid=1|705 actual=15152 newL1=15124
427600.651054 tid=261493 find/FOUND shard=0 tried=1 vpid=1|705
427600.651055 tid=261493 heap/insert-location page=1|705 (home page fixed with WRITE latch)
427600.653042 tid=261493 heap/find_bestpage class=0|209|5 hfid=1|704|705 size=24 newrec=1
427600.653052 tid=261493 find/enter hfid=1|704|705 size=24 consume=28 needed=1662 newrec=1 start_shard=0 bias=0
427600.653054 tid=261493 shard/find sh=0x55954aad9a00 needed=1662 consume=28 tier_min=0
427600.653057 tid=261493 L1/probe sh=0x55954aad9a00 l2=0 l1=0 rec_fs=15124 vpid=1|705 needed=1662 force=0
427600.653060 tid=261493 L1/FOUND sh=0x55954aad9a00 l2=0 l1=0 vpid=1|705 actual=15124 newL1=15096
427600.653062 tid=261493 find/FOUND shard=0 tried=1 vpid=1|705
427600.653063 tid=261493 heap/insert-location page=1|705 (home page fixed with WRITE latch)
427600.653298 tid=261493 heap/find_bestpage class=0|209|5 hfid=1|704|705 size=24 newrec=1
427600.653304 tid=261493 find/enter hfid=1|704|705 size=24 consume=28 needed=1662 newrec=1 start_shard=0 bias=0
427600.653306 tid=261493 shard/find sh=0x55954aad9a00 needed=1662 consume=28 tier_min=0
427600.653308 tid=261493 L1/probe sh=0x55954aad9a00 l2=0 l1=0 rec_fs=15096 vpid=1|705 needed=1662 force=0
427600.653311 tid=261493 L1/FOUND sh=0x55954aad9a00 l2=0 l1=0 vpid=1|705 actual=15096 newL1=15068
427600.653313 tid=261493 find/FOUND shard=0 tried=1 vpid=1|705
427600.653315 tid=261493 heap/insert-location page=1|705 (home page fixed with WRITE latch)
427600.653601 tid=261493 heap/disk-sync hfid=1|704|705 entries=512 cands=0 est(pages=1 recs=3 sumlen=72) -> write shard pages + header
427600.653634 tid=261493 heap/disk-sync hfid=0|1600|1601 entries=512 cands=0 est(pages=5 recs=873 sumlen=6984) -> write shard pages + header
427600.653656 tid=261493 heap/disk-sync hfid=0|1408|1409 entries=512 cands=0 est(pages=9 recs=840 sumlen=6720) -> write shard pages + header
427600.653678 tid=261493 heap/disk-sync hfid=0|1280|1281 entries=512 cands=0 est(pages=5 recs=77 sumlen=616) -> write shard pages + header
427600.653697 tid=261493 heap/disk-sync hfid=0|192|193 entries=64 cands=1 est(pages=17 recs=78 sumlen=148812) -> write shard pages + header
