Worktree: /home/vimkim/gh/cb/pr7925-02-record-owner
State: ready
Selected installation: /home/vimkim/.cub/install/pr7925-02-record-owner/debug_gcc (preset debug_gcc)
DB t02_b_small: data=/home/vimkim/gh/cb/pr7925-02-record-owner/.cub-workenv/ticket02-benchmark/t02_b_small/data log=/home/vimkim/gh/cb/pr7925-02-record-owner/.cub-workenv/ticket02-benchmark/t02_b_small/log LOB=/home/vimkim/gh/cb/pr7925-02-record-owner/.cub-workenv/ticket02-benchmark/t02_b_small/lob (registration inspection only)
DB t02_ba_small: data=/home/vimkim/gh/cb/pr7925-02-record-owner/.cub-workenv/ticket02-benchmark/t02_ba_small/data log=/home/vimkim/gh/cb/pr7925-02-record-owner/.cub-workenv/ticket02-benchmark/t02_ba_small/log LOB=/home/vimkim/gh/cb/pr7925-02-record-owner/.cub-workenv/ticket02-benchmark/t02_ba_small/lob (registration inspection only)
DB t02_ba_oos: data=/home/vimkim/gh/cb/pr7925-02-record-owner/.cub-workenv/ticket02-benchmark/t02_ba_oos/data log=/home/vimkim/gh/cb/pr7925-02-record-owner/.cub-workenv/ticket02-benchmark/t02_ba_oos/log LOB=/home/vimkim/gh/cb/pr7925-02-record-owner/.cub-workenv/ticket02-benchmark/t02_ba_oos/lob (registration inspection only)
DB t02_fi_small: data=/home/vimkim/gh/cb/pr7925-02-record-owner/.cub-workenv/ticket02-benchmark/t02_fi_small/data log=/home/vimkim/gh/cb/pr7925-02-record-owner/.cub-workenv/ticket02-benchmark/t02_fi_small/log LOB=/home/vimkim/gh/cb/pr7925-02-record-owner/.cub-workenv/ticket02-benchmark/t02_fi_small/lob (registration inspection only)
DB t02_fi_oos: data=/home/vimkim/gh/cb/pr7925-02-record-owner/.cub-workenv/ticket02-benchmark/t02_fi_oos/data log=/home/vimkim/gh/cb/pr7925-02-record-owner/.cub-workenv/ticket02-benchmark/t02_fi_oos/log LOB=/home/vimkim/gh/cb/pr7925-02-record-owner/.cub-workenv/ticket02-benchmark/t02_fi_oos/lob (registration inspection only)
DB t02_re_small: data=/home/vimkim/gh/cb/pr7925-02-record-owner/.cub-workenv/ticket02-benchmark/t02_re_small/data log=/home/vimkim/gh/cb/pr7925-02-record-owner/.cub-workenv/ticket02-benchmark/t02_re_small/log LOB=/home/vimkim/gh/cb/pr7925-02-record-owner/.cub-workenv/ticket02-benchmark/t02_re_small/lob (registration inspection only)
DB t02_re_oos: data=/home/vimkim/gh/cb/pr7925-02-record-owner/.cub-workenv/ticket02-benchmark/t02_re_oos/data log=/home/vimkim/gh/cb/pr7925-02-record-owner/.cub-workenv/ticket02-benchmark/t02_re_oos/log LOB=/home/vimkim/gh/cb/pr7925-02-record-owner/.cub-workenv/ticket02-benchmark/t02_re_oos/lob (registration inspection only)
Process inspection: 2422 inaccessible PIDs; absent owner evidence is not proof of inactivity
[0mdirenv: loading ~/gh/cb/pr7925-02-record-owner/.envrc
Preset Mode: debug_gcc
Install Dir: /home/vimkim/.cub/install/pr7925-02-record-owner/debug_gcc
DB Dir: /home/vimkim/gh/cb/pr7925-02-record-owner/.cub-workenv/databases
Build Dir: /home/vimkim/gh/cb/pr7925-02-record-owner/build_preset_debug_gcc
cub-workenv: Unix socket path /tmp/cwe-1000/9c03679608bb/sp_t02_b_small.sock: stale or unconfirmed filesystem entry; inspect its owner manually before any removal
Unix socket path /tmp/cwe-1000/9c03679608bb/sp_t02_ba_small.sock: stale or unconfirmed filesystem entry; inspect its owner manually before any removal
Unix socket path /tmp/cwe-1000/9c03679608bb/sp_t02_ba_oos.sock: stale or unconfirmed filesystem entry; inspect its owner manually before any removal
Unix socket path /tmp/cwe-1000/9c03679608bb/sp_t02_fi_small.sock: stale or unconfirmed filesystem entry; inspect its owner manually before any removal
Unix socket path /tmp/cwe-1000/9c03679608bb/sp_t02_fi_oos.sock: stale or unconfirmed filesystem entry; inspect its owner manually before any removal
Unix socket path /tmp/cwe-1000/9c03679608bb/sp_t02_re_small.sock: stale or unconfirmed filesystem entry; inspect its owner manually before any removal
Unix socket path /tmp/cwe-1000/9c03679608bb/sp_t02_re_oos.sock: stale or unconfirmed filesystem entry; inspect its owner manually before any removal
Inspect and correct manually; no changes performed.
