[Task Id] is 0
[TASK START] Current Time is Fri Sep 11 14:40:21 KST 2026, start MSG Id is null
Test Category:shell
The Number of Test Cases: 1 (macro skipped: 0, bug skipped: 0)
[OK]:  /home/vimkim/gh/tc/cubrid-testcases-private-ex-cbrd-26659/shell/_06_issues/_26_2h/cbrd_26659_oos_dur01/cases/cbrd_26659_oos_dur01.sh 17353 EnvId=local[local]
cbrd_26659_oos_dur01-1 : OK  engine_identity_recorded
cbrd_26659_oos_dur01-2 : OK  database_page_size_is_16384
cbrd_26659_oos_dur01-3 : OK  durable_commit_configuration_verified
cbrd_26659_oos_dur01-4 : OK  insert_transaction_acknowledged
cbrd_26659_oos_dur01-5 : OK  oos_activation_after_insert
cbrd_26659_oos_dur01-6 : OK  update_transaction_acknowledged
cbrd_26659_oos_dur01-7 : OK  delete_transaction_acknowledged
cbrd_26659_oos_dur01-8 : OK  server_crashed_by_kill_9
cbrd_26659_oos_dur01-9 : OK  server_restarted_within_deadline
cbrd_26659_oos_dur01-10 : OK  recovered_row_count_is_3
cbrd_26659_oos_dur01-11 : OK  recovered_value_id1_single_chunk_oos
cbrd_26659_oos_dur01-12 : OK  recovered_value_id2_multi_chunk_oos
cbrd_26659_oos_dur01-13 : OK  recovered_value_id3_inline_comparator
cbrd_26659_oos_dur01-14 : OK  committed_delete_survived_recovery
cbrd_26659_oos_dur01-15 : OK  oos_activation_after_recovery
cbrd_26659_oos_dur01-16 : OK  checkdb_after_recovery_is_clean
cbrd_26659_oos_dur01-17 : OK  debug_oos_log_records_chain_delete
14:40:39----/home/vimkim/gh/tc/cubrid-testcases-private-ex-cbrd-26659/shell/_06_issues/_26_2h/cbrd_26659_oos_dur01/cases--- time=16


============= PRINT SUMMARY ==================
Test Category:shell
Total Case:1
Total Execution Case:1
Total Success Case:1
Total Fail Case:0
Total Skip Case:0
[TEST STOP] Current Time is Fri Sep 11 14:40:40 KST 2026
Elapse Time:19314
