Execute OK. (0.004000 sec) Committed. (0.001000 sec) 
Execute OK. (0.002000 sec) Committed. (0.001000 sec) 
Execute OK. (0.001000 sec) Committed. (0.001000 sec) 
1 row affected. (0.001000 sec) Committed. (0.000000 sec) 
1 row affected. (0.000000 sec) Committed. (0.001000 sec) 
1 row affected. (0.000000 sec) Committed. (0.000000 sec) 

=== <Result of SELECT Command in Line 9> ===

  probe                 whole_value_eq        bytes    disk_size
================================================================
  'a_in 4035'                        1         1008         4040

1 row selected. (0.000000 sec) Committed. (0.000000 sec) 

=== <Result of SELECT Command in Line 10> ===

  probe                 whole_value_eq        bytes    disk_size
================================================================
  'a_out 4036'                       1         1009         4044

1 row selected. (0.001000 sec) Committed. (0.000000 sec) 

=== <Result of SELECT Command in Line 11> ===

  probe                 whole_value_eq        bytes    disk_size
================================================================
  'a_norm 4012'                      1         1003         4020

1 row selected. (0.001000 sec) Committed. (0.000000 sec) 

=== <Result of SELECT Command in Line 12> ===

  Table_name            Class_oid             Heap_volume_id  Heap_file_id  Heap_header_page_id  Has_oos_file  Oos_volume_id  Oos_file_id  Oos_num_user_pages  Oos_page_size  Oos_num_recs       Oos_recs_sumlen    Oos_physical_bytes      Oos_unused_bytes
============================================================================================================================================================================================================================================================
  'dba.a_in'            '(0|209|2)'                        1           576                  577             0           NULL         NULL                   0          16344             0                     0                     0                     0

1 row selected. (0.000000 sec) Committed. (0.000000 sec) 

=== <Result of SELECT Command in Line 13> ===

  Table_name            Class_oid             Heap_volume_id  Heap_file_id  Heap_header_page_id  Has_oos_file  Oos_volume_id  Oos_file_id  Oos_num_user_pages  Oos_page_size  Oos_num_recs       Oos_recs_sumlen    Oos_physical_bytes      Oos_unused_bytes
============================================================================================================================================================================================================================================================
  'dba.a_out'           '(0|209|3)'                        1           640                  641             1              1          768                   2          16344             1                  4060                 32688                 28628

1 row selected. (0.000000 sec) Committed. (0.000000 sec) 

=== <Result of SELECT Command in Line 14> ===

  Table_name            Class_oid             Heap_volume_id  Heap_file_id  Heap_header_page_id  Has_oos_file  Oos_volume_id  Oos_file_id  Oos_num_user_pages  Oos_page_size  Oos_num_recs       Oos_recs_sumlen    Oos_physical_bytes      Oos_unused_bytes
============================================================================================================================================================================================================================================================
  'dba.a_norm'          '(0|209|4)'                        1           704                  705             0           NULL         NULL                   0          16344             0                     0                     0                     0

1 row selected. (0.000000 sec) Committed. (0.000000 sec) 
Execute OK. (0.001000 sec) Committed. (0.000000 sec) 
Execute OK. (0.002000 sec) Committed. (0.000000 sec) 
1 row affected. (0.001000 sec) Committed. (0.000000 sec) 
1 row affected. (0.001000 sec) Committed. (0.000000 sec) 

=== <Result of SELECT Command in Line 20> ===

  probe                 whole_value_eq        bytes
===================================================
  'c1 16283'                         1         4070

1 row selected. (0.001000 sec) Committed. (0.000000 sec) 

=== <Result of SELECT Command in Line 21> ===

  probe                 whole_value_eq        bytes
===================================================
  'c2 16284'                         1         4071

1 row selected. (0.001000 sec) Committed. (0.000000 sec) 

=== <Result of SELECT Command in Line 22> ===

  Table_name            Class_oid             Heap_volume_id  Heap_file_id  Heap_header_page_id  Has_oos_file  Oos_volume_id  Oos_file_id  Oos_num_user_pages  Oos_page_size  Oos_num_recs       Oos_recs_sumlen    Oos_physical_bytes      Oos_unused_bytes
============================================================================================================================================================================================================================================================
  'dba.c1'              '(0|209|5)'                        1           832                  833             1              1          960                   2          16344             1                 16304                 32688                 16384

1 row selected. (0.000000 sec) Committed. (0.000000 sec) 

=== <Result of SELECT Command in Line 23> ===

  Table_name            Class_oid             Heap_volume_id  Heap_file_id  Heap_header_page_id  Has_oos_file  Oos_volume_id  Oos_file_id  Oos_num_user_pages  Oos_page_size  Oos_num_recs       Oos_recs_sumlen    Oos_physical_bytes      Oos_unused_bytes
============================================================================================================================================================================================================================================================
  'dba.c2'              '(0|209|6)'                        1           896                  897             1              1         1024                   3          16344             2                 16324                 49032                 32708

1 row selected. (0.000000 sec) Committed. (0.000000 sec) 
Execute OK. (0.002000 sec) Committed. (0.000000 sec) 
Execute OK. (0.001000 sec) Committed. (0.000000 sec) 
Execute OK. (0.002000 sec) Committed. (0.000000 sec) 
Execute OK. (0.001000 sec) Committed. (0.000000 sec) 
1 row affected. (0.000000 sec) Committed. (0.000000 sec) 
1 row affected. (0.001000 sec) Committed. (0.000000 sec) 
1 row affected. (0.000000 sec) Committed. (0.000000 sec) 
1 row affected. (0.000000 sec) Committed. (0.000000 sec) 

=== <Result of SELECT Command in Line 33> ===

  Table_name            Class_oid             Heap_volume_id  Heap_file_id  Heap_header_page_id  Has_oos_file  Oos_volume_id  Oos_file_id  Oos_num_user_pages  Oos_page_size  Oos_num_recs       Oos_recs_sumlen    Oos_physical_bytes      Oos_unused_bytes
============================================================================================================================================================================================================================================================
  'dba.e15'             '(0|209|7)'                        1          1088                 1089             0           NULL         NULL                   0          16344             0                     0                     0                     0

1 row selected. (0.000000 sec) Committed. (0.000000 sec) 

=== <Result of SELECT Command in Line 34> ===

  Table_name            Class_oid             Heap_volume_id  Heap_file_id  Heap_header_page_id  Has_oos_file  Oos_volume_id  Oos_file_id  Oos_num_user_pages  Oos_page_size  Oos_num_recs       Oos_recs_sumlen    Oos_physical_bytes      Oos_unused_bytes
============================================================================================================================================================================================================================================================
  'dba.e16'             '(0|209|8)'                        1          1152                 1153             1              1         1344                   2          16344             1                    36                 32688                 32652

1 row selected. (0.000000 sec) Committed. (0.000000 sec) 

=== <Result of SELECT Command in Line 35> ===

  Table_name            Class_oid             Heap_volume_id  Heap_file_id  Heap_header_page_id  Has_oos_file  Oos_volume_id  Oos_file_id  Oos_num_user_pages  Oos_page_size  Oos_num_recs       Oos_recs_sumlen    Oos_physical_bytes      Oos_unused_bytes
============================================================================================================================================================================================================================================================
  'dba.e23'             '(0|209|9)'                        1          1216                 1217             1              1         1408                   2          16344             1                    40                 32688                 32648

1 row selected. (0.000000 sec) Committed. (0.000000 sec) 

=== <Result of SELECT Command in Line 36> ===

  Table_name            Class_oid             Heap_volume_id  Heap_file_id  Heap_header_page_id  Has_oos_file  Oos_volume_id  Oos_file_id  Oos_num_user_pages  Oos_page_size  Oos_num_recs       Oos_recs_sumlen    Oos_physical_bytes      Oos_unused_bytes
============================================================================================================================================================================================================================================================
  'dba.e24'             '(0|195|2)'                        1          1280                 1281             1              1         1472                   2          16344             1                    44                 32688                 32644

1 row selected. (0.000000 sec) Committed. (0.000000 sec) 

=== <Result of SELECT Command in Line 37> ===

  probe                 whole_value_eq
======================================
  'e16'                              1

1 row selected. (0.001000 sec) Committed. (0.000000 sec) 

=== <Result of SELECT Command in Line 38> ===

  probe                 whole_value_eq
======================================
  'e24'                              1

1 row selected. (0.000000 sec) Committed. (0.000000 sec) 
Execute OK. (0.002000 sec) Committed. (0.000000 sec) 
Execute OK. (0.001000 sec) Committed. (0.001000 sec) 
1 row affected. (0.001000 sec) Committed. (0.000000 sec) 

In the command from line 43,

ERROR: The record cannot be stored because its size (16237 bytes) still exceeds the maximum record size (16236 bytes) even after moving large variable-length columns to out-of-row storage (OOS). Reduce the size of fixed-length or non-eligible columns.


=== <Result of SELECT Command in Line 44> ===

  probe                             count(*)
============================================
  'b_ok rows'                              1

1 row selected. (0.000000 sec) Committed. (0.000000 sec) 

=== <Result of SELECT Command in Line 45> ===

  probe                             count(*)
============================================
  'b_rej rows'                             0

1 row selected. (0.001000 sec) Committed. (0.000000 sec) 

=== <Result of SELECT Command in Line 46> ===

  Table_name            Class_oid             Heap_volume_id  Heap_file_id  Heap_header_page_id  Has_oos_file  Oos_volume_id  Oos_file_id  Oos_num_user_pages  Oos_page_size  Oos_num_recs       Oos_recs_sumlen    Oos_physical_bytes      Oos_unused_bytes
============================================================================================================================================================================================================================================================
  'dba.b_ok'            '(0|209|10)'                       1          1536                 1537             1              1         1664                   2          16344             1                    88                 32688                 32600

1 row selected. (0.000000 sec) Committed. (0.000000 sec) 

=== <Result of SELECT Command in Line 47> ===

  Table_name            Class_oid             Heap_volume_id  Heap_file_id  Heap_header_page_id  Has_oos_file  Oos_volume_id  Oos_file_id  Oos_num_user_pages  Oos_page_size  Oos_num_recs       Oos_recs_sumlen    Oos_physical_bytes      Oos_unused_bytes
============================================================================================================================================================================================================================================================
  'dba.b_rej'           '(0|195|5)'                        1          1600                 1601             0           NULL         NULL                   0          16344             0                     0                     0                     0

1 row selected. (0.000000 sec) Committed. (0.000000 sec) 
Execute OK. (0.002000 sec) Committed. (0.001000 sec) 
1 row affected. (0.001000 sec) Committed. (0.000000 sec) 

=== <Result of SELECT Command in Line 51> ===

  Table_name            Class_oid             Heap_volume_id  Heap_file_id  Heap_header_page_id  Has_oos_file  Oos_volume_id  Oos_file_id  Oos_num_user_pages  Oos_page_size  Oos_num_recs       Oos_recs_sumlen    Oos_physical_bytes      Oos_unused_bytes
============================================================================================================================================================================================================================================================
  'dba.h'               '(0|209|11)'                       1          1728                 1729             1              1         1792                   2          16344             1                    64                 32688                 32624

1 row selected. (0.000000 sec) Committed. (0.000000 sec) 
csql exit=0 for br16k
