Execute OK. (0.008000 sec) Committed. (0.000000 sec) 
Execute OK. (0.001000 sec) Committed. (0.000000 sec) 
Execute OK. (0.001000 sec) Committed. (0.000000 sec) 
1 row affected. (0.000000 sec) Committed. (0.000000 sec) 
1 row affected. (0.000000 sec) Committed. (0.000000 sec) 
1 row affected. (0.000000 sec) Committed. (0.000000 sec) 

=== <Result of SELECT Command in Line 9> ===

  probe                 whole_value_eq        bytes    disk_size
================================================================
  'a_in 1987'                        1          496         1992

1 row selected. (0.000000 sec) Committed. (0.000000 sec) 

=== <Result of SELECT Command in Line 10> ===

  probe                 whole_value_eq        bytes    disk_size
================================================================
  'a_out 1988'                       1          497         1996

1 row selected. (0.001000 sec) Committed. (0.000000 sec) 

=== <Result of SELECT Command in Line 11> ===

  probe                 whole_value_eq        bytes    disk_size
================================================================
  'a_norm 1964'                      1          491         1972

1 row selected. (0.000000 sec) Committed. (0.000000 sec) 

=== <Result of SELECT Command in Line 12> ===

  Table_name            Class_oid             Heap_volume_id  Heap_file_id  Heap_header_page_id  Has_oos_file  Oos_volume_id  Oos_file_id  Oos_num_user_pages  Oos_page_size  Oos_num_recs       Oos_recs_sumlen    Oos_physical_bytes      Oos_unused_bytes
============================================================================================================================================================================================================================================================
  'dba.a_in'            '(0|201|2)'                        0          4608                 4609             0           NULL         NULL                   0           8152             0                     0                     0                     0

1 row selected. (0.001000 sec) Committed. (0.000000 sec) 

=== <Result of SELECT Command in Line 13> ===

  Table_name            Class_oid             Heap_volume_id  Heap_file_id  Heap_header_page_id  Has_oos_file  Oos_volume_id  Oos_file_id  Oos_num_user_pages  Oos_page_size  Oos_num_recs       Oos_recs_sumlen    Oos_physical_bytes      Oos_unused_bytes
============================================================================================================================================================================================================================================================
  'dba.a_out'           '(0|208|2)'                        0          4672                 4673             1              0         4800                   2           8152             1                  2012                 16304                 14292

1 row selected. (0.000000 sec) Committed. (0.000000 sec) 

=== <Result of SELECT Command in Line 14> ===

  Table_name            Class_oid             Heap_volume_id  Heap_file_id  Heap_header_page_id  Has_oos_file  Oos_volume_id  Oos_file_id  Oos_num_user_pages  Oos_page_size  Oos_num_recs       Oos_recs_sumlen    Oos_physical_bytes      Oos_unused_bytes
============================================================================================================================================================================================================================================================
  'dba.a_norm'          '(0|201|7)'                        0          4736                 4737             0           NULL         NULL                   0           8152             0                     0                     0                     0

1 row selected. (0.000000 sec) Committed. (0.000000 sec) 
Execute OK. (0.001000 sec) Committed. (0.000000 sec) 
Execute OK. (0.001000 sec) Committed. (0.000000 sec) 
1 row affected. (0.000000 sec) Committed. (0.001000 sec) 
1 row affected. (0.000000 sec) Committed. (0.000000 sec) 

=== <Result of SELECT Command in Line 20> ===

  probe                 whole_value_eq        bytes
===================================================
  'c1 8091'                          1         2022

1 row selected. (0.000000 sec) Committed. (0.000000 sec) 

=== <Result of SELECT Command in Line 21> ===

  probe                 whole_value_eq        bytes
===================================================
  'c2 8092'                          1         2023

1 row selected. (0.000000 sec) Committed. (0.000000 sec) 

=== <Result of SELECT Command in Line 22> ===

  Table_name            Class_oid             Heap_volume_id  Heap_file_id  Heap_header_page_id  Has_oos_file  Oos_volume_id  Oos_file_id  Oos_num_user_pages  Oos_page_size  Oos_num_recs       Oos_recs_sumlen    Oos_physical_bytes      Oos_unused_bytes
============================================================================================================================================================================================================================================================
  'dba.c1'              '(0|208|4)'                        0          4864                 4865             1              0         4992                   2           8152             1                  8112                 16304                  8192

1 row selected. (0.000000 sec) Committed. (0.000000 sec) 

=== <Result of SELECT Command in Line 23> ===

  Table_name            Class_oid             Heap_volume_id  Heap_file_id  Heap_header_page_id  Has_oos_file  Oos_volume_id  Oos_file_id  Oos_num_user_pages  Oos_page_size  Oos_num_recs       Oos_recs_sumlen    Oos_physical_bytes      Oos_unused_bytes
============================================================================================================================================================================================================================================================
  'dba.c2'              '(0|201|8)'                        0          4928                 4929             1              0         5056                   3           8152             2                  8132                 24456                 16324

1 row selected. (0.000000 sec) Committed. (0.000000 sec) 
Execute OK. (0.001000 sec) Committed. (0.000000 sec) 
Execute OK. (0.000000 sec) Committed. (0.000000 sec) 
Execute OK. (0.001000 sec) Committed. (0.000000 sec) 
Execute OK. (0.001000 sec) Committed. (0.000000 sec) 
1 row affected. (0.001000 sec) Committed. (0.000000 sec) 
1 row affected. (0.000000 sec) Committed. (0.000000 sec) 
1 row affected. (0.000000 sec) Committed. (0.001000 sec) 
1 row affected. (0.000000 sec) Committed. (0.000000 sec) 

=== <Result of SELECT Command in Line 33> ===

  Table_name            Class_oid             Heap_volume_id  Heap_file_id  Heap_header_page_id  Has_oos_file  Oos_volume_id  Oos_file_id  Oos_num_user_pages  Oos_page_size  Oos_num_recs       Oos_recs_sumlen    Oos_physical_bytes      Oos_unused_bytes
============================================================================================================================================================================================================================================================
  'dba.e15'             '(0|202|3)'                        0          5120                 5121             0           NULL         NULL                   0           8152             0                     0                     0                     0

1 row selected. (0.000000 sec) Committed. (0.000000 sec) 

=== <Result of SELECT Command in Line 34> ===

  Table_name            Class_oid             Heap_volume_id  Heap_file_id  Heap_header_page_id  Has_oos_file  Oos_volume_id  Oos_file_id  Oos_num_user_pages  Oos_page_size  Oos_num_recs       Oos_recs_sumlen    Oos_physical_bytes      Oos_unused_bytes
============================================================================================================================================================================================================================================================
  'dba.e16'             '(0|197|3)'                        0          5184                 5185             1              0         5376                   2           8152             1                    36                 16304                 16268

1 row selected. (0.000000 sec) Committed. (0.000000 sec) 

=== <Result of SELECT Command in Line 35> ===

  Table_name            Class_oid             Heap_volume_id  Heap_file_id  Heap_header_page_id  Has_oos_file  Oos_volume_id  Oos_file_id  Oos_num_user_pages  Oos_page_size  Oos_num_recs       Oos_recs_sumlen    Oos_physical_bytes      Oos_unused_bytes
============================================================================================================================================================================================================================================================
  'dba.e23'             '(0|203|3)'                        0          5248                 5249             1              0         5440                   2           8152             1                    40                 16304                 16264

1 row selected. (0.001000 sec) Committed. (0.000000 sec) 

=== <Result of SELECT Command in Line 36> ===

  Table_name            Class_oid             Heap_volume_id  Heap_file_id  Heap_header_page_id  Has_oos_file  Oos_volume_id  Oos_file_id  Oos_num_user_pages  Oos_page_size  Oos_num_recs       Oos_recs_sumlen    Oos_physical_bytes      Oos_unused_bytes
============================================================================================================================================================================================================================================================
  'dba.e24'             '(0|208|5)'                        0          5312                 5313             1              0         5504                   2           8152             1                    44                 16304                 16260

1 row selected. (0.000000 sec) Committed. (0.000000 sec) 

=== <Result of SELECT Command in Line 37> ===

  probe                 whole_value_eq
======================================
  'e16'                              1

1 row selected. (0.000000 sec) Committed. (0.000000 sec) 

=== <Result of SELECT Command in Line 38> ===

  probe                 whole_value_eq
======================================
  'e24'                              1

1 row selected. (0.000000 sec) Committed. (0.000000 sec) 
Execute OK. (0.001000 sec) Committed. (0.000000 sec) 
Execute OK. (0.001000 sec) Committed. (0.000000 sec) 
1 row affected. (0.001000 sec) Committed. (0.000000 sec) 

In the command from line 43,

ERROR: The record cannot be stored because its size (8045 bytes) still exceeds the maximum record size (8044 bytes) even after moving large variable-length columns to out-of-row storage (OOS). Reduce the size of fixed-length or non-eligible columns.


=== <Result of SELECT Command in Line 44> ===

  probe                             count(*)
============================================
  'b_ok rows'                              1

1 row selected. (0.001000 sec) Committed. (0.000000 sec) 

=== <Result of SELECT Command in Line 45> ===

  probe                             count(*)
============================================
  'b_rej rows'                             0

1 row selected. (0.000000 sec) Committed. (0.000000 sec) 

=== <Result of SELECT Command in Line 46> ===

  Table_name            Class_oid             Heap_volume_id  Heap_file_id  Heap_header_page_id  Has_oos_file  Oos_volume_id  Oos_file_id  Oos_num_user_pages  Oos_page_size  Oos_num_recs       Oos_recs_sumlen    Oos_physical_bytes      Oos_unused_bytes
============================================================================================================================================================================================================================================================
  'dba.b_ok'            '(0|201|9)'                        0          5568                 5569             1              0         5696                   2           8152             1                    88                 16304                 16216

1 row selected. (0.000000 sec) Committed. (0.000000 sec) 

=== <Result of SELECT Command in Line 47> ===

  Table_name            Class_oid             Heap_volume_id  Heap_file_id  Heap_header_page_id  Has_oos_file  Oos_volume_id  Oos_file_id  Oos_num_user_pages  Oos_page_size  Oos_num_recs       Oos_recs_sumlen    Oos_physical_bytes      Oos_unused_bytes
============================================================================================================================================================================================================================================================
  'dba.b_rej'           '(0|216|2)'                        0          5632                 5633             0           NULL         NULL                   0           8152             0                     0                     0                     0

1 row selected. (0.000000 sec) Committed. (0.000000 sec) 
Execute OK. (0.001001 sec) Committed. (0.000000 sec) 
1 row affected. (0.001000 sec) Committed. (0.000000 sec) 

=== <Result of SELECT Command in Line 51> ===

  Table_name            Class_oid             Heap_volume_id  Heap_file_id  Heap_header_page_id  Has_oos_file  Oos_volume_id  Oos_file_id  Oos_num_user_pages  Oos_page_size  Oos_num_recs       Oos_recs_sumlen    Oos_physical_bytes      Oos_unused_bytes
============================================================================================================================================================================================================================================================
  'dba.h'               '(0|221|3)'                        0          5760                 5761             1              0         5824                   2           8152             1                    64                 16304                 16240

1 row selected. (0.000000 sec) Committed. (0.000000 sec) 
csql exit=0 for br8k
