
Time: 09/11/26 17:38:34.385 - DEBUG *** file /home/vimkim/gh/cb/oos-baseline-f4299ac0c/src/storage/file_io.c, line 2208
Created volume /home/vimkim/gh/tc/cubrid-testcases-private-ex-cbrd-26659/shell/_06_issues/_26_2h/cbrd_26659_oos_dur01/cases/t26659dur01/t26659dur01_dwb

Time: 09/11/26 17:38:34.388 - DEBUG *** file /home/vimkim/gh/cb/oos-baseline-f4299ac0c/src/transaction/log_manager.c, line 1068
LOG INITIALIZE
	db_fullname = /home/vimkim/gh/tc/cubrid-testcases-private-ex-cbrd-26659/shell/_06_issues/_26_2h/cbrd_26659_oos_dur01/cases/t26659dur01/t26659dur01 
	logpath = /home/vimkim/gh/tc/cubrid-testcases-private-ex-cbrd-26659/shell/_06_issues/_26_2h/cbrd_26659_oos_dur01/cases/t26659dur01 
	prefix_logname = t26659dur01 
	ismedia_crash = 0 

Time: 09/11/26 17:38:34.509 - DEBUG *** file /home/vimkim/gh/cb/oos-baseline-f4299ac0c/src/storage/file_io.c, line 2768
Destroyed volume /home/vimkim/gh/tc/cubrid-testcases-private-ex-cbrd-26659/shell/_06_issues/_26_2h/cbrd_26659_oos_dur01/cases/t26659dur01/t26659dur01_lgar_t

Time: 09/11/26 17:38:34.509 - DEBUG *** file /home/vimkim/gh/cb/oos-baseline-f4299ac0c/src/storage/file_io.c, line 2208
Created volume /home/vimkim/gh/tc/cubrid-testcases-private-ex-cbrd-26659/shell/_06_issues/_26_2h/cbrd_26659_oos_dur01/cases/t26659dur01/t26659dur01_lgar_t

Time: 09/11/26 17:38:34.512 - DEBUG *** file /home/vimkim/gh/cb/oos-baseline-f4299ac0c/src/transaction/log_manager.c, line 1545
log_initialize_internal: end of log initializaton, append_lsa = (175|8480) 

Time: 09/11/26 17:38:35.197 - DEBUG *** file /home/vimkim/gh/cb/oos-baseline-f4299ac0c/src/sp/pl_connection.cpp, line 185
pl_connection_pool: connection retire (0)

Time: 09/11/26 17:38:35.199 - DEBUG *** file /home/vimkim/gh/cb/oos-baseline-f4299ac0c/src/sp/pl_connection.cpp, line 185
pl_connection_pool: connection retire (1)

Time: 09/11/26 17:38:35.199 - DEBUG *** file /home/vimkim/gh/cb/oos-baseline-f4299ac0c/src/connection/server_support.c, line 1560
css_change_ha_server_state: ha_Server_state idle state active force f heartbeat t

Time: 09/11/26 17:38:35.199 - DEBUG *** file /home/vimkim/gh/cb/oos-baseline-f4299ac0c/src/connection/server_support.c, line 1405
css_transit_ha_server_state: ha_Server_state (idle) -> (active)

Time: 09/11/26 17:38:35.199 - DEBUG *** file /home/vimkim/gh/cb/oos-baseline-f4299ac0c/src/connection/server_support.c, line 1617
css_change_ha_server_state: css_check_ha_log_applier_done ()

Time: 09/11/26 17:38:35.199 - DEBUG *** file /home/vimkim/gh/cb/oos-baseline-f4299ac0c/src/connection/server_support.c, line 1623
css_change_ha_server_state: logtb_enable_update() 

Time: 09/11/26 17:38:35.199 - DEBUG *** file /home/vimkim/gh/cb/oos-baseline-f4299ac0c/src/transaction/log_tran_table.c, line 3325
logtb_enable_update: db_Disable_modifications = 0

Time: 09/11/26 17:38:35.199 - DEBUG *** file /home/vimkim/gh/cb/oos-baseline-f4299ac0c/src/query/partition.c, line 725
creating partition cache

Time: 09/11/26 17:38:35.199 - NOTIFICATION *** file /home/vimkim/gh/cb/oos-baseline-f4299ac0c/src/transaction/boot_sr.c, line 237  CODE = -973, Tran = 0, CLIENT = :(0), EID = 1
Server status is UP.

Time: 09/11/26 17:38:35.226 - DEBUG *** file /home/vimkim/gh/cb/oos-baseline-f4299ac0c/src/connection/master_connector.cpp, line 773
cub_server received 1 as response from master

Time: 09/11/26 17:38:35.226 - DEBUG *** file /home/vimkim/gh/cb/oos-baseline-f4299ac0c/src/connection/master_connector.cpp, line 782
successfully connected to master

Time: 09/11/26 17:38:35.226 - DEBUG *** file /home/vimkim/gh/cb/oos-baseline-f4299ac0c/src/connection/master_connector.cpp, line 751
successfully switched to unix domain socket

Time: 09/11/26 17:38:36.194 - DEBUG *** file /home/vimkim/gh/cb/oos-baseline-f4299ac0c/src/connection/master_connector.cpp, line 975
cub_server received 5 as request from master

Time: 09/11/26 17:38:36.210 - DEBUG *** file /home/vimkim/gh/cb/oos-baseline-f4299ac0c/src/sp/pl_session.cpp, line 90
pl_session (delete): 1

Time: 09/11/26 17:38:36.211 - DEBUG *** file /home/vimkim/gh/cb/oos-baseline-f4299ac0c/src/connection/connection_worker.cpp, line 875
handle_connection_close: conn 0x5582e36fd9e8 { fd 252 status 3 transaction_id 1 db_error 0 stop_talk 0 stop_phase 0 }

Time: 09/11/26 17:38:36.229 - DEBUG *** file /home/vimkim/gh/cb/oos-baseline-f4299ac0c/src/connection/master_connector.cpp, line 975
cub_server received 5 as request from master

Time: 09/11/26 17:38:36.241 - DEBUG *** file /home/vimkim/gh/cb/oos-baseline-f4299ac0c/src/sp/pl_session.cpp, line 90
pl_session (delete): 2

Time: 09/11/26 17:38:36.241 - DEBUG *** file /home/vimkim/gh/cb/oos-baseline-f4299ac0c/src/connection/connection_worker.cpp, line 875
handle_connection_close: conn 0x5582e36fd9e8 { fd 252 status 3 transaction_id 1 db_error 0 stop_talk 0 stop_phase 0 }

Time: 09/11/26 17:38:36.272 - DEBUG *** file /home/vimkim/gh/cb/oos-baseline-f4299ac0c/src/connection/master_connector.cpp, line 975
cub_server received 5 as request from master

Time: 09/11/26 17:38:36.281 - DEBUG *** file /home/vimkim/gh/cb/oos-baseline-f4299ac0c/src/sp/pl_session.cpp, line 90
pl_session (delete): 3

Time: 09/11/26 17:38:36.281 - DEBUG *** file /home/vimkim/gh/cb/oos-baseline-f4299ac0c/src/connection/connection_worker.cpp, line 875
handle_connection_close: conn 0x5582e36fd9e8 { fd 252 status 3 transaction_id 1 db_error 0 stop_talk 0 stop_phase 0 }

Time: 09/11/26 17:38:36.339 - DEBUG *** file /home/vimkim/gh/cb/oos-baseline-f4299ac0c/src/connection/master_connector.cpp, line 975
cub_server received 5 as request from master

Time: 09/11/26 17:38:36.351 - DEBUG *** file /home/vimkim/gh/cb/oos-baseline-f4299ac0c/src/sp/pl_session.cpp, line 90
pl_session (delete): 4

Time: 09/11/26 17:38:36.351 - DEBUG *** file /home/vimkim/gh/cb/oos-baseline-f4299ac0c/src/connection/connection_worker.cpp, line 875
handle_connection_close: conn 0x5582e36fd9e8 { fd 252 status 3 transaction_id 1 db_error 0 stop_talk 0 stop_phase 0 }

Time: 09/11/26 17:38:36.386 - DEBUG *** file /home/vimkim/gh/cb/oos-baseline-f4299ac0c/src/connection/master_connector.cpp, line 975
cub_server received 5 as request from master

Time: 09/11/26 17:38:36.396 - DEBUG *** file /home/vimkim/gh/cb/oos-baseline-f4299ac0c/src/sp/pl_session.cpp, line 90
pl_session (delete): 5

Time: 09/11/26 17:38:36.397 - DEBUG *** file /home/vimkim/gh/cb/oos-baseline-f4299ac0c/src/connection/connection_worker.cpp, line 875
handle_connection_close: conn 0x5582e36fd9e8 { fd 252 status 3 transaction_id 1 db_error 0 stop_talk 0 stop_phase 0 }

Time: 09/11/26 17:38:37.735 - DEBUG *** file /home/vimkim/gh/cb/oos-baseline-f4299ac0c/src/storage/file_io.c, line 2768
Destroyed volume /home/vimkim/gh/tc/cubrid-testcases-private-ex-cbrd-26659/shell/_06_issues/_26_2h/cbrd_26659_oos_dur01/cases/t26659dur01/t26659dur01_dwb

Time: 09/11/26 17:38:37.735 - DEBUG *** file /home/vimkim/gh/cb/oos-baseline-f4299ac0c/src/storage/file_io.c, line 2208
Created volume /home/vimkim/gh/tc/cubrid-testcases-private-ex-cbrd-26659/shell/_06_issues/_26_2h/cbrd_26659_oos_dur01/cases/t26659dur01/t26659dur01_dwb

Time: 09/11/26 17:38:37.739 - DEBUG *** file /home/vimkim/gh/cb/oos-baseline-f4299ac0c/src/transaction/log_manager.c, line 1068
LOG INITIALIZE
	db_fullname = /home/vimkim/gh/tc/cubrid-testcases-private-ex-cbrd-26659/shell/_06_issues/_26_2h/cbrd_26659_oos_dur01/cases/t26659dur01/t26659dur01 
	logpath = /home/vimkim/gh/tc/cubrid-testcases-private-ex-cbrd-26659/shell/_06_issues/_26_2h/cbrd_26659_oos_dur01/cases/t26659dur01 
	prefix_logname = t26659dur01 
	ismedia_crash = 0 

Time: 09/11/26 17:38:37.860 - DEBUG *** file /home/vimkim/gh/cb/oos-baseline-f4299ac0c/src/transaction/log_recovery.c, line 791
RECOVERY: start with 175|8480 and stop at -1
Time: 09/11/26 17:38:37.860 - NOTIFICATION *** file /home/vimkim/gh/cb/oos-baseline-f4299ac0c/src/transaction/log_recovery.c, line 833  CODE = -1128, Tran = 0, CLIENT = :(0), EID = 1
Log recovery is started.

Time: 09/11/26 17:38:37.860 - NOTIFICATION *** file /home/vimkim/gh/cb/oos-baseline-f4299ac0c/src/transaction/log_recovery.c, line 837  CODE = -1296, Tran = 0, CLIENT = :(0), EID = 2
Log recovery: ANALYSIS Phase is started.

Time: 09/11/26 17:38:37.860 - DEBUG *** file /home/vimkim/gh/cb/oos-baseline-f4299ac0c/src/transaction/log_recovery.c, line 2774
log_recovery_analysis: log page 175, checksum -1545517715

Time: 09/11/26 17:38:37.860 - DEBUG *** file /home/vimkim/gh/cb/oos-baseline-f4299ac0c/src/transaction/log_recovery.c, line 2774
log_recovery_analysis: log page 176, checksum 1618314752

Time: 09/11/26 17:38:37.860 - NOTIFICATION *** file /home/vimkim/gh/cb/oos-baseline-f4299ac0c/src/transaction/log_recovery.c, line 842  CODE = -1300, Tran = 0, CLIENT = :(0), EID = 3
Log recovery: ANALYSIS Phase is finished.

Time: 09/11/26 17:38:37.860 - NOTIFICATION *** file /home/vimkim/gh/cb/oos-baseline-f4299ac0c/src/transaction/log_recovery.c, line 878  CODE = -1297, Tran = 0, CLIENT = :(0), EID = 4
Log recovery: REDO Phase is started. Log pages to redo: 2, Log records to redo: 83.

Time: 09/11/26 17:38:37.943 - DEBUG *** file /home/vimkim/gh/cb/oos-baseline-f4299ac0c/src/transaction/log_recovery.c, line 4049
log_recovery_redo_perf:  parallel_count=80  reusable_jobs_count=1048576  flush_back_count=1024
log_recovery_redo_perf:  setting_up=    80  main=     0  async=     2 (ms)

Time: 09/11/26 17:38:37.943 - NOTIFICATION *** file /home/vimkim/gh/cb/oos-baseline-f4299ac0c/src/transaction/log_recovery.c, line 4069  CODE = -1299, Tran = 0, CLIENT = :(0), EID = 5
Log recovery: REDO Phase is being finished up.

Time: 09/11/26 17:38:37.961 - NOTIFICATION *** file /home/vimkim/gh/cb/oos-baseline-f4299ac0c/src/transaction/log_recovery.c, line 883  CODE = -1300, Tran = 0, CLIENT = :(0), EID = 6
Log recovery: REDO Phase is finished.

Time: 09/11/26 17:38:37.961 - NOTIFICATION *** file /home/vimkim/gh/cb/oos-baseline-f4299ac0c/src/transaction/log_recovery.c, line 4675  CODE = -1298, Tran = 0, CLIENT = :(0), EID = 7
Log recovery: UNDO Phase is started. Log pages to undo: 0, transactions to undo: 0.

Time: 09/11/26 17:38:37.961 - NOTIFICATION *** file /home/vimkim/gh/cb/oos-baseline-f4299ac0c/src/transaction/log_recovery.c, line 5133  CODE = -1299, Tran = 0, CLIENT = :(0), EID = 8
Log recovery: UNDO Phase is being finished up.

Time: 09/11/26 17:38:37.962 - NOTIFICATION *** file /home/vimkim/gh/cb/oos-baseline-f4299ac0c/src/transaction/log_recovery.c, line 896  CODE = -1300, Tran = 0, CLIENT = :(0), EID = 9
Log recovery: UNDO Phase is finished.

Time: 09/11/26 17:38:37.962 - NOTIFICATION *** file /home/vimkim/gh/cb/oos-baseline-f4299ac0c/src/transaction/log_page_buffer.c, line 7186  CODE = -977, Tran = 0, CLIENT = :(0), EID = 10
Checkpoint started (previous checkpoint page id: 175, previous redo page id: 175).

Time: 09/11/26 17:38:37.962 - DEBUG *** file /home/vimkim/gh/cb/oos-baseline-f4299ac0c/src/transaction/log_page_buffer.c, line 7188
start checkpoint

Time: 09/11/26 17:38:37.971 - DEBUG *** file /home/vimkim/gh/cb/oos-baseline-f4299ac0c/src/storage/page_buffer.c, line 10732
flushing page 0|0 to disk without logging.

Time: 09/11/26 17:38:37.976 - DEBUG *** file /home/vimkim/gh/cb/oos-baseline-f4299ac0c/src/storage/page_buffer.c, line 10732
flushing page 1|0 to disk without logging.

Time: 09/11/26 17:38:37.983 - NOTIFICATION *** file /home/vimkim/gh/cb/oos-baseline-f4299ac0c/src/transaction/log_page_buffer.c, line 7629  CODE = -978, Tran = 0, CLIENT = :(0), EID = 11
Checkpoint finished (checkpoint page id: 176, checkpoint redo page id: 176, flushed page count: 0).

Time: 09/11/26 17:38:37.983 - DEBUG *** file /home/vimkim/gh/cb/oos-baseline-f4299ac0c/src/transaction/log_page_buffer.c, line 7631
end checkpoint

Time: 09/11/26 17:38:37.985 - NOTIFICATION *** file /home/vimkim/gh/cb/oos-baseline-f4299ac0c/src/transaction/log_recovery.c, line 974  CODE = -1129, Tran = 0, CLIENT = :(0), EID = 12
Log recovery is finished.

Time: 09/11/26 17:38:37.985 - DEBUG *** file /home/vimkim/gh/cb/oos-baseline-f4299ac0c/src/storage/file_io.c, line 2768
Destroyed volume /home/vimkim/gh/tc/cubrid-testcases-private-ex-cbrd-26659/shell/_06_issues/_26_2h/cbrd_26659_oos_dur01/cases/t26659dur01/t26659dur01_lgar_t

Time: 09/11/26 17:38:37.985 - DEBUG *** file /home/vimkim/gh/cb/oos-baseline-f4299ac0c/src/storage/file_io.c, line 2208
Created volume /home/vimkim/gh/tc/cubrid-testcases-private-ex-cbrd-26659/shell/_06_issues/_26_2h/cbrd_26659_oos_dur01/cases/t26659dur01/t26659dur01_lgar_t

Time: 09/11/26 17:38:37.988 - DEBUG *** file /home/vimkim/gh/cb/oos-baseline-f4299ac0c/src/transaction/log_manager.c, line 1545
log_initialize_internal: end of log initializaton, append_lsa = (176|7528) 

Time: 09/11/26 17:38:38.551 - DEBUG *** file /home/vimkim/gh/cb/oos-baseline-f4299ac0c/src/sp/pl_connection.cpp, line 185
pl_connection_pool: connection retire (0)

Time: 09/11/26 17:38:38.553 - DEBUG *** file /home/vimkim/gh/cb/oos-baseline-f4299ac0c/src/sp/pl_connection.cpp, line 185
pl_connection_pool: connection retire (1)

Time: 09/11/26 17:38:38.553 - DEBUG *** file /home/vimkim/gh/cb/oos-baseline-f4299ac0c/src/connection/server_support.c, line 1560
css_change_ha_server_state: ha_Server_state idle state active force f heartbeat t

Time: 09/11/26 17:38:38.553 - DEBUG *** file /home/vimkim/gh/cb/oos-baseline-f4299ac0c/src/connection/server_support.c, line 1405
css_transit_ha_server_state: ha_Server_state (idle) -> (active)

Time: 09/11/26 17:38:38.554 - DEBUG *** file /home/vimkim/gh/cb/oos-baseline-f4299ac0c/src/connection/server_support.c, line 1617
css_change_ha_server_state: css_check_ha_log_applier_done ()

Time: 09/11/26 17:38:38.554 - DEBUG *** file /home/vimkim/gh/cb/oos-baseline-f4299ac0c/src/connection/server_support.c, line 1623
css_change_ha_server_state: logtb_enable_update() 

Time: 09/11/26 17:38:38.554 - DEBUG *** file /home/vimkim/gh/cb/oos-baseline-f4299ac0c/src/transaction/log_tran_table.c, line 3325
logtb_enable_update: db_Disable_modifications = 0

Time: 09/11/26 17:38:38.554 - DEBUG *** file /home/vimkim/gh/cb/oos-baseline-f4299ac0c/src/query/partition.c, line 725
creating partition cache

Time: 09/11/26 17:38:38.554 - NOTIFICATION *** file /home/vimkim/gh/cb/oos-baseline-f4299ac0c/src/transaction/boot_sr.c, line 237  CODE = -973, Tran = 0, CLIENT = :(0), EID = 13
Server status is UP.

Time: 09/11/26 17:38:38.582 - DEBUG *** file /home/vimkim/gh/cb/oos-baseline-f4299ac0c/src/connection/master_connector.cpp, line 773
cub_server received 1 as response from master

Time: 09/11/26 17:38:38.582 - DEBUG *** file /home/vimkim/gh/cb/oos-baseline-f4299ac0c/src/connection/master_connector.cpp, line 782
successfully connected to master

Time: 09/11/26 17:38:38.583 - DEBUG *** file /home/vimkim/gh/cb/oos-baseline-f4299ac0c/src/connection/master_connector.cpp, line 751
successfully switched to unix domain socket

Time: 09/11/26 17:38:39.551 - DEBUG *** file /home/vimkim/gh/cb/oos-baseline-f4299ac0c/src/connection/master_connector.cpp, line 975
cub_server received 5 as request from master

Time: 09/11/26 17:38:39.564 - DEBUG *** file /home/vimkim/gh/cb/oos-baseline-f4299ac0c/src/sp/pl_session.cpp, line 90
pl_session (delete): 1

Time: 09/11/26 17:38:39.564 - DEBUG *** file /home/vimkim/gh/cb/oos-baseline-f4299ac0c/src/connection/connection_worker.cpp, line 875
handle_connection_close: conn 0x55b7a4d5ca08 { fd 252 status 3 transaction_id 1 db_error 0 stop_talk 0 stop_phase 0 }
