[0mdirenv: loading ~/gh/cb/pr7600-timing-base988/.envrc
Preset Mode: release_gcc
Install Dir: /home/vimkim/.cub/install/pr7600-timing-base988/release_gcc
DB Dir: /home/vimkim/.cub/db/pr7600-timing-base988/commondb
Build Dir: /home/vimkim/gh/cb/pr7600-timing-base988/build_preset_release_gcc
[0mdirenv: loading ~/gh/cb/pr7600-timing-base988/.envrc
Preset Mode: release_gcc
Install Dir: /home/vimkim/.cub/install/pr7600-timing-base988/release_gcc
DB Dir: /home/vimkim/.cub/db/pr7600-timing-base988/commondb
Build Dir: /home/vimkim/gh/cb/pr7600-timing-base988/build_preset_release_gcc
[0mdirenv: loading ~/gh/cb/pr7600-timing-base988/.envrc
Preset Mode: release_gcc
Install Dir: /home/vimkim/.cub/install/pr7600-timing-base988/release_gcc
DB Dir: /home/vimkim/.cub/db/pr7600-timing-base988/commondb
Build Dir: /home/vimkim/gh/cb/pr7600-timing-base988/build_preset_release_gcc
Using JAVA_HOME JDK: /home/vimkim/.local/share/mise/installs/java/temurin-8.0.462+8
[0mdirenv: loading ~/gh/cb/pr7600-timing-base988/.envrc
Preset Mode: release_gcc
Install Dir: /home/vimkim/.cub/install/pr7600-timing-base988/release_gcc
DB Dir: /home/vimkim/.cub/db/pr7600-timing-base988/commondb
Build Dir: /home/vimkim/gh/cb/pr7600-timing-base988/build_preset_release_gcc
Logging build output to: /home/vimkim/gh/cb/pr7600-timing-base988/build_preset_release_gcc/build.log
[0mdirenv: loading ~/gh/cb/pr7600-timing-base988/.envrc
Preset Mode: release_gcc
Install Dir: /home/vimkim/.cub/install/pr7600-timing-base988/release_gcc
DB Dir: /home/vimkim/.cub/db/pr7600-timing-base988/commondb
Build Dir: /home/vimkim/gh/cb/pr7600-timing-base988/build_preset_release_gcc
[0/1] Re-running CMake...
-- ======== CMakeLists.txt
--   OS = UNIX
--   CMAKE_RUNTIME_OUTPUT_DIRECTORY=/home/vimkim/gh/cb/pr7600-timing-base988/build_preset_release_gcc/bin
    ==== with_unit_tests() = 1
-- Get version information from VERSION
-- Build CUBRID 11.5.0.2652-988a4d2 64bit RelWithDebInfo on Linux x86_64
Including Third Party Libraries
-- Build with flex and bison library: SYSTEM
-- Build with expat library: EXTERNAL
-- Build with editline library: EXTERNAL
-- Build with openssl library: EXTERNAL
-- Build with unixODBC library: EXTERNAL
-- Build with RE2 library: EXTERNAL
-- Build with LZ4 library: EXTERNAL
-- Build with TBB library: EXTERNAL
CMake Warning (dev) at /usr/share/cmake/Modules/ExternalProject.cmake:3091 (message):
  The DOWNLOAD_EXTRACT_TIMESTAMP option was not given and policy CMP0135 is
  not set.  The policy's OLD behavior will be used.  When using a URL
  download, the timestamps of extracted files should preferably be that of
  the time of extraction, otherwise code that depends on the extracted
  contents might not be rebuilt if the URL changes.  The OLD behavior
  preserves the timestamps from the archive instead, but this is usually not
  what you want.  Update your project to the NEW behavior or specify the
  DOWNLOAD_EXTRACT_TIMESTAMP option with a value of true to avoid this
  robustness issue.
Call Stack (most recent call first):
  /usr/share/cmake/Modules/ExternalProject.cmake:4208 (_ep_add_download_command)
  3rdparty/CMakeLists.txt:196 (externalproject_add)
This warning is for project developers.  Use -Wno-dev to suppress it.

CMake Warning (dev) at /usr/share/cmake/Modules/ExternalProject.cmake:3091 (message):
  The DOWNLOAD_EXTRACT_TIMESTAMP option was not given and policy CMP0135 is
  not set.  The policy's OLD behavior will be used.  When using a URL
  download, the timestamps of extracted files should preferably be that of
  the time of extraction, otherwise code that depends on the extracted
  contents might not be rebuilt if the URL changes.  The OLD behavior
  preserves the timestamps from the archive instead, but this is usually not
  what you want.  Update your project to the NEW behavior or specify the
  DOWNLOAD_EXTRACT_TIMESTAMP option with a value of true to avoid this
  robustness issue.
Call Stack (most recent call first):
  /usr/share/cmake/Modules/ExternalProject.cmake:4208 (_ep_add_download_command)
  3rdparty/CMakeLists.txt:245 (externalproject_add)
This warning is for project developers.  Use -Wno-dev to suppress it.

CMake Warning (dev) at /usr/share/cmake/Modules/ExternalProject.cmake:3091 (message):
  The DOWNLOAD_EXTRACT_TIMESTAMP option was not given and policy CMP0135 is
  not set.  The policy's OLD behavior will be used.  When using a URL
  download, the timestamps of extracted files should preferably be that of
  the time of extraction, otherwise code that depends on the extracted
  contents might not be rebuilt if the URL changes.  The OLD behavior
  preserves the timestamps from the archive instead, but this is usually not
  what you want.  Update your project to the NEW behavior or specify the
  DOWNLOAD_EXTRACT_TIMESTAMP option with a value of true to avoid this
  robustness issue.
Call Stack (most recent call first):
  /usr/share/cmake/Modules/ExternalProject.cmake:4208 (_ep_add_download_command)
  3rdparty/CMakeLists.txt:288 (externalproject_add)
This warning is for project developers.  Use -Wno-dev to suppress it.

CMake Warning (dev) at /usr/share/cmake/Modules/ExternalProject.cmake:3091 (message):
  The DOWNLOAD_EXTRACT_TIMESTAMP option was not given and policy CMP0135 is
  not set.  The policy's OLD behavior will be used.  When using a URL
  download, the timestamps of extracted files should preferably be that of
  the time of extraction, otherwise code that depends on the extracted
  contents might not be rebuilt if the URL changes.  The OLD behavior
  preserves the timestamps from the archive instead, but this is usually not
  what you want.  Update your project to the NEW behavior or specify the
  DOWNLOAD_EXTRACT_TIMESTAMP option with a value of true to avoid this
  robustness issue.
Call Stack (most recent call first):
  /usr/share/cmake/Modules/ExternalProject.cmake:4208 (_ep_add_download_command)
  3rdparty/CMakeLists.txt:325 (externalproject_add)
This warning is for project developers.  Use -Wno-dev to suppress it.

CMake Warning (dev) at /usr/share/cmake/Modules/ExternalProject.cmake:3091 (message):
  The DOWNLOAD_EXTRACT_TIMESTAMP option was not given and policy CMP0135 is
  not set.  The policy's OLD behavior will be used.  When using a URL
  download, the timestamps of extracted files should preferably be that of
  the time of extraction, otherwise code that depends on the extracted
  contents might not be rebuilt if the URL changes.  The OLD behavior
  preserves the timestamps from the archive instead, but this is usually not
  what you want.  Update your project to the NEW behavior or specify the
  DOWNLOAD_EXTRACT_TIMESTAMP option with a value of true to avoid this
  robustness issue.
Call Stack (most recent call first):
  /usr/share/cmake/Modules/ExternalProject.cmake:4208 (_ep_add_download_command)
  3rdparty/CMakeLists.txt:368 (externalproject_add)
This warning is for project developers.  Use -Wno-dev to suppress it.

CMake Warning (dev) at /usr/share/cmake/Modules/ExternalProject.cmake:3091 (message):
  The DOWNLOAD_EXTRACT_TIMESTAMP option was not given and policy CMP0135 is
  not set.  The policy's OLD behavior will be used.  When using a URL
  download, the timestamps of extracted files should preferably be that of
  the time of extraction, otherwise code that depends on the extracted
  contents might not be rebuilt if the URL changes.  The OLD behavior
  preserves the timestamps from the archive instead, but this is usually not
  what you want.  Update your project to the NEW behavior or specify the
  DOWNLOAD_EXTRACT_TIMESTAMP option with a value of true to avoid this
  robustness issue.
Call Stack (most recent call first):
  /usr/share/cmake/Modules/ExternalProject.cmake:4208 (_ep_add_download_command)
  3rdparty/CMakeLists.txt:394 (externalproject_add)
This warning is for project developers.  Use -Wno-dev to suppress it.

CMake Warning (dev) at /usr/share/cmake/Modules/ExternalProject.cmake:3091 (message):
  The DOWNLOAD_EXTRACT_TIMESTAMP option was not given and policy CMP0135 is
  not set.  The policy's OLD behavior will be used.  When using a URL
  download, the timestamps of extracted files should preferably be that of
  the time of extraction, otherwise code that depends on the extracted
  contents might not be rebuilt if the URL changes.  The OLD behavior
  preserves the timestamps from the archive instead, but this is usually not
  what you want.  Update your project to the NEW behavior or specify the
  DOWNLOAD_EXTRACT_TIMESTAMP option with a value of true to avoid this
  robustness issue.
Call Stack (most recent call first):
  /usr/share/cmake/Modules/ExternalProject.cmake:4208 (_ep_add_download_command)
  3rdparty/CMakeLists.txt:423 (externalproject_add)
This warning is for project developers.  Use -Wno-dev to suppress it.

CMake Warning (dev) at /usr/share/cmake/Modules/ExternalProject.cmake:3091 (message):
  The DOWNLOAD_EXTRACT_TIMESTAMP option was not given and policy CMP0135 is
  not set.  The policy's OLD behavior will be used.  When using a URL
  download, the timestamps of extracted files should preferably be that of
  the time of extraction, otherwise code that depends on the extracted
  contents might not be rebuilt if the URL changes.  The OLD behavior
  preserves the timestamps from the archive instead, but this is usually not
  what you want.  Update your project to the NEW behavior or specify the
  DOWNLOAD_EXTRACT_TIMESTAMP option with a value of true to avoid this
  robustness issue.
Call Stack (most recent call first):
  /usr/share/cmake/Modules/ExternalProject.cmake:4208 (_ep_add_download_command)
  3rdparty/CMakeLists.txt:464 (externalproject_add)
This warning is for project developers.  Use -Wno-dev to suppress it.

-- Default install prefix: /home/vimkim/.cub/install/pr7600-timing-base988/release_gcc
-- JAVA_HOME: /home/vimkim/gh/cb/pr7600-timing-base988/build_preset_release_gcc/vm/jdk8
-- Found Java: /home/vimkim/gh/cb/pr7600-timing-base988/build_preset_release_gcc/vm/jdk8/bin/java
-- Found JNI: /home/vimkim/gh/cb/pr7600-timing-base988/build_preset_release_gcc/vm/jdk8/include;/home/vimkim/gh/cb/pr7600-timing-base988/build_preset_release_gcc/vm/jdk8/include/linux;/home/vimkim/gh/cb/pr7600-timing-base988/build_preset_release_gcc/vm/jdk8/include
-- ======== WITH_CCI ==========
-- Get version information from /home/vimkim/gh/cb/pr7600-timing-base988/cubrid-cci/BUILD_NUMBER
-- CCI_BUILD_NUMBER:[11.3.0.0048-bd86063]
-- CCI component install dirs: cci/bin, cci/lib, cci/include
-- Building CGW libraries.
CMake Warning (dev) at cm_common/CMakeLists.txt:104 (install):
  Target cmstat has PUBLIC_HEADER files but no PUBLIC_HEADER DESTINATION.
This warning is for project developers.  Use -Wno-dev to suppress it.

CMake Warning (dev) at cm_common/CMakeLists.txt:104 (install):
  Target cmdep has PUBLIC_HEADER files but no PUBLIC_HEADER DESTINATION.
This warning is for project developers.  Use -Wno-dev to suppress it.

-- .. timezone shared library
-- .... gen_timezone executable
-- ...... source files: /home/vimkim/gh/cb/pr7600-timing-base988/src/executables/generate_timezone.cpp
-- .... generate timezone command
-- .... cubrid_timezones lib
  unit_tests/...
CMake Warning (dev) at /usr/share/cmake/Modules/FetchContent.cmake:1282 (message):
  The DOWNLOAD_EXTRACT_TIMESTAMP option was not given and policy CMP0135 is
  not set.  The policy's OLD behavior will be used.  When using a URL
  download, the timestamps of extracted files should preferably be that of
  the time of extraction, otherwise code that depends on the extracted
  contents might not be rebuilt if the URL changes.  The OLD behavior
  preserves the timestamps from the archive instead, but this is usually not
  what you want.  Update your project to the NEW behavior or specify the
  DOWNLOAD_EXTRACT_TIMESTAMP option with a value of true to avoid this
  robustness issue.
Call Stack (most recent call first):
  unit_tests/CMakeLists.txt:65 (FetchContent_Declare)
This warning is for project developers.  Use -Wno-dev to suppress it.

   common
    oos
-- Get version information CCI_VERSION: 11.3.0.0048-bd86063
-- Configuring done (0.4s)
-- Generating done (0.1s)
-- Build files have been written to: /home/vimkim/gh/cb/pr7600-timing-base988/build_preset_release_gcc
[1/83] Creating library symlink sa/libcubridsa.so
[2/83] Running utility command for pl_install_jdk
[INFO] Install JDK 8
[3/83] Performing update step for 'catch2'
[4/83] No patch step for 'catch2'
[5/83] Performing configure step for 'catch2'
loading initial cache file /home/vimkim/gh/cb/pr7600-timing-base988/build_preset_release_gcc/unit_tests/catch2-prefix/tmp/catch2-cache-RelWithDebInfo.cmake
-- Configuring done (0.0s)
-- Generating done (0.0s)
-- Build files have been written to: /home/vimkim/gh/cb/pr7600-timing-base988/build_preset_release_gcc/unit_tests/catch2-prefix/src/catch2-build
[6/83] Performing build step for 'catch2'
ninja: no work to do.
[7/83] Linking CXX executable bin/cubrid_rel
[8/83] Linking CXX executable bin/cub_sainfo
[9/83] Linking CXX executable bin/gen_timezone
[10/83] Linking CXX executable bin/cub_jobsa
[11/83] Linking CXX executable bin/cubrid
[12/83] No install step for 'catch2'
[13/83] Linking CXX executable bin/cub_pl
[14/83] Linking CXX executable bin/loadjava
[15/83] generating tzlib/timezones.c from /home/vimkim/gh/cb/pr7600-timing-base988/timezones/tzdata
Ruleset AN , total changes : 133 (1971 - 2038)
Ruleset AQ , total changes : 8 (1971 - 2038)
Ruleset AS , total changes : 133 (1971 - 2038)
Ruleset AT , total changes : 141 (1967 - 2038)
Ruleset AV , total changes : 133 (1971 - 2038)
Ruleset AW , total changes : 13 (1974 - 2038)
Ruleset Albania , total changes : 25 (1940 - 2038)
Ruleset Algeria , total changes : 26 (1916 - 2038)
Ruleset Arg , total changes : 63 (1930 - 2038)
DS ruleset: Aus, Year: 1917, Change on : Jan 
DS ruleset: Aus, Year: 1941, Change on : Jan 
DS ruleset: Aus, Year: 1942, Change on : Jan 
DS ruleset: Aus, Year: 1942, found 3 matching rules
Ruleset Aus , total changes : 9 (1917 - 2038)
Ruleset Austria , total changes : 10 (1920 - 2038)
Ruleset Azer , total changes : 38 (1997 - 2038)
Ruleset Bahamas , total changes : 24 (1964 - 2038)
Ruleset Barb , total changes : 8 (1977 - 2038)
Ruleset Belgium , total changes : 50 (1918 - 2038)
Ruleset Belize , total changes : 56 (1918 - 2038)
DS ruleset: Brazil, Year: 1965, found 3 matching rules
Ruleset Brazil , total changes : 133 (1931 - 2038)
Ruleset Bulg , total changes : 7 (1979 - 2038)
Ruleset C-Eur , total changes : 136 (1916 - 2038)
DS ruleset: CA, Year: 1948, Change on : Jan 
DS ruleset: CA, Year: 1949, Change on : Jan 
Ruleset CA , total changes : 37 (1948 - 2038)
Ruleset CO , total changes : 2 (1992 - 2038)
Ruleset CR , total changes : 9 (1979 - 2038)
Ruleset Canada , total changes : 133 (1918 - 2038)
Ruleset Chatham , total changes : 127 (1974 - 2038)
Ruleset Chicago , total changes : 94 (1920 - 2038)
Ruleset Chile , total changes : 147 (1927 - 2038)
Ruleset Cook , total changes : 26 (1978 - 2038)
Ruleset Cuba , total changes : 154 (1928 - 2038)
Ruleset Cyprus , total changes : 47 (1975 - 2038)
Ruleset Czech , total changes : 10 (1945 - 2038)
Ruleset DR , total changes : 14 (1966 - 2038)
Ruleset Denmark , total changes : 11 (1916 - 2038)
Ruleset Denver , total changes : 8 (1920 - 2038)
Ruleset Detroit , total changes : 4 (1948 - 2038)
Ruleset Dhaka , total changes : 3 (2009 - 2038)
Ruleset E-Eur , total changes : 122 (1977 - 2038)
Ruleset E-EurAsia , total changes : 116 (1979 - 2038)
Ruleset EU , total changes : 122 (1977 - 2038)
Ruleset EUAsia , total changes : 116 (1979 - 2038)
Ruleset Ecuador , total changes : 2 (1992 - 2038)
Ruleset Edm , total changes : 71 (1918 - 2038)
DS ruleset: Egypt, Year: 2010, found 4 matching rules
DS ruleset: Egypt, Year: 2014, found 4 matching rules
Ruleset Egypt , total changes : 126 (1940 - 2038)
Ruleset EgyptAsia , total changes : 21 (1957 - 2038)
DS ruleset: Falk, Year: 1942, Change on : Jan 
DS ruleset: Falk, Year: 1943, Change on : Jan 
Ruleset Falk , total changes : 68 (1937 - 2038)
Ruleset Fiji , total changes : 64 (1998 - 2038)
Ruleset Finland , total changes : 6 (1942 - 2038)
Ruleset France , total changes : 61 (1916 - 2038)
DS ruleset: GB-Eire, Year: 1945, found 3 matching rules
DS ruleset: GB-Eire, Year: 1947, found 4 matching rules
Ruleset GB-Eire , total changes : 156 (1916 - 2038)
DS ruleset: Germany, Year: 1947, found 4 matching rules
Ruleset Germany , total changes : 10 (1946 - 2038)
Ruleset Ghana , total changes : 47 (1920 - 2038)
Ruleset Greece , total changes : 20 (1932 - 2038)
Ruleset Guat , total changes : 8 (1973 - 2038)
DS ruleset: HK, Year: 1973, found 3 matching rules
Ruleset HK , total changes : 70 (1941 - 2038)
Ruleset Haiti , total changes : 84 (1983 - 2038)
Ruleset Halifax , total changes : 94 (1916 - 2038)
Ruleset Holiday , total changes : 4 (1992 - 2038)
Ruleset Hond , total changes : 6 (1987 - 2038)
Ruleset Hungary , total changes : 25 (1918 - 2038)
Ruleset Iceland , total changes : 66 (1917 - 2038)
Ruleset Indianapolis , total changes : 24 (1941 - 2038)
Ruleset Iran , total changes : 96 (1978 - 2038)
Ruleset Iraq , total changes : 52 (1982 - 2038)
Ruleset Italy , total changes : 52 (1916 - 2038)
Ruleset Japan , total changes : 8 (1948 - 2038)
Ruleset Jordan , total changes : 117 (1973 - 2038)
Ruleset Kyrgyz , total changes : 27 (1992 - 2038)
Ruleset LH , total changes : 113 (1981 - 2038)
Ruleset Latvia , total changes : 16 (1989 - 2038)
Ruleset Lebanon , total changes : 140 (1920 - 2038)
DS ruleset: Libya, Year: 1951, Change on : Jan 
DS ruleset: Libya, Year: 1952, Change on : Jan 
DS ruleset: Libya, Year: 1953, Change on : Jan 
DS ruleset: Libya, Year: 1954, Change on : Jan 
DS ruleset: Libya, Year: 1955, Change on : Jan 
DS ruleset: Libya, Year: 1956, Change on : Jan 
Ruleset Libya , total changes : 29 (1951 - 2038)
Ruleset Louisville , total changes : 36 (1921 - 2038)
Ruleset Lux , total changes : 27 (1916 - 2038)
Ruleset Macau , total changes : 40 (1961 - 2038)
Ruleset Malta , total changes : 16 (1973 - 2038)
Ruleset Marengo , total changes : 16 (1951 - 2038)
Ruleset Mauritius , total changes : 4 (1982 - 2038)
Ruleset Menominee , total changes : 4 (1946 - 2038)
Ruleset Mexico , total changes : 94 (1939 - 2038)
Ruleset Moldova , total changes : 82 (1997 - 2038)
Ruleset Moncton , total changes : 100 (1933 - 2038)
Ruleset Mongol , total changes : 48 (1983 - 2038)
DS ruleset: Morocco, Year: 2012, found 4 matching rules
DS ruleset: Morocco, Year: 2013, found 4 matching rules
DS ruleset: Morocco, Year: 2014, found 4 matching rules
DS ruleset: Morocco, Year: 2015, found 4 matching rules
DS ruleset: Morocco, Year: 2016, found 4 matching rules
DS ruleset: Morocco, Year: 2017, found 4 matching rules
DS ruleset: Morocco, Year: 2018, found 4 matching rules
DS ruleset: Morocco, Year: 2019, found 4 matching rules
DS ruleset: Morocco, Year: 2020, found 4 matching rules
DS ruleset: Morocco, Year: 2021, found 4 matching rules
DS ruleset: Morocco, Year: 2036, found 3 matching rules
DS ruleset: Morocco, Year: 2037, found 3 matching rules
Ruleset Morocco , total changes : 98 (1939 - 2038)
Ruleset NBorneo , total changes : 15 (1935 - 2038)
Ruleset NC , total changes : 8 (1977 - 2038)
Ruleset NT_YK , total changes : 63 (1918 - 2038)
Ruleset NYC , total changes : 94 (1920 - 2038)
DS ruleset: NZ, Year: 1945, Change on : Jan 
DS ruleset: NZ, Year: 1946, Change on : Jan 
Ruleset NZ , total changes : 156 (1927 - 2038)
Ruleset Namibia , total changes : 87 (1994 - 2038)
DS ruleset: Neth, Year: 1937, found 3 matching rules
Ruleset Neth , total changes : 51 (1916 - 2038)
Ruleset Nic , total changes : 8 (1979 - 2038)
Ruleset Norway , total changes : 18 (1916 - 2038)
Ruleset PRC , total changes : 12 (1986 - 2038)
Ruleset Pakistan , total changes : 6 (2002 - 2038)
DS ruleset: Palestine, Year: 2011, found 4 matching rules
Ruleset Palestine , total changes : 80 (1999 - 2038)
Ruleset Para , total changes : 126 (1975 - 2038)
Ruleset Perry , total changes : 24 (1946 - 2038)
DS ruleset: Peru, Year: 1938, Change on : Jan 
DS ruleset: Peru, Year: 1938, found 3 matching rules
DS ruleset: Peru, Year: 1985, Change on : Jan 
DS ruleset: Peru, Year: 1986, Change on : Jan 
DS ruleset: Peru, Year: 1987, Change on : Jan 
DS ruleset: Peru, Year: 1989, Change on : Jan 
DS ruleset: Peru, Year: 1990, Change on : Jan 
DS ruleset: Peru, Year: 1993, Change on : Jan 
DS ruleset: Peru, Year: 1994, Change on : Jan 
Ruleset Peru , total changes : 17 (1938 - 2038)
Ruleset Phil , total changes : 6 (1936 - 2038)
Ruleset Pike , total changes : 20 (1955 - 2038)
Ruleset Poland , total changes : 31 (1918 - 2038)
DS ruleset: Port, Year: 1942, found 4 matching rules
DS ruleset: Port, Year: 1943, found 4 matching rules
DS ruleset: Port, Year: 1944, found 4 matching rules
DS ruleset: Port, Year: 1945, found 4 matching rules
Ruleset Port , total changes : 109 (1916 - 2038)
Ruleset Pulaski , total changes : 30 (1946 - 2038)
Ruleset ROK , total changes : 24 (1948 - 2038)
Ruleset Regina , total changes : 51 (1918 - 2038)
Ruleset Romania , total changes : 26 (1932 - 2038)
DS ruleset: Russia, Year: 1919, found 3 matching rules
DS ruleset: Russia, Year: 1921, found 4 matching rules
Ruleset Russia , total changes : 72 (1917 - 2038)
Ruleset RussiaAsia , total changes : 62 (1981 - 2038)
Ruleset SA , total changes : 4 (1942 - 2038)
Ruleset Salv , total changes : 4 (1987 - 2038)
Ruleset SanLuis , total changes : 4 (2007 - 2038)
Ruleset Shang , total changes : 4 (1940 - 2038)
DS ruleset: SovietZone, Year: 1945, found 3 matching rules
Ruleset SovietZone , total changes : 3 (1945 - 2038)
DS ruleset: Spain, Year: 1938, found 3 matching rules
Ruleset Spain , total changes : 42 (1918 - 2038)
Ruleset SpainAfrica , total changes : 10 (1967 - 2038)
Ruleset StJohns , total changes : 179 (1917 - 2038)
Ruleset Starke , total changes : 30 (1947 - 2038)
Ruleset Sudan , total changes : 32 (1970 - 2038)
Ruleset Swift , total changes : 8 (1957 - 2038)
Ruleset Swiss , total changes : 4 (1941 - 2038)
Ruleset Syria , total changes : 150 (1920 - 2038)
Ruleset Taiwan , total changes : 38 (1946 - 2038)
Ruleset Thule , total changes : 94 (1991 - 2038)
Ruleset Tonga , total changes : 51 (1999 - 2038)
Ruleset Toronto , total changes : 100 (1919 - 2038)
Ruleset Troll , total changes : 67 (2004 - 2038)
DS ruleset: Tunisia, Year: 1943, found 4 matching rules
Ruleset Tunisia , total changes : 32 (1939 - 2038)
DS ruleset: Turkey, Year: 1940, found 3 matching rules
Ruleset Turkey , total changes : 108 (1916 - 2038)
Ruleset US , total changes : 150 (1918 - 2038)
DS ruleset: Uruguay, Year: 1941, Change on : Jan 
DS ruleset: Uruguay, Year: 1942, Change on : Jan 
Ruleset Uruguay , total changes : 93 (1923 - 2038)
Ruleset Vanc , total changes : 107 (1918 - 2038)
Ruleset Vanuatu , total changes : 21 (1983 - 2038)
Ruleset Vincennes , total changes : 24 (1946 - 2038)
Ruleset W-Eur , total changes : 122 (1977 - 2038)
Ruleset WS , total changes : 55 (2010 - 2038)
Ruleset Winn , total changes : 121 (1916 - 2038)
DS ruleset: Zion, Year: 1948, found 3 matching rules
Ruleset Zion , total changes : 141 (1940 - 2038)
Total DS changes: 7690; maximum changes in a ruleset :179

 COUNTRY MAX NAME LEN: 42
 DS RULES & RULESETS
   DS RULESET MAX NAME LEN: 12
   DS RULE MAX LETTER_ABBREV LEN: 5

 TIMEZONE
   MAX NAME LEN: 30   MAX comments LEN: 73   MAX coordinates LEN: 15
 TZ_NAMES (timezone names and aliases) MAX NAME LEN: 32
 TZ_RW_LINKS : 
   MAX NAME LEN: 30   MAX ALIAS LEN: 32
 TZ_RAW_OFFSET_RULES : 
   MAX rules LEN: 12   MAX format LEN: 5
[16/83] Completed 'catch2'
[17/83] Linking CXX executable bin/test_oos_record_flags
[18/83] Linking CXX executable bin/test_byte_span_writer
[19/83] Linking CXX executable bin/test_oos_delete
[20/83] Linking CXX executable bin/test_oos_tde_gate
[21/83] Linking CXX executable bin/test_oos_sql_bigone
[22/83] Linking CXX executable bin/test_oos_sql_pr7600_stream
[23/83] Linking CXX executable bin/test_oos_sql_ddl
[24/83] Linking CXX executable bin/test_oos_sql_boundary
[25/83] Linking CXX executable bin/test_oos_sql_delete
[26/83] Linking CXX executable bin/test_oos_sql_update_delete
[27/83] Linking CXX executable bin/test_oos_sql_visible_version
[28/83] Linking CXX executable bin/test_oos_sql_txn
[29/83] Linking CXX executable bin/test_oos_remove_file
[30/83] Linking CXX executable bin/test_oos
[31/83] Linking CXX executable bin/test_oos_sql_crud
[32/83] Linking CXX executable bin/test_oos_sql_eager_cleanup
[33/83] Linking CXX executable bin/test_oos_sql_storage
[34/83] Linking CXX executable bin/test_oos_growth_sweep
[35/83] Linking CXX executable bin/test_oos_bestspace
[36/83] Building C object timezones/CMakeFiles/cubrid_timezones.dir/tzlib/timezones.c.o
[37/83] Linking C shared library timezones/libcubrid_timezones.so.11.5
[38/83] Creating library symlink timezones/libcubrid_timezones.so
[39/83] Running utility command for pl_build
> Task :pl_server:generateGrammarSource UP-TO-DATE
> Task :pl_server:compileJava UP-TO-DATE
> Task :pl_server:processResources UP-TO-DATE
> Task :pl_server:classes UP-TO-DATE
> Task :pl_server:jar UP-TO-DATE
> Task :pl_server:startScripts UP-TO-DATE
> Task :pl_server:distTar UP-TO-DATE
> Task :pl_server:distZip UP-TO-DATE
> Task :pl_server:assemble UP-TO-DATE
> Task :pl_server:check
> Task :pl_server:build

BUILD SUCCESSFUL in 774ms
7 actionable tasks: 7 up-to-date
[40/83] Linking CXX shared library cs/libcubridcs.so.11.5
[41/83] Creating library symlink cs/libcubridcs.so
[42/83] Linking CXX executable bin/csql
[43/83] Linking CXX executable bin/cub_admin
[44/83] Linking CXX executable bin/broker_log_converter
[45/83] Linking CXX executable bin/broker_log_runner
[46/83] Linking CXX executable bin/cub_commdb
[47/83] Linking CXX executable bin/cubrid_replay
[48/83] Linking CXX shared library cm_common/libcmdep.so.11.5
[49/83] Creating library symlink cm_common/libcmdep.so
[50/83] Linking CXX executable bin/cub_master
[51/83] Linking CXX executable bin/broker_tester
[52/83] Linking CXX static library broker/libcas_common_lib.a
[53/83] Linking CXX executable bin/cub_broker
[54/83] Linking CXX executable bin/cub_gateway
[55/83] Linking CXX shared library broker/libbrokeradmin.so.11.5
[56/83] Linking CXX executable bin/broker_monitor
[57/83] Linking CXX executable bin/broker_log_top
[58/83] Linking CXX executable bin/broker_changer
[59/83] Linking CXX executable bin/gateway_monitor
[60/83] Creating library symlink broker/libbrokeradmin.so
[61/83] Linking CXX executable bin/cubrid_broker
[62/83] Linking CXX executable bin/cubrid_gateway
[63/83] Linking CXX executable bin/cub_proxy
[64/83] Linking CXX static library broker/libcas_cgw_lib.a
[65/83] Linking CXX shared library cm_common/libcmstat.so.11.5
[66/83] Creating library symlink cm_common/libcmstat.so
[67/83] Linking CXX executable bin/cub_cas
[68/83] Linking CXX executable bin/cub_cas_cgw
[69/83] Linking CXX shared library cubrid/libcubrid.so.11.5
[70/83] Creating library symlink cubrid/libcubrid.so
[71/83] Linking CXX executable bin/cub_server
[72/83] Linking CXX executable bin/unittests_bit
[73/83] Linking CXX executable bin/unittests_area
[74/83] Linking CXX executable bin/unittests_snapshot
[75/83] Linking CXX executable bin/unittests_lf
[76/83] Linking CXX executable bin/test_oos_delete_server
[77/83] Linking CXX executable bin/test_oos_mock_vacuum_server
[78/83] Linking CXX executable bin/test_oos_remove_file_server
[79/83] Linking CXX executable bin/test_oos_vacuum_server
[80/83] Linking CXX executable bin/test_oos_real_vacuum_server
[81/83] Linking CXX executable bin/test_oos_server
[82/83] Building CXX object unit_tests/oos/sql/CMakeFiles/test_oos_sql_show.dir/test_oos_sql_show.cpp.o
[83/83] Linking CXX executable bin/test_oos_sql_show
-- Install configuration: "RelWithDebInfo"
-- Installing: /home/vimkim/.cub/install/pr7600-timing-base988/release_gcc/vm/pl_server.jar
-- Installing: /home/vimkim/.cub/install/pr7600-timing-base988/release_gcc/vm/logging.properties
-- Installing: /home/vimkim/.cub/install/pr7600-timing-base988/release_gcc/vm/jdk8
-- Installing: /home/vimkim/.cub/install/pr7600-timing-base988/release_gcc/lib/libcubridsa.so.11.5
-- Set runtime path of "/home/vimkim/.cub/install/pr7600-timing-base988/release_gcc/lib/libcubridsa.so.11.5" to "/home/vimkim/.cub/install/pr7600-timing-base988/release_gcc/lib"
-- Installing: /home/vimkim/.cub/install/pr7600-timing-base988/release_gcc/lib/libcubridsa.so
-- Installing: /home/vimkim/.cub/install/pr7600-timing-base988/release_gcc/lib/libcubridcs.so.11.5
-- Set runtime path of "/home/vimkim/.cub/install/pr7600-timing-base988/release_gcc/lib/libcubridcs.so.11.5" to "/home/vimkim/.cub/install/pr7600-timing-base988/release_gcc/lib"
-- Installing: /home/vimkim/.cub/install/pr7600-timing-base988/release_gcc/lib/libcubridcs.so
-- Installing: /home/vimkim/.cub/install/pr7600-timing-base988/release_gcc/lib/libcubrid.so.11.5
-- Set runtime path of "/home/vimkim/.cub/install/pr7600-timing-base988/release_gcc/lib/libcubrid.so.11.5" to "/home/vimkim/.cub/install/pr7600-timing-base988/release_gcc/lib"
-- Installing: /home/vimkim/.cub/install/pr7600-timing-base988/release_gcc/lib/libcubrid.so
-- Installing: /home/vimkim/.cub/install/pr7600-timing-base988/release_gcc/include/dbi.h
-- Installing: /home/vimkim/.cub/install/pr7600-timing-base988/release_gcc/include/dbtran_def.h
-- Installing: /home/vimkim/.cub/install/pr7600-timing-base988/release_gcc/include/dbtype_def.h
-- Installing: /home/vimkim/.cub/install/pr7600-timing-base988/release_gcc/include/db_set_function.h
-- Installing: /home/vimkim/.cub/install/pr7600-timing-base988/release_gcc/include/dbtype_function.h
-- Installing: /home/vimkim/.cub/install/pr7600-timing-base988/release_gcc/include/db_date.h
-- Installing: /home/vimkim/.cub/install/pr7600-timing-base988/release_gcc/include/db_elo.h
-- Installing: /home/vimkim/.cub/install/pr7600-timing-base988/release_gcc/include/cache_time.h
-- Installing: /home/vimkim/.cub/install/pr7600-timing-base988/release_gcc/include/error_code.h
-- Installing: /home/vimkim/.cub/install/pr7600-timing-base988/release_gcc/include/cubrid_log.h
-- Installing: /home/vimkim/.cub/install/pr7600-timing-base988/release_gcc/include/cm_stat.h
-- Installing: /home/vimkim/.cub/install/pr7600-timing-base988/release_gcc/bin/csql
-- Set runtime path of "/home/vimkim/.cub/install/pr7600-timing-base988/release_gcc/bin/csql" to "/home/vimkim/.cub/install/pr7600-timing-base988/release_gcc/lib"
-- Installing: /home/vimkim/.cub/install/pr7600-timing-base988/release_gcc/bin/cub_master
-- Set runtime path of "/home/vimkim/.cub/install/pr7600-timing-base988/release_gcc/bin/cub_master" to "/home/vimkim/.cub/install/pr7600-timing-base988/release_gcc/lib"
-- Installing: /home/vimkim/.cub/install/pr7600-timing-base988/release_gcc/bin/cub_server
-- Set runtime path of "/home/vimkim/.cub/install/pr7600-timing-base988/release_gcc/bin/cub_server" to "/home/vimkim/.cub/install/pr7600-timing-base988/release_gcc/lib"
-- Installing: /home/vimkim/.cub/install/pr7600-timing-base988/release_gcc/bin/cubrid
-- Set runtime path of "/home/vimkim/.cub/install/pr7600-timing-base988/release_gcc/bin/cubrid" to "/home/vimkim/.cub/install/pr7600-timing-base988/release_gcc/lib"
-- Installing: /home/vimkim/.cub/install/pr7600-timing-base988/release_gcc/bin/cub_commdb
-- Set runtime path of "/home/vimkim/.cub/install/pr7600-timing-base988/release_gcc/bin/cub_commdb" to "/home/vimkim/.cub/install/pr7600-timing-base988/release_gcc/lib"
-- Installing: /home/vimkim/.cub/install/pr7600-timing-base988/release_gcc/bin/cubrid_rel
-- Set runtime path of "/home/vimkim/.cub/install/pr7600-timing-base988/release_gcc/bin/cubrid_rel" to "/home/vimkim/.cub/install/pr7600-timing-base988/release_gcc/lib"
-- Installing: /home/vimkim/.cub/install/pr7600-timing-base988/release_gcc/bin/loadjava
-- Set runtime path of "/home/vimkim/.cub/install/pr7600-timing-base988/release_gcc/bin/loadjava" to "/home/vimkim/.cub/install/pr7600-timing-base988/release_gcc/lib"
-- Installing: /home/vimkim/.cub/install/pr7600-timing-base988/release_gcc/bin/cub_pl
-- Set runtime path of "/home/vimkim/.cub/install/pr7600-timing-base988/release_gcc/bin/cub_pl" to "/home/vimkim/.cub/install/pr7600-timing-base988/release_gcc/lib"
-- Installing: /home/vimkim/.cub/install/pr7600-timing-base988/release_gcc/bin/cub_admin
-- Set runtime path of "/home/vimkim/.cub/install/pr7600-timing-base988/release_gcc/bin/cub_admin" to "/home/vimkim/.cub/install/pr7600-timing-base988/release_gcc/lib"
-- Installing: /home/vimkim/.cub/install/pr7600-timing-base988/release_gcc/cci/lib/libcascci.so.11.3
-- Set runtime path of "/home/vimkim/.cub/install/pr7600-timing-base988/release_gcc/cci/lib/libcascci.so.11.3" to "/home/vimkim/.cub/install/pr7600-timing-base988/release_gcc/lib"
-- Installing: /home/vimkim/.cub/install/pr7600-timing-base988/release_gcc/cci/lib/libcascci.so
-- Installing: /home/vimkim/.cub/install/pr7600-timing-base988/release_gcc/cci/include/cas_cci.h
-- Installing: /home/vimkim/.cub/install/pr7600-timing-base988/release_gcc/cci/include/compat_dbtran_def.h
-- Installing: /home/vimkim/.cub/install/pr7600-timing-base988/release_gcc/cci/include/broker_cas_error.h
-- Installing: /home/vimkim/.cub/install/pr7600-timing-base988/release_gcc/include/cas_cci.h
-- Installing: /home/vimkim/.cub/install/pr7600-timing-base988/release_gcc/include/broker_cas_error.h
-- Installing: /home/vimkim/.cub/install/pr7600-timing-base988/release_gcc/include/compat_dbtran_def.h
-- Installing: /home/vimkim/.cub/install/pr7600-timing-base988/release_gcc/lib/libcascci.so
-- Installing: /home/vimkim/.cub/install/pr7600-timing-base988/release_gcc/lib/libcascci.so.11.3
-- Installing: /home/vimkim/.cub/install/pr7600-timing-base988/release_gcc/bin/cci_applier
-- Set runtime path of "/home/vimkim/.cub/install/pr7600-timing-base988/release_gcc/bin/cci_applier" to "/home/vimkim/.cub/install/pr7600-timing-base988/release_gcc/lib"
-- Installing: /home/vimkim/.cub/install/pr7600-timing-base988/release_gcc/bin/broker_log_converter
-- Set runtime path of "/home/vimkim/.cub/install/pr7600-timing-base988/release_gcc/bin/broker_log_converter" to "/home/vimkim/.cub/install/pr7600-timing-base988/release_gcc/lib"
-- Installing: /home/vimkim/.cub/install/pr7600-timing-base988/release_gcc/bin/broker_log_runner
-- Set runtime path of "/home/vimkim/.cub/install/pr7600-timing-base988/release_gcc/bin/broker_log_runner" to "/home/vimkim/.cub/install/pr7600-timing-base988/release_gcc/lib"
-- Installing: /home/vimkim/.cub/install/pr7600-timing-base988/release_gcc/bin/broker_tester
-- Set runtime path of "/home/vimkim/.cub/install/pr7600-timing-base988/release_gcc/bin/broker_tester" to "/home/vimkim/.cub/install/pr7600-timing-base988/release_gcc/lib"
-- Installing: /home/vimkim/.cub/install/pr7600-timing-base988/release_gcc/bin/cubrid_replay
-- Set runtime path of "/home/vimkim/.cub/install/pr7600-timing-base988/release_gcc/bin/cubrid_replay" to "/home/vimkim/.cub/install/pr7600-timing-base988/release_gcc/lib"
-- Installing: /home/vimkim/.cub/install/pr7600-timing-base988/release_gcc/bin/cub_broker
-- Set runtime path of "/home/vimkim/.cub/install/pr7600-timing-base988/release_gcc/bin/cub_broker" to "/home/vimkim/.cub/install/pr7600-timing-base988/release_gcc/lib"
-- Installing: /home/vimkim/.cub/install/pr7600-timing-base988/release_gcc/bin/cub_gateway
-- Set runtime path of "/home/vimkim/.cub/install/pr7600-timing-base988/release_gcc/bin/cub_gateway" to "/home/vimkim/.cub/install/pr7600-timing-base988/release_gcc/lib"
-- Installing: /home/vimkim/.cub/install/pr7600-timing-base988/release_gcc/bin/broker_monitor
-- Set runtime path of "/home/vimkim/.cub/install/pr7600-timing-base988/release_gcc/bin/broker_monitor" to "/home/vimkim/.cub/install/pr7600-timing-base988/release_gcc/lib"
-- Installing: /home/vimkim/.cub/install/pr7600-timing-base988/release_gcc/bin/gateway_monitor
-- Set runtime path of "/home/vimkim/.cub/install/pr7600-timing-base988/release_gcc/bin/gateway_monitor" to "/home/vimkim/.cub/install/pr7600-timing-base988/release_gcc/lib"
-- Installing: /home/vimkim/.cub/install/pr7600-timing-base988/release_gcc/bin/broker_changer
-- Set runtime path of "/home/vimkim/.cub/install/pr7600-timing-base988/release_gcc/bin/broker_changer" to "/home/vimkim/.cub/install/pr7600-timing-base988/release_gcc/lib"
-- Installing: /home/vimkim/.cub/install/pr7600-timing-base988/release_gcc/bin/cubrid_broker
-- Set runtime path of "/home/vimkim/.cub/install/pr7600-timing-base988/release_gcc/bin/cubrid_broker" to "/home/vimkim/.cub/install/pr7600-timing-base988/release_gcc/lib"
-- Installing: /home/vimkim/.cub/install/pr7600-timing-base988/release_gcc/bin/cubrid_gateway
-- Set runtime path of "/home/vimkim/.cub/install/pr7600-timing-base988/release_gcc/bin/cubrid_gateway" to "/home/vimkim/.cub/install/pr7600-timing-base988/release_gcc/lib"
-- Installing: /home/vimkim/.cub/install/pr7600-timing-base988/release_gcc/bin/cub_cas
-- Set runtime path of "/home/vimkim/.cub/install/pr7600-timing-base988/release_gcc/bin/cub_cas" to "/home/vimkim/.cub/install/pr7600-timing-base988/release_gcc/lib"
-- Installing: /home/vimkim/.cub/install/pr7600-timing-base988/release_gcc/bin/cub_cas_cgw
-- Set runtime path of "/home/vimkim/.cub/install/pr7600-timing-base988/release_gcc/bin/cub_cas_cgw" to "/home/vimkim/.cub/install/pr7600-timing-base988/release_gcc/lib"
-- Installing: /home/vimkim/.cub/install/pr7600-timing-base988/release_gcc/bin/cub_proxy
-- Set runtime path of "/home/vimkim/.cub/install/pr7600-timing-base988/release_gcc/bin/cub_proxy" to "/home/vimkim/.cub/install/pr7600-timing-base988/release_gcc/lib"
-- Installing: /home/vimkim/.cub/install/pr7600-timing-base988/release_gcc/include/shard_key.h
-- Installing: /home/vimkim/.cub/install/pr7600-timing-base988/release_gcc/bin/broker_log_top
-- Set runtime path of "/home/vimkim/.cub/install/pr7600-timing-base988/release_gcc/bin/broker_log_top" to "/home/vimkim/.cub/install/pr7600-timing-base988/release_gcc/lib"
-- Installing: /home/vimkim/.cub/install/pr7600-timing-base988/release_gcc/lib/libbrokeradmin.so.11.5
-- Set runtime path of "/home/vimkim/.cub/install/pr7600-timing-base988/release_gcc/lib/libbrokeradmin.so.11.5" to "/home/vimkim/.cub/install/pr7600-timing-base988/release_gcc/lib"
-- Installing: /home/vimkim/.cub/install/pr7600-timing-base988/release_gcc/lib/libbrokeradmin.so
-- Installing: /home/vimkim/.cub/install/pr7600-timing-base988/release_gcc/lib/libcmstat.so.11.5
-- Set runtime path of "/home/vimkim/.cub/install/pr7600-timing-base988/release_gcc/lib/libcmstat.so.11.5" to "/home/vimkim/.cub/install/pr7600-timing-base988/release_gcc/lib"
-- Installing: /home/vimkim/.cub/install/pr7600-timing-base988/release_gcc/lib/libcmstat.so
-- Installing: /home/vimkim/.cub/install/pr7600-timing-base988/release_gcc/lib/libcmdep.so.11.5
-- Set runtime path of "/home/vimkim/.cub/install/pr7600-timing-base988/release_gcc/lib/libcmdep.so.11.5" to "/home/vimkim/.cub/install/pr7600-timing-base988/release_gcc/lib"
-- Installing: /home/vimkim/.cub/install/pr7600-timing-base988/release_gcc/lib/libcmdep.so
-- Installing: /home/vimkim/.cub/install/pr7600-timing-base988/release_gcc/bin/cub_jobsa
-- Set runtime path of "/home/vimkim/.cub/install/pr7600-timing-base988/release_gcc/bin/cub_jobsa" to "/home/vimkim/.cub/install/pr7600-timing-base988/release_gcc/lib"
-- Installing: /home/vimkim/.cub/install/pr7600-timing-base988/release_gcc/bin/cub_sainfo
-- Set runtime path of "/home/vimkim/.cub/install/pr7600-timing-base988/release_gcc/bin/cub_sainfo" to "/home/vimkim/.cub/install/pr7600-timing-base988/release_gcc/lib"
-- Installing: /home/vimkim/.cub/install/pr7600-timing-base988/release_gcc/conf/cubrid.conf
-- Installing: /home/vimkim/.cub/install/pr7600-timing-base988/release_gcc/conf/cubrid.conf.large
-- Installing: /home/vimkim/.cub/install/pr7600-timing-base988/release_gcc/conf/cubrid.conf.small
-- Installing: /home/vimkim/.cub/install/pr7600-timing-base988/release_gcc/conf/cubrid_broker.conf
-- Installing: /home/vimkim/.cub/install/pr7600-timing-base988/release_gcc/conf/cubrid_broker.conf.shard
-- Installing: /home/vimkim/.cub/install/pr7600-timing-base988/release_gcc/conf/cubrid_gateway.conf
-- Installing: /home/vimkim/.cub/install/pr7600-timing-base988/release_gcc/conf/cubrid_ha.conf
-- Installing: /home/vimkim/.cub/install/pr7600-timing-base988/release_gcc/conf/cubrid_hosts.conf
-- Installing: /home/vimkim/.cub/install/pr7600-timing-base988/release_gcc/conf/shard_connection.txt
-- Installing: /home/vimkim/.cub/install/pr7600-timing-base988/release_gcc/conf/shard_key.txt
-- Installing: /home/vimkim/.cub/install/pr7600-timing-base988/release_gcc/conf/cubrid_locales.all.txt
-- Installing: /home/vimkim/.cub/install/pr7600-timing-base988/release_gcc/conf/cubrid_locales.txt
-- Installing: /home/vimkim/.cub/install/pr7600-timing-base988/release_gcc/conf/cas_ssl_cert.crt
-- Installing: /home/vimkim/.cub/install/pr7600-timing-base988/release_gcc/conf/cas_ssl_cert.key
-- Installing: /home/vimkim/.cub/install/pr7600-timing-base988/release_gcc/msg/en_US.utf8
-- Installing: /home/vimkim/.cub/install/pr7600-timing-base988/release_gcc/msg/en_US.utf8/csql.msg
-- Installing: /home/vimkim/.cub/install/pr7600-timing-base988/release_gcc/msg/en_US.utf8/cubrid.msg
-- Installing: /home/vimkim/.cub/install/pr7600-timing-base988/release_gcc/msg/en_US.utf8/utils.msg
-- Up-to-date: /home/vimkim/.cub/install/pr7600-timing-base988/release_gcc/msg/en_US.utf8
-- Installing: /home/vimkim/.cub/install/pr7600-timing-base988/release_gcc/msg/en_US.utf8/cubrid.cat
-- Installing: /home/vimkim/.cub/install/pr7600-timing-base988/release_gcc/msg/en_US.utf8/csql.cat
-- Installing: /home/vimkim/.cub/install/pr7600-timing-base988/release_gcc/msg/en_US.utf8/utils.cat
-- Installing: /home/vimkim/.cub/install/pr7600-timing-base988/release_gcc/msg/en_US
-- Installing: /home/vimkim/.cub/install/pr7600-timing-base988/release_gcc/msg/en_US/utils.msg
-- Installing: /home/vimkim/.cub/install/pr7600-timing-base988/release_gcc/msg/en_US/cubrid.msg
-- Installing: /home/vimkim/.cub/install/pr7600-timing-base988/release_gcc/msg/en_US/csql.msg
-- Up-to-date: /home/vimkim/.cub/install/pr7600-timing-base988/release_gcc/msg/en_US
-- Installing: /home/vimkim/.cub/install/pr7600-timing-base988/release_gcc/msg/en_US/cubrid.cat
-- Installing: /home/vimkim/.cub/install/pr7600-timing-base988/release_gcc/msg/en_US/utils.cat
-- Installing: /home/vimkim/.cub/install/pr7600-timing-base988/release_gcc/msg/en_US/csql.cat
-- Installing: /home/vimkim/.cub/install/pr7600-timing-base988/release_gcc/msg/ko_KR.utf8
-- Installing: /home/vimkim/.cub/install/pr7600-timing-base988/release_gcc/msg/ko_KR.utf8/utils.msg
-- Installing: /home/vimkim/.cub/install/pr7600-timing-base988/release_gcc/msg/ko_KR.utf8/cubrid.msg
-- Installing: /home/vimkim/.cub/install/pr7600-timing-base988/release_gcc/msg/ko_KR.utf8/csql.msg
-- Up-to-date: /home/vimkim/.cub/install/pr7600-timing-base988/release_gcc/msg/ko_KR.utf8
-- Installing: /home/vimkim/.cub/install/pr7600-timing-base988/release_gcc/msg/ko_KR.utf8/utils.cat
-- Installing: /home/vimkim/.cub/install/pr7600-timing-base988/release_gcc/msg/ko_KR.utf8/csql.cat
-- Installing: /home/vimkim/.cub/install/pr7600-timing-base988/release_gcc/msg/ko_KR.utf8/cubrid.cat
-- Installing: /home/vimkim/.cub/install/pr7600-timing-base988/release_gcc/msg/ko_KR.euckr
-- Installing: /home/vimkim/.cub/install/pr7600-timing-base988/release_gcc/msg/ko_KR.euckr/csql.msg
-- Installing: /home/vimkim/.cub/install/pr7600-timing-base988/release_gcc/msg/ko_KR.euckr/utils.msg
-- Installing: /home/vimkim/.cub/install/pr7600-timing-base988/release_gcc/msg/ko_KR.euckr/cubrid.msg
-- Up-to-date: /home/vimkim/.cub/install/pr7600-timing-base988/release_gcc/msg/ko_KR.euckr
-- Installing: /home/vimkim/.cub/install/pr7600-timing-base988/release_gcc/msg/ko_KR.euckr/utils.cat
-- Installing: /home/vimkim/.cub/install/pr7600-timing-base988/release_gcc/msg/ko_KR.euckr/csql.cat
-- Installing: /home/vimkim/.cub/install/pr7600-timing-base988/release_gcc/msg/ko_KR.euckr/cubrid.cat
-- Installing: /home/vimkim/.cub/install/pr7600-timing-base988/release_gcc/demo/demodb_objects
-- Installing: /home/vimkim/.cub/install/pr7600-timing-base988/release_gcc/demo/demodb_schema
-- Installing: /home/vimkim/.cub/install/pr7600-timing-base988/release_gcc/demo/make_cubrid_demo.sh
-- Installing: /home/vimkim/.cub/install/pr7600-timing-base988/release_gcc/share/init.d/cubrid-ha
-- Installing: /home/vimkim/.cub/install/pr7600-timing-base988/release_gcc/share/init.d/cubrid
-- Installing: /home/vimkim/.cub/install/pr7600-timing-base988/release_gcc/share/scripts/check_reserved.sql
-- Installing: /home/vimkim/.cub/install/pr7600-timing-base988/release_gcc/share/scripts/broker_log_top.py
-- Installing: /home/vimkim/.cub/install/pr7600-timing-base988/release_gcc/share/scripts/brokerstatus_to_csv.py
-- Installing: /home/vimkim/.cub/install/pr7600-timing-base988/release_gcc/share/scripts/statdump_to_csv.py
-- Installing: /home/vimkim/.cub/install/pr7600-timing-base988/release_gcc/share/scripts/ha/ha_make_slavedb.sh
-- Installing: /home/vimkim/.cub/install/pr7600-timing-base988/release_gcc/share/scripts/ha/VERSION
-- Installing: /home/vimkim/.cub/install/pr7600-timing-base988/release_gcc/share/scripts/ha/README
-- Installing: /home/vimkim/.cub/install/pr7600-timing-base988/release_gcc/share/scripts/ha/functions/ha_check_environment.sh
-- Installing: /home/vimkim/.cub/install/pr7600-timing-base988/release_gcc/share/scripts/ha/functions/ha_check_script.sh
-- Installing: /home/vimkim/.cub/install/pr7600-timing-base988/release_gcc/share/scripts/ha/expect/scp_from.exp
-- Installing: /home/vimkim/.cub/install/pr7600-timing-base988/release_gcc/share/scripts/ha/expect/scp_to.exp
-- Installing: /home/vimkim/.cub/install/pr7600-timing-base988/release_gcc/share/scripts/ha/expect/ssh.exp
-- Installing: /home/vimkim/.cub/install/pr7600-timing-base988/release_gcc/share/scripts/ha/common/common.sh
-- Installing: /home/vimkim/.cub/install/pr7600-timing-base988/release_gcc/share/systemtap/tapset/cubrid_func.stp
-- Installing: /home/vimkim/.cub/install/pr7600-timing-base988/release_gcc/share/systemtap/tapset/scripts/buffer_access.stp
-- Installing: /home/vimkim/.cub/install/pr7600-timing-base988/release_gcc/share/systemtap/tapset/scripts/global_time.stp
-- Installing: /home/vimkim/.cub/install/pr7600-timing-base988/release_gcc/share/systemtap/tapset/scripts/io_stat.stp
-- Installing: /home/vimkim/.cub/install/pr7600-timing-base988/release_gcc/share/systemtap/tapset/scripts/lock_time.stp
-- Installing: /home/vimkim/.cub/install/pr7600-timing-base988/release_gcc/share/systemtap/tapset/scripts/obj_access.stp
-- Installing: /home/vimkim/.cub/install/pr7600-timing-base988/release_gcc/share/systemtap/tapset/scripts/query_time.stp
-- Installing: /home/vimkim/.cub/install/pr7600-timing-base988/release_gcc/share/systemtap/tapset/scripts/transaction.stp
-- Installing: /home/vimkim/.cub/install/pr7600-timing-base988/release_gcc/share/systemtap/tapset/scripts/topcallstack_helper.stp
-- Installing: /home/vimkim/.cub/install/pr7600-timing-base988/release_gcc/share/systemtap/tapset/scripts/get_file_line.sh
-- Installing: /home/vimkim/.cub/install/pr7600-timing-base988/release_gcc/share/systemtap/tapset/scripts/topcallstack
-- Installing: /home/vimkim/.cub/install/pr7600-timing-base988/release_gcc/share/scripts/setup.sh
-- Installing: /home/vimkim/.cub/install/pr7600-timing-base988/release_gcc/share/scripts/cubrid.sh
-- Installing: /home/vimkim/.cub/install/pr7600-timing-base988/release_gcc/share/scripts/cubrid.csh
-- Installing: /home/vimkim/.cub/install/pr7600-timing-base988/release_gcc/share/scripts/unloaddb.sh
-- Installing: /home/vimkim/.cub/install/pr7600-timing-base988/release_gcc/share/scripts/restore_to_newdb.sh
-- Installing: /home/vimkim/.cub/install/pr7600-timing-base988/release_gcc/share/scripts/check_index_ovfps.sh
-- Installing: /home/vimkim/.cub/install/pr7600-timing-base988/release_gcc/bin/make_locale.sh
-- Installing: /home/vimkim/.cub/install/pr7600-timing-base988/release_gcc/locales/loclib/build_locale.sh
-- Installing: /home/vimkim/.cub/install/pr7600-timing-base988/release_gcc/locales/data
-- Installing: /home/vimkim/.cub/install/pr7600-timing-base988/release_gcc/locales/data/codepages
-- Installing: /home/vimkim/.cub/install/pr7600-timing-base988/release_gcc/locales/data/codepages/8859-1.TXT
-- Installing: /home/vimkim/.cub/install/pr7600-timing-base988/release_gcc/locales/data/codepages/8859-15.TXT
-- Installing: /home/vimkim/.cub/install/pr7600-timing-base988/release_gcc/locales/data/codepages/8859-9.TXT
-- Installing: /home/vimkim/.cub/install/pr7600-timing-base988/release_gcc/locales/data/codepages/CP1250.TXT
-- Installing: /home/vimkim/.cub/install/pr7600-timing-base988/release_gcc/locales/data/codepages/CP1258.TXT
-- Installing: /home/vimkim/.cub/install/pr7600-timing-base988/release_gcc/locales/data/codepages/CP932.TXT
-- Installing: /home/vimkim/.cub/install/pr7600-timing-base988/release_gcc/locales/data/codepages/CP936.TXT
-- Installing: /home/vimkim/.cub/install/pr7600-timing-base988/release_gcc/locales/data/codepages/CP949.TXT
-- Installing: /home/vimkim/.cub/install/pr7600-timing-base988/release_gcc/locales/data/ducet.txt
-- Installing: /home/vimkim/.cub/install/pr7600-timing-base988/release_gcc/locales/data/ldml
-- Installing: /home/vimkim/.cub/install/pr7600-timing-base988/release_gcc/locales/data/ldml/common_collations.xml
-- Installing: /home/vimkim/.cub/install/pr7600-timing-base988/release_gcc/locales/data/ldml/cubrid_de_DE.xml
-- Installing: /home/vimkim/.cub/install/pr7600-timing-base988/release_gcc/locales/data/ldml/cubrid_es_ES.xml
-- Installing: /home/vimkim/.cub/install/pr7600-timing-base988/release_gcc/locales/data/ldml/cubrid_fr_FR.xml
-- Installing: /home/vimkim/.cub/install/pr7600-timing-base988/release_gcc/locales/data/ldml/cubrid_it_IT.xml
-- Installing: /home/vimkim/.cub/install/pr7600-timing-base988/release_gcc/locales/data/ldml/cubrid_ja_JP.xml
-- Installing: /home/vimkim/.cub/install/pr7600-timing-base988/release_gcc/locales/data/ldml/cubrid_km_KH.xml
-- Installing: /home/vimkim/.cub/install/pr7600-timing-base988/release_gcc/locales/data/ldml/cubrid_ko_KR.xml
-- Installing: /home/vimkim/.cub/install/pr7600-timing-base988/release_gcc/locales/data/ldml/cubrid_ro_RO.xml
-- Installing: /home/vimkim/.cub/install/pr7600-timing-base988/release_gcc/locales/data/ldml/cubrid_tr_TR.xml
-- Installing: /home/vimkim/.cub/install/pr7600-timing-base988/release_gcc/locales/data/ldml/cubrid_vi_VN.xml
-- Installing: /home/vimkim/.cub/install/pr7600-timing-base988/release_gcc/locales/data/ldml/cubrid_zh_CN.xml
-- Installing: /home/vimkim/.cub/install/pr7600-timing-base988/release_gcc/locales/data/unicodedata.txt
-- Installing: /home/vimkim/.cub/install/pr7600-timing-base988/release_gcc/locales/loclib/locale_lib_common.h
-- Installing: /home/vimkim/.cub/install/pr7600-timing-base988/release_gcc/lib/libcubrid_timezones.so.11.5
-- Set runtime path of "/home/vimkim/.cub/install/pr7600-timing-base988/release_gcc/lib/libcubrid_timezones.so.11.5" to "/home/vimkim/.cub/install/pr7600-timing-base988/release_gcc/lib"
-- Installing: /home/vimkim/.cub/install/pr7600-timing-base988/release_gcc/lib/libcubrid_timezones.so
-- Installing: /home/vimkim/.cub/install/pr7600-timing-base988/release_gcc/bin/make_tz.sh
-- Installing: /home/vimkim/.cub/install/pr7600-timing-base988/release_gcc/timezones/tzlib/build_tz.sh
-- Installing: /home/vimkim/.cub/install/pr7600-timing-base988/release_gcc/timezones/tzdata
-- Installing: /home/vimkim/.cub/install/pr7600-timing-base988/release_gcc/timezones/tzdata/africa
-- Installing: /home/vimkim/.cub/install/pr7600-timing-base988/release_gcc/timezones/tzdata/antarctica
-- Installing: /home/vimkim/.cub/install/pr7600-timing-base988/release_gcc/timezones/tzdata/asia
-- Installing: /home/vimkim/.cub/install/pr7600-timing-base988/release_gcc/timezones/tzdata/australasia
-- Installing: /home/vimkim/.cub/install/pr7600-timing-base988/release_gcc/timezones/tzdata/backward
-- Installing: /home/vimkim/.cub/install/pr7600-timing-base988/release_gcc/timezones/tzdata/etcetera
-- Installing: /home/vimkim/.cub/install/pr7600-timing-base988/release_gcc/timezones/tzdata/europe
-- Installing: /home/vimkim/.cub/install/pr7600-timing-base988/release_gcc/timezones/tzdata/iso3166.tab
-- Installing: /home/vimkim/.cub/install/pr7600-timing-base988/release_gcc/timezones/tzdata/leapseconds
-- Installing: /home/vimkim/.cub/install/pr7600-timing-base988/release_gcc/timezones/tzdata/northamerica
-- Installing: /home/vimkim/.cub/install/pr7600-timing-base988/release_gcc/timezones/tzdata/pacificnew
-- Installing: /home/vimkim/.cub/install/pr7600-timing-base988/release_gcc/timezones/tzdata/southamerica
-- Installing: /home/vimkim/.cub/install/pr7600-timing-base988/release_gcc/timezones/tzdata/windowsZones.xml
-- Installing: /home/vimkim/.cub/install/pr7600-timing-base988/release_gcc/timezones/tzdata/zone.tab
-- Installing: /home/vimkim/.cub/install/pr7600-timing-base988/release_gcc/timezones/tzlib/timezone_lib_common.h
-- Up-to-date: /home/vimkim/.cub/install/pr7600-timing-base988/release_gcc/include
-- Installing: /home/vimkim/.cub/install/pr7600-timing-base988/release_gcc/include/gmock
-- Installing: /home/vimkim/.cub/install/pr7600-timing-base988/release_gcc/include/gmock/gmock-actions.h
-- Installing: /home/vimkim/.cub/install/pr7600-timing-base988/release_gcc/include/gmock/gmock-cardinalities.h
-- Installing: /home/vimkim/.cub/install/pr7600-timing-base988/release_gcc/include/gmock/gmock-function-mocker.h
-- Installing: /home/vimkim/.cub/install/pr7600-timing-base988/release_gcc/include/gmock/gmock-matchers.h
-- Installing: /home/vimkim/.cub/install/pr7600-timing-base988/release_gcc/include/gmock/gmock-more-actions.h
-- Installing: /home/vimkim/.cub/install/pr7600-timing-base988/release_gcc/include/gmock/gmock-more-matchers.h
-- Installing: /home/vimkim/.cub/install/pr7600-timing-base988/release_gcc/include/gmock/gmock-nice-strict.h
-- Installing: /home/vimkim/.cub/install/pr7600-timing-base988/release_gcc/include/gmock/gmock-spec-builders.h
-- Installing: /home/vimkim/.cub/install/pr7600-timing-base988/release_gcc/include/gmock/gmock.h
-- Installing: /home/vimkim/.cub/install/pr7600-timing-base988/release_gcc/include/gmock/internal
-- Installing: /home/vimkim/.cub/install/pr7600-timing-base988/release_gcc/include/gmock/internal/custom
-- Installing: /home/vimkim/.cub/install/pr7600-timing-base988/release_gcc/include/gmock/internal/custom/README.md
-- Installing: /home/vimkim/.cub/install/pr7600-timing-base988/release_gcc/include/gmock/internal/custom/gmock-generated-actions.h
-- Installing: /home/vimkim/.cub/install/pr7600-timing-base988/release_gcc/include/gmock/internal/custom/gmock-matchers.h
-- Installing: /home/vimkim/.cub/install/pr7600-timing-base988/release_gcc/include/gmock/internal/custom/gmock-port.h
-- Installing: /home/vimkim/.cub/install/pr7600-timing-base988/release_gcc/include/gmock/internal/gmock-internal-utils.h
-- Installing: /home/vimkim/.cub/install/pr7600-timing-base988/release_gcc/include/gmock/internal/gmock-port.h
-- Installing: /home/vimkim/.cub/install/pr7600-timing-base988/release_gcc/include/gmock/internal/gmock-pp.h
-- Installing: /home/vimkim/.cub/install/pr7600-timing-base988/release_gcc/lib64/libgmock.a
-- Installing: /home/vimkim/.cub/install/pr7600-timing-base988/release_gcc/lib64/libgmock_main.a
-- Installing: /home/vimkim/.cub/install/pr7600-timing-base988/release_gcc/lib64/pkgconfig/gmock.pc
-- Installing: /home/vimkim/.cub/install/pr7600-timing-base988/release_gcc/lib64/pkgconfig/gmock_main.pc
-- Installing: /home/vimkim/.cub/install/pr7600-timing-base988/release_gcc/lib64/cmake/GTest/GTestTargets.cmake
-- Installing: /home/vimkim/.cub/install/pr7600-timing-base988/release_gcc/lib64/cmake/GTest/GTestTargets-relwithdebinfo.cmake
-- Installing: /home/vimkim/.cub/install/pr7600-timing-base988/release_gcc/lib64/cmake/GTest/GTestConfigVersion.cmake
-- Installing: /home/vimkim/.cub/install/pr7600-timing-base988/release_gcc/lib64/cmake/GTest/GTestConfig.cmake
-- Up-to-date: /home/vimkim/.cub/install/pr7600-timing-base988/release_gcc/include
-- Installing: /home/vimkim/.cub/install/pr7600-timing-base988/release_gcc/include/gtest
-- Installing: /home/vimkim/.cub/install/pr7600-timing-base988/release_gcc/include/gtest/gtest-assertion-result.h
-- Installing: /home/vimkim/.cub/install/pr7600-timing-base988/release_gcc/include/gtest/gtest-death-test.h
-- Installing: /home/vimkim/.cub/install/pr7600-timing-base988/release_gcc/include/gtest/gtest-matchers.h
-- Installing: /home/vimkim/.cub/install/pr7600-timing-base988/release_gcc/include/gtest/gtest-message.h
-- Installing: /home/vimkim/.cub/install/pr7600-timing-base988/release_gcc/include/gtest/gtest-param-test.h
-- Installing: /home/vimkim/.cub/install/pr7600-timing-base988/release_gcc/include/gtest/gtest-printers.h
-- Installing: /home/vimkim/.cub/install/pr7600-timing-base988/release_gcc/include/gtest/gtest-spi.h
-- Installing: /home/vimkim/.cub/install/pr7600-timing-base988/release_gcc/include/gtest/gtest-test-part.h
-- Installing: /home/vimkim/.cub/install/pr7600-timing-base988/release_gcc/include/gtest/gtest-typed-test.h
-- Installing: /home/vimkim/.cub/install/pr7600-timing-base988/release_gcc/include/gtest/gtest.h
-- Installing: /home/vimkim/.cub/install/pr7600-timing-base988/release_gcc/include/gtest/gtest_pred_impl.h
-- Installing: /home/vimkim/.cub/install/pr7600-timing-base988/release_gcc/include/gtest/gtest_prod.h
-- Installing: /home/vimkim/.cub/install/pr7600-timing-base988/release_gcc/include/gtest/internal
-- Installing: /home/vimkim/.cub/install/pr7600-timing-base988/release_gcc/include/gtest/internal/custom
-- Installing: /home/vimkim/.cub/install/pr7600-timing-base988/release_gcc/include/gtest/internal/custom/README.md
-- Installing: /home/vimkim/.cub/install/pr7600-timing-base988/release_gcc/include/gtest/internal/custom/gtest-port.h
-- Installing: /home/vimkim/.cub/install/pr7600-timing-base988/release_gcc/include/gtest/internal/custom/gtest-printers.h
-- Installing: /home/vimkim/.cub/install/pr7600-timing-base988/release_gcc/include/gtest/internal/custom/gtest.h
-- Installing: /home/vimkim/.cub/install/pr7600-timing-base988/release_gcc/include/gtest/internal/gtest-death-test-internal.h
-- Installing: /home/vimkim/.cub/install/pr7600-timing-base988/release_gcc/include/gtest/internal/gtest-filepath.h
-- Installing: /home/vimkim/.cub/install/pr7600-timing-base988/release_gcc/include/gtest/internal/gtest-internal.h
-- Installing: /home/vimkim/.cub/install/pr7600-timing-base988/release_gcc/include/gtest/internal/gtest-param-util.h
-- Installing: /home/vimkim/.cub/install/pr7600-timing-base988/release_gcc/include/gtest/internal/gtest-port-arch.h
-- Installing: /home/vimkim/.cub/install/pr7600-timing-base988/release_gcc/include/gtest/internal/gtest-port.h
-- Installing: /home/vimkim/.cub/install/pr7600-timing-base988/release_gcc/include/gtest/internal/gtest-string.h
-- Installing: /home/vimkim/.cub/install/pr7600-timing-base988/release_gcc/include/gtest/internal/gtest-type-util.h
-- Installing: /home/vimkim/.cub/install/pr7600-timing-base988/release_gcc/lib64/libgtest.a
-- Installing: /home/vimkim/.cub/install/pr7600-timing-base988/release_gcc/lib64/libgtest_main.a
-- Installing: /home/vimkim/.cub/install/pr7600-timing-base988/release_gcc/lib64/pkgconfig/gtest.pc
-- Installing: /home/vimkim/.cub/install/pr7600-timing-base988/release_gcc/lib64/pkgconfig/gtest_main.pc
-- Installing: /home/vimkim/.cub/install/pr7600-timing-base988/release_gcc/log
-- Installing: /home/vimkim/.cub/install/pr7600-timing-base988/release_gcc/var
-- Installing: /home/vimkim/.cub/install/pr7600-timing-base988/release_gcc/tmp
-- Installing: /home/vimkim/.cub/install/pr7600-timing-base988/release_gcc/databases
-- Installing: /home/vimkim/.cub/install/pr7600-timing-base988/release_gcc/var/CUBRID_SOCK
-- Installing: /home/vimkim/.cub/install/pr7600-timing-base988/release_gcc/3rdparty
-- Installing: /home/vimkim/.cub/install/pr7600-timing-base988/release_gcc/3rdparty/adoptium.temurin_license.txt
-- Installing: /home/vimkim/.cub/install/pr7600-timing-base988/release_gcc/3rdparty/adoptium.temurin_license_assembly_exception.txt
-- Installing: /home/vimkim/.cub/install/pr7600-timing-base988/release_gcc/3rdparty/libedit_license.txt
-- Installing: /home/vimkim/.cub/install/pr7600-timing-base988/release_gcc/3rdparty/libexpat_license.txt
-- Installing: /home/vimkim/.cub/install/pr7600-timing-base988/release_gcc/3rdparty/libodbc_license.txt
-- Installing: /home/vimkim/.cub/install/pr7600-timing-base988/release_gcc/3rdparty/libopenssl_license.txt
-- Installing: /home/vimkim/.cub/install/pr7600-timing-base988/release_gcc/3rdparty/libtbb_license.txt
-- Installing: /home/vimkim/.cub/install/pr7600-timing-base988/release_gcc/3rdparty/lz4_license.txt
-- Installing: /home/vimkim/.cub/install/pr7600-timing-base988/release_gcc/3rdparty/rapidjson_license.txt
-- Installing: /home/vimkim/.cub/install/pr7600-timing-base988/release_gcc/3rdparty/re2_license.txt
-- Installing: /home/vimkim/.cub/install/pr7600-timing-base988/release_gcc/./COPYING
-- Installing: /home/vimkim/.cub/install/pr7600-timing-base988/release_gcc/./CREDITS
-- Installing: /home/vimkim/.cub/install/pr7600-timing-base988/release_gcc/./README.md
-- Installing: /home/vimkim/.cub/install/pr7600-timing-base988/release_gcc/./README_TAR_INSTALL
-- Installing: /home/vimkim/.cub/install/pr7600-timing-base988/release_gcc/databases/databases.txt.sample
-- Installing: /home/vimkim/.cub/install/pr7600-timing-base988/release_gcc/var/CUBRID_SOCK/README.txt
-- Installing: /home/vimkim/.cub/install/pr7600-timing-base988/release_gcc/tmp/README.txt
Build and install completed successfully!
