direnv: loading source/.envrc
Preset Mode: debug_gcc
Install Dir: installation
DB Dir: local-path/commondb
Build Dir: source/build_preset_debug_gcc
direnv: loading source/.envrc
Preset Mode: debug_gcc
Install Dir: installation
DB Dir: local-path/commondb
Build Dir: source/build_preset_debug_gcc
direnv: loading source/.envrc
Preset Mode: debug_gcc
Install Dir: installation
DB Dir: local-path/commondb
Build Dir: source/build_preset_debug_gcc
Using JAVA_HOME JDK: local-path/temurin-8.0.462+8
direnv: loading source/.envrc
Preset Mode: debug_gcc
Install Dir: installation
DB Dir: local-path/commondb
Build Dir: source/build_preset_debug_gcc
Logging build output to: source/build_preset_debug_gcc/build.log
direnv: loading source/.envrc
Preset Mode: debug_gcc
Install Dir: installation
DB Dir: local-path/commondb
Build Dir: source/build_preset_debug_gcc
[1/53] Running utility command for pl_install_jdk
[INFO] Install JDK 8
[2/53] Performing update step for 'catch2'
[3/53] Building CXX object cubrid/CMakeFiles/cubrid.dir/__/src/query/query_executor.c.o
[4/53] Building CXX object cubrid/CMakeFiles/cubrid.dir/__/src/storage/heap_file.c.o
[5/53] No patch step for 'catch2'
[6/53] Building CXX object sa/CMakeFiles/cubridsa.dir/__/src/storage/heap_file.c.o
[7/53] Building CXX object sa/CMakeFiles/cubridsa.dir/__/src/query/query_executor.c.o
[8/53] Performing configure step for 'catch2'
loading initial cache file source/build_preset_debug_gcc/unit_tests/catch2-prefix/tmp/catch2-cache-Debug.cmake
-- Configuring done (0.0s)
-- Generating done (0.0s)
-- Build files have been written to: source/build_preset_debug_gcc/unit_tests/catch2-prefix/src/catch2-build
[9/53] Performing build step for 'catch2'
ninja: no work to do.
[10/53] No install step for 'catch2'
[11/53] Completed 'catch2'
[12/53] Running utility command for pl_build
> Task :pl_server:generateGrammarSource UP-TO-DATE
> Task :pl_server:compileJava UP-TO-DATE
> Task :pl_server:processResources UP-TO-DATE
> Task :pl_server:classes UP-TO-DATE
> Task :pl_server:jar UP-TO-DATE
> Task :pl_server:startScripts UP-TO-DATE
> Task :pl_server:distTar UP-TO-DATE
> Task :pl_server:distZip UP-TO-DATE
> Task :pl_server:assemble UP-TO-DATE
> Task :pl_server:check
> Task :pl_server:build

BUILD SUCCESSFUL in 597ms
7 actionable tasks: 7 up-to-date
[13/53] Linking CXX shared library sa/libcubridsa.so.11.5
[14/53] Creating library symlink sa/libcubridsa.so
[15/53] Linking CXX executable bin/cubrid_rel
[16/53] Linking CXX executable bin/gen_timezone
[17/53] Linking CXX executable bin/cub_jobsa
[18/53] Linking CXX executable bin/cub_sainfo
[19/53] Linking CXX executable bin/cubrid
[20/53] Linking CXX executable bin/cub_pl
[21/53] Linking CXX executable bin/loadjava
[22/53] Linking CXX executable bin/test_oos_tde_gate
[23/53] Linking CXX executable bin/test_oos_record_flags
[24/53] Linking CXX executable bin/test_byte_span_writer
[25/53] Linking CXX executable bin/test_oos_remove_file
[26/53] Linking CXX executable bin/test_oos_sql_ddl
[27/53] Linking CXX executable bin/test_oos_sql_boundary
[28/53] Linking CXX executable bin/test_oos_sql_crud
[29/53] Linking CXX executable bin/test_oos_delete
[30/53] Linking CXX executable bin/test_oos_sql_update_delete
[31/53] Linking CXX executable bin/test_oos
[32/53] Linking CXX shared library cubrid/libcubrid.so.11.5
[33/53] Linking CXX executable bin/test_oos_sql_eager_cleanup
[34/53] Linking CXX executable bin/test_oos_sql_txn
[35/53] Linking CXX executable bin/test_oos_sql_delete
[36/53] Linking CXX executable bin/test_oos_sql_storage
[37/53] Linking CXX executable bin/test_oos_bestspace
[38/53] Linking CXX executable bin/test_oos_growth_sweep
[39/53] Linking CXX executable bin/test_oos_sql_bigone
[40/53] Creating library symlink cubrid/libcubrid.so
[41/53] Linking CXX executable bin/test_oos_sql_visible_version
[42/53] Linking CXX executable bin/test_oos_sql_show
[43/53] Linking CXX executable bin/unittests_bit
[44/53] Linking CXX executable bin/unittests_area
[45/53] Linking CXX executable bin/unittests_lf
[46/53] Linking CXX executable bin/cub_server
[47/53] Linking CXX executable bin/unittests_snapshot
[48/53] Linking CXX executable bin/test_oos_delete_server
[49/53] Linking CXX executable bin/test_oos_mock_vacuum_server
[50/53] Linking CXX executable bin/test_oos_remove_file_server
[51/53] Linking CXX executable bin/test_oos_vacuum_server
[52/53] Linking CXX executable bin/test_oos_real_vacuum_server
[53/53] Linking CXX executable bin/test_oos_server

Installation deferred: the target CUBRID environment is busy.
Environment: installation
Active processes:
  PID 2237881  cubrid               installation/bin/cubrid
  PID 2237944  cub_admin            installation/bin/cub_admin
  PID 2237962  cubrid               installation/bin/cubrid
  PID 2237979  cub_admin            installation/bin/cub_admin
  PID 2238787  cubrid               installation/bin/cubrid
  PID 2238788  cub_admin            installation/bin/cub_admin
No process was stopped. Retry with: [local build wrapper]
error: recipe `build` failed with exit code 75
