direnv: loading source/.envrc
Preset Mode: debug_gcc
Install Dir: installation
DB Dir: local-path/commondb
Build Dir: source/build_preset_debug_gcc
fixture: fixtures/oos-loader17-4l6pfrkj
{"kind": "sql", "rows": 10000, "payload_bytes": [32], "commit_rows": 10000, "fixture": "fixtures/oos-loader17-4l6pfrkj", "server_before_kib": {"VmRSS": 342400, "VmHWM": 342400}, "server_after_kib": {"VmRSS": 351360, "VmHWM": 351360}, "client_peak_kib": 19200, "elapsed_seconds": 1.5670077910035616, "repetition": 1}
fixture: fixtures/oos-loader17-hx31o4of
{"kind": "sql", "rows": 1000, "payload_bytes": [50000], "commit_rows": 1000, "fixture": "fixtures/oos-loader17-hx31o4of", "server_before_kib": {"VmRSS": 342400, "VmHWM": 342400}, "server_after_kib": {"VmRSS": 393600, "VmHWM": 393600}, "client_peak_kib": 19840, "elapsed_seconds": 0.8655374079971807, "repetition": 1}
fixture: fixtures/oos-loader17-zmlmoblo
{"kind": "loader", "rows": 600, "payload_bytes": [32, 4000, 50000], "commit_rows": 10240, "fixture": "fixtures/oos-loader17-zmlmoblo", "server_before_kib": {"VmRSS": 342400, "VmHWM": 342400}, "server_after_kib": {"VmRSS": 381908, "VmHWM": 485420}, "client_peak_kib": 58868, "elapsed_seconds": 1.6683051629952388, "repetition": 1}
fixture: fixtures/oos-loader17-hctme1k9
{"kind": "loader", "rows": 1000, "payload_bytes": [50000], "commit_rows": 10240, "fixture": "fixtures/oos-loader17-hctme1k9", "server_before_kib": {"VmRSS": 342400, "VmHWM": 342400}, "server_after_kib": {"VmRSS": 394260, "VmHWM": 671452}, "client_peak_kib": 213480, "elapsed_seconds": 6.03066070600471, "repetition": 1}
fixture: fixtures/oos-loader17-madpd6bt
{"kind": "sql", "rows": 10000, "payload_bytes": [32], "commit_rows": 10000, "fixture": "fixtures/oos-loader17-madpd6bt", "server_before_kib": {"VmRSS": 342400, "VmHWM": 342400}, "server_after_kib": {"VmRSS": 350684, "VmHWM": 350684}, "client_peak_kib": 18560, "elapsed_seconds": 1.4677195949916495, "repetition": 2}
fixture: fixtures/oos-loader17-o8y11wtc
{"kind": "sql", "rows": 1000, "payload_bytes": [50000], "commit_rows": 1000, "fixture": "fixtures/oos-loader17-o8y11wtc", "server_before_kib": {"VmRSS": 342400, "VmHWM": 342400}, "server_after_kib": {"VmRSS": 392320, "VmHWM": 392320}, "client_peak_kib": 18560, "elapsed_seconds": 0.7661456899950281, "repetition": 2}
fixture: fixtures/oos-loader17-aqzoe6uf
{"kind": "loader", "rows": 600, "payload_bytes": [32, 4000, 50000], "commit_rows": 10240, "fixture": "fixtures/oos-loader17-aqzoe6uf", "server_before_kib": {"VmRSS": 342400, "VmHWM": 342400}, "server_after_kib": {"VmRSS": 381080, "VmHWM": 484536}, "client_peak_kib": 58644, "elapsed_seconds": 1.6186863920011092, "repetition": 2}
fixture: fixtures/oos-loader17-kpkvyzni
{"kind": "loader", "rows": 1000, "payload_bytes": [50000], "commit_rows": 10240, "fixture": "fixtures/oos-loader17-kpkvyzni", "server_before_kib": {"VmRSS": 342400, "VmHWM": 342400}, "server_after_kib": {"VmRSS": 394160, "VmHWM": 672052}, "client_peak_kib": 213484, "elapsed_seconds": 6.081204653994064, "repetition": 2}
fixture: fixtures/oos-loader17-a14juall
{"kind": "sql", "rows": 10000, "payload_bytes": [32], "commit_rows": 10000, "fixture": "fixtures/oos-loader17-a14juall", "server_before_kib": {"VmRSS": 342400, "VmHWM": 342400}, "server_after_kib": {"VmRSS": 350632, "VmHWM": 350632}, "client_peak_kib": 19840, "elapsed_seconds": 1.5184939509927062, "repetition": 3}
fixture: fixtures/oos-loader17-58vexh8c
{"kind": "sql", "rows": 1000, "payload_bytes": [50000], "commit_rows": 1000, "fixture": "fixtures/oos-loader17-58vexh8c", "server_before_kib": {"VmRSS": 340480, "VmHWM": 340480}, "server_after_kib": {"VmRSS": 390400, "VmHWM": 390400}, "client_peak_kib": 18560, "elapsed_seconds": 0.8160681870067492, "repetition": 3}
fixture: fixtures/oos-loader17-jds9wq0o
{"kind": "loader", "rows": 600, "payload_bytes": [32, 4000, 50000], "commit_rows": 10240, "fixture": "fixtures/oos-loader17-jds9wq0o", "server_before_kib": {"VmRSS": 342400, "VmHWM": 342400}, "server_after_kib": {"VmRSS": 382132, "VmHWM": 485208}, "client_peak_kib": 59648, "elapsed_seconds": 1.5183926629979396, "repetition": 3}
fixture: fixtures/oos-loader17-vg7_zrg9
{"kind": "loader", "rows": 1000, "payload_bytes": [50000], "commit_rows": 10240, "fixture": "fixtures/oos-loader17-vg7_zrg9", "server_before_kib": {"VmRSS": 342400, "VmHWM": 342400}, "server_after_kib": {"VmRSS": 394676, "VmHWM": 672096}, "client_peak_kib": 213484, "elapsed_seconds": 6.12791331599874, "repetition": 3}
