fixture: fixtures/oos-loader17-q4fxzczn
{"kind": "sql", "rows": 10000, "payload_bytes": [32], "commit_rows": 10000, "fixture": "fixtures/oos-loader17-q4fxzczn", "server_before_kib": {"VmRSS": 342400, "VmHWM": 342400}, "server_after_kib": {"VmRSS": 350392, "VmHWM": 350392}, "client_peak_kib": 19200, "elapsed_seconds": 1.5181439519947162, "repetition": 1}
fixture: fixtures/oos-loader17-c2ct1eel
{"kind": "sql", "rows": 1000, "payload_bytes": [50000], "commit_rows": 1000, "fixture": "fixtures/oos-loader17-c2ct1eel", "server_before_kib": {"VmRSS": 343040, "VmHWM": 343040}, "server_after_kib": {"VmRSS": 394240, "VmHWM": 394240}, "client_peak_kib": 19840, "elapsed_seconds": 0.7656507790088654, "repetition": 1}
fixture: fixtures/oos-loader17-6dyl3aah
{"kind": "loader", "rows": 600, "payload_bytes": [32, 4000, 50000], "commit_rows": 10240, "fixture": "fixtures/oos-loader17-6dyl3aah", "server_before_kib": {"VmRSS": 341760, "VmHWM": 341760}, "server_after_kib": {"VmRSS": 373668, "VmHWM": 477280}, "client_peak_kib": 59876, "elapsed_seconds": 1.667131423993851, "repetition": 1}
fixture: fixtures/oos-loader17-fd6_u3a3
{"kind": "loader", "rows": 1000, "payload_bytes": [50000], "commit_rows": 10240, "fixture": "fixtures/oos-loader17-fd6_u3a3", "server_before_kib": {"VmRSS": 342400, "VmHWM": 342400}, "server_after_kib": {"VmRSS": 385592, "VmHWM": 663752}, "client_peak_kib": 212468, "elapsed_seconds": 5.975618541997392, "repetition": 1}
fixture: fixtures/oos-loader17-93fds_u5
{"kind": "sql", "rows": 10000, "payload_bytes": [32], "commit_rows": 10000, "fixture": "fixtures/oos-loader17-93fds_u5", "server_before_kib": {"VmRSS": 342400, "VmHWM": 342400}, "server_after_kib": {"VmRSS": 350708, "VmHWM": 350708}, "client_peak_kib": 19840, "elapsed_seconds": 1.5166901240008883, "repetition": 2}
fixture: fixtures/oos-loader17-s70h004q
{"kind": "sql", "rows": 1000, "payload_bytes": [50000], "commit_rows": 1000, "fixture": "fixtures/oos-loader17-s70h004q", "server_before_kib": {"VmRSS": 342400, "VmHWM": 342400}, "server_after_kib": {"VmRSS": 392960, "VmHWM": 392960}, "client_peak_kib": 19840, "elapsed_seconds": 0.7662493219977478, "repetition": 2}
fixture: fixtures/oos-loader17-8b89ocfi
{"kind": "loader", "rows": 600, "payload_bytes": [32, 4000, 50000], "commit_rows": 10240, "fixture": "fixtures/oos-loader17-8b89ocfi", "server_before_kib": {"VmRSS": 342400, "VmHWM": 342400}, "server_after_kib": {"VmRSS": 374876, "VmHWM": 478136}, "client_peak_kib": 59876, "elapsed_seconds": 1.5184710400062613, "repetition": 2}
fixture: fixtures/oos-loader17-54hsqs16
{"kind": "loader", "rows": 1000, "payload_bytes": [50000], "commit_rows": 10240, "fixture": "fixtures/oos-loader17-54hsqs16", "server_before_kib": {"VmRSS": 342400, "VmHWM": 342400}, "server_after_kib": {"VmRSS": 386412, "VmHWM": 663736}, "client_peak_kib": 213484, "elapsed_seconds": 6.178857996012084, "repetition": 2}
fixture: fixtures/oos-loader17-6b00alcq
{"kind": "sql", "rows": 10000, "payload_bytes": [32], "commit_rows": 10000, "fixture": "fixtures/oos-loader17-6b00alcq", "server_before_kib": {"VmRSS": 342400, "VmHWM": 342400}, "server_after_kib": {"VmRSS": 350716, "VmHWM": 350716}, "client_peak_kib": 19200, "elapsed_seconds": 1.3678036390047055, "repetition": 3}
fixture: fixtures/oos-loader17-6qp1ehac
{"kind": "sql", "rows": 1000, "payload_bytes": [50000], "commit_rows": 1000, "fixture": "fixtures/oos-loader17-6qp1ehac", "server_before_kib": {"VmRSS": 342400, "VmHWM": 342400}, "server_after_kib": {"VmRSS": 391680, "VmHWM": 391680}, "client_peak_kib": 19200, "elapsed_seconds": 0.7661757850000868, "repetition": 3}
fixture: fixtures/oos-loader17-negpxv9z
{"kind": "loader", "rows": 600, "payload_bytes": [32, 4000, 50000], "commit_rows": 10240, "fixture": "fixtures/oos-loader17-negpxv9z", "server_before_kib": {"VmRSS": 341760, "VmHWM": 341760}, "server_after_kib": {"VmRSS": 373812, "VmHWM": 477432}, "client_peak_kib": 60016, "elapsed_seconds": 1.5173722690087743, "repetition": 3}
fixture: fixtures/oos-loader17-ofa2e7v5
{"kind": "loader", "rows": 1000, "payload_bytes": [50000], "commit_rows": 10240, "fixture": "fixtures/oos-loader17-ofa2e7v5", "server_before_kib": {"VmRSS": 341760, "VmHWM": 341760}, "server_after_kib": {"VmRSS": 384528, "VmHWM": 662444}, "client_peak_kib": 213484, "elapsed_seconds": 5.8807365110114915, "repetition": 3}
