Execute OK. (0.010000 sec) Committed. (0.001000 sec) 
Execute OK. (0.002000 sec) Committed. (0.000000 sec) 
Execute OK. (0.003000 sec) Committed. (0.000000 sec) 
1 row affected. (0.001000 sec) Committed. (0.000000 sec) 
1 row affected. (0.001000 sec) Committed. (0.000000 sec) 
1 row affected. (0.001000 sec) Committed. (0.000000 sec) 

=== <Result of SELECT Command in Line 9> ===

  probe                 whole_value_eq        bytes    disk_size
================================================================
  'a_in 963'                         1          240          968

1 row selected. (0.000000 sec) Committed. (0.000000 sec) 

=== <Result of SELECT Command in Line 10> ===

  probe                 whole_value_eq        bytes    disk_size
================================================================
  'a_out 964'                        1          241          972

1 row selected. (0.000000 sec) Committed. (0.000000 sec) 

=== <Result of SELECT Command in Line 11> ===

  probe                 whole_value_eq        bytes    disk_size
================================================================
  'a_norm 940'                       1          235          948

1 row selected. (0.001000 sec) Committed. (0.000000 sec) 

=== <Result of SELECT Command in Line 12> ===

  Table_name            Class_oid             Heap_volume_id  Heap_file_id  Heap_header_page_id  Has_oos_file  Oos_volume_id  Oos_file_id  Oos_num_user_pages  Oos_page_size  Oos_num_recs       Oos_recs_sumlen    Oos_physical_bytes      Oos_unused_bytes
============================================================================================================================================================================================================================================================
  'dba.a_in'            '(0|211|1)'                        0          4736                 4737             0           NULL         NULL                   0           4056             0                     0                     0                     0

1 row selected. (0.000000 sec) Committed. (0.000000 sec) 

=== <Result of SELECT Command in Line 13> ===

  Table_name            Class_oid             Heap_volume_id  Heap_file_id  Heap_header_page_id  Has_oos_file  Oos_volume_id  Oos_file_id  Oos_num_user_pages  Oos_page_size  Oos_num_recs       Oos_recs_sumlen    Oos_physical_bytes      Oos_unused_bytes
============================================================================================================================================================================================================================================================
  'dba.a_out'           '(0|211|5)'                        0          4800                 4801             1              0         4928                   2           4056             1                   988                  8112                  7124

1 row selected. (0.000000 sec) Committed. (0.000000 sec) 

=== <Result of SELECT Command in Line 14> ===

  Table_name            Class_oid             Heap_volume_id  Heap_file_id  Heap_header_page_id  Has_oos_file  Oos_volume_id  Oos_file_id  Oos_num_user_pages  Oos_page_size  Oos_num_recs       Oos_recs_sumlen    Oos_physical_bytes      Oos_unused_bytes
============================================================================================================================================================================================================================================================
  'dba.a_norm'          '(0|211|6)'                        0          4864                 4865             0           NULL         NULL                   0           4056             0                     0                     0                     0

1 row selected. (0.000000 sec) Committed. (0.000000 sec) 
Execute OK. (0.002000 sec) Committed. (0.001000 sec) 
Execute OK. (0.002000 sec) Committed. (0.000000 sec) 
1 row affected. (0.001000 sec) Committed. (0.000000 sec) 
1 row affected. (0.001000 sec) Committed. (0.000000 sec) 

=== <Result of SELECT Command in Line 20> ===

  probe                 whole_value_eq        bytes
===================================================
  'c1 3995'                          1          998

1 row selected. (0.001000 sec) Committed. (0.000000 sec) 

=== <Result of SELECT Command in Line 21> ===

  probe                 whole_value_eq        bytes
===================================================
  'c2 3996'                          1          999

1 row selected. (0.001000 sec) Committed. (0.000000 sec) 

=== <Result of SELECT Command in Line 22> ===

  Table_name            Class_oid             Heap_volume_id  Heap_file_id  Heap_header_page_id  Has_oos_file  Oos_volume_id  Oos_file_id  Oos_num_user_pages  Oos_page_size  Oos_num_recs       Oos_recs_sumlen    Oos_physical_bytes      Oos_unused_bytes
============================================================================================================================================================================================================================================================
  'dba.c1'              '(0|211|7)'                        0          4992                 4993             1              0         5120                   2           4056             1                  4016                  8112                  4096

1 row selected. (0.000000 sec) Committed. (0.000000 sec) 

=== <Result of SELECT Command in Line 23> ===

  Table_name            Class_oid             Heap_volume_id  Heap_file_id  Heap_header_page_id  Has_oos_file  Oos_volume_id  Oos_file_id  Oos_num_user_pages  Oos_page_size  Oos_num_recs       Oos_recs_sumlen    Oos_physical_bytes      Oos_unused_bytes
============================================================================================================================================================================================================================================================
  'dba.c2'              '(0|222|2)'                        0          5056                 5057             1              0         5184                   3           4056             2                  4036                 12168                  8132

1 row selected. (0.000000 sec) Committed. (0.000000 sec) 
Execute OK. (0.003000 sec) Committed. (0.001000 sec) 
Execute OK. (0.003000 sec) Committed. (0.000000 sec) 
Execute OK. (0.003001 sec) Committed. (0.000000 sec) 
Execute OK. (0.003000 sec) Committed. (0.000000 sec) 
1 row affected. (0.000000 sec) Committed. (0.001000 sec) 
1 row affected. (0.000000 sec) Committed. (0.000000 sec) 
1 row affected. (0.000000 sec) Committed. (0.000000 sec) 
1 row affected. (0.001000 sec) Committed. (0.000000 sec) 

=== <Result of SELECT Command in Line 33> ===

  Table_name            Class_oid             Heap_volume_id  Heap_file_id  Heap_header_page_id  Has_oos_file  Oos_volume_id  Oos_file_id  Oos_num_user_pages  Oos_page_size  Oos_num_recs       Oos_recs_sumlen    Oos_physical_bytes      Oos_unused_bytes
============================================================================================================================================================================================================================================================
  'dba.e15'             '(0|211|8)'                        0          5248                 5249             0           NULL         NULL                   0           4056             0                     0                     0                     0

1 row selected. (0.000000 sec) Committed. (0.000000 sec) 

=== <Result of SELECT Command in Line 34> ===

  Table_name            Class_oid             Heap_volume_id  Heap_file_id  Heap_header_page_id  Has_oos_file  Oos_volume_id  Oos_file_id  Oos_num_user_pages  Oos_page_size  Oos_num_recs       Oos_recs_sumlen    Oos_physical_bytes      Oos_unused_bytes
============================================================================================================================================================================================================================================================
  'dba.e16'             '(0|228|6)'                        0          5312                 5313             1              0         5504                   2           4056             1                    36                  8112                  8076

1 row selected. (0.001000 sec) Committed. (0.000000 sec) 

=== <Result of SELECT Command in Line 35> ===

  Table_name            Class_oid             Heap_volume_id  Heap_file_id  Heap_header_page_id  Has_oos_file  Oos_volume_id  Oos_file_id  Oos_num_user_pages  Oos_page_size  Oos_num_recs       Oos_recs_sumlen    Oos_physical_bytes      Oos_unused_bytes
============================================================================================================================================================================================================================================================
  'dba.e23'             '(0|236|2)'                        0          5376                 5377             1              0         5568                   2           4056             1                    40                  8112                  8072

1 row selected. (0.000000 sec) Committed. (0.000000 sec) 

=== <Result of SELECT Command in Line 36> ===

  Table_name            Class_oid             Heap_volume_id  Heap_file_id  Heap_header_page_id  Has_oos_file  Oos_volume_id  Oos_file_id  Oos_num_user_pages  Oos_page_size  Oos_num_recs       Oos_recs_sumlen    Oos_physical_bytes      Oos_unused_bytes
============================================================================================================================================================================================================================================================
  'dba.e24'             '(0|235|2)'                        0          5440                 5441             1              0         5632                   2           4056             1                    44                  8112                  8068

1 row selected. (0.000000 sec) Committed. (0.000000 sec) 

=== <Result of SELECT Command in Line 37> ===

  probe                 whole_value_eq
======================================
  'e16'                              1

1 row selected. (0.001000 sec) Committed. (0.000000 sec) 

=== <Result of SELECT Command in Line 38> ===

  probe                 whole_value_eq
======================================
  'e24'                              1

1 row selected. (0.001000 sec) Committed. (0.000000 sec) 
Execute OK. (0.002000 sec) Committed. (0.001000 sec) 
Execute OK. (0.002000 sec) Committed. (0.001000 sec) 
1 row affected. (0.001000 sec) Committed. (0.000000 sec) 

In the command from line 43,

ERROR: The record cannot be stored because its size (3949 bytes) still exceeds the maximum record size (3948 bytes) even after moving large variable-length columns to out-of-row storage (OOS). Reduce the size of fixed-length or non-eligible columns.


=== <Result of SELECT Command in Line 44> ===

  probe                             count(*)
============================================
  'b_ok rows'                              1

1 row selected. (0.001000 sec) Committed. (0.000000 sec) 

=== <Result of SELECT Command in Line 45> ===

  probe                             count(*)
============================================
  'b_rej rows'                             0

1 row selected. (0.001000 sec) Committed. (0.000000 sec) 

=== <Result of SELECT Command in Line 46> ===

  Table_name            Class_oid             Heap_volume_id  Heap_file_id  Heap_header_page_id  Has_oos_file  Oos_volume_id  Oos_file_id  Oos_num_user_pages  Oos_page_size  Oos_num_recs       Oos_recs_sumlen    Oos_physical_bytes      Oos_unused_bytes
============================================================================================================================================================================================================================================================
  'dba.b_ok'            '(0|233|2)'                        0          5696                 5697             1              0         5824                   2           4056             1                    88                  8112                  8024

1 row selected. (0.000000 sec) Committed. (0.000000 sec) 

=== <Result of SELECT Command in Line 47> ===

  Table_name            Class_oid             Heap_volume_id  Heap_file_id  Heap_header_page_id  Has_oos_file  Oos_volume_id  Oos_file_id  Oos_num_user_pages  Oos_page_size  Oos_num_recs       Oos_recs_sumlen    Oos_physical_bytes      Oos_unused_bytes
============================================================================================================================================================================================================================================================
  'dba.b_rej'           '(0|232|2)'                        0          5760                 5761             0           NULL         NULL                   0           4056             0                     0                     0                     0

1 row selected. (0.000000 sec) Committed. (0.000000 sec) 
Execute OK. (0.003000 sec) Committed. (0.001000 sec) 
1 row affected. (0.000000 sec) Committed. (0.000000 sec) 

=== <Result of SELECT Command in Line 51> ===

  Table_name            Class_oid             Heap_volume_id  Heap_file_id  Heap_header_page_id  Has_oos_file  Oos_volume_id  Oos_file_id  Oos_num_user_pages  Oos_page_size  Oos_num_recs       Oos_recs_sumlen    Oos_physical_bytes      Oos_unused_bytes
============================================================================================================================================================================================================================================================
  'dba.h'               '(0|238|2)'                        0          5888                 5889             1              0         5952                   2           4056             1                    64                  8112                  8048

1 row selected. (0.001000 sec) Committed. (0.000000 sec) 
csql exit=0 for bd4k
