
Time: 09/21/26 14:34:38.390 - NOTIFICATION *** file /home/vimkim/gh/cb/oos-baseline-f4299ac0c/src/transaction/boot_sr.c, line 237  CODE = -973, Tran = 0, CLIENT = :(0), EID = 1
Server status is UP.

Time: 09/21/26 14:36:39.560 - DEBUG *** file /home/vimkim/gh/cb/oos-baseline-f4299ac0c/src/connection/connection_worker.cpp, line 875
handle_connection_close: conn 0x55c5165d78c0 { fd 253 status 3 transaction_id 2 db_error 0 stop_talk 0 stop_phase 0 }

Time: 09/21/26 14:36:39.761 - NOTIFICATION *** file /home/vimkim/gh/cb/oos-baseline-f4299ac0c/src/transaction/log_tran_table.c, line 2891  CODE = -982, Tran = 3, CLIENT = dev2:qacsql(2004), EID = 7
Set interrupt to the transaction 3.

Time: 09/21/26 14:36:39.768 - ERROR *** file /home/vimkim/gh/cb/oos-baseline-f4299ac0c/src/transaction/lock_manager.c, line 2488 ERROR CODE = -4, Tran = 3, CLIENT = dev2:qacsql(2004), EID = 8
Has been interrupted.

Time: 09/21/26 14:36:39.861 - ERROR *** file /home/vimkim/gh/cb/oos-baseline-f4299ac0c/src/session/session.c, line 2867 ERROR CODE = -1066, Tran = 4, CLIENT = dev2:qacsql(2005), EID = 9
Session expired.

Time: 09/21/26 14:36:39.861 - ERROR *** file /home/vimkim/gh/cb/oos-baseline-f4299ac0c/src/session/session.c, line 2867 ERROR CODE = -1066, Tran = 4, CLIENT = dev2:qacsql(2005), EID = 10
Session expired.

Time: 09/21/26 14:36:39.861 - NOTIFICATION *** file /home/vimkim/gh/cb/oos-baseline-f4299ac0c/src/sp/pl_session.cpp, line 60  CODE = -982, Tran = 4, CLIENT = dev2:qacsql(2005), EID = 11
Set interrupt to the transaction 4.

Time: 09/21/26 14:36:39.861 - DEBUG *** file /home/vimkim/gh/cb/oos-baseline-f4299ac0c/src/connection/connection_worker.cpp, line 875
handle_connection_close: conn 0x55c5165d7c90 { fd 256 status 3 transaction_id 4 db_error 0 stop_talk 0 stop_phase 0 }

Time: 09/21/26 14:36:39.949 - DEBUG *** file /home/vimkim/gh/cb/oos-baseline-f4299ac0c/src/connection/connection_worker.cpp, line 875
handle_connection_close: conn 0x55c5165d7aa8 { fd 255 status 3 transaction_id 3 db_error 0 stop_talk 0 stop_phase 0 }

Time: 09/21/26 14:36:39.961 - ERROR *** file /home/vimkim/gh/cb/oos-baseline-f4299ac0c/src/session/session.c, line 2867 ERROR CODE = -1066, Tran = 5, CLIENT = dev2:qacsql(2006), EID = 12
Session expired.

Time: 09/21/26 14:36:39.961 - NOTIFICATION *** file /home/vimkim/gh/cb/oos-baseline-f4299ac0c/src/sp/pl_session.cpp, line 60  CODE = -982, Tran = 5, CLIENT = dev2:qacsql(2006), EID = 13
Set interrupt to the transaction 5.

Time: 09/21/26 14:36:39.961 - DEBUG *** file /home/vimkim/gh/cb/oos-baseline-f4299ac0c/src/connection/connection_worker.cpp, line 875
handle_connection_close: conn 0x55c5165d7e78 { fd 257 status 3 transaction_id 5 db_error 0 stop_talk 0 stop_phase 0 }

Time: 09/21/26 14:36:40.061 - DEBUG *** file /home/vimkim/gh/cb/oos-baseline-f4299ac0c/src/connection/connection_worker.cpp, line 875
handle_connection_close: conn 0x55c5165d76d8 { fd 252 status 3 transaction_id 1 db_error 0 stop_talk 0 stop_phase 0 }

Time: 09/21/26 14:36:40.139 - DEBUG *** file /home/vimkim/gh/cb/oos-baseline-f4299ac0c/src/connection/connection_worker.cpp, line 875
handle_connection_close: conn 0x55c5165d76d8 { fd 252 status 3 transaction_id 1 db_error 0 stop_talk 0 stop_phase 0 }

Time: 09/21/26 14:36:40.166 - DEBUG *** file /home/vimkim/gh/cb/oos-baseline-f4299ac0c/src/connection/connection_worker.cpp, line 875
handle_connection_close: conn 0x55c5165d76d8 { fd 252 status 3 transaction_id 1 db_error 0 stop_talk 0 stop_phase 0 }

Time: 09/21/26 14:36:40.182 - DEBUG *** file /home/vimkim/gh/cb/oos-baseline-f4299ac0c/src/connection/connection_worker.cpp, line 875
handle_connection_close: conn 0x55c5165d76d8 { fd 252 status 3 transaction_id 1 db_error 0 stop_talk 0 stop_phase 0 }

Time: 09/21/26 14:36:40.198 - DEBUG *** file /home/vimkim/gh/cb/oos-baseline-f4299ac0c/src/connection/connection_worker.cpp, line 875
handle_connection_close: conn 0x55c5165d76d8 { fd 252 status 3 transaction_id 1 db_error 0 stop_talk 0 stop_phase 0 }

Time: 09/21/26 14:36:40.220 - DEBUG *** file /home/vimkim/gh/cb/oos-baseline-f4299ac0c/src/connection/connection_worker.cpp, line 875
handle_connection_close: conn 0x55c5165d76d8 { fd 252 status 3 transaction_id 1 db_error 0 stop_talk 0 stop_phase 0 }

Time: 09/21/26 14:36:40.234 - DEBUG *** file /home/vimkim/gh/cb/oos-baseline-f4299ac0c/src/connection/connection_worker.cpp, line 875
handle_connection_close: conn 0x55c5165d76d8 { fd 252 status 3 transaction_id 1 db_error 0 stop_talk 0 stop_phase 0 }

Time: 09/21/26 14:36:40.247 - DEBUG *** file /home/vimkim/gh/cb/oos-baseline-f4299ac0c/src/connection/connection_worker.cpp, line 875
handle_connection_close: conn 0x55c5165d76d8 { fd 252 status 3 transaction_id 1 db_error 0 stop_talk 0 stop_phase 0 }

Time: 09/21/26 14:36:40.261 - DEBUG *** file /home/vimkim/gh/cb/oos-baseline-f4299ac0c/src/connection/connection_worker.cpp, line 875
handle_connection_close: conn 0x55c5165d76d8 { fd 252 status 3 transaction_id 1 db_error 0 stop_talk 0 stop_phase 0 }

Time: 09/21/26 14:36:40.273 - DEBUG *** file /home/vimkim/gh/cb/oos-baseline-f4299ac0c/src/connection/connection_worker.cpp, line 875
handle_connection_close: conn 0x55c5165d76d8 { fd 252 status 3 transaction_id 1 db_error 0 stop_talk 0 stop_phase 0 }

Time: 09/21/26 14:36:40.286 - DEBUG *** file /home/vimkim/gh/cb/oos-baseline-f4299ac0c/src/connection/connection_worker.cpp, line 875
handle_connection_close: conn 0x55c5165d76d8 { fd 252 status 3 transaction_id 1 db_error 0 stop_talk 0 stop_phase 0 }

Time: 09/21/26 14:36:40.305 - DEBUG *** file /home/vimkim/gh/cb/oos-baseline-f4299ac0c/src/connection/connection_worker.cpp, line 875
handle_connection_close: conn 0x55c5165d76d8 { fd 252 status 3 transaction_id 1 db_error 0 stop_talk 0 stop_phase 0 }

Time: 09/21/26 14:36:40.318 - DEBUG *** file /home/vimkim/gh/cb/oos-baseline-f4299ac0c/src/connection/connection_worker.cpp, line 875
handle_connection_close: conn 0x55c5165d76d8 { fd 252 status 3 transaction_id 1 db_error 0 stop_talk 0 stop_phase 0 }

Time: 09/21/26 14:36:40.338 - DEBUG *** file /home/vimkim/gh/cb/oos-baseline-f4299ac0c/src/connection/connection_worker.cpp, line 875
handle_connection_close: conn 0x55c5165d76d8 { fd 252 status 3 transaction_id 1 db_error 0 stop_talk 0 stop_phase 0 }

Time: 09/21/26 14:36:40.351 - DEBUG *** file /home/vimkim/gh/cb/oos-baseline-f4299ac0c/src/connection/connection_worker.cpp, line 875
handle_connection_close: conn 0x55c5165d76d8 { fd 252 status 3 transaction_id 1 db_error 0 stop_talk 0 stop_phase 0 }

Time: 09/21/26 14:36:40.371 - DEBUG *** file /home/vimkim/gh/cb/oos-baseline-f4299ac0c/src/connection/connection_worker.cpp, line 875
handle_connection_close: conn 0x55c5165d76d8 { fd 252 status 3 transaction_id 1 db_error 0 stop_talk 0 stop_phase 0 }

Time: 09/21/26 14:36:40.385 - DEBUG *** file /home/vimkim/gh/cb/oos-baseline-f4299ac0c/src/connection/connection_worker.cpp, line 875
handle_connection_close: conn 0x55c5165d76d8 { fd 252 status 3 transaction_id 1 db_error 0 stop_talk 0 stop_phase 0 }

Time: 09/21/26 14:36:40.404 - DEBUG *** file /home/vimkim/gh/cb/oos-baseline-f4299ac0c/src/connection/connection_worker.cpp, line 875
handle_connection_close: conn 0x55c5165d76d8 { fd 252 status 3 transaction_id 1 db_error 0 stop_talk 0 stop_phase 0 }

Time: 09/21/26 14:36:41.038 - DEBUG *** file /home/vimkim/gh/cb/oos-baseline-f4299ac0c/src/connection/connection_worker.cpp, line 875
handle_connection_close: conn 0x55c5165d76d8 { fd 252 status 3 transaction_id 1 db_error 0 stop_talk 0 stop_phase 0 }

Time: 09/21/26 14:36:41.426 - NOTIFICATION *** file /home/vimkim/gh/cb/oos-baseline-f4299ac0c/src/transaction/boot_sr.c, line 237  CODE = -973, Tran = 0
Server status is DOWN.

*** The previous error message is the last one. ***

