
====================================== ISOLATION ==========================================
[ISOLATION] TEST STARTED (Tue Sep 29 21:27:32 KST 2026)

Available Env: [local]
Build Id: 11.5.0.2637-fb567a6
Build Bits: 64bits
BEGIN TO CHECK: 
=================== Check local============================
==> Check ssh connection ...... PASS
==> Check variable 'JAVA_HOME' ...... PASS
==> Check variable 'CTP_HOME' ...... PASS
==> Check variable 'CUBRID' ...... PASS
==> Check command 'java' ...... PASS
==> Check command 'diff' ...... PASS
==> Check command 'wget' ...... PASS
==> Check command 'find' ...... PASS
==> Check command 'cat' ...... PASS
==> Check directory 'tmp/oos-readiness-221/isolation-release/scenario/isolation' ...... PASS
==> Check directory '${CTP_HOME}/isolation/ctltool' ...... PASS

CHECK RESULT: PASS
============= UPDATE TEST CASES ==================
SKIP TEST CASE UPDATE!
DONE
============= FETCH TEST CASES ==================
The category:isolation
The Number of Test Cases: 1 (macro skipped: 0, bug skipped: 0)
The Number of Test Case : 1
[INFO] 1 slot(s): parallel_slots=1
[INFO] the corpus is read-only for this run; each slot's writes go to a layer of its own on disk
============= DEPLOY ==================
DONE
============= TEST ==================
STARTED
[ENV START] local
[TESTCASE] tmp/oos-readiness-221/isolation-release/scenario/isolation/_01_ReadCommitted/partition_table/range/dml_ddl/reorganization_select_01.ctl EnvId=local [OK]
[ENV STOP] local
============= PRINT SUMMARY ==================
Test Category:isolation
Total Case:1
Total Execution Case:1
Total Success Case:1
Total Fail Case:0
Total Skip Case:0

TEST COMPLETE
[INFO] sizing recorded at /home/vimkim/tmp/oos-readiness-221/isolation-release/state/testkit/sizing/isolation.json: 1 slots, 127 MB at the peak, 13 s of cases, the longest first attempt 14 s
[ISOLATION] TEST END (Tue Sep 29 21:27:47 KST 2026)
[ISOLATION] ELAPSE TIME: 14 seconds
