Archive member included to satisfy reference by file (symbol)

/usr/lib64/libc_nonshared.a(elf-init.oS)
                              /usr/lib/gcc/x86_64-redhat-linux/8/../../../../lib64/crt1.o (__libc_csu_init)

Merging program properties

Removed property 0xc0000002 to merge 0x563522b4e110B (0x3) and 0x563522b5dfd0B (not found)
Removed property 0xc0000002 to merge 0x563522b4e110B (not found) and 0x5635230d9a00B (0x3)
Removed property 0xc0000002 to merge 0x563522b4e110B (not found) and 0x5635232d3770B (0x3)
Removed property 0xc0000002 to merge 0x563522b4e110B (not found) and 0x5635232d7f70B (0x3)

Allocating common symbols
Common symbol       size              file

g_cleanup_count     0x8               /probe/rocky8-gcc8/external_cleanup.o

Discarded input sections

 .group         0x0000000000000000       0x10 /usr/lib/gcc/x86_64-redhat-linux/8/../../../../lib64/crt1.o
 .group         0x0000000000000000       0x18 /usr/lib/gcc/x86_64-redhat-linux/8/../../../../lib64/crt1.o
 .group         0x0000000000000000       0x18 /usr/lib/gcc/x86_64-redhat-linux/8/../../../../lib64/crt1.o
 .group         0x0000000000000000       0x18 /usr/lib/gcc/x86_64-redhat-linux/8/../../../../lib64/crt1.o
 .group         0x0000000000000000       0x18 /usr/lib/gcc/x86_64-redhat-linux/8/../../../../lib64/crt1.o
 .group         0x0000000000000000       0x10 /usr/lib/gcc/x86_64-redhat-linux/8/../../../../lib64/crt1.o
 .group         0x0000000000000000       0x18 /usr/lib/gcc/x86_64-redhat-linux/8/../../../../lib64/crt1.o
 .group         0x0000000000000000       0x18 /usr/lib/gcc/x86_64-redhat-linux/8/../../../../lib64/crt1.o
 .group         0x0000000000000000       0x18 /usr/lib/gcc/x86_64-redhat-linux/8/../../../../lib64/crt1.o
 .group         0x0000000000000000       0x18 /usr/lib/gcc/x86_64-redhat-linux/8/../../../../lib64/crt1.o
 .note.gnu.property
                0x0000000000000000       0x20 /usr/lib/gcc/x86_64-redhat-linux/8/../../../../lib64/crt1.o
 .note.GNU-stack
                0x0000000000000000        0x0 /usr/lib/gcc/x86_64-redhat-linux/8/../../../../lib64/crt1.o
 .note.gnu.property
                0x0000000000000000       0x20 /usr/lib/gcc/x86_64-redhat-linux/8/../../../../lib64/crti.o
 .note.GNU-stack
                0x0000000000000000        0x0 /usr/lib/gcc/x86_64-redhat-linux/8/../../../../lib64/crti.o
 .note.GNU-stack
                0x0000000000000000        0x0 /usr/lib/gcc/x86_64-redhat-linux/8/crtbegin.o
 .note.gnu.property
                0x0000000000000000       0x20 /usr/lib/gcc/x86_64-redhat-linux/8/crtbegin.o
 .group         0x0000000000000000        0xc /tmp/cc7fi3tk.o
 .group         0x0000000000000000        0xc /tmp/cc7fi3tk.o
 .group         0x0000000000000000        0x8 /tmp/cc7fi3tk.o
 .group         0x0000000000000000        0xc /tmp/cc7fi3tk.o
 .group         0x0000000000000000        0xc /tmp/cc7fi3tk.o
 .note.GNU-stack
                0x0000000000000000        0x0 /tmp/cc7fi3tk.o
 .note.GNU-stack
                0x0000000000000000        0x0 /probe/rocky8-gcc8/external_cleanup.o
 .group         0x0000000000000000       0x14 /usr/lib64/libc_nonshared.a(elf-init.oS)
 .group         0x0000000000000000       0x18 /usr/lib64/libc_nonshared.a(elf-init.oS)
 .group         0x0000000000000000       0x18 /usr/lib64/libc_nonshared.a(elf-init.oS)
 .group         0x0000000000000000       0x18 /usr/lib64/libc_nonshared.a(elf-init.oS)
 .group         0x0000000000000000       0x18 /usr/lib64/libc_nonshared.a(elf-init.oS)
 .note.GNU-stack
                0x0000000000000000        0x0 /usr/lib64/libc_nonshared.a(elf-init.oS)
 .note.gnu.property
                0x0000000000000000       0x20 /usr/lib64/libc_nonshared.a(elf-init.oS)
 .note.GNU-stack
                0x0000000000000000        0x0 /usr/lib/gcc/x86_64-redhat-linux/8/crtend.o
 .note.gnu.property
                0x0000000000000000       0x20 /usr/lib/gcc/x86_64-redhat-linux/8/crtend.o
 .note.gnu.property
                0x0000000000000000       0x20 /usr/lib/gcc/x86_64-redhat-linux/8/../../../../lib64/crtn.o
 .note.GNU-stack
                0x0000000000000000        0x0 /usr/lib/gcc/x86_64-redhat-linux/8/../../../../lib64/crtn.o

Memory Configuration

Name             Origin             Length             Attributes
*default*        0x0000000000000000 0xffffffffffffffff

Linker script and memory map

LOAD /usr/lib/gcc/x86_64-redhat-linux/8/../../../../lib64/crt1.o
LOAD /usr/lib/gcc/x86_64-redhat-linux/8/../../../../lib64/crti.o
LOAD /usr/lib/gcc/x86_64-redhat-linux/8/crtbegin.o
LOAD /tmp/cc7fi3tk.o
LOAD /probe/rocky8-gcc8/external_cleanup.o
LOAD /usr/lib/gcc/x86_64-redhat-linux/8/libstdc++.so
LOAD /usr/lib/gcc/x86_64-redhat-linux/8/../../../../lib64/libm.so
START GROUP
LOAD /lib64/libm.so.6
LOAD /usr/lib64/libmvec_nonshared.a
LOAD /lib64/libmvec.so.1
END GROUP
LOAD /usr/lib/gcc/x86_64-redhat-linux/8/libgcc_s.so
START GROUP
LOAD /lib64/libgcc_s.so.1
LOAD /usr/lib/gcc/x86_64-redhat-linux/8/libgcc.a
END GROUP
LOAD /usr/lib/gcc/x86_64-redhat-linux/8/libgcc.a
LOAD /usr/lib/gcc/x86_64-redhat-linux/8/../../../../lib64/libc.so
START GROUP
LOAD /lib64/libc.so.6
LOAD /usr/lib64/libc_nonshared.a
LOAD /lib64/ld-linux-x86-64.so.2
END GROUP
LOAD /usr/lib/gcc/x86_64-redhat-linux/8/libgcc_s.so
START GROUP
LOAD /lib64/libgcc_s.so.1
LOAD /usr/lib/gcc/x86_64-redhat-linux/8/libgcc.a
END GROUP
LOAD /usr/lib/gcc/x86_64-redhat-linux/8/libgcc.a
LOAD /usr/lib/gcc/x86_64-redhat-linux/8/crtend.o
LOAD /usr/lib/gcc/x86_64-redhat-linux/8/../../../../lib64/crtn.o
                [!provide]                        PROVIDE (__executable_start = SEGMENT_START ("text-segment", 0x400000))
                0x0000000000400238                . = (SEGMENT_START ("text-segment", 0x400000) + SIZEOF_HEADERS)

.interp         0x0000000000400238       0x1c
 *(.interp)
 .interp        0x0000000000400238       0x1c /usr/lib/gcc/x86_64-redhat-linux/8/../../../../lib64/crt1.o

.note.ABI-tag   0x0000000000400254       0x20
 .note.ABI-tag  0x0000000000400254       0x20 /usr/lib/gcc/x86_64-redhat-linux/8/../../../../lib64/crt1.o

.note.gnu.build-id
                0x0000000000400274       0x24
 *(.note.gnu.build-id)
 .note.gnu.build-id
                0x0000000000400274       0x24 /usr/lib/gcc/x86_64-redhat-linux/8/../../../../lib64/crt1.o

.hash
 *(.hash)

.gnu.hash       0x0000000000400298       0x1c
 *(.gnu.hash)
 .gnu.hash      0x0000000000400298       0x1c /usr/lib/gcc/x86_64-redhat-linux/8/../../../../lib64/crt1.o

.dynsym         0x00000000004002b8       0xd8
 *(.dynsym)
 .dynsym        0x00000000004002b8       0xd8 /usr/lib/gcc/x86_64-redhat-linux/8/../../../../lib64/crt1.o

.dynstr         0x0000000000400390       0xeb
 *(.dynstr)
 .dynstr        0x0000000000400390       0xeb /usr/lib/gcc/x86_64-redhat-linux/8/../../../../lib64/crt1.o

.gnu.version    0x000000000040047c       0x12
 *(.gnu.version)
 .gnu.version   0x000000000040047c       0x12 /usr/lib/gcc/x86_64-redhat-linux/8/../../../../lib64/crt1.o

.gnu.version_d  0x0000000000400490        0x0
 *(.gnu.version_d)
 .gnu.version_d
                0x0000000000400490        0x0 /usr/lib/gcc/x86_64-redhat-linux/8/../../../../lib64/crt1.o

.gnu.version_r  0x0000000000400490       0x40
 *(.gnu.version_r)
 .gnu.version_r
                0x0000000000400490       0x40 /usr/lib/gcc/x86_64-redhat-linux/8/../../../../lib64/crt1.o

.rela.dyn       0x00000000004004d0       0x90
 *(.rela.init)
 *(.rela.text .rela.text.* .rela.gnu.linkonce.t.*)
 .rela.text     0x00000000004004d0        0x0 /usr/lib/gcc/x86_64-redhat-linux/8/../../../../lib64/crt1.o
 .rela.text._ZNSt14_Function_base13_Base_managerI15cleanup_functorE10_M_managerERSt9_Any_dataRKS3_St18_Manager_operation
                0x00000000004004d0        0x0 /usr/lib/gcc/x86_64-redhat-linux/8/../../../../lib64/crt1.o
 *(.rela.fini)
 *(.rela.rodata .rela.rodata.* .rela.gnu.linkonce.r.*)
 *(.rela.data .rela.data.* .rela.gnu.linkonce.d.*)
 .rela.data.rel.ro
                0x00000000004004d0        0x0 /usr/lib/gcc/x86_64-redhat-linux/8/../../../../lib64/crt1.o
 .rela.data.rel.ro._ZTI15cleanup_functor
                0x00000000004004d0       0x18 /usr/lib/gcc/x86_64-redhat-linux/8/../../../../lib64/crt1.o
 .rela.data.rel.local.DW.ref.__gxx_personality_v0
                0x00000000004004e8       0x18 /usr/lib/gcc/x86_64-redhat-linux/8/../../../../lib64/crt1.o
 *(.rela.tdata .rela.tdata.* .rela.gnu.linkonce.td.*)
 *(.rela.tbss .rela.tbss.* .rela.gnu.linkonce.tb.*)
 *(.rela.ctors)
 *(.rela.dtors)
 *(.rela.got)
 .rela.got      0x0000000000400500       0x60 /usr/lib/gcc/x86_64-redhat-linux/8/../../../../lib64/crt1.o
 *(.rela.bss .rela.bss.* .rela.gnu.linkonce.b.*)
 .rela.bss      0x0000000000400560        0x0 /usr/lib/gcc/x86_64-redhat-linux/8/../../../../lib64/crt1.o
 *(.rela.ldata .rela.ldata.* .rela.gnu.linkonce.l.*)
 *(.rela.lbss .rela.lbss.* .rela.gnu.linkonce.lb.*)
 *(.rela.lrodata .rela.lrodata.* .rela.gnu.linkonce.lr.*)
 *(.rela.ifunc)
 .rela.eh_frame
                0x0000000000400560        0x0 /usr/lib/gcc/x86_64-redhat-linux/8/../../../../lib64/crt1.o

.rela.plt       0x0000000000400560       0x30
 *(.rela.plt)
 .rela.plt      0x0000000000400560       0x30 /usr/lib/gcc/x86_64-redhat-linux/8/../../../../lib64/crt1.o
                [!provide]                        PROVIDE (__rela_iplt_start = .)
 *(.rela.iplt)
 .rela.iplt     0x0000000000400590        0x0 /usr/lib/gcc/x86_64-redhat-linux/8/../../../../lib64/crt1.o
                [!provide]                        PROVIDE (__rela_iplt_end = .)

.init           0x0000000000400590       0x1b
 *(SORT_NONE(.init))
 .init          0x0000000000400590       0x16 /usr/lib/gcc/x86_64-redhat-linux/8/../../../../lib64/crti.o
                0x0000000000400590                _init
 .init          0x00000000004005a6        0x5 /usr/lib/gcc/x86_64-redhat-linux/8/../../../../lib64/crtn.o

.plt            0x00000000004005b0       0x30
 *(.plt)
 .plt           0x00000000004005b0       0x30 /usr/lib/gcc/x86_64-redhat-linux/8/../../../../lib64/crt1.o
                0x00000000004005c0                printf@@GLIBC_2.2.5
                0x00000000004005d0                strtoull@@GLIBC_2.2.5
 *(.iplt)
 .iplt          0x00000000004005e0        0x0 /usr/lib/gcc/x86_64-redhat-linux/8/../../../../lib64/crt1.o

.plt.got        0x00000000004005e0        0x0
 *(.plt.got)
 .plt.got       0x00000000004005e0        0x0 /usr/lib/gcc/x86_64-redhat-linux/8/../../../../lib64/crt1.o

.plt.sec
 *(.plt.sec)

.text           0x00000000004005e0      0x355
 *(.text.unlikely .text.*_unlikely .text.unlikely.*)
 .text.unlikely
                0x00000000004005e0        0x0 /usr/lib/gcc/x86_64-redhat-linux/8/../../../../lib64/crt1.o
 .text.unlikely
                0x00000000004005e0        0x0 /usr/lib/gcc/x86_64-redhat-linux/8/../../../../lib64/crt1.o
 .text.unlikely.zzz
                0x00000000004005e0        0x0 /usr/lib/gcc/x86_64-redhat-linux/8/../../../../lib64/crt1.o
 .text.unlikely
                0x00000000004005e0        0x0 /usr/lib/gcc/x86_64-redhat-linux/8/../../../../lib64/crt1.o
 .text.unlikely
                0x00000000004005e0        0x0 /usr/lib/gcc/x86_64-redhat-linux/8/../../../../lib64/crt1.o
 .text.unlikely.zzz
                0x00000000004005e0        0x0 /usr/lib/gcc/x86_64-redhat-linux/8/../../../../lib64/crt1.o
 .text.unlikely
                0x00000000004005e0        0x0 /usr/lib64/libc_nonshared.a(elf-init.oS)
 .text.unlikely
                0x00000000004005e0        0x0 /usr/lib64/libc_nonshared.a(elf-init.oS)
 .text.unlikely.zzz
                0x00000000004005e0        0x0 /usr/lib64/libc_nonshared.a(elf-init.oS)
 *(.text.exit .text.exit.*)
 .text.exit     0x00000000004005e0        0x0 /usr/lib/gcc/x86_64-redhat-linux/8/../../../../lib64/crt1.o
 .text.exit     0x00000000004005e0        0x0 /usr/lib/gcc/x86_64-redhat-linux/8/../../../../lib64/crt1.o
 .text.exit.zzz
                0x00000000004005e0        0x0 /usr/lib/gcc/x86_64-redhat-linux/8/../../../../lib64/crt1.o
 .text.exit     0x00000000004005e0        0x0 /usr/lib/gcc/x86_64-redhat-linux/8/../../../../lib64/crt1.o
 .text.exit     0x00000000004005e0        0x0 /usr/lib/gcc/x86_64-redhat-linux/8/../../../../lib64/crt1.o
 .text.exit.zzz
                0x00000000004005e0        0x0 /usr/lib/gcc/x86_64-redhat-linux/8/../../../../lib64/crt1.o
 .text.exit     0x00000000004005e0        0x0 /usr/lib64/libc_nonshared.a(elf-init.oS)
 .text.exit     0x00000000004005e0        0x0 /usr/lib64/libc_nonshared.a(elf-init.oS)
 .text.exit.zzz
                0x00000000004005e0        0x0 /usr/lib64/libc_nonshared.a(elf-init.oS)
 *(.text.startup .text.startup.*)
 .text.startup  0x00000000004005e0        0x0 /usr/lib/gcc/x86_64-redhat-linux/8/../../../../lib64/crt1.o
 .text.startup  0x00000000004005e0        0x0 /usr/lib/gcc/x86_64-redhat-linux/8/../../../../lib64/crt1.o
 .text.startup.zzz
                0x00000000004005e0        0x0 /usr/lib/gcc/x86_64-redhat-linux/8/../../../../lib64/crt1.o
 .text.startup  0x00000000004005e0        0x0 /usr/lib/gcc/x86_64-redhat-linux/8/../../../../lib64/crt1.o
 .text.startup  0x00000000004005e0        0x0 /usr/lib/gcc/x86_64-redhat-linux/8/../../../../lib64/crt1.o
 .text.startup.zzz
                0x00000000004005e0        0x0 /usr/lib/gcc/x86_64-redhat-linux/8/../../../../lib64/crt1.o
 .text.startup  0x00000000004005e0       0x6c /tmp/cc7fi3tk.o
                0x00000000004005e0                main
 .text.startup  0x000000000040064c        0x0 /usr/lib64/libc_nonshared.a(elf-init.oS)
 .text.startup  0x000000000040064c        0x0 /usr/lib64/libc_nonshared.a(elf-init.oS)
 .text.startup.zzz
                0x000000000040064c        0x0 /usr/lib64/libc_nonshared.a(elf-init.oS)
 *(.text.hot .text.hot.*)
 .text.hot      0x000000000040064c        0x0 /usr/lib/gcc/x86_64-redhat-linux/8/../../../../lib64/crt1.o
 .text.hot      0x000000000040064c        0x0 /usr/lib/gcc/x86_64-redhat-linux/8/../../../../lib64/crt1.o
 .text.hot.zzz  0x000000000040064c        0x0 /usr/lib/gcc/x86_64-redhat-linux/8/../../../../lib64/crt1.o
 .text.hot      0x000000000040064c        0x0 /usr/lib/gcc/x86_64-redhat-linux/8/../../../../lib64/crt1.o
 .text.hot      0x000000000040064c        0x0 /usr/lib/gcc/x86_64-redhat-linux/8/../../../../lib64/crt1.o
 .text.hot.zzz  0x000000000040064c        0x0 /usr/lib/gcc/x86_64-redhat-linux/8/../../../../lib64/crt1.o
 .text.hot      0x000000000040064c        0x0 /usr/lib64/libc_nonshared.a(elf-init.oS)
 .text.hot      0x000000000040064c        0x0 /usr/lib64/libc_nonshared.a(elf-init.oS)
 .text.hot.zzz  0x000000000040064c        0x0 /usr/lib64/libc_nonshared.a(elf-init.oS)
 *(.text .stub .text.* .gnu.linkonce.t.*)
 *fill*         0x000000000040064c        0x4 
 .text          0x0000000000400650       0x2f /usr/lib/gcc/x86_64-redhat-linux/8/../../../../lib64/crt1.o
                0x0000000000400650                _start
 .text          0x000000000040067f        0x0 /usr/lib/gcc/x86_64-redhat-linux/8/../../../../lib64/crt1.o
 *fill*         0x000000000040067f        0x1 
 .text          0x0000000000400680        0x5 /usr/lib/gcc/x86_64-redhat-linux/8/../../../../lib64/crt1.o
                0x0000000000400680                _dl_relocate_static_pie
 .text          0x0000000000400685        0x0 /usr/lib/gcc/x86_64-redhat-linux/8/../../../../lib64/crti.o
 *fill*         0x0000000000400685        0xb 
 .text          0x0000000000400690       0xa6 /usr/lib/gcc/x86_64-redhat-linux/8/crtbegin.o
 *fill*         0x0000000000400736        0xa 
 .text          0x0000000000400740      0x103 /tmp/cc7fi3tk.o
                0x0000000000400740                guarded_work(unsigned long)
                0x00000000004007c0                released_work(unsigned long)
                0x0000000000400810                hot_count(unsigned long)
 *fill*         0x0000000000400843        0xd 
 .text._ZNSt14_Function_base13_Base_managerI15cleanup_functorE10_M_managerERSt9_Any_dataRKS3_St18_Manager_operation
                0x0000000000400850       0x3d /tmp/cc7fi3tk.o
                0x0000000000400850                std::_Function_base::_Base_manager<cleanup_functor>::_M_manager(std::_Any_data&, std::_Any_data const&, std::_Manager_operation)
 *fill*         0x000000000040088d        0x3 
 .text._ZNSt17_Function_handlerIFvvE15cleanup_functorE9_M_invokeERKSt9_Any_data
                0x0000000000400890        0x8 /tmp/cc7fi3tk.o
                0x0000000000400890                std::_Function_handler<void (), cleanup_functor>::_M_invoke(std::_Any_data const&)
 *fill*         0x0000000000400898        0x8 
 .text          0x00000000004008a0       0x18 /probe/rocky8-gcc8/external_cleanup.o
                0x00000000004008a0                external_cleanup
 *fill*         0x00000000004008b8        0x8 
 .text          0x00000000004008c0       0x75 /usr/lib64/libc_nonshared.a(elf-init.oS)
                0x00000000004008c0                __libc_csu_init
                0x0000000000400930                __libc_csu_fini
 .text          0x0000000000400935        0x0 /usr/lib64/libc_nonshared.a(elf-init.oS)
 .text          0x0000000000400935        0x0 /usr/lib/gcc/x86_64-redhat-linux/8/crtend.o
 .text          0x0000000000400935        0x0 /usr/lib/gcc/x86_64-redhat-linux/8/../../../../lib64/crtn.o
 *(.gnu.warning)

.fini           0x0000000000400938        0xd
 *(SORT_NONE(.fini))
 .fini          0x0000000000400938        0x8 /usr/lib/gcc/x86_64-redhat-linux/8/../../../../lib64/crti.o
                0x0000000000400938                _fini
 .fini          0x0000000000400940        0x5 /usr/lib/gcc/x86_64-redhat-linux/8/../../../../lib64/crtn.o
                [!provide]                        PROVIDE (__etext = .)
                [!provide]                        PROVIDE (_etext = .)
                [!provide]                        PROVIDE (etext = .)

.rodata         0x0000000000400950       0x62
 *(.rodata .rodata.* .gnu.linkonce.r.*)
 .rodata.cst4   0x0000000000400950        0x4 /usr/lib/gcc/x86_64-redhat-linux/8/../../../../lib64/crt1.o
                0x0000000000400950                _IO_stdin_used
 *fill*         0x0000000000400954        0x4 
 .rodata        0x0000000000400958        0x8 /usr/lib/gcc/x86_64-redhat-linux/8/crtbegin.o
                0x0000000000400958                __dso_handle
 .rodata.str1.8
                0x0000000000400960       0x40 /tmp/cc7fi3tk.o
                                         0x3e (size before relaxing)
 .rodata._ZTS15cleanup_functor
                0x00000000004009a0       0x12 /tmp/cc7fi3tk.o
                0x00000000004009a0                typeinfo name for cleanup_functor

.rodata1
 *(.rodata1)

.eh_frame_hdr   0x00000000004009b4       0x6c
 *(.eh_frame_hdr)
 .eh_frame_hdr  0x00000000004009b4       0x6c /usr/lib/gcc/x86_64-redhat-linux/8/../../../../lib64/crt1.o
                0x00000000004009b4                __GNU_EH_FRAME_HDR
 *(.eh_frame_entry .eh_frame_entry.*)

.eh_frame       0x0000000000400a20      0x1b0
 *(.eh_frame)
 .eh_frame      0x0000000000400a20       0x40 /usr/lib/gcc/x86_64-redhat-linux/8/../../../../lib64/crt1.o
                                         0x5c (size before relaxing)
 *fill*         0x0000000000400a60        0x0 
 .eh_frame      0x0000000000400a60       0x28 /usr/lib/gcc/x86_64-redhat-linux/8/../../../../lib64/crt1.o
                                         0x40 (size before relaxing)
 .eh_frame      0x0000000000400a88        0x0 /usr/lib/gcc/x86_64-redhat-linux/8/../../../../lib64/crt1.o
 .eh_frame      0x0000000000400a88       0xd0 /tmp/cc7fi3tk.o
                                         0xe8 (size before relaxing)
 .eh_frame      0x0000000000400b58       0x18 /probe/rocky8-gcc8/external_cleanup.o
                                         0x30 (size before relaxing)
 .eh_frame      0x0000000000400b70       0x5c /usr/lib64/libc_nonshared.a(elf-init.oS)
                                         0x78 (size before relaxing)
 .eh_frame      0x0000000000400bcc        0x4 /usr/lib/gcc/x86_64-redhat-linux/8/crtend.o
 *(.eh_frame.*)

.gcc_except_table
                0x0000000000400bd0        0x4
 *(.gcc_except_table .gcc_except_table.*)
 .gcc_except_table
                0x0000000000400bd0        0x4 /tmp/cc7fi3tk.o

.gnu_extab
 *(.gnu_extab*)

.exception_ranges
 *(.exception_ranges .exception_ranges*)
                0x0000000000600dc0                . = DATA_SEGMENT_ALIGN (CONSTANT (MAXPAGESIZE), CONSTANT (COMMONPAGESIZE))

.eh_frame
 *(.eh_frame)
 *(.eh_frame.*)

.gnu_extab
 *(.gnu_extab)

.gcc_except_table
 *(.gcc_except_table .gcc_except_table.*)

.exception_ranges
 *(.exception_ranges .exception_ranges*)

.tdata
 *(.tdata .tdata.* .gnu.linkonce.td.*)

.tbss
 *(.tbss .tbss.* .gnu.linkonce.tb.*)
 *(.tcommon)

.preinit_array  0x0000000000600dc0        0x0
                [!provide]                        PROVIDE (__preinit_array_start = .)
 *(.preinit_array)
                [!provide]                        PROVIDE (__preinit_array_end = .)

.init_array     0x0000000000600dc0        0x8
                0x0000000000600dc0                PROVIDE (__init_array_start = .)
 *(SORT_BY_INIT_PRIORITY(.init_array.*) SORT_BY_INIT_PRIORITY(.ctors.*))
 *(.init_array EXCLUDE_FILE(*crtend?.o *crtend.o *crtbegin?.o *crtbegin.o) .ctors)
 .init_array    0x0000000000600dc0        0x8 /usr/lib/gcc/x86_64-redhat-linux/8/crtbegin.o
                0x0000000000600dc8                PROVIDE (__init_array_end = .)

.fini_array     0x0000000000600dc8        0x8
                [!provide]                        PROVIDE (__fini_array_start = .)
 *(SORT_BY_INIT_PRIORITY(.fini_array.*) SORT_BY_INIT_PRIORITY(.dtors.*))
 *(.fini_array EXCLUDE_FILE(*crtend?.o *crtend.o *crtbegin?.o *crtbegin.o) .dtors)
 .fini_array    0x0000000000600dc8        0x8 /usr/lib/gcc/x86_64-redhat-linux/8/crtbegin.o
                [!provide]                        PROVIDE (__fini_array_end = .)

.ctors
 *crtbegin.o(.ctors)
 *crtbegin?.o(.ctors)
 *(EXCLUDE_FILE(*crtend?.o *crtend.o) .ctors)
 *(SORT_BY_NAME(.ctors.*))
 *(.ctors)

.dtors
 *crtbegin.o(.dtors)
 *crtbegin?.o(.dtors)
 *(EXCLUDE_FILE(*crtend?.o *crtend.o) .dtors)
 *(SORT_BY_NAME(.dtors.*))
 *(.dtors)

.jcr
 *(.jcr)

.data.rel.ro    0x0000000000600dd0       0x10
 *(.data.rel.ro.local* .gnu.linkonce.d.rel.ro.local.*)
 *(.data.rel.ro .data.rel.ro.* .gnu.linkonce.d.rel.ro.*)
 .data.rel.ro   0x0000000000600dd0        0x0 /usr/lib/gcc/x86_64-redhat-linux/8/../../../../lib64/crt1.o
 .data.rel.ro._ZTI15cleanup_functor
                0x0000000000600dd0       0x10 /tmp/cc7fi3tk.o
                0x0000000000600dd0                typeinfo for cleanup_functor

.dynamic        0x0000000000600de0      0x200
 *(.dynamic)
 .dynamic       0x0000000000600de0      0x200 /usr/lib/gcc/x86_64-redhat-linux/8/../../../../lib64/crt1.o
                0x0000000000600de0                _DYNAMIC

.got            0x0000000000600fe0       0x20
 *(.got)
 .got           0x0000000000600fe0       0x20 /usr/lib/gcc/x86_64-redhat-linux/8/../../../../lib64/crt1.o
 *(.igot)
                0x0000000000601fe8                . = DATA_SEGMENT_RELRO_END (., (SIZEOF (.got.plt) >= 0x18)?0x18:0x0)

.got.plt        0x0000000000601000       0x28
 *(.got.plt)
 .got.plt       0x0000000000601000       0x28 /usr/lib/gcc/x86_64-redhat-linux/8/../../../../lib64/crt1.o
                0x0000000000601000                _GLOBAL_OFFSET_TABLE_
 *(.igot.plt)
 .igot.plt      0x0000000000601028        0x0 /usr/lib/gcc/x86_64-redhat-linux/8/../../../../lib64/crt1.o

.data           0x0000000000601040       0x88
 *(.data .data.* .gnu.linkonce.d.*)
 .data          0x0000000000601040        0x4 /usr/lib/gcc/x86_64-redhat-linux/8/../../../../lib64/crt1.o
                0x0000000000601040                data_start
                0x0000000000601040                __data_start
 .data          0x0000000000601044        0x0 /usr/lib/gcc/x86_64-redhat-linux/8/../../../../lib64/crti.o
 .data          0x0000000000601044        0x0 /usr/lib/gcc/x86_64-redhat-linux/8/crtbegin.o
 *fill*         0x0000000000601044       0x3c 
 .data          0x0000000000601080       0x40 /tmp/cc7fi3tk.o
                0x0000000000601080                g_hot_data
 .data.rel.local.DW.ref.__gxx_personality_v0
                0x00000000006010c0        0x8 /tmp/cc7fi3tk.o
                0x00000000006010c0                DW.ref.__gxx_personality_v0
 .data          0x00000000006010c8        0x0 /probe/rocky8-gcc8/external_cleanup.o
 .data          0x00000000006010c8        0x0 /usr/lib64/libc_nonshared.a(elf-init.oS)
 .data          0x00000000006010c8        0x0 /usr/lib/gcc/x86_64-redhat-linux/8/crtend.o
 .data          0x00000000006010c8        0x0 /usr/lib/gcc/x86_64-redhat-linux/8/../../../../lib64/crtn.o

.tm_clone_table
                0x00000000006010c8        0x0
 .tm_clone_table
                0x00000000006010c8        0x0 /usr/lib/gcc/x86_64-redhat-linux/8/crtbegin.o
 .tm_clone_table
                0x00000000006010c8        0x0 /usr/lib/gcc/x86_64-redhat-linux/8/crtend.o

.data1
 *(.data1)
                0x00000000006010c8                _edata = .
                [!provide]                        PROVIDE (edata = .)
                0x00000000006010c8                . = .
                0x00000000006010c8                __bss_start = .

.bss            0x00000000006010c8       0x10
 *(.dynbss)
 .dynbss        0x00000000006010c8        0x0 /usr/lib/gcc/x86_64-redhat-linux/8/../../../../lib64/crt1.o
 *(.bss .bss.* .gnu.linkonce.b.*)
 .bss           0x00000000006010c8        0x0 /usr/lib/gcc/x86_64-redhat-linux/8/../../../../lib64/crt1.o
 .bss           0x00000000006010c8        0x0 /usr/lib/gcc/x86_64-redhat-linux/8/../../../../lib64/crti.o
 .bss           0x00000000006010c8        0x1 /usr/lib/gcc/x86_64-redhat-linux/8/crtbegin.o
 .bss           0x00000000006010c9        0x0 /tmp/cc7fi3tk.o
 .bss           0x00000000006010c9        0x0 /probe/rocky8-gcc8/external_cleanup.o
 .bss           0x00000000006010c9        0x0 /usr/lib64/libc_nonshared.a(elf-init.oS)
 .bss           0x00000000006010c9        0x0 /usr/lib/gcc/x86_64-redhat-linux/8/crtend.o
 .bss           0x00000000006010c9        0x0 /usr/lib/gcc/x86_64-redhat-linux/8/../../../../lib64/crtn.o
 *(COMMON)
 *fill*         0x00000000006010c9        0x7 
 COMMON         0x00000000006010d0        0x8 /probe/rocky8-gcc8/external_cleanup.o
                0x00000000006010d0                g_cleanup_count
                0x00000000006010d8                . = ALIGN ((. != 0x0)?0x8:0x1)

.lbss
 *(.dynlbss)
 *(.lbss .lbss.* .gnu.linkonce.lb.*)
 *(LARGE_COMMON)
                0x00000000006010d8                . = ALIGN (0x8)
                0x00000000006010d8                . = SEGMENT_START ("ldata-segment", .)

.lrodata
 *(.lrodata .lrodata.* .gnu.linkonce.lr.*)

.ldata          0x0000000000a010d8        0x0
 *(.ldata .ldata.* .gnu.linkonce.l.*)
                0x0000000000a010d8                . = ALIGN ((. != 0x0)?0x8:0x1)
                0x0000000000a010d8                . = ALIGN (0x8)
                0x0000000000a010d8                _end = .
                [!provide]                        PROVIDE (end = .)
                0x0000000000a010d8                . = DATA_SEGMENT_END (.)

.stab
 *(.stab)

.stabstr
 *(.stabstr)

.stab.excl
 *(.stab.excl)

.stab.exclstr
 *(.stab.exclstr)

.stab.index
 *(.stab.index)

.stab.indexstr
 *(.stab.indexstr)

.comment        0x0000000000000000       0x5a
 *(.comment)
 .comment       0x0000000000000000       0x2d /usr/lib/gcc/x86_64-redhat-linux/8/../../../../lib64/crt1.o
                                         0x5c (size before relaxing)
 .comment       0x000000000000002d       0x2d /usr/lib/gcc/x86_64-redhat-linux/8/crtbegin.o
                                         0x2e (size before relaxing)
 .comment       0x000000000000005a       0x2e /usr/lib64/libc_nonshared.a(elf-init.oS)
 .comment       0x000000000000005a       0x2e /usr/lib/gcc/x86_64-redhat-linux/8/crtend.o

.gnu.build.attributes
                0x0000000000a010d8     0x1df4
 *(.gnu.build.attributes .gnu.build.attributes.*)
 .gnu.build.attributes
                0x0000000000a010d8      0x1d4 /usr/lib/gcc/x86_64-redhat-linux/8/../../../../lib64/crt1.o
 .gnu.build.attributes.hot
                0x0000000000a012ac      0x1d4 /usr/lib/gcc/x86_64-redhat-linux/8/../../../../lib64/crt1.o
 .gnu.build.attributes.unlikely
                0x0000000000a01480      0x1d4 /usr/lib/gcc/x86_64-redhat-linux/8/../../../../lib64/crt1.o
 .gnu.build.attributes.startup
                0x0000000000a01654      0x1d4 /usr/lib/gcc/x86_64-redhat-linux/8/../../../../lib64/crt1.o
 .gnu.build.attributes.exit
                0x0000000000a01828      0x1d4 /usr/lib/gcc/x86_64-redhat-linux/8/../../../../lib64/crt1.o
 .gnu.build.attributes
                0x0000000000a019fc      0x234 /usr/lib/gcc/x86_64-redhat-linux/8/../../../../lib64/crt1.o
 .gnu.build.attributes.hot
                0x0000000000a01c30      0x1d4 /usr/lib/gcc/x86_64-redhat-linux/8/../../../../lib64/crt1.o
 .gnu.build.attributes.unlikely
                0x0000000000a01e04      0x1d4 /usr/lib/gcc/x86_64-redhat-linux/8/../../../../lib64/crt1.o
 .gnu.build.attributes.startup
                0x0000000000a01fd8      0x1d4 /usr/lib/gcc/x86_64-redhat-linux/8/../../../../lib64/crt1.o
 .gnu.build.attributes.exit
                0x0000000000a021ac      0x1d4 /usr/lib/gcc/x86_64-redhat-linux/8/../../../../lib64/crt1.o
 .gnu.build.attributes
                0x0000000000a02380       0x48 /usr/lib/gcc/x86_64-redhat-linux/8/../../../../lib64/crt1.o
 .gnu.build.attributes
                0x0000000000a023c8       0x6c /usr/lib/gcc/x86_64-redhat-linux/8/../../../../lib64/crti.o
 .gnu.build.attributes
                0x0000000000a02434       0x24 /usr/lib/gcc/x86_64-redhat-linux/8/crtbegin.o
 .gnu.build.attributes
                0x0000000000a02458      0x294 /usr/lib64/libc_nonshared.a(elf-init.oS)
 .gnu.build.attributes.hot
                0x0000000000a026ec      0x1d4 /usr/lib64/libc_nonshared.a(elf-init.oS)
 .gnu.build.attributes.unlikely
                0x0000000000a028c0      0x1d4 /usr/lib64/libc_nonshared.a(elf-init.oS)
 .gnu.build.attributes.startup
                0x0000000000a02a94      0x1d4 /usr/lib64/libc_nonshared.a(elf-init.oS)
 .gnu.build.attributes.exit
                0x0000000000a02c68      0x1d4 /usr/lib64/libc_nonshared.a(elf-init.oS)
 .gnu.build.attributes
                0x0000000000a02e3c       0x24 /usr/lib/gcc/x86_64-redhat-linux/8/crtend.o
 .gnu.build.attributes
                0x0000000000a02e60       0x6c /usr/lib/gcc/x86_64-redhat-linux/8/../../../../lib64/crtn.o

.debug
 *(.debug)

.line
 *(.line)

.debug_srcinfo
 *(.debug_srcinfo)

.debug_sfnames
 *(.debug_sfnames)

.debug_aranges  0x0000000000000000       0x90
 *(.debug_aranges)
 .debug_aranges
                0x0000000000000000       0x60 /tmp/cc7fi3tk.o
 .debug_aranges
                0x0000000000000060       0x30 /probe/rocky8-gcc8/external_cleanup.o

.debug_pubnames
 *(.debug_pubnames)

.debug_info     0x0000000000000000     0xaa3b
 *(.debug_info .gnu.linkonce.wi.*)
 .debug_info    0x0000000000000000     0xa96a /tmp/cc7fi3tk.o
 .debug_info    0x000000000000a96a       0xd1 /probe/rocky8-gcc8/external_cleanup.o

.debug_abbrev   0x0000000000000000      0xc74
 *(.debug_abbrev)
 .debug_abbrev  0x0000000000000000      0xbeb /tmp/cc7fi3tk.o
 .debug_abbrev  0x0000000000000beb       0x89 /probe/rocky8-gcc8/external_cleanup.o

.debug_line     0x0000000000000000      0x86a
 *(.debug_line .debug_line.* .debug_line_end)
 .debug_line    0x0000000000000000      0x7e0 /tmp/cc7fi3tk.o
 .debug_line    0x00000000000007e0       0x8a /probe/rocky8-gcc8/external_cleanup.o

.debug_frame
 *(.debug_frame)

.debug_str      0x0000000000000000     0xd0ab
 *(.debug_str)
 .debug_str     0x0000000000000000     0xcfed /tmp/cc7fi3tk.o
                                       0xd43b (size before relaxing)
 .debug_str     0x000000000000cfed       0xbe /probe/rocky8-gcc8/external_cleanup.o
                                        0x14d (size before relaxing)

.debug_loc      0x0000000000000000      0x8da
 *(.debug_loc)
 .debug_loc     0x0000000000000000      0x8da /tmp/cc7fi3tk.o

.debug_macinfo
 *(.debug_macinfo)

.debug_weaknames
 *(.debug_weaknames)

.debug_funcnames
 *(.debug_funcnames)

.debug_typenames
 *(.debug_typenames)

.debug_varnames
 *(.debug_varnames)

.debug_pubtypes
 *(.debug_pubtypes)

.debug_ranges   0x0000000000000000      0x4b0
 *(.debug_ranges)
 .debug_ranges  0x0000000000000000      0x4b0 /tmp/cc7fi3tk.o

.debug_macro
 *(.debug_macro)

.debug_addr
 *(.debug_addr)

.gnu.attributes
 *(.gnu.attributes)

/DISCARD/
 *(.note.GNU-stack)
 *(.gnu_debuglink)
 *(.gnu.lto_*)
 *(.gnu_object_only)
OUTPUT(/probe/rocky8-gcc8/original elf64-x86-64)
