Archive member included to satisfy reference by file (symbol)

/usr/lib64/libc_nonshared.a(elf-init.oS)
                              /usr/lib/gcc/x86_64-redhat-linux/8/../../../../lib64/crt1.o (__libc_csu_init)

Merging program properties

Removed property 0xc0000002 to merge 0x5560a1612110B (0x3) and 0x5560a1621fd0B (not found)
Removed property 0xc0000002 to merge 0x5560a1612110B (not found) and 0x5560a1b993a0B (0x3)
Removed property 0xc0000002 to merge 0x5560a1612110B (not found) and 0x5560a1d93090B (0x3)
Removed property 0xc0000002 to merge 0x5560a1612110B (not found) and 0x5560a1d97890B (0x3)

Allocating common symbols
Common symbol       size              file

g_cleanup_count     0x8               /probe/rocky8-gcc8/external_cleanup.o

Discarded input sections

 .group         0x0000000000000000       0x10 /usr/lib/gcc/x86_64-redhat-linux/8/../../../../lib64/crt1.o
 .group         0x0000000000000000       0x18 /usr/lib/gcc/x86_64-redhat-linux/8/../../../../lib64/crt1.o
 .group         0x0000000000000000       0x18 /usr/lib/gcc/x86_64-redhat-linux/8/../../../../lib64/crt1.o
 .group         0x0000000000000000       0x18 /usr/lib/gcc/x86_64-redhat-linux/8/../../../../lib64/crt1.o
 .group         0x0000000000000000       0x18 /usr/lib/gcc/x86_64-redhat-linux/8/../../../../lib64/crt1.o
 .group         0x0000000000000000       0x10 /usr/lib/gcc/x86_64-redhat-linux/8/../../../../lib64/crt1.o
 .group         0x0000000000000000       0x18 /usr/lib/gcc/x86_64-redhat-linux/8/../../../../lib64/crt1.o
 .group         0x0000000000000000       0x18 /usr/lib/gcc/x86_64-redhat-linux/8/../../../../lib64/crt1.o
 .group         0x0000000000000000       0x18 /usr/lib/gcc/x86_64-redhat-linux/8/../../../../lib64/crt1.o
 .group         0x0000000000000000       0x18 /usr/lib/gcc/x86_64-redhat-linux/8/../../../../lib64/crt1.o
 .note.gnu.property
                0x0000000000000000       0x20 /usr/lib/gcc/x86_64-redhat-linux/8/../../../../lib64/crt1.o
 .note.GNU-stack
                0x0000000000000000        0x0 /usr/lib/gcc/x86_64-redhat-linux/8/../../../../lib64/crt1.o
 .note.gnu.property
                0x0000000000000000       0x20 /usr/lib/gcc/x86_64-redhat-linux/8/../../../../lib64/crti.o
 .note.GNU-stack
                0x0000000000000000        0x0 /usr/lib/gcc/x86_64-redhat-linux/8/../../../../lib64/crti.o
 .note.GNU-stack
                0x0000000000000000        0x0 /usr/lib/gcc/x86_64-redhat-linux/8/crtbegin.o
 .note.gnu.property
                0x0000000000000000       0x20 /usr/lib/gcc/x86_64-redhat-linux/8/crtbegin.o
 .group         0x0000000000000000        0xc /tmp/ccOEaKZH.o
 .note.GNU-stack
                0x0000000000000000        0x0 /tmp/ccOEaKZH.o
 .note.GNU-stack
                0x0000000000000000        0x0 /probe/rocky8-gcc8/external_cleanup.o
 .group         0x0000000000000000       0x14 /usr/lib64/libc_nonshared.a(elf-init.oS)
 .group         0x0000000000000000       0x18 /usr/lib64/libc_nonshared.a(elf-init.oS)
 .group         0x0000000000000000       0x18 /usr/lib64/libc_nonshared.a(elf-init.oS)
 .group         0x0000000000000000       0x18 /usr/lib64/libc_nonshared.a(elf-init.oS)
 .group         0x0000000000000000       0x18 /usr/lib64/libc_nonshared.a(elf-init.oS)
 .note.GNU-stack
                0x0000000000000000        0x0 /usr/lib64/libc_nonshared.a(elf-init.oS)
 .note.gnu.property
                0x0000000000000000       0x20 /usr/lib64/libc_nonshared.a(elf-init.oS)
 .note.GNU-stack
                0x0000000000000000        0x0 /usr/lib/gcc/x86_64-redhat-linux/8/crtend.o
 .note.gnu.property
                0x0000000000000000       0x20 /usr/lib/gcc/x86_64-redhat-linux/8/crtend.o
 .note.gnu.property
                0x0000000000000000       0x20 /usr/lib/gcc/x86_64-redhat-linux/8/../../../../lib64/crtn.o
 .note.GNU-stack
                0x0000000000000000        0x0 /usr/lib/gcc/x86_64-redhat-linux/8/../../../../lib64/crtn.o

Memory Configuration

Name             Origin             Length             Attributes
*default*        0x0000000000000000 0xffffffffffffffff

Linker script and memory map

LOAD /usr/lib/gcc/x86_64-redhat-linux/8/../../../../lib64/crt1.o
LOAD /usr/lib/gcc/x86_64-redhat-linux/8/../../../../lib64/crti.o
LOAD /usr/lib/gcc/x86_64-redhat-linux/8/crtbegin.o
LOAD /tmp/ccOEaKZH.o
LOAD /probe/rocky8-gcc8/external_cleanup.o
LOAD /usr/lib/gcc/x86_64-redhat-linux/8/libstdc++.so
LOAD /usr/lib/gcc/x86_64-redhat-linux/8/../../../../lib64/libm.so
START GROUP
LOAD /lib64/libm.so.6
LOAD /usr/lib64/libmvec_nonshared.a
LOAD /lib64/libmvec.so.1
END GROUP
LOAD /usr/lib/gcc/x86_64-redhat-linux/8/libgcc_s.so
START GROUP
LOAD /lib64/libgcc_s.so.1
LOAD /usr/lib/gcc/x86_64-redhat-linux/8/libgcc.a
END GROUP
LOAD /usr/lib/gcc/x86_64-redhat-linux/8/libgcc.a
LOAD /usr/lib/gcc/x86_64-redhat-linux/8/../../../../lib64/libc.so
START GROUP
LOAD /lib64/libc.so.6
LOAD /usr/lib64/libc_nonshared.a
LOAD /lib64/ld-linux-x86-64.so.2
END GROUP
LOAD /usr/lib/gcc/x86_64-redhat-linux/8/libgcc_s.so
START GROUP
LOAD /lib64/libgcc_s.so.1
LOAD /usr/lib/gcc/x86_64-redhat-linux/8/libgcc.a
END GROUP
LOAD /usr/lib/gcc/x86_64-redhat-linux/8/libgcc.a
LOAD /usr/lib/gcc/x86_64-redhat-linux/8/crtend.o
LOAD /usr/lib/gcc/x86_64-redhat-linux/8/../../../../lib64/crtn.o
                [!provide]                        PROVIDE (__executable_start = SEGMENT_START ("text-segment", 0x400000))
                0x0000000000400238                . = (SEGMENT_START ("text-segment", 0x400000) + SIZEOF_HEADERS)

.interp         0x0000000000400238       0x1c
 *(.interp)
 .interp        0x0000000000400238       0x1c /usr/lib/gcc/x86_64-redhat-linux/8/../../../../lib64/crt1.o

.note.ABI-tag   0x0000000000400254       0x20
 .note.ABI-tag  0x0000000000400254       0x20 /usr/lib/gcc/x86_64-redhat-linux/8/../../../../lib64/crt1.o

.note.gnu.build-id
                0x0000000000400274       0x24
 *(.note.gnu.build-id)
 .note.gnu.build-id
                0x0000000000400274       0x24 /usr/lib/gcc/x86_64-redhat-linux/8/../../../../lib64/crt1.o

.hash
 *(.hash)

.gnu.hash       0x0000000000400298       0x1c
 *(.gnu.hash)
 .gnu.hash      0x0000000000400298       0x1c /usr/lib/gcc/x86_64-redhat-linux/8/../../../../lib64/crt1.o

.dynsym         0x00000000004002b8       0xc0
 *(.dynsym)
 .dynsym        0x00000000004002b8       0xc0 /usr/lib/gcc/x86_64-redhat-linux/8/../../../../lib64/crt1.o

.dynstr         0x0000000000400378       0xc5
 *(.dynstr)
 .dynstr        0x0000000000400378       0xc5 /usr/lib/gcc/x86_64-redhat-linux/8/../../../../lib64/crt1.o

.gnu.version    0x000000000040043e       0x10
 *(.gnu.version)
 .gnu.version   0x000000000040043e       0x10 /usr/lib/gcc/x86_64-redhat-linux/8/../../../../lib64/crt1.o

.gnu.version_d  0x0000000000400450        0x0
 *(.gnu.version_d)
 .gnu.version_d
                0x0000000000400450        0x0 /usr/lib/gcc/x86_64-redhat-linux/8/../../../../lib64/crt1.o

.gnu.version_r  0x0000000000400450       0x40
 *(.gnu.version_r)
 .gnu.version_r
                0x0000000000400450       0x40 /usr/lib/gcc/x86_64-redhat-linux/8/../../../../lib64/crt1.o

.rela.dyn       0x0000000000400490       0x78
 *(.rela.init)
 *(.rela.text .rela.text.* .rela.gnu.linkonce.t.*)
 .rela.text     0x0000000000400490        0x0 /usr/lib/gcc/x86_64-redhat-linux/8/../../../../lib64/crt1.o
 *(.rela.fini)
 *(.rela.rodata .rela.rodata.* .rela.gnu.linkonce.r.*)
 *(.rela.data .rela.data.* .rela.gnu.linkonce.d.*)
 .rela.data.rel.ro
                0x0000000000400490        0x0 /usr/lib/gcc/x86_64-redhat-linux/8/../../../../lib64/crt1.o
 .rela.data.rel.local.DW.ref.__gxx_personality_v0
                0x0000000000400490       0x18 /usr/lib/gcc/x86_64-redhat-linux/8/../../../../lib64/crt1.o
 *(.rela.tdata .rela.tdata.* .rela.gnu.linkonce.td.*)
 *(.rela.tbss .rela.tbss.* .rela.gnu.linkonce.tb.*)
 *(.rela.ctors)
 *(.rela.dtors)
 *(.rela.got)
 .rela.got      0x00000000004004a8       0x60 /usr/lib/gcc/x86_64-redhat-linux/8/../../../../lib64/crt1.o
 *(.rela.bss .rela.bss.* .rela.gnu.linkonce.b.*)
 .rela.bss      0x0000000000400508        0x0 /usr/lib/gcc/x86_64-redhat-linux/8/../../../../lib64/crt1.o
 *(.rela.ldata .rela.ldata.* .rela.gnu.linkonce.l.*)
 *(.rela.lbss .rela.lbss.* .rela.gnu.linkonce.lb.*)
 *(.rela.lrodata .rela.lrodata.* .rela.gnu.linkonce.lr.*)
 *(.rela.ifunc)
 .rela.eh_frame
                0x0000000000400508        0x0 /usr/lib/gcc/x86_64-redhat-linux/8/../../../../lib64/crt1.o

.rela.plt       0x0000000000400508       0x30
 *(.rela.plt)
 .rela.plt      0x0000000000400508       0x30 /usr/lib/gcc/x86_64-redhat-linux/8/../../../../lib64/crt1.o
                [!provide]                        PROVIDE (__rela_iplt_start = .)
 *(.rela.iplt)
 .rela.iplt     0x0000000000400538        0x0 /usr/lib/gcc/x86_64-redhat-linux/8/../../../../lib64/crt1.o
                [!provide]                        PROVIDE (__rela_iplt_end = .)

.init           0x0000000000400538       0x1b
 *(SORT_NONE(.init))
 .init          0x0000000000400538       0x16 /usr/lib/gcc/x86_64-redhat-linux/8/../../../../lib64/crti.o
                0x0000000000400538                _init
 .init          0x000000000040054e        0x5 /usr/lib/gcc/x86_64-redhat-linux/8/../../../../lib64/crtn.o

.plt            0x0000000000400560       0x30
 *(.plt)
 .plt           0x0000000000400560       0x30 /usr/lib/gcc/x86_64-redhat-linux/8/../../../../lib64/crt1.o
                0x0000000000400570                printf@@GLIBC_2.2.5
                0x0000000000400580                strtoull@@GLIBC_2.2.5
 *(.iplt)
 .iplt          0x0000000000400590        0x0 /usr/lib/gcc/x86_64-redhat-linux/8/../../../../lib64/crt1.o

.plt.got        0x0000000000400590        0x0
 *(.plt.got)
 .plt.got       0x0000000000400590        0x0 /usr/lib/gcc/x86_64-redhat-linux/8/../../../../lib64/crt1.o

.plt.sec
 *(.plt.sec)

.text           0x0000000000400590      0x285
 *(.text.unlikely .text.*_unlikely .text.unlikely.*)
 .text.unlikely
                0x0000000000400590        0x0 /usr/lib/gcc/x86_64-redhat-linux/8/../../../../lib64/crt1.o
 .text.unlikely
                0x0000000000400590        0x0 /usr/lib/gcc/x86_64-redhat-linux/8/../../../../lib64/crt1.o
 .text.unlikely.zzz
                0x0000000000400590        0x0 /usr/lib/gcc/x86_64-redhat-linux/8/../../../../lib64/crt1.o
 .text.unlikely
                0x0000000000400590        0x0 /usr/lib/gcc/x86_64-redhat-linux/8/../../../../lib64/crt1.o
 .text.unlikely
                0x0000000000400590        0x0 /usr/lib/gcc/x86_64-redhat-linux/8/../../../../lib64/crt1.o
 .text.unlikely.zzz
                0x0000000000400590        0x0 /usr/lib/gcc/x86_64-redhat-linux/8/../../../../lib64/crt1.o
 .text.unlikely
                0x0000000000400590        0x0 /usr/lib64/libc_nonshared.a(elf-init.oS)
 .text.unlikely
                0x0000000000400590        0x0 /usr/lib64/libc_nonshared.a(elf-init.oS)
 .text.unlikely.zzz
                0x0000000000400590        0x0 /usr/lib64/libc_nonshared.a(elf-init.oS)
 *(.text.exit .text.exit.*)
 .text.exit     0x0000000000400590        0x0 /usr/lib/gcc/x86_64-redhat-linux/8/../../../../lib64/crt1.o
 .text.exit     0x0000000000400590        0x0 /usr/lib/gcc/x86_64-redhat-linux/8/../../../../lib64/crt1.o
 .text.exit.zzz
                0x0000000000400590        0x0 /usr/lib/gcc/x86_64-redhat-linux/8/../../../../lib64/crt1.o
 .text.exit     0x0000000000400590        0x0 /usr/lib/gcc/x86_64-redhat-linux/8/../../../../lib64/crt1.o
 .text.exit     0x0000000000400590        0x0 /usr/lib/gcc/x86_64-redhat-linux/8/../../../../lib64/crt1.o
 .text.exit.zzz
                0x0000000000400590        0x0 /usr/lib/gcc/x86_64-redhat-linux/8/../../../../lib64/crt1.o
 .text.exit     0x0000000000400590        0x0 /usr/lib64/libc_nonshared.a(elf-init.oS)
 .text.exit     0x0000000000400590        0x0 /usr/lib64/libc_nonshared.a(elf-init.oS)
 .text.exit.zzz
                0x0000000000400590        0x0 /usr/lib64/libc_nonshared.a(elf-init.oS)
 *(.text.startup .text.startup.*)
 .text.startup  0x0000000000400590        0x0 /usr/lib/gcc/x86_64-redhat-linux/8/../../../../lib64/crt1.o
 .text.startup  0x0000000000400590        0x0 /usr/lib/gcc/x86_64-redhat-linux/8/../../../../lib64/crt1.o
 .text.startup.zzz
                0x0000000000400590        0x0 /usr/lib/gcc/x86_64-redhat-linux/8/../../../../lib64/crt1.o
 .text.startup  0x0000000000400590        0x0 /usr/lib/gcc/x86_64-redhat-linux/8/../../../../lib64/crt1.o
 .text.startup  0x0000000000400590        0x0 /usr/lib/gcc/x86_64-redhat-linux/8/../../../../lib64/crt1.o
 .text.startup.zzz
                0x0000000000400590        0x0 /usr/lib/gcc/x86_64-redhat-linux/8/../../../../lib64/crt1.o
 .text.startup  0x0000000000400590       0x6d /tmp/ccOEaKZH.o
                0x0000000000400590                main
 .text.startup  0x00000000004005fd        0x0 /usr/lib64/libc_nonshared.a(elf-init.oS)
 .text.startup  0x00000000004005fd        0x0 /usr/lib64/libc_nonshared.a(elf-init.oS)
 .text.startup.zzz
                0x00000000004005fd        0x0 /usr/lib64/libc_nonshared.a(elf-init.oS)
 *(.text.hot .text.hot.*)
 .text.hot      0x00000000004005fd        0x0 /usr/lib/gcc/x86_64-redhat-linux/8/../../../../lib64/crt1.o
 .text.hot      0x00000000004005fd        0x0 /usr/lib/gcc/x86_64-redhat-linux/8/../../../../lib64/crt1.o
 .text.hot.zzz  0x00000000004005fd        0x0 /usr/lib/gcc/x86_64-redhat-linux/8/../../../../lib64/crt1.o
 .text.hot      0x00000000004005fd        0x0 /usr/lib/gcc/x86_64-redhat-linux/8/../../../../lib64/crt1.o
 .text.hot      0x00000000004005fd        0x0 /usr/lib/gcc/x86_64-redhat-linux/8/../../../../lib64/crt1.o
 .text.hot.zzz  0x00000000004005fd        0x0 /usr/lib/gcc/x86_64-redhat-linux/8/../../../../lib64/crt1.o
 .text.hot      0x00000000004005fd        0x0 /usr/lib64/libc_nonshared.a(elf-init.oS)
 .text.hot      0x00000000004005fd        0x0 /usr/lib64/libc_nonshared.a(elf-init.oS)
 .text.hot.zzz  0x00000000004005fd        0x0 /usr/lib64/libc_nonshared.a(elf-init.oS)
 *(.text .stub .text.* .gnu.linkonce.t.*)
 *fill*         0x00000000004005fd        0x3 
 .text          0x0000000000400600       0x2f /usr/lib/gcc/x86_64-redhat-linux/8/../../../../lib64/crt1.o
                0x0000000000400600                _start
 .text          0x000000000040062f        0x0 /usr/lib/gcc/x86_64-redhat-linux/8/../../../../lib64/crt1.o
 *fill*         0x000000000040062f        0x1 
 .text          0x0000000000400630        0x5 /usr/lib/gcc/x86_64-redhat-linux/8/../../../../lib64/crt1.o
                0x0000000000400630                _dl_relocate_static_pie
 .text          0x0000000000400635        0x0 /usr/lib/gcc/x86_64-redhat-linux/8/../../../../lib64/crti.o
 *fill*         0x0000000000400635        0xb 
 .text          0x0000000000400640       0xa6 /usr/lib/gcc/x86_64-redhat-linux/8/crtbegin.o
 *fill*         0x00000000004006e6        0xa 
 .text          0x00000000004006f0       0x83 /tmp/ccOEaKZH.o
                0x00000000004006f0                guarded_work(unsigned long)
                0x0000000000400730                released_work(unsigned long)
                0x0000000000400740                hot_count(unsigned long)
 *fill*         0x0000000000400773        0xd 
 .text          0x0000000000400780       0x18 /probe/rocky8-gcc8/external_cleanup.o
                0x0000000000400780                external_cleanup
 *fill*         0x0000000000400798        0x8 
 .text          0x00000000004007a0       0x75 /usr/lib64/libc_nonshared.a(elf-init.oS)
                0x00000000004007a0                __libc_csu_init
                0x0000000000400810                __libc_csu_fini
 .text          0x0000000000400815        0x0 /usr/lib64/libc_nonshared.a(elf-init.oS)
 .text          0x0000000000400815        0x0 /usr/lib/gcc/x86_64-redhat-linux/8/crtend.o
 .text          0x0000000000400815        0x0 /usr/lib/gcc/x86_64-redhat-linux/8/../../../../lib64/crtn.o
 *(.gnu.warning)

.fini           0x0000000000400818        0xd
 *(SORT_NONE(.fini))
 .fini          0x0000000000400818        0x8 /usr/lib/gcc/x86_64-redhat-linux/8/../../../../lib64/crti.o
                0x0000000000400818                _fini
 .fini          0x0000000000400820        0x5 /usr/lib/gcc/x86_64-redhat-linux/8/../../../../lib64/crtn.o
                [!provide]                        PROVIDE (__etext = .)
                [!provide]                        PROVIDE (_etext = .)
                [!provide]                        PROVIDE (etext = .)

.rodata         0x0000000000400828       0x50
 *(.rodata .rodata.* .gnu.linkonce.r.*)
 .rodata.cst4   0x0000000000400828        0x4 /usr/lib/gcc/x86_64-redhat-linux/8/../../../../lib64/crt1.o
                0x0000000000400828                _IO_stdin_used
 *fill*         0x000000000040082c        0x4 
 .rodata        0x0000000000400830        0x8 /usr/lib/gcc/x86_64-redhat-linux/8/crtbegin.o
                0x0000000000400830                __dso_handle
 .rodata.str1.8
                0x0000000000400838       0x40 /tmp/ccOEaKZH.o
                                         0x3e (size before relaxing)

.rodata1
 *(.rodata1)

.eh_frame_hdr   0x0000000000400878       0x5c
 *(.eh_frame_hdr)
 .eh_frame_hdr  0x0000000000400878       0x5c /usr/lib/gcc/x86_64-redhat-linux/8/../../../../lib64/crt1.o
                0x0000000000400878                __GNU_EH_FRAME_HDR
 *(.eh_frame_entry .eh_frame_entry.*)

.eh_frame       0x00000000004008d8      0x170
 *(.eh_frame)
 .eh_frame      0x00000000004008d8       0x40 /usr/lib/gcc/x86_64-redhat-linux/8/../../../../lib64/crt1.o
                                         0x5c (size before relaxing)
 *fill*         0x0000000000400918        0x0 
 .eh_frame      0x0000000000400918       0x28 /usr/lib/gcc/x86_64-redhat-linux/8/../../../../lib64/crt1.o
                                         0x40 (size before relaxing)
 .eh_frame      0x0000000000400940        0x0 /usr/lib/gcc/x86_64-redhat-linux/8/../../../../lib64/crt1.o
 .eh_frame      0x0000000000400940       0x90 /tmp/ccOEaKZH.o
                                         0xa8 (size before relaxing)
 .eh_frame      0x00000000004009d0       0x18 /probe/rocky8-gcc8/external_cleanup.o
                                         0x30 (size before relaxing)
 .eh_frame      0x00000000004009e8       0x5c /usr/lib64/libc_nonshared.a(elf-init.oS)
                                         0x78 (size before relaxing)
 .eh_frame      0x0000000000400a44        0x4 /usr/lib/gcc/x86_64-redhat-linux/8/crtend.o
 *(.eh_frame.*)

.gcc_except_table
                0x0000000000400a48        0x4
 *(.gcc_except_table .gcc_except_table.*)
 .gcc_except_table
                0x0000000000400a48        0x4 /tmp/ccOEaKZH.o

.gnu_extab
 *(.gnu_extab*)

.exception_ranges
 *(.exception_ranges .exception_ranges*)
                0x0000000000600dd0                . = DATA_SEGMENT_ALIGN (CONSTANT (MAXPAGESIZE), CONSTANT (COMMONPAGESIZE))

.eh_frame
 *(.eh_frame)
 *(.eh_frame.*)

.gnu_extab
 *(.gnu_extab)

.gcc_except_table
 *(.gcc_except_table .gcc_except_table.*)

.exception_ranges
 *(.exception_ranges .exception_ranges*)

.tdata
 *(.tdata .tdata.* .gnu.linkonce.td.*)

.tbss
 *(.tbss .tbss.* .gnu.linkonce.tb.*)
 *(.tcommon)

.preinit_array  0x0000000000600dd0        0x0
                [!provide]                        PROVIDE (__preinit_array_start = .)
 *(.preinit_array)
                [!provide]                        PROVIDE (__preinit_array_end = .)

.init_array     0x0000000000600dd0        0x8
                0x0000000000600dd0                PROVIDE (__init_array_start = .)
 *(SORT_BY_INIT_PRIORITY(.init_array.*) SORT_BY_INIT_PRIORITY(.ctors.*))
 *(.init_array EXCLUDE_FILE(*crtend?.o *crtend.o *crtbegin?.o *crtbegin.o) .ctors)
 .init_array    0x0000000000600dd0        0x8 /usr/lib/gcc/x86_64-redhat-linux/8/crtbegin.o
                0x0000000000600dd8                PROVIDE (__init_array_end = .)

.fini_array     0x0000000000600dd8        0x8
                [!provide]                        PROVIDE (__fini_array_start = .)
 *(SORT_BY_INIT_PRIORITY(.fini_array.*) SORT_BY_INIT_PRIORITY(.dtors.*))
 *(.fini_array EXCLUDE_FILE(*crtend?.o *crtend.o *crtbegin?.o *crtbegin.o) .dtors)
 .fini_array    0x0000000000600dd8        0x8 /usr/lib/gcc/x86_64-redhat-linux/8/crtbegin.o
                [!provide]                        PROVIDE (__fini_array_end = .)

.ctors
 *crtbegin.o(.ctors)
 *crtbegin?.o(.ctors)
 *(EXCLUDE_FILE(*crtend?.o *crtend.o) .ctors)
 *(SORT_BY_NAME(.ctors.*))
 *(.ctors)

.dtors
 *crtbegin.o(.dtors)
 *crtbegin?.o(.dtors)
 *(EXCLUDE_FILE(*crtend?.o *crtend.o) .dtors)
 *(SORT_BY_NAME(.dtors.*))
 *(.dtors)

.jcr
 *(.jcr)

.data.rel.ro    0x0000000000600de0        0x0
 *(.data.rel.ro.local* .gnu.linkonce.d.rel.ro.local.*)
 *(.data.rel.ro .data.rel.ro.* .gnu.linkonce.d.rel.ro.*)
 .data.rel.ro   0x0000000000600de0        0x0 /usr/lib/gcc/x86_64-redhat-linux/8/../../../../lib64/crt1.o

.dynamic        0x0000000000600de0      0x200
 *(.dynamic)
 .dynamic       0x0000000000600de0      0x200 /usr/lib/gcc/x86_64-redhat-linux/8/../../../../lib64/crt1.o
                0x0000000000600de0                _DYNAMIC

.got            0x0000000000600fe0       0x20
 *(.got)
 .got           0x0000000000600fe0       0x20 /usr/lib/gcc/x86_64-redhat-linux/8/../../../../lib64/crt1.o
 *(.igot)
                0x0000000000601fe8                . = DATA_SEGMENT_RELRO_END (., (SIZEOF (.got.plt) >= 0x18)?0x18:0x0)

.got.plt        0x0000000000601000       0x28
 *(.got.plt)
 .got.plt       0x0000000000601000       0x28 /usr/lib/gcc/x86_64-redhat-linux/8/../../../../lib64/crt1.o
                0x0000000000601000                _GLOBAL_OFFSET_TABLE_
 *(.igot.plt)
 .igot.plt      0x0000000000601028        0x0 /usr/lib/gcc/x86_64-redhat-linux/8/../../../../lib64/crt1.o

.data           0x0000000000601040       0x88
 *(.data .data.* .gnu.linkonce.d.*)
 .data          0x0000000000601040        0x4 /usr/lib/gcc/x86_64-redhat-linux/8/../../../../lib64/crt1.o
                0x0000000000601040                data_start
                0x0000000000601040                __data_start
 .data          0x0000000000601044        0x0 /usr/lib/gcc/x86_64-redhat-linux/8/../../../../lib64/crti.o
 .data          0x0000000000601044        0x0 /usr/lib/gcc/x86_64-redhat-linux/8/crtbegin.o
 *fill*         0x0000000000601044       0x3c 
 .data          0x0000000000601080       0x40 /tmp/ccOEaKZH.o
                0x0000000000601080                g_hot_data
 .data.rel.local.DW.ref.__gxx_personality_v0
                0x00000000006010c0        0x8 /tmp/ccOEaKZH.o
                0x00000000006010c0                DW.ref.__gxx_personality_v0
 .data          0x00000000006010c8        0x0 /probe/rocky8-gcc8/external_cleanup.o
 .data          0x00000000006010c8        0x0 /usr/lib64/libc_nonshared.a(elf-init.oS)
 .data          0x00000000006010c8        0x0 /usr/lib/gcc/x86_64-redhat-linux/8/crtend.o
 .data          0x00000000006010c8        0x0 /usr/lib/gcc/x86_64-redhat-linux/8/../../../../lib64/crtn.o

.tm_clone_table
                0x00000000006010c8        0x0
 .tm_clone_table
                0x00000000006010c8        0x0 /usr/lib/gcc/x86_64-redhat-linux/8/crtbegin.o
 .tm_clone_table
                0x00000000006010c8        0x0 /usr/lib/gcc/x86_64-redhat-linux/8/crtend.o

.data1
 *(.data1)
                0x00000000006010c8                _edata = .
                [!provide]                        PROVIDE (edata = .)
                0x00000000006010c8                . = .
                0x00000000006010c8                __bss_start = .

.bss            0x00000000006010c8       0x10
 *(.dynbss)
 .dynbss        0x00000000006010c8        0x0 /usr/lib/gcc/x86_64-redhat-linux/8/../../../../lib64/crt1.o
 *(.bss .bss.* .gnu.linkonce.b.*)
 .bss           0x00000000006010c8        0x0 /usr/lib/gcc/x86_64-redhat-linux/8/../../../../lib64/crt1.o
 .bss           0x00000000006010c8        0x0 /usr/lib/gcc/x86_64-redhat-linux/8/../../../../lib64/crti.o
 .bss           0x00000000006010c8        0x1 /usr/lib/gcc/x86_64-redhat-linux/8/crtbegin.o
 .bss           0x00000000006010c9        0x0 /tmp/ccOEaKZH.o
 .bss           0x00000000006010c9        0x0 /probe/rocky8-gcc8/external_cleanup.o
 .bss           0x00000000006010c9        0x0 /usr/lib64/libc_nonshared.a(elf-init.oS)
 .bss           0x00000000006010c9        0x0 /usr/lib/gcc/x86_64-redhat-linux/8/crtend.o
 .bss           0x00000000006010c9        0x0 /usr/lib/gcc/x86_64-redhat-linux/8/../../../../lib64/crtn.o
 *(COMMON)
 *fill*         0x00000000006010c9        0x7 
 COMMON         0x00000000006010d0        0x8 /probe/rocky8-gcc8/external_cleanup.o
                0x00000000006010d0                g_cleanup_count
                0x00000000006010d8                . = ALIGN ((. != 0x0)?0x8:0x1)

.lbss
 *(.dynlbss)
 *(.lbss .lbss.* .gnu.linkonce.lb.*)
 *(LARGE_COMMON)
                0x00000000006010d8                . = ALIGN (0x8)
                0x00000000006010d8                . = SEGMENT_START ("ldata-segment", .)

.lrodata
 *(.lrodata .lrodata.* .gnu.linkonce.lr.*)

.ldata          0x0000000000a010d8        0x0
 *(.ldata .ldata.* .gnu.linkonce.l.*)
                0x0000000000a010d8                . = ALIGN ((. != 0x0)?0x8:0x1)
                0x0000000000a010d8                . = ALIGN (0x8)
                0x0000000000a010d8                _end = .
                [!provide]                        PROVIDE (end = .)
                0x0000000000a010d8                . = DATA_SEGMENT_END (.)

.stab
 *(.stab)

.stabstr
 *(.stabstr)

.stab.excl
 *(.stab.excl)

.stab.exclstr
 *(.stab.exclstr)

.stab.index
 *(.stab.index)

.stab.indexstr
 *(.stab.indexstr)

.comment        0x0000000000000000       0x5a
 *(.comment)
 .comment       0x0000000000000000       0x2d /usr/lib/gcc/x86_64-redhat-linux/8/../../../../lib64/crt1.o
                                         0x5c (size before relaxing)
 .comment       0x000000000000002d       0x2d /usr/lib/gcc/x86_64-redhat-linux/8/crtbegin.o
                                         0x2e (size before relaxing)
 .comment       0x000000000000005a       0x2e /usr/lib64/libc_nonshared.a(elf-init.oS)
 .comment       0x000000000000005a       0x2e /usr/lib/gcc/x86_64-redhat-linux/8/crtend.o

.gnu.build.attributes
                0x0000000000a010d8     0x1df4
 *(.gnu.build.attributes .gnu.build.attributes.*)
 .gnu.build.attributes
                0x0000000000a010d8      0x1d4 /usr/lib/gcc/x86_64-redhat-linux/8/../../../../lib64/crt1.o
 .gnu.build.attributes.hot
                0x0000000000a012ac      0x1d4 /usr/lib/gcc/x86_64-redhat-linux/8/../../../../lib64/crt1.o
 .gnu.build.attributes.unlikely
                0x0000000000a01480      0x1d4 /usr/lib/gcc/x86_64-redhat-linux/8/../../../../lib64/crt1.o
 .gnu.build.attributes.startup
                0x0000000000a01654      0x1d4 /usr/lib/gcc/x86_64-redhat-linux/8/../../../../lib64/crt1.o
 .gnu.build.attributes.exit
                0x0000000000a01828      0x1d4 /usr/lib/gcc/x86_64-redhat-linux/8/../../../../lib64/crt1.o
 .gnu.build.attributes
                0x0000000000a019fc      0x234 /usr/lib/gcc/x86_64-redhat-linux/8/../../../../lib64/crt1.o
 .gnu.build.attributes.hot
                0x0000000000a01c30      0x1d4 /usr/lib/gcc/x86_64-redhat-linux/8/../../../../lib64/crt1.o
 .gnu.build.attributes.unlikely
                0x0000000000a01e04      0x1d4 /usr/lib/gcc/x86_64-redhat-linux/8/../../../../lib64/crt1.o
 .gnu.build.attributes.startup
                0x0000000000a01fd8      0x1d4 /usr/lib/gcc/x86_64-redhat-linux/8/../../../../lib64/crt1.o
 .gnu.build.attributes.exit
                0x0000000000a021ac      0x1d4 /usr/lib/gcc/x86_64-redhat-linux/8/../../../../lib64/crt1.o
 .gnu.build.attributes
                0x0000000000a02380       0x48 /usr/lib/gcc/x86_64-redhat-linux/8/../../../../lib64/crt1.o
 .gnu.build.attributes
                0x0000000000a023c8       0x6c /usr/lib/gcc/x86_64-redhat-linux/8/../../../../lib64/crti.o
 .gnu.build.attributes
                0x0000000000a02434       0x24 /usr/lib/gcc/x86_64-redhat-linux/8/crtbegin.o
 .gnu.build.attributes
                0x0000000000a02458      0x294 /usr/lib64/libc_nonshared.a(elf-init.oS)
 .gnu.build.attributes.hot
                0x0000000000a026ec      0x1d4 /usr/lib64/libc_nonshared.a(elf-init.oS)
 .gnu.build.attributes.unlikely
                0x0000000000a028c0      0x1d4 /usr/lib64/libc_nonshared.a(elf-init.oS)
 .gnu.build.attributes.startup
                0x0000000000a02a94      0x1d4 /usr/lib64/libc_nonshared.a(elf-init.oS)
 .gnu.build.attributes.exit
                0x0000000000a02c68      0x1d4 /usr/lib64/libc_nonshared.a(elf-init.oS)
 .gnu.build.attributes
                0x0000000000a02e3c       0x24 /usr/lib/gcc/x86_64-redhat-linux/8/crtend.o
 .gnu.build.attributes
                0x0000000000a02e60       0x6c /usr/lib/gcc/x86_64-redhat-linux/8/../../../../lib64/crtn.o

.debug
 *(.debug)

.line
 *(.line)

.debug_srcinfo
 *(.debug_srcinfo)

.debug_sfnames
 *(.debug_sfnames)

.debug_aranges  0x0000000000000000       0x70
 *(.debug_aranges)
 .debug_aranges
                0x0000000000000000       0x40 /tmp/ccOEaKZH.o
 .debug_aranges
                0x0000000000000040       0x30 /probe/rocky8-gcc8/external_cleanup.o

.debug_pubnames
 *(.debug_pubnames)

.debug_info     0x0000000000000000     0x95ae
 *(.debug_info .gnu.linkonce.wi.*)
 .debug_info    0x0000000000000000     0x94dd /tmp/ccOEaKZH.o
 .debug_info    0x00000000000094dd       0xd1 /probe/rocky8-gcc8/external_cleanup.o

.debug_abbrev   0x0000000000000000      0x9ed
 *(.debug_abbrev)
 .debug_abbrev  0x0000000000000000      0x964 /tmp/ccOEaKZH.o
 .debug_abbrev  0x0000000000000964       0x89 /probe/rocky8-gcc8/external_cleanup.o

.debug_line     0x0000000000000000      0x5cd
 *(.debug_line .debug_line.* .debug_line_end)
 .debug_line    0x0000000000000000      0x543 /tmp/ccOEaKZH.o
 .debug_line    0x0000000000000543       0x8a /probe/rocky8-gcc8/external_cleanup.o

.debug_frame
 *(.debug_frame)

.debug_str      0x0000000000000000     0xc0cd
 *(.debug_str)
 .debug_str     0x0000000000000000     0xc00f /tmp/ccOEaKZH.o
                                       0xc3ec (size before relaxing)
 .debug_str     0x000000000000c00f       0xbe /probe/rocky8-gcc8/external_cleanup.o
                                        0x14d (size before relaxing)

.debug_loc      0x0000000000000000      0x3cd
 *(.debug_loc)
 .debug_loc     0x0000000000000000      0x3cd /tmp/ccOEaKZH.o

.debug_macinfo
 *(.debug_macinfo)

.debug_weaknames
 *(.debug_weaknames)

.debug_funcnames
 *(.debug_funcnames)

.debug_typenames
 *(.debug_typenames)

.debug_varnames
 *(.debug_varnames)

.debug_pubtypes
 *(.debug_pubtypes)

.debug_ranges   0x0000000000000000       0x90
 *(.debug_ranges)
 .debug_ranges  0x0000000000000000       0x90 /tmp/ccOEaKZH.o

.debug_macro
 *(.debug_macro)

.debug_addr
 *(.debug_addr)

.gnu.attributes
 *(.gnu.attributes)

/DISCARD/
 *(.note.GNU-stack)
 *(.gnu_debuglink)
 *(.gnu.lto_*)
 *(.gnu_object_only)
OUTPUT(/probe/rocky8-gcc8/refactored-forced elf64-x86-64)
