
Time: 09/21/26 14:41:26.625 - NOTIFICATION *** file /home/vimkim/gh/cb/oos-baseline-f4299ac0c/src/transaction/boot_sr.c, line 237  CODE = -973, Tran = 0, CLIENT = :(0), EID = 1
Server status is UP.

Time: 09/21/26 14:43:27.805 - DEBUG *** file /home/vimkim/gh/cb/oos-baseline-f4299ac0c/src/connection/connection_worker.cpp, line 875
handle_connection_close: conn 0x560a07a828c0 { fd 253 status 3 transaction_id 2 db_error 0 stop_talk 0 stop_phase 0 }

Time: 09/21/26 14:43:28.005 - NOTIFICATION *** file /home/vimkim/gh/cb/oos-baseline-f4299ac0c/src/transaction/log_tran_table.c, line 2891  CODE = -982, Tran = 3, CLIENT = dev2:qacsql(1999), EID = 7
Set interrupt to the transaction 3.

Time: 09/21/26 14:43:28.075 - ERROR *** file /home/vimkim/gh/cb/oos-baseline-f4299ac0c/src/transaction/lock_manager.c, line 2488 ERROR CODE = -4, Tran = 3, CLIENT = dev2:qacsql(1999), EID = 8
Has been interrupted.

Time: 09/21/26 14:43:28.105 - ERROR *** file /home/vimkim/gh/cb/oos-baseline-f4299ac0c/src/session/session.c, line 2867 ERROR CODE = -1066, Tran = 4, CLIENT = dev2:qacsql(2000), EID = 9
Session expired.

Time: 09/21/26 14:43:28.105 - ERROR *** file /home/vimkim/gh/cb/oos-baseline-f4299ac0c/src/session/session.c, line 2867 ERROR CODE = -1066, Tran = 4, CLIENT = dev2:qacsql(2000), EID = 10
Session expired.

Time: 09/21/26 14:43:28.105 - NOTIFICATION *** file /home/vimkim/gh/cb/oos-baseline-f4299ac0c/src/sp/pl_session.cpp, line 60  CODE = -982, Tran = 4, CLIENT = dev2:qacsql(2000), EID = 11
Set interrupt to the transaction 4.

Time: 09/21/26 14:43:28.105 - DEBUG *** file /home/vimkim/gh/cb/oos-baseline-f4299ac0c/src/connection/connection_worker.cpp, line 875
handle_connection_close: conn 0x560a07a82c90 { fd 256 status 3 transaction_id 4 db_error 0 stop_talk 0 stop_phase 0 }

Time: 09/21/26 14:43:28.105 - DEBUG *** file /home/vimkim/gh/cb/oos-baseline-f4299ac0c/src/connection/connection_worker.cpp, line 875
handle_connection_close: conn 0x560a07a82aa8 { fd 255 status 3 transaction_id 3 db_error 0 stop_talk 0 stop_phase 0 }

Time: 09/21/26 14:43:28.206 - ERROR *** file /home/vimkim/gh/cb/oos-baseline-f4299ac0c/src/session/session.c, line 2867 ERROR CODE = -1066, Tran = 5, CLIENT = dev2:qacsql(2001), EID = 12
Session expired.

Time: 09/21/26 14:43:28.206 - NOTIFICATION *** file /home/vimkim/gh/cb/oos-baseline-f4299ac0c/src/sp/pl_session.cpp, line 60  CODE = -982, Tran = 5, CLIENT = dev2:qacsql(2001), EID = 13
Set interrupt to the transaction 5.

Time: 09/21/26 14:43:28.206 - DEBUG *** file /home/vimkim/gh/cb/oos-baseline-f4299ac0c/src/connection/connection_worker.cpp, line 875
handle_connection_close: conn 0x560a07a82e78 { fd 257 status 3 transaction_id 5 db_error 0 stop_talk 0 stop_phase 0 }

Time: 09/21/26 14:43:28.305 - DEBUG *** file /home/vimkim/gh/cb/oos-baseline-f4299ac0c/src/connection/connection_worker.cpp, line 875
handle_connection_close: conn 0x560a07a826d8 { fd 252 status 3 transaction_id 1 db_error 0 stop_talk 0 stop_phase 0 }

Time: 09/21/26 14:43:28.380 - DEBUG *** file /home/vimkim/gh/cb/oos-baseline-f4299ac0c/src/connection/connection_worker.cpp, line 875
handle_connection_close: conn 0x560a07a826d8 { fd 252 status 3 transaction_id 1 db_error 0 stop_talk 0 stop_phase 0 }

Time: 09/21/26 14:43:28.406 - DEBUG *** file /home/vimkim/gh/cb/oos-baseline-f4299ac0c/src/connection/connection_worker.cpp, line 875
handle_connection_close: conn 0x560a07a826d8 { fd 252 status 3 transaction_id 1 db_error 0 stop_talk 0 stop_phase 0 }

Time: 09/21/26 14:43:28.421 - DEBUG *** file /home/vimkim/gh/cb/oos-baseline-f4299ac0c/src/connection/connection_worker.cpp, line 875
handle_connection_close: conn 0x560a07a826d8 { fd 252 status 3 transaction_id 1 db_error 0 stop_talk 0 stop_phase 0 }

Time: 09/21/26 14:43:28.436 - DEBUG *** file /home/vimkim/gh/cb/oos-baseline-f4299ac0c/src/connection/connection_worker.cpp, line 875
handle_connection_close: conn 0x560a07a826d8 { fd 252 status 3 transaction_id 1 db_error 0 stop_talk 0 stop_phase 0 }

Time: 09/21/26 14:43:28.459 - DEBUG *** file /home/vimkim/gh/cb/oos-baseline-f4299ac0c/src/connection/connection_worker.cpp, line 875
handle_connection_close: conn 0x560a07a826d8 { fd 252 status 3 transaction_id 1 db_error 0 stop_talk 0 stop_phase 0 }

Time: 09/21/26 14:43:28.473 - DEBUG *** file /home/vimkim/gh/cb/oos-baseline-f4299ac0c/src/connection/connection_worker.cpp, line 875
handle_connection_close: conn 0x560a07a826d8 { fd 252 status 3 transaction_id 1 db_error 0 stop_talk 0 stop_phase 0 }

Time: 09/21/26 14:43:28.487 - DEBUG *** file /home/vimkim/gh/cb/oos-baseline-f4299ac0c/src/connection/connection_worker.cpp, line 875
handle_connection_close: conn 0x560a07a826d8 { fd 252 status 3 transaction_id 1 db_error 0 stop_talk 0 stop_phase 0 }

Time: 09/21/26 14:43:28.499 - DEBUG *** file /home/vimkim/gh/cb/oos-baseline-f4299ac0c/src/connection/connection_worker.cpp, line 875
handle_connection_close: conn 0x560a07a826d8 { fd 252 status 3 transaction_id 1 db_error 0 stop_talk 0 stop_phase 0 }

Time: 09/21/26 14:43:28.512 - DEBUG *** file /home/vimkim/gh/cb/oos-baseline-f4299ac0c/src/connection/connection_worker.cpp, line 875
handle_connection_close: conn 0x560a07a826d8 { fd 252 status 3 transaction_id 1 db_error 0 stop_talk 0 stop_phase 0 }

Time: 09/21/26 14:43:28.525 - DEBUG *** file /home/vimkim/gh/cb/oos-baseline-f4299ac0c/src/connection/connection_worker.cpp, line 875
handle_connection_close: conn 0x560a07a826d8 { fd 252 status 3 transaction_id 1 db_error 0 stop_talk 0 stop_phase 0 }

Time: 09/21/26 14:43:28.546 - DEBUG *** file /home/vimkim/gh/cb/oos-baseline-f4299ac0c/src/connection/connection_worker.cpp, line 875
handle_connection_close: conn 0x560a07a826d8 { fd 252 status 3 transaction_id 1 db_error 0 stop_talk 0 stop_phase 0 }

Time: 09/21/26 14:43:28.560 - DEBUG *** file /home/vimkim/gh/cb/oos-baseline-f4299ac0c/src/connection/connection_worker.cpp, line 875
handle_connection_close: conn 0x560a07a826d8 { fd 252 status 3 transaction_id 1 db_error 0 stop_talk 0 stop_phase 0 }

Time: 09/21/26 14:43:28.581 - DEBUG *** file /home/vimkim/gh/cb/oos-baseline-f4299ac0c/src/connection/connection_worker.cpp, line 875
handle_connection_close: conn 0x560a07a826d8 { fd 252 status 3 transaction_id 1 db_error 0 stop_talk 0 stop_phase 0 }

Time: 09/21/26 14:43:28.594 - DEBUG *** file /home/vimkim/gh/cb/oos-baseline-f4299ac0c/src/connection/connection_worker.cpp, line 875
handle_connection_close: conn 0x560a07a826d8 { fd 252 status 3 transaction_id 1 db_error 0 stop_talk 0 stop_phase 0 }

Time: 09/21/26 14:43:28.615 - DEBUG *** file /home/vimkim/gh/cb/oos-baseline-f4299ac0c/src/connection/connection_worker.cpp, line 875
handle_connection_close: conn 0x560a07a826d8 { fd 252 status 3 transaction_id 1 db_error 0 stop_talk 0 stop_phase 0 }

Time: 09/21/26 14:43:28.628 - DEBUG *** file /home/vimkim/gh/cb/oos-baseline-f4299ac0c/src/connection/connection_worker.cpp, line 875
handle_connection_close: conn 0x560a07a826d8 { fd 252 status 3 transaction_id 1 db_error 0 stop_talk 0 stop_phase 0 }

Time: 09/21/26 14:43:28.649 - DEBUG *** file /home/vimkim/gh/cb/oos-baseline-f4299ac0c/src/connection/connection_worker.cpp, line 875
handle_connection_close: conn 0x560a07a826d8 { fd 252 status 3 transaction_id 1 db_error 0 stop_talk 0 stop_phase 0 }

Time: 09/21/26 14:43:28.672 - DEBUG *** file /home/vimkim/gh/cb/oos-baseline-f4299ac0c/src/connection/connection_worker.cpp, line 875
handle_connection_close: conn 0x560a07a826d8 { fd 252 status 3 transaction_id 1 db_error 0 stop_talk 0 stop_phase 0 }

Time: 09/21/26 14:43:28.891 - NOTIFICATION *** file /home/vimkim/gh/cb/oos-baseline-f4299ac0c/src/transaction/boot_sr.c, line 237  CODE = -973, Tran = 0
Server status is DOWN.

*** The previous error message is the last one. ***

