
==> Fetching CUBRID/cubrid-testcases

==> Fetching CUBRID/cubrid-testcases-private-ex

Testcase branch status:

CUBRID/cubrid-testcases
  needs sync — tc/pr-7990 is 9 commits behind feature/oos-merge
  branch relationship (source: feature/oos-merge; target: tc/pr-7990):
    *   bdba62aee0fa 2026-09-29 Daehyun Kim (origin/feature/oos-merge) Merge develop testcase updates into OOS integration
    |\  
    | * 62d4866ef36b 2026-09-29 cubrid-tc-sync-bot[bot] [CBRD-27485] Add regression tests for partitioned parallel SEMI/ANTI joins (#3574)
    | * 1e8aaf586c1e 2026-09-29 cubrid-tc-sync-bot[bot] [CBRD-27442] TC changes for PR CUBRID/cubrid#7970 (#3529)
    | * fe323de8f522 2026-09-29 kiho-um [CBRD-26909] Revise test case for fix 1001.sql CR-only line endings breaking CCI parsing; regenerate full answer_cci (#3560)
    | * 067993688d60 2026-09-29 cubrid-tc-sync-bot[bot] [CBRD-27365] Reduce temp file size by changing the tuple format inside temp files (#3420)
    | * 22956dab0c16 2026-09-29 kiho-um [CBRD-26473] Add new testcase for add missing answer_cci for cbrd_26473 (analytic function sort skipping) (#3584)
    | * 4de7abec214c 2026-09-29 kiho-um [CBRD-26959] Revise testcase for re-baseline join_orderby_skip.answer_cci (missed CBRD-26900 + CBRD-26959 updates) (#3585)
    | * c7a58842a095 2026-09-28 zionyun [CBRD-27043] Update ha_repl diff files for the db_histogram system catalog change (#3561)
    | * 669fbd6d92dc 2026-09-28 kiho-um [CBRD-26983] Revise testcase for modify answer cci use the serial value cache for AUTO_INCREMENT INSERT to skip per-row catalog writes (#3559)
    * 89d4ec2423d9 [common ancestor] 2026-09-25 Daehyun Kim (origin/tc/pr-7990) Merge remote-tracking branch 'origin/develop' into tc/pr-7990

CUBRID/cubrid-testcases-private-ex
  needs sync — tc/pr-7990 is 7 commits behind feature/oos-merge
  branch relationship (source: feature/oos-merge; target: tc/pr-7990):
    *   c4b9d482fbd4 2026-09-29 Daehyun Kim (origin/feature/oos-merge) Merge develop testcase updates into OOS integration
    |\  
    | * c8880167e176 2026-09-29 cubrid-tc-sync-bot[bot] [CBRD-27365] Reduce temp file size by changing the tuple format inside temp files (#4067)
    | * 4797f81b2385 2026-09-29 cubrid-tc-sync-bot[bot] [CBRD-27411] A user turned NOLOGIN is not blocked from connecting on a broker with CACHE_USER_INFO=ON (#4155)
    | * fb617e1fe3fc 2026-09-29 Kimhak [CBRD-26743] Add shell test case for Upgrade the CMS public key cryptosystem key to 2048 bits based RSA (#3918)
    | * 5599c61b8ae4 2026-09-28 Song won-ryong [CBRD-27363] Revised, Re-baseline the dblink server/user check answers (11.5) (#4213)
    | * 02e66fda15e7 2026-09-28 Song won-ryong [CBRD-26354] Revised, Re-baseline cbrd_26354 answers for the LIMIT-bounded NL join card (11.5) (#4215)
    | * ed0ca1a91acb 2026-09-28 Song won-ryong [CBRD-27326] Revised, Make the cbrd_24501 plan answers independent of cost/card magnitude (11.5) (#4214)
    * 1274a4d6462a [common ancestor] 2026-09-25 Daehyun Kim (origin/tc/pr-7990) Merge remote-tracking branch 'origin/develop' into tc/pr-7990

Fast-forward tc/pr-7990 to feature/oos-merge and push the target branch in the repositories listed above? [y/N] 
==> Fast-forwarding CUBRID/cubrid-testcases:tc/pr-7990 to bdba62aee0fa
To https://github.com/CUBRID/cubrid-testcases.git
   89d4ec242..bdba62aee  bdba62aee0faec05abdd861518824c69b6c1b3c5 -> tc/pr-7990

==> Fast-forwarding CUBRID/cubrid-testcases-private-ex:tc/pr-7990 to c4b9d482fbd4
remote: This repository moved. Please use the new location:        
remote:   https://github.com/CUBRID/cubrid-testcases-private-ex.git        
To https://github.com/cubrid/cubrid-testcases-private-ex
   1274a4d64..c4b9d482f  c4b9d482fbd491a68510b2552df2c3cac91911fc -> tc/pr-7990
Verified CUBRID/cubrid-testcases            bdba62aee0fa
Verified CUBRID/cubrid-testcases-private-ex c4b9d482fbd4

Synchronized tc/pr-7990 to feature/oos-merge in both testcase repositories.
